/ding-test1
test222222
/ding-test2/1111
1
/ding-test2/2222
1
/ding-test2/3333
1
/registry/apiregistration.k8s.io/apiservices/v1.
{"kind":"APIService","apiVersion":"apiregistration.k8s.io/v1","metadata":{"name":"v1.","uid":"1d9deac2-69a0-4ab7-80d0-3a5e25141a53","creationTimestamp":"2021-12-18T13:17:47Z","labels":{"kube-aggregator.kubernetes.io/automanaged":"onstart"},"managedFields":[{"manager":"kube-apiserver","operation":"Update","apiVersion":"apiregistration.k8s.io/v1","time":"2021-12-18T13:17:47Z","fieldsType":"FieldsV1","fieldsV1":{"f:metadata":{"f:labels":{".":{},"f:kube-aggregator.kubernetes.io/automanaged":{}}},"f:spec":{"f:groupPriorityMinimum":{},"f:version":{},"f:versionPriority":{}}}}]},"spec":{"version":"v1","groupPriorityMinimum":18000,"versionPriority":1},"status":{"conditions":[{"type":"Available","status":"True","lastTransitionTime":"2021-12-18T13:17:47Z","reason":"Local","message":"Local APIServices are always available"}]}}

/registry/apiregistration.k8s.io/apiservices/v1.admissionregistration.k8s.io
{"kind":"APIService","apiVersion":"apiregistration.k8s.io/v1","metadata":{"name":"v1.admissionregistration.k8s.io","uid":"8e5bcdb5-eec7-4f35-a455-bad0737d1a72","creationTimestamp":"2021-12-18T13:17:47Z","labels":{"kube-aggregator.kubernetes.io/automanaged":"onstart"},"managedFields":[{"manager":"kube-apiserver","operation":"Update","apiVersion":"apiregistration.k8s.io/v1","time":"2021-12-18T13:17:47Z","fieldsType":"FieldsV1","fieldsV1":{"f:metadata":{"f:labels":{".":{},"f:kube-aggregator.kubernetes.io/automanaged":{}}},"f:spec":{"f:group":{},"f:groupPriorityMinimum":{},"f:version":{},"f:versionPriority":{}}}}]},"spec":{"group":"admissionregistration.k8s.io","version":"v1","groupPriorityMinimum":16700,"versionPriority":15},"status":{"conditions":[{"type":"Available","status":"True","lastTransitionTime":"2021-12-18T13:17:47Z","reason":"Local","message":"Local APIServices are always available"}]}}

/registry/apiregistration.k8s.io/apiservices/v1.apiextensions.k8s.io
{"kind":"APIService","apiVersion":"apiregistration.k8s.io/v1","metadata":{"name":"v1.apiextensions.k8s.io","uid":"4a9b9601-56f2-438b-837f-86621f5c7ee4","creationTimestamp":"2021-12-18T13:17:47Z","labels":{"kube-aggregator.kubernetes.io/automanaged":"onstart"},"managedFields":[{"manager":"kube-apiserver","operation":"Update","apiVersion":"apiregistration.k8s.io/v1","time":"2021-12-18T13:17:47Z","fieldsType":"FieldsV1","fieldsV1":{"f:metadata":{"f:labels":{".":{},"f:kube-aggregator.kubernetes.io/automanaged":{}}},"f:spec":{"f:group":{},"f:groupPriorityMinimum":{},"f:version":{},"f:versionPriority":{}}}}]},"spec":{"group":"apiextensions.k8s.io","version":"v1","groupPriorityMinimum":16700,"versionPriority":15},"status":{"conditions":[{"type":"Available","status":"True","lastTransitionTime":"2021-12-18T13:17:47Z","reason":"Local","message":"Local APIServices are always available"}]}}

/registry/apiregistration.k8s.io/apiservices/v1.apps
{"kind":"APIService","apiVersion":"apiregistration.k8s.io/v1","metadata":{"name":"v1.apps","uid":"399232f3-7d2b-46a0-afe6-0c545cbb004a","creationTimestamp":"2021-12-18T13:17:47Z","labels":{"kube-aggregator.kubernetes.io/automanaged":"onstart"},"managedFields":[{"manager":"kube-apiserver","operation":"Update","apiVersion":"apiregistration.k8s.io/v1","time":"2021-12-18T13:17:47Z","fieldsType":"FieldsV1","fieldsV1":{"f:metadata":{"f:labels":{".":{},"f:kube-aggregator.kubernetes.io/automanaged":{}}},"f:spec":{"f:group":{},"f:groupPriorityMinimum":{},"f:version":{},"f:versionPriority":{}}}}]},"spec":{"group":"apps","version":"v1","groupPriorityMinimum":17800,"versionPriority":15},"status":{"conditions":[{"type":"Available","status":"True","lastTransitionTime":"2021-12-18T13:17:47Z","reason":"Local","message":"Local APIServices are always available"}]}}

/registry/apiregistration.k8s.io/apiservices/v1.authentication.k8s.io
{"kind":"APIService","apiVersion":"apiregistration.k8s.io/v1","metadata":{"name":"v1.authentication.k8s.io","uid":"15ff0486-7e34-4fac-921c-550f3a90ce96","creationTimestamp":"2021-12-18T13:17:47Z","labels":{"kube-aggregator.kubernetes.io/automanaged":"onstart"},"managedFields":[{"manager":"kube-apiserver","operation":"Update","apiVersion":"apiregistration.k8s.io/v1","time":"2021-12-18T13:17:47Z","fieldsType":"FieldsV1","fieldsV1":{"f:metadata":{"f:labels":{".":{},"f:kube-aggregator.kubernetes.io/automanaged":{}}},"f:spec":{"f:group":{},"f:groupPriorityMinimum":{},"f:version":{},"f:versionPriority":{}}}}]},"spec":{"group":"authentication.k8s.io","version":"v1","groupPriorityMinimum":17700,"versionPriority":15},"status":{"conditions":[{"type":"Available","status":"True","lastTransitionTime":"2021-12-18T13:17:47Z","reason":"Local","message":"Local APIServices are always available"}]}}

/registry/apiregistration.k8s.io/apiservices/v1.authorization.k8s.io
{"kind":"APIService","apiVersion":"apiregistration.k8s.io/v1","metadata":{"name":"v1.authorization.k8s.io","uid":"c2773895-c764-4cfd-a28b-ab63bec38f0d","creationTimestamp":"2021-12-18T13:17:47Z","labels":{"kube-aggregator.kubernetes.io/automanaged":"onstart"},"managedFields":[{"manager":"kube-apiserver","operation":"Update","apiVersion":"apiregistration.k8s.io/v1","time":"2021-12-18T13:17:47Z","fieldsType":"FieldsV1","fieldsV1":{"f:metadata":{"f:labels":{".":{},"f:kube-aggregator.kubernetes.io/automanaged":{}}},"f:spec":{"f:group":{},"f:groupPriorityMinimum":{},"f:version":{},"f:versionPriority":{}}}}]},"spec":{"group":"authorization.k8s.io","version":"v1","groupPriorityMinimum":17600,"versionPriority":15},"status":{"conditions":[{"type":"Available","status":"True","lastTransitionTime":"2021-12-18T13:17:47Z","reason":"Local","message":"Local APIServices are always available"}]}}

/registry/apiregistration.k8s.io/apiservices/v1.autoscaling
{"kind":"APIService","apiVersion":"apiregistration.k8s.io/v1","metadata":{"name":"v1.autoscaling","uid":"f89c39ac-67d2-4f3d-8789-5a733519ea0e","creationTimestamp":"2021-12-18T13:17:47Z","labels":{"kube-aggregator.kubernetes.io/automanaged":"onstart"},"managedFields":[{"manager":"kube-apiserver","operation":"Update","apiVersion":"apiregistration.k8s.io/v1","time":"2021-12-18T13:17:47Z","fieldsType":"FieldsV1","fieldsV1":{"f:metadata":{"f:labels":{".":{},"f:kube-aggregator.kubernetes.io/automanaged":{}}},"f:spec":{"f:group":{},"f:groupPriorityMinimum":{},"f:version":{},"f:versionPriority":{}}}}]},"spec":{"group":"autoscaling","version":"v1","groupPriorityMinimum":17500,"versionPriority":15},"status":{"conditions":[{"type":"Available","status":"True","lastTransitionTime":"2021-12-18T13:17:47Z","reason":"Local","message":"Local APIServices are always available"}]}}

/registry/apiregistration.k8s.io/apiservices/v1.batch
{"kind":"APIService","apiVersion":"apiregistration.k8s.io/v1","metadata":{"name":"v1.batch","uid":"c112ae21-0334-4957-9ef0-0014bd8fa90e","creationTimestamp":"2021-12-18T13:17:47Z","labels":{"kube-aggregator.kubernetes.io/automanaged":"onstart"},"managedFields":[{"manager":"kube-apiserver","operation":"Update","apiVersion":"apiregistration.k8s.io/v1","time":"2021-12-18T13:17:47Z","fieldsType":"FieldsV1","fieldsV1":{"f:metadata":{"f:labels":{".":{},"f:kube-aggregator.kubernetes.io/automanaged":{}}},"f:spec":{"f:group":{},"f:groupPriorityMinimum":{},"f:version":{},"f:versionPriority":{}}}}]},"spec":{"group":"batch","version":"v1","groupPriorityMinimum":17400,"versionPriority":15},"status":{"conditions":[{"type":"Available","status":"True","lastTransitionTime":"2021-12-18T13:17:47Z","reason":"Local","message":"Local APIServices are always available"}]}}

/registry/apiregistration.k8s.io/apiservices/v1.certificates.k8s.io
{"kind":"APIService","apiVersion":"apiregistration.k8s.io/v1","metadata":{"name":"v1.certificates.k8s.io","uid":"4586fd85-50d4-41e1-8563-0e3713c48091","creationTimestamp":"2021-12-18T13:17:47Z","labels":{"kube-aggregator.kubernetes.io/automanaged":"onstart"},"managedFields":[{"manager":"kube-apiserver","operation":"Update","apiVersion":"apiregistration.k8s.io/v1","time":"2021-12-18T13:17:47Z","fieldsType":"FieldsV1","fieldsV1":{"f:metadata":{"f:labels":{".":{},"f:kube-aggregator.kubernetes.io/automanaged":{}}},"f:spec":{"f:group":{},"f:groupPriorityMinimum":{},"f:version":{},"f:versionPriority":{}}}}]},"spec":{"group":"certificates.k8s.io","version":"v1","groupPriorityMinimum":17300,"versionPriority":15},"status":{"conditions":[{"type":"Available","status":"True","lastTransitionTime":"2021-12-18T13:17:47Z","reason":"Local","message":"Local APIServices are always available"}]}}

/registry/apiregistration.k8s.io/apiservices/v1.coordination.k8s.io
{"kind":"APIService","apiVersion":"apiregistration.k8s.io/v1","metadata":{"name":"v1.coordination.k8s.io","uid":"fa776db0-ee5d-496d-a7d8-ecfacea83bcd","creationTimestamp":"2021-12-18T13:17:47Z","labels":{"kube-aggregator.kubernetes.io/automanaged":"onstart"},"managedFields":[{"manager":"kube-apiserver","operation":"Update","apiVersion":"apiregistration.k8s.io/v1","time":"2021-12-18T13:17:47Z","fieldsType":"FieldsV1","fieldsV1":{"f:metadata":{"f:labels":{".":{},"f:kube-aggregator.kubernetes.io/automanaged":{}}},"f:spec":{"f:group":{},"f:groupPriorityMinimum":{},"f:version":{},"f:versionPriority":{}}}}]},"spec":{"group":"coordination.k8s.io","version":"v1","groupPriorityMinimum":16500,"versionPriority":15},"status":{"conditions":[{"type":"Available","status":"True","lastTransitionTime":"2021-12-18T13:17:47Z","reason":"Local","message":"Local APIServices are always available"}]}}

/registry/apiregistration.k8s.io/apiservices/v1.discovery.k8s.io
{"kind":"APIService","apiVersion":"apiregistration.k8s.io/v1","metadata":{"name":"v1.discovery.k8s.io","uid":"8f688b70-f6a7-40a2-a955-708a4ffc5b65","creationTimestamp":"2021-12-18T13:17:47Z","labels":{"kube-aggregator.kubernetes.io/automanaged":"onstart"},"managedFields":[{"manager":"kube-apiserver","operation":"Update","apiVersion":"apiregistration.k8s.io/v1","time":"2021-12-18T13:17:47Z","fieldsType":"FieldsV1","fieldsV1":{"f:metadata":{"f:labels":{".":{},"f:kube-aggregator.kubernetes.io/automanaged":{}}},"f:spec":{"f:group":{},"f:groupPriorityMinimum":{},"f:version":{},"f:versionPriority":{}}}}]},"spec":{"group":"discovery.k8s.io","version":"v1","groupPriorityMinimum":16200,"versionPriority":15},"status":{"conditions":[{"type":"Available","status":"True","lastTransitionTime":"2021-12-18T13:17:47Z","reason":"Local","message":"Local APIServices are always available"}]}}

/registry/apiregistration.k8s.io/apiservices/v1.events.k8s.io
{"kind":"APIService","apiVersion":"apiregistration.k8s.io/v1","metadata":{"name":"v1.events.k8s.io","uid":"3b49c674-145a-404f-84d5-8610cc2017de","creationTimestamp":"2021-12-18T13:17:47Z","labels":{"kube-aggregator.kubernetes.io/automanaged":"onstart"},"managedFields":[{"manager":"kube-apiserver","operation":"Update","apiVersion":"apiregistration.k8s.io/v1","time":"2021-12-18T13:17:47Z","fieldsType":"FieldsV1","fieldsV1":{"f:metadata":{"f:labels":{".":{},"f:kube-aggregator.kubernetes.io/automanaged":{}}},"f:spec":{"f:group":{},"f:groupPriorityMinimum":{},"f:version":{},"f:versionPriority":{}}}}]},"spec":{"group":"events.k8s.io","version":"v1","groupPriorityMinimum":17750,"versionPriority":15},"status":{"conditions":[{"type":"Available","status":"True","lastTransitionTime":"2021-12-18T13:17:47Z","reason":"Local","message":"Local APIServices are always available"}]}}

/registry/apiregistration.k8s.io/apiservices/v1.networking.k8s.io
{"kind":"APIService","apiVersion":"apiregistration.k8s.io/v1","metadata":{"name":"v1.networking.k8s.io","uid":"528a3ba3-5f93-434b-894f-c3cc6097c72b","creationTimestamp":"2021-12-18T13:17:47Z","labels":{"kube-aggregator.kubernetes.io/automanaged":"onstart"},"managedFields":[{"manager":"kube-apiserver","operation":"Update","apiVersion":"apiregistration.k8s.io/v1","time":"2021-12-18T13:17:47Z","fieldsType":"FieldsV1","fieldsV1":{"f:metadata":{"f:labels":{".":{},"f:kube-aggregator.kubernetes.io/automanaged":{}}},"f:spec":{"f:group":{},"f:groupPriorityMinimum":{},"f:version":{},"f:versionPriority":{}}}}]},"spec":{"group":"networking.k8s.io","version":"v1","groupPriorityMinimum":17200,"versionPriority":15},"status":{"conditions":[{"type":"Available","status":"True","lastTransitionTime":"2021-12-18T13:17:47Z","reason":"Local","message":"Local APIServices are always available"}]}}

/registry/apiregistration.k8s.io/apiservices/v1.node.k8s.io
{"kind":"APIService","apiVersion":"apiregistration.k8s.io/v1","metadata":{"name":"v1.node.k8s.io","uid":"c0957829-4c10-4661-b5e8-fcfdce9618dc","creationTimestamp":"2021-12-18T13:17:47Z","labels":{"kube-aggregator.kubernetes.io/automanaged":"onstart"},"managedFields":[{"manager":"kube-apiserver","operation":"Update","apiVersion":"apiregistration.k8s.io/v1","time":"2021-12-18T13:17:47Z","fieldsType":"FieldsV1","fieldsV1":{"f:metadata":{"f:labels":{".":{},"f:kube-aggregator.kubernetes.io/automanaged":{}}},"f:spec":{"f:group":{},"f:groupPriorityMinimum":{},"f:version":{},"f:versionPriority":{}}}}]},"spec":{"group":"node.k8s.io","version":"v1","groupPriorityMinimum":16300,"versionPriority":15},"status":{"conditions":[{"type":"Available","status":"True","lastTransitionTime":"2021-12-18T13:17:47Z","reason":"Local","message":"Local APIServices are always available"}]}}

/registry/apiregistration.k8s.io/apiservices/v1.policy
{"kind":"APIService","apiVersion":"apiregistration.k8s.io/v1","metadata":{"name":"v1.policy","uid":"3094a263-583d-44fa-8f61-0ef498b28e0e","creationTimestamp":"2021-12-18T13:17:47Z","labels":{"kube-aggregator.kubernetes.io/automanaged":"onstart"},"managedFields":[{"manager":"kube-apiserver","operation":"Update","apiVersion":"apiregistration.k8s.io/v1","time":"2021-12-18T13:17:47Z","fieldsType":"FieldsV1","fieldsV1":{"f:metadata":{"f:labels":{".":{},"f:kube-aggregator.kubernetes.io/automanaged":{}}},"f:spec":{"f:group":{},"f:groupPriorityMinimum":{},"f:version":{},"f:versionPriority":{}}}}]},"spec":{"group":"policy","version":"v1","groupPriorityMinimum":17100,"versionPriority":15},"status":{"conditions":[{"type":"Available","status":"True","lastTransitionTime":"2021-12-18T13:17:47Z","reason":"Local","message":"Local APIServices are always available"}]}}

/registry/apiregistration.k8s.io/apiservices/v1.rbac.authorization.k8s.io
{"kind":"APIService","apiVersion":"apiregistration.k8s.io/v1","metadata":{"name":"v1.rbac.authorization.k8s.io","uid":"05a26a86-0c89-4781-be91-b8e6d2f441fc","creationTimestamp":"2021-12-18T13:17:47Z","labels":{"kube-aggregator.kubernetes.io/automanaged":"onstart"},"managedFields":[{"manager":"kube-apiserver","operation":"Update","apiVersion":"apiregistration.k8s.io/v1","time":"2021-12-18T13:17:47Z","fieldsType":"FieldsV1","fieldsV1":{"f:metadata":{"f:labels":{".":{},"f:kube-aggregator.kubernetes.io/automanaged":{}}},"f:spec":{"f:group":{},"f:groupPriorityMinimum":{},"f:version":{},"f:versionPriority":{}}}}]},"spec":{"group":"rbac.authorization.k8s.io","version":"v1","groupPriorityMinimum":17000,"versionPriority":15},"status":{"conditions":[{"type":"Available","status":"True","lastTransitionTime":"2021-12-18T13:17:47Z","reason":"Local","message":"Local APIServices are always available"}]}}

/registry/apiregistration.k8s.io/apiservices/v1.scheduling.k8s.io
{"kind":"APIService","apiVersion":"apiregistration.k8s.io/v1","metadata":{"name":"v1.scheduling.k8s.io","uid":"0f74f13f-fb3f-4237-b3c9-3a8f3739c13c","creationTimestamp":"2021-12-18T13:17:47Z","labels":{"kube-aggregator.kubernetes.io/automanaged":"onstart"},"managedFields":[{"manager":"kube-apiserver","operation":"Update","apiVersion":"apiregistration.k8s.io/v1","time":"2021-12-18T13:17:47Z","fieldsType":"FieldsV1","fieldsV1":{"f:metadata":{"f:labels":{".":{},"f:kube-aggregator.kubernetes.io/automanaged":{}}},"f:spec":{"f:group":{},"f:groupPriorityMinimum":{},"f:version":{},"f:versionPriority":{}}}}]},"spec":{"group":"scheduling.k8s.io","version":"v1","groupPriorityMinimum":16600,"versionPriority":15},"status":{"conditions":[{"type":"Available","status":"True","lastTransitionTime":"2021-12-18T13:17:47Z","reason":"Local","message":"Local APIServices are always available"}]}}

/registry/apiregistration.k8s.io/apiservices/v1.storage.k8s.io
{"kind":"APIService","apiVersion":"apiregistration.k8s.io/v1","metadata":{"name":"v1.storage.k8s.io","uid":"5d29d399-c1b3-4758-94f1-57e9e12d63b8","creationTimestamp":"2021-12-18T13:17:47Z","labels":{"kube-aggregator.kubernetes.io/automanaged":"onstart"},"managedFields":[{"manager":"kube-apiserver","operation":"Update","apiVersion":"apiregistration.k8s.io/v1","time":"2021-12-18T13:17:47Z","fieldsType":"FieldsV1","fieldsV1":{"f:metadata":{"f:labels":{".":{},"f:kube-aggregator.kubernetes.io/automanaged":{}}},"f:spec":{"f:group":{},"f:groupPriorityMinimum":{},"f:version":{},"f:versionPriority":{}}}}]},"spec":{"group":"storage.k8s.io","version":"v1","groupPriorityMinimum":16800,"versionPriority":15},"status":{"conditions":[{"type":"Available","status":"True","lastTransitionTime":"2021-12-18T13:17:47Z","reason":"Local","message":"Local APIServices are always available"}]}}

/registry/apiregistration.k8s.io/apiservices/v1beta1.batch
{"kind":"APIService","apiVersion":"apiregistration.k8s.io/v1","metadata":{"name":"v1beta1.batch","uid":"4c2ad434-0b5c-49ab-a30b-786e98bd604b","creationTimestamp":"2021-12-18T13:17:47Z","labels":{"kube-aggregator.kubernetes.io/automanaged":"onstart"},"managedFields":[{"manager":"kube-apiserver","operation":"Update","apiVersion":"apiregistration.k8s.io/v1","time":"2021-12-18T13:17:47Z","fieldsType":"FieldsV1","fieldsV1":{"f:metadata":{"f:labels":{".":{},"f:kube-aggregator.kubernetes.io/automanaged":{}}},"f:spec":{"f:group":{},"f:groupPriorityMinimum":{},"f:version":{},"f:versionPriority":{}}}}]},"spec":{"group":"batch","version":"v1beta1","groupPriorityMinimum":17400,"versionPriority":9},"status":{"conditions":[{"type":"Available","status":"True","lastTransitionTime":"2021-12-18T13:17:47Z","reason":"Local","message":"Local APIServices are always available"}]}}

/registry/apiregistration.k8s.io/apiservices/v1beta1.discovery.k8s.io
{"kind":"APIService","apiVersion":"apiregistration.k8s.io/v1","metadata":{"name":"v1beta1.discovery.k8s.io","uid":"cf88f7f6-a025-4a42-89d0-24af0911703a","creationTimestamp":"2021-12-18T13:17:47Z","labels":{"kube-aggregator.kubernetes.io/automanaged":"onstart"},"managedFields":[{"manager":"kube-apiserver","operation":"Update","apiVersion":"apiregistration.k8s.io/v1","time":"2021-12-18T13:17:47Z","fieldsType":"FieldsV1","fieldsV1":{"f:metadata":{"f:labels":{".":{},"f:kube-aggregator.kubernetes.io/automanaged":{}}},"f:spec":{"f:group":{},"f:groupPriorityMinimum":{},"f:version":{},"f:versionPriority":{}}}}]},"spec":{"group":"discovery.k8s.io","version":"v1beta1","groupPriorityMinimum":16200,"versionPriority":12},"status":{"conditions":[{"type":"Available","status":"True","lastTransitionTime":"2021-12-18T13:17:47Z","reason":"Local","message":"Local APIServices are always available"}]}}

/registry/apiregistration.k8s.io/apiservices/v1beta1.events.k8s.io
{"kind":"APIService","apiVersion":"apiregistration.k8s.io/v1","metadata":{"name":"v1beta1.events.k8s.io","uid":"d7513422-4b80-4afb-8fec-4c5451efc0cd","creationTimestamp":"2021-12-18T13:17:47Z","labels":{"kube-aggregator.kubernetes.io/automanaged":"onstart"},"managedFields":[{"manager":"kube-apiserver","operation":"Update","apiVersion":"apiregistration.k8s.io/v1","time":"2021-12-18T13:17:47Z","fieldsType":"FieldsV1","fieldsV1":{"f:metadata":{"f:labels":{".":{},"f:kube-aggregator.kubernetes.io/automanaged":{}}},"f:spec":{"f:group":{},"f:groupPriorityMinimum":{},"f:version":{},"f:versionPriority":{}}}}]},"spec":{"group":"events.k8s.io","version":"v1beta1","groupPriorityMinimum":17750,"versionPriority":5},"status":{"conditions":[{"type":"Available","status":"True","lastTransitionTime":"2021-12-18T13:17:47Z","reason":"Local","message":"Local APIServices are always available"}]}}

/registry/apiregistration.k8s.io/apiservices/v1beta1.flowcontrol.apiserver.k8s.io
{"kind":"APIService","apiVersion":"apiregistration.k8s.io/v1","metadata":{"name":"v1beta1.flowcontrol.apiserver.k8s.io","uid":"fecf2c16-2dc9-4f62-b159-6801ea0df620","creationTimestamp":"2021-12-18T13:17:47Z","labels":{"kube-aggregator.kubernetes.io/automanaged":"onstart"},"managedFields":[{"manager":"kube-apiserver","operation":"Update","apiVersion":"apiregistration.k8s.io/v1","time":"2021-12-18T13:17:47Z","fieldsType":"FieldsV1","fieldsV1":{"f:metadata":{"f:labels":{".":{},"f:kube-aggregator.kubernetes.io/automanaged":{}}},"f:spec":{"f:group":{},"f:groupPriorityMinimum":{},"f:version":{},"f:versionPriority":{}}}}]},"spec":{"group":"flowcontrol.apiserver.k8s.io","version":"v1beta1","groupPriorityMinimum":16100,"versionPriority":12},"status":{"conditions":[{"type":"Available","status":"True","lastTransitionTime":"2021-12-18T13:17:47Z","reason":"Local","message":"Local APIServices are always available"}]}}

/registry/apiregistration.k8s.io/apiservices/v1beta1.node.k8s.io
{"kind":"APIService","apiVersion":"apiregistration.k8s.io/v1","metadata":{"name":"v1beta1.node.k8s.io","uid":"3ef182bb-f664-418d-b2fa-21bd69b3eccb","creationTimestamp":"2021-12-18T13:17:47Z","labels":{"kube-aggregator.kubernetes.io/automanaged":"onstart"},"managedFields":[{"manager":"kube-apiserver","operation":"Update","apiVersion":"apiregistration.k8s.io/v1","time":"2021-12-18T13:17:47Z","fieldsType":"FieldsV1","fieldsV1":{"f:metadata":{"f:labels":{".":{},"f:kube-aggregator.kubernetes.io/automanaged":{}}},"f:spec":{"f:group":{},"f:groupPriorityMinimum":{},"f:version":{},"f:versionPriority":{}}}}]},"spec":{"group":"node.k8s.io","version":"v1beta1","groupPriorityMinimum":16300,"versionPriority":9},"status":{"conditions":[{"type":"Available","status":"True","lastTransitionTime":"2021-12-18T13:17:47Z","reason":"Local","message":"Local APIServices are always available"}]}}

/registry/apiregistration.k8s.io/apiservices/v1beta1.policy
{"kind":"APIService","apiVersion":"apiregistration.k8s.io/v1","metadata":{"name":"v1beta1.policy","uid":"05ec03b0-e5cb-40a6-917c-b07dbcaf14f6","creationTimestamp":"2021-12-18T13:17:47Z","labels":{"kube-aggregator.kubernetes.io/automanaged":"onstart"},"managedFields":[{"manager":"kube-apiserver","operation":"Update","apiVersion":"apiregistration.k8s.io/v1","time":"2021-12-18T13:17:47Z","fieldsType":"FieldsV1","fieldsV1":{"f:metadata":{"f:labels":{".":{},"f:kube-aggregator.kubernetes.io/automanaged":{}}},"f:spec":{"f:group":{},"f:groupPriorityMinimum":{},"f:version":{},"f:versionPriority":{}}}}]},"spec":{"group":"policy","version":"v1beta1","groupPriorityMinimum":17100,"versionPriority":9},"status":{"conditions":[{"type":"Available","status":"True","lastTransitionTime":"2021-12-18T13:17:47Z","reason":"Local","message":"Local APIServices are always available"}]}}

/registry/apiregistration.k8s.io/apiservices/v1beta1.storage.k8s.io
{"kind":"APIService","apiVersion":"apiregistration.k8s.io/v1","metadata":{"name":"v1beta1.storage.k8s.io","uid":"590f3ab8-d2f4-414d-a126-90e85fa798d6","creationTimestamp":"2021-12-18T13:17:47Z","labels":{"kube-aggregator.kubernetes.io/automanaged":"onstart"},"managedFields":[{"manager":"kube-apiserver","operation":"Update","apiVersion":"apiregistration.k8s.io/v1","time":"2021-12-18T13:17:47Z","fieldsType":"FieldsV1","fieldsV1":{"f:metadata":{"f:labels":{".":{},"f:kube-aggregator.kubernetes.io/automanaged":{}}},"f:spec":{"f:group":{},"f:groupPriorityMinimum":{},"f:version":{},"f:versionPriority":{}}}}]},"spec":{"group":"storage.k8s.io","version":"v1beta1","groupPriorityMinimum":16800,"versionPriority":9},"status":{"conditions":[{"type":"Available","status":"True","lastTransitionTime":"2021-12-18T13:17:47Z","reason":"Local","message":"Local APIServices are always available"}]}}

/registry/apiregistration.k8s.io/apiservices/v1beta2.flowcontrol.apiserver.k8s.io
{"kind":"APIService","apiVersion":"apiregistration.k8s.io/v1","metadata":{"name":"v1beta2.flowcontrol.apiserver.k8s.io","uid":"e9a30829-84cb-460f-8375-caf360bf9cb3","creationTimestamp":"2021-12-18T13:17:47Z","labels":{"kube-aggregator.kubernetes.io/automanaged":"onstart"},"managedFields":[{"manager":"kube-apiserver","operation":"Update","apiVersion":"apiregistration.k8s.io/v1","time":"2021-12-18T13:17:47Z","fieldsType":"FieldsV1","fieldsV1":{"f:metadata":{"f:labels":{".":{},"f:kube-aggregator.kubernetes.io/automanaged":{}}},"f:spec":{"f:group":{},"f:groupPriorityMinimum":{},"f:version":{},"f:versionPriority":{}}}}]},"spec":{"group":"flowcontrol.apiserver.k8s.io","version":"v1beta2","groupPriorityMinimum":16100,"versionPriority":15},"status":{"conditions":[{"type":"Available","status":"True","lastTransitionTime":"2021-12-18T13:17:47Z","reason":"Local","message":"Local APIServices are always available"}]}}

/registry/apiregistration.k8s.io/apiservices/v2.autoscaling
{"kind":"APIService","apiVersion":"apiregistration.k8s.io/v1","metadata":{"name":"v2.autoscaling","uid":"ebc81042-8bae-49b5-9e08-974b96af5ae3","creationTimestamp":"2021-12-18T13:17:47Z","labels":{"kube-aggregator.kubernetes.io/automanaged":"onstart"},"managedFields":[{"manager":"kube-apiserver","operation":"Update","apiVersion":"apiregistration.k8s.io/v1","time":"2021-12-18T13:17:47Z","fieldsType":"FieldsV1","fieldsV1":{"f:metadata":{"f:labels":{".":{},"f:kube-aggregator.kubernetes.io/automanaged":{}}},"f:spec":{"f:group":{},"f:groupPriorityMinimum":{},"f:version":{},"f:versionPriority":{}}}}]},"spec":{"group":"autoscaling","version":"v2","groupPriorityMinimum":17500,"versionPriority":30},"status":{"conditions":[{"type":"Available","status":"True","lastTransitionTime":"2021-12-18T13:17:47Z","reason":"Local","message":"Local APIServices are always available"}]}}

/registry/apiregistration.k8s.io/apiservices/v2beta1.autoscaling
{"kind":"APIService","apiVersion":"apiregistration.k8s.io/v1","metadata":{"name":"v2beta1.autoscaling","uid":"fae4d7ed-0ef4-48fb-9349-d8aedb65b991","creationTimestamp":"2021-12-18T13:17:47Z","labels":{"kube-aggregator.kubernetes.io/automanaged":"onstart"},"managedFields":[{"manager":"kube-apiserver","operation":"Update","apiVersion":"apiregistration.k8s.io/v1","time":"2021-12-18T13:17:47Z","fieldsType":"FieldsV1","fieldsV1":{"f:metadata":{"f:labels":{".":{},"f:kube-aggregator.kubernetes.io/automanaged":{}}},"f:spec":{"f:group":{},"f:groupPriorityMinimum":{},"f:version":{},"f:versionPriority":{}}}}]},"spec":{"group":"autoscaling","version":"v2beta1","groupPriorityMinimum":17500,"versionPriority":9},"status":{"conditions":[{"type":"Available","status":"True","lastTransitionTime":"2021-12-18T13:17:47Z","reason":"Local","message":"Local APIServices are always available"}]}}

/registry/apiregistration.k8s.io/apiservices/v2beta2.autoscaling
{"kind":"APIService","apiVersion":"apiregistration.k8s.io/v1","metadata":{"name":"v2beta2.autoscaling","uid":"8c91af41-05c0-4eb6-b26c-236651cb701d","creationTimestamp":"2021-12-18T13:17:47Z","labels":{"kube-aggregator.kubernetes.io/automanaged":"onstart"},"managedFields":[{"manager":"kube-apiserver","operation":"Update","apiVersion":"apiregistration.k8s.io/v1","time":"2021-12-18T13:17:47Z","fieldsType":"FieldsV1","fieldsV1":{"f:metadata":{"f:labels":{".":{},"f:kube-aggregator.kubernetes.io/automanaged":{}}},"f:spec":{"f:group":{},"f:groupPriorityMinimum":{},"f:version":{},"f:versionPriority":{}}}}]},"spec":{"group":"autoscaling","version":"v2beta2","groupPriorityMinimum":17500,"versionPriority":1},"status":{"conditions":[{"type":"Available","status":"True","lastTransitionTime":"2021-12-18T13:17:47Z","reason":"Local","message":"Local APIServices are always available"}]}}

/registry/clusterrolebindings/cluster-admin
k8s 
2
rbac.authorization.k8s.io/v1ClusterRoleBinding®
∂
cluster-admin  " *$d97c9724-d6ca-4510-b527-4418d0d634732 8 B¸æ˜ç Z,
kubernetes.io/bootstrappingrbac-defaultsb3
+rbac.authorization.kubernetes.io/autoupdatetruez äÑ
Go-http-clientUpdaterbac.authorization.k8s.io/v1"¸æ˜ç 2FieldsV1:µ
≤{"f:metadata":{"f:annotations":{".":{},"f:rbac.authorization.kubernetes.io/autoupdate":{}},"f:labels":{".":{},"f:kubernetes.io/bootstrapping":{}}},"f:roleRef":{},"f:subjects":{}}B 4
Grouprbac.authorization.k8s.iosystem:masters" 7
rbac.authorization.k8s.ioClusterRolecluster-admin " 
/registry/clusterrolebindings/kubeadm:get-nodes
k8s 
2
rbac.authorization.k8s.io/v1ClusterRoleBindingŸ
¬
kubeadm:get-nodes  " *$3da82c5f-9a7b-4e1b-a036-b6e2ed0764932 8 B˛æ˜ç z äp
Go-http-clientUpdaterbac.authorization.k8s.io/v1"˛æ˜ç 2FieldsV1:"
 {"f:roleRef":{},"f:subjects":{}}B U
Grouprbac.authorization.k8s.io/system:bootstrappers:kubeadm:default-node-token" ;
rbac.authorization.k8s.ioClusterRolekubeadm:get-nodes " 
/registry/clusterrolebindings/kubeadm:kubelet-bootstrap
k8s 
2
rbac.authorization.k8s.io/v1ClusterRoleBindingË
 
kubeadm:kubelet-bootstrap  " *$44b0e35f-9f32-4845-82b4-19ce086f8dea2 8 B˛æ˜ç z äp
Go-http-clientUpdaterbac.authorization.k8s.io/v1"˛æ˜ç 2FieldsV1:"
 {"f:roleRef":{},"f:subjects":{}}B U
Grouprbac.authorization.k8s.io/system:bootstrappers:kubeadm:default-node-token" B
rbac.authorization.k8s.ioClusterRolesystem:node-bootstrapper " 
/registry/clusterrolebindings/kubeadm:node-autoapprove-bootstrap
k8s 
2
rbac.authorization.k8s.io/v1ClusterRoleBindingô
”
"kubeadm:node-autoapprove-bootstrap  " *$f287a460-afe0-4379-a070-90c8c83bd6192 8 B˛æ˜ç z äp
Go-http-clientUpdaterbac.authorization.k8s.io/v1"˛æ˜ç 2FieldsV1:"
 {"f:roleRef":{},"f:subjects":{}}B U
Grouprbac.authorization.k8s.io/system:bootstrappers:kubeadm:default-node-token" j
rbac.authorization.k8s.ioClusterRole@system:certificates.k8s.io:certificatesigningrequests:nodeclient " 
/registry/clusterrolebindings/kubeadm:node-autoapprove-certificate-rotation
k8s 
2
rbac.authorization.k8s.io/v1ClusterRoleBindingÖ
ﬁ
-kubeadm:node-autoapprove-certificate-rotation  " *$80f79910-769a-4bd9-8f0e-88212f0e263d2 8 B˛æ˜ç z äp
Go-http-clientUpdaterbac.authorization.k8s.io/v1"˛æ˜ç 2FieldsV1:"
 {"f:roleRef":{},"f:subjects":{}}B 2
Grouprbac.authorization.k8s.iosystem:nodes" n
rbac.authorization.k8s.ioClusterRoleDsystem:certificates.k8s.io:certificatesigningrequests:selfnodeclient " 
/registry/clusterrolebindings/kubeadm:node-proxier
k8s 
2
rbac.authorization.k8s.io/v1ClusterRoleBinding¥
≈
kubeadm:node-proxier  " *$fb5731a9-0ed5-448b-8c47-aa8623e5794a2 8 Bˇæ˜ç z äp
Go-http-clientUpdaterbac.authorization.k8s.io/v1"ˇæ˜ç 2FieldsV1:"
 {"f:roleRef":{},"f:subjects":{}}B +
ServiceAccount 
kube-proxy"kube-system=
rbac.authorization.k8s.ioClusterRolesystem:node-proxier " 
/registry/clusterrolebindings/system:basic-user
k8s 
2
rbac.authorization.k8s.io/v1ClusterRoleBinding∂
∫
system:basic-user  " *$bc3d89e5-6b6a-4fd9-91d9-006cc0d717692 8 B¸æ˜ç Z,
kubernetes.io/bootstrappingrbac-defaultsb3
+rbac.authorization.kubernetes.io/autoupdatetruez äÑ
Go-http-clientUpdaterbac.authorization.k8s.io/v1"¸æ˜ç 2FieldsV1:µ
≤{"f:metadata":{"f:annotations":{".":{},"f:rbac.authorization.kubernetes.io/autoupdate":{}},"f:labels":{".":{},"f:kubernetes.io/bootstrapping":{}}},"f:roleRef":{},"f:subjects":{}}B :
Grouprbac.authorization.k8s.iosystem:authenticated" ;
rbac.authorization.k8s.ioClusterRolesystem:basic-user " 
/registry/clusterrolebindings/system:controller:attachdetach-controller
k8s 
2
rbac.authorization.k8s.io/v1ClusterRoleBinding‰
“
)system:controller:attachdetach-controller  " *$079f0da9-dab5-4f5c-be22-5c19acf82f5b2 8 B¸æ˜ç Z,
kubernetes.io/bootstrappingrbac-defaultsb3
+rbac.authorization.kubernetes.io/autoupdatetruez äÑ
Go-http-clientUpdaterbac.authorization.k8s.io/v1"¸æ˜ç 2FieldsV1:µ
≤{"f:metadata":{"f:annotations":{".":{},"f:rbac.authorization.kubernetes.io/autoupdate":{}},"f:labels":{".":{},"f:kubernetes.io/bootstrapping":{}}},"f:roleRef":{},"f:subjects":{}}B 8
ServiceAccount attachdetach-controller"kube-systemS
rbac.authorization.k8s.ioClusterRole)system:controller:attachdetach-controller " 
/registry/clusterrolebindings/system:controller:certificate-controller
k8s 
2
rbac.authorization.k8s.io/v1ClusterRoleBinding·
—
(system:controller:certificate-controller  " *$082f44d0-b6cf-4477-97f3-593cbba516692 8 B¸æ˜ç Z,
kubernetes.io/bootstrappingrbac-defaultsb3
+rbac.authorization.kubernetes.io/autoupdatetruez äÑ
Go-http-clientUpdaterbac.authorization.k8s.io/v1"¸æ˜ç 2FieldsV1:µ
≤{"f:metadata":{"f:annotations":{".":{},"f:rbac.authorization.kubernetes.io/autoupdate":{}},"f:labels":{".":{},"f:kubernetes.io/bootstrapping":{}}},"f:roleRef":{},"f:subjects":{}}B 7
ServiceAccount certificate-controller"kube-systemR
rbac.authorization.k8s.ioClusterRole(system:controller:certificate-controller " 
/registry/clusterrolebindings/system:controller:clusterrole-aggregation-controller
k8s 
2
rbac.authorization.k8s.io/v1ClusterRoleBindingÖ
›
4system:controller:clusterrole-aggregation-controller  " *$23749d22-6204-4ff7-8325-74783fec81e92 8 B¸æ˜ç Z,
kubernetes.io/bootstrappingrbac-defaultsb3
+rbac.authorization.kubernetes.io/autoupdatetruez äÑ
Go-http-clientUpdaterbac.authorization.k8s.io/v1"¸æ˜ç 2FieldsV1:µ
≤{"f:metadata":{"f:annotations":{".":{},"f:rbac.authorization.kubernetes.io/autoupdate":{}},"f:labels":{".":{},"f:kubernetes.io/bootstrapping":{}}},"f:roleRef":{},"f:subjects":{}}B C
ServiceAccount "clusterrole-aggregation-controller"kube-system^
rbac.authorization.k8s.ioClusterRole4system:controller:clusterrole-aggregation-controller " 
/registry/clusterrolebindings/system:controller:cronjob-controller
k8s 
2
rbac.authorization.k8s.io/v1ClusterRoleBinding’
Õ
$system:controller:cronjob-controller  " *$ea90abbd-fc3b-44b6-90b8-d027a4cb8bc62 8 B¸æ˜ç Z,
kubernetes.io/bootstrappingrbac-defaultsb3
+rbac.authorization.kubernetes.io/autoupdatetruez äÑ
Go-http-clientUpdaterbac.authorization.k8s.io/v1"¸æ˜ç 2FieldsV1:µ
≤{"f:metadata":{"f:annotations":{".":{},"f:rbac.authorization.kubernetes.io/autoupdate":{}},"f:labels":{".":{},"f:kubernetes.io/bootstrapping":{}}},"f:roleRef":{},"f:subjects":{}}B 3
ServiceAccount cronjob-controller"kube-systemN
rbac.authorization.k8s.ioClusterRole$system:controller:cronjob-controller " 
/registry/clusterrolebindings/system:controller:daemon-set-controller
k8s 
2
rbac.authorization.k8s.io/v1ClusterRoleBindingﬁ
–
'system:controller:daemon-set-controller  " *$11cb74a3-e907-4fca-83ab-e3372bbe212f2 8 B¸æ˜ç Z,
kubernetes.io/bootstrappingrbac-defaultsb3
+rbac.authorization.kubernetes.io/autoupdatetruez äÑ
Go-http-clientUpdaterbac.authorization.k8s.io/v1"¸æ˜ç 2FieldsV1:µ
≤{"f:metadata":{"f:annotations":{".":{},"f:rbac.authorization.kubernetes.io/autoupdate":{}},"f:labels":{".":{},"f:kubernetes.io/bootstrapping":{}}},"f:roleRef":{},"f:subjects":{}}B 6
ServiceAccount daemon-set-controller"kube-systemQ
rbac.authorization.k8s.ioClusterRole'system:controller:daemon-set-controller " 
/registry/clusterrolebindings/system:controller:deployment-controller
k8s 
2
rbac.authorization.k8s.io/v1ClusterRoleBindingﬁ
–
'system:controller:deployment-controller  " *$323cf293-4ec9-4566-b816-059577fd42d72 8 B¸æ˜ç Z,
kubernetes.io/bootstrappingrbac-defaultsb3
+rbac.authorization.kubernetes.io/autoupdatetruez äÑ
Go-http-clientUpdaterbac.authorization.k8s.io/v1"¸æ˜ç 2FieldsV1:µ
≤{"f:metadata":{"f:annotations":{".":{},"f:rbac.authorization.kubernetes.io/autoupdate":{}},"f:labels":{".":{},"f:kubernetes.io/bootstrapping":{}}},"f:roleRef":{},"f:subjects":{}}B 6
ServiceAccount deployment-controller"kube-systemQ
rbac.authorization.k8s.ioClusterRole'system:controller:deployment-controller " 
/registry/clusterrolebindings/system:controller:disruption-controller
k8s 
2
rbac.authorization.k8s.io/v1ClusterRoleBindingﬁ
–
'system:controller:disruption-controller  " *$363fa642-b03e-4db8-8306-ac0611f4baf12 8 B¸æ˜ç Z,
kubernetes.io/bootstrappingrbac-defaultsb3
+rbac.authorization.kubernetes.io/autoupdatetruez äÑ
Go-http-clientUpdaterbac.authorization.k8s.io/v1"¸æ˜ç 2FieldsV1:µ
≤{"f:metadata":{"f:annotations":{".":{},"f:rbac.authorization.kubernetes.io/autoupdate":{}},"f:labels":{".":{},"f:kubernetes.io/bootstrapping":{}}},"f:roleRef":{},"f:subjects":{}}B 6
ServiceAccount disruption-controller"kube-systemQ
rbac.authorization.k8s.ioClusterRole'system:controller:disruption-controller " 
/registry/clusterrolebindings/system:controller:endpoint-controller
k8s 
2
rbac.authorization.k8s.io/v1ClusterRoleBindingÿ
Œ
%system:controller:endpoint-controller  " *$82fecea0-c1f2-48c2-b6bd-671c7b3cd8772 8 B¸æ˜ç Z,
kubernetes.io/bootstrappingrbac-defaultsb3
+rbac.authorization.kubernetes.io/autoupdatetruez äÑ
Go-http-clientUpdaterbac.authorization.k8s.io/v1"¸æ˜ç 2FieldsV1:µ
≤{"f:metadata":{"f:annotations":{".":{},"f:rbac.authorization.kubernetes.io/autoupdate":{}},"f:labels":{".":{},"f:kubernetes.io/bootstrapping":{}}},"f:roleRef":{},"f:subjects":{}}B 4
ServiceAccount endpoint-controller"kube-systemO
rbac.authorization.k8s.ioClusterRole%system:controller:endpoint-controller " 
/registry/clusterrolebindings/system:controller:endpointslice-controller
k8s 
2
rbac.authorization.k8s.io/v1ClusterRoleBindingÁ
”
*system:controller:endpointslice-controller  " *$d82e1bdf-803d-4236-9968-2f19c05c62142 8 B¸æ˜ç Z,
kubernetes.io/bootstrappingrbac-defaultsb3
+rbac.authorization.kubernetes.io/autoupdatetruez äÑ
Go-http-clientUpdaterbac.authorization.k8s.io/v1"¸æ˜ç 2FieldsV1:µ
≤{"f:metadata":{"f:annotations":{".":{},"f:rbac.authorization.kubernetes.io/autoupdate":{}},"f:labels":{".":{},"f:kubernetes.io/bootstrapping":{}}},"f:roleRef":{},"f:subjects":{}}B 9
ServiceAccount endpointslice-controller"kube-systemT
rbac.authorization.k8s.ioClusterRole*system:controller:endpointslice-controller " 
/registry/clusterrolebindings/system:controller:endpointslicemirroring-controller
k8s 
2
rbac.authorization.k8s.io/v1ClusterRoleBindingÇ
‹
3system:controller:endpointslicemirroring-controller  " *$640e2391-2a8b-40ac-a0d0-db02454261792 8 B¸æ˜ç Z,
kubernetes.io/bootstrappingrbac-defaultsb3
+rbac.authorization.kubernetes.io/autoupdatetruez äÑ
Go-http-clientUpdaterbac.authorization.k8s.io/v1"¸æ˜ç 2FieldsV1:µ
≤{"f:metadata":{"f:annotations":{".":{},"f:rbac.authorization.kubernetes.io/autoupdate":{}},"f:labels":{".":{},"f:kubernetes.io/bootstrapping":{}}},"f:roleRef":{},"f:subjects":{}}B B
ServiceAccount !endpointslicemirroring-controller"kube-system]
rbac.authorization.k8s.ioClusterRole3system:controller:endpointslicemirroring-controller " 
/registry/clusterrolebindings/system:controller:ephemeral-volume-controller
k8s 
2
rbac.authorization.k8s.io/v1ClusterRoleBinding
÷
-system:controller:ephemeral-volume-controller  " *$c96e9537-3ac2-436a-9449-9596c5386e732 8 B¸æ˜ç Z,
kubernetes.io/bootstrappingrbac-defaultsb3
+rbac.authorization.kubernetes.io/autoupdatetruez äÑ
Go-http-clientUpdaterbac.authorization.k8s.io/v1"¸æ˜ç 2FieldsV1:µ
≤{"f:metadata":{"f:annotations":{".":{},"f:rbac.authorization.kubernetes.io/autoupdate":{}},"f:labels":{".":{},"f:kubernetes.io/bootstrapping":{}}},"f:roleRef":{},"f:subjects":{}}B <
ServiceAccount ephemeral-volume-controller"kube-systemW
rbac.authorization.k8s.ioClusterRole-system:controller:ephemeral-volume-controller " 
/registry/clusterrolebindings/system:controller:expand-controller
k8s 
2
rbac.authorization.k8s.io/v1ClusterRoleBinding“
Ã
#system:controller:expand-controller  " *$1c853905-8ef3-49f9-8363-2ac6d004e9f32 8 B¸æ˜ç Z,
kubernetes.io/bootstrappingrbac-defaultsb3
+rbac.authorization.kubernetes.io/autoupdatetruez äÑ
Go-http-clientUpdaterbac.authorization.k8s.io/v1"¸æ˜ç 2FieldsV1:µ
≤{"f:metadata":{"f:annotations":{".":{},"f:rbac.authorization.kubernetes.io/autoupdate":{}},"f:labels":{".":{},"f:kubernetes.io/bootstrapping":{}}},"f:roleRef":{},"f:subjects":{}}B 2
ServiceAccount expand-controller"kube-systemM
rbac.authorization.k8s.ioClusterRole#system:controller:expand-controller " 
/registry/clusterrolebindings/system:controller:generic-garbage-collector
k8s 
2
rbac.authorization.k8s.io/v1ClusterRoleBindingÍ
‘
+system:controller:generic-garbage-collector  " *$ce2be8e3-2d09-4cac-8e73-52b44c246e422 8 B¸æ˜ç Z,
kubernetes.io/bootstrappingrbac-defaultsb3
+rbac.authorization.kubernetes.io/autoupdatetruez äÑ
Go-http-clientUpdaterbac.authorization.k8s.io/v1"¸æ˜ç 2FieldsV1:µ
≤{"f:metadata":{"f:annotations":{".":{},"f:rbac.authorization.kubernetes.io/autoupdate":{}},"f:labels":{".":{},"f:kubernetes.io/bootstrapping":{}}},"f:roleRef":{},"f:subjects":{}}B :
ServiceAccount generic-garbage-collector"kube-systemU
rbac.authorization.k8s.ioClusterRole+system:controller:generic-garbage-collector " 
/registry/clusterrolebindings/system:controller:horizontal-pod-autoscaler
k8s 
2
rbac.authorization.k8s.io/v1ClusterRoleBindingÍ
‘
+system:controller:horizontal-pod-autoscaler  " *$40798d2c-75d6-4619-8bfc-01ac5d1dce082 8 B¸æ˜ç Z,
kubernetes.io/bootstrappingrbac-defaultsb3
+rbac.authorization.kubernetes.io/autoupdatetruez äÑ
Go-http-clientUpdaterbac.authorization.k8s.io/v1"¸æ˜ç 2FieldsV1:µ
≤{"f:metadata":{"f:annotations":{".":{},"f:rbac.authorization.kubernetes.io/autoupdate":{}},"f:labels":{".":{},"f:kubernetes.io/bootstrapping":{}}},"f:roleRef":{},"f:subjects":{}}B :
ServiceAccount horizontal-pod-autoscaler"kube-systemU
rbac.authorization.k8s.ioClusterRole+system:controller:horizontal-pod-autoscaler " 
/registry/clusterrolebindings/system:controller:job-controller
k8s 
2
rbac.authorization.k8s.io/v1ClusterRoleBinding…
…
 system:controller:job-controller  " *$a32e4c8b-82e2-4e21-8289-4efea781eb192 8 B¸æ˜ç Z,
kubernetes.io/bootstrappingrbac-defaultsb3
+rbac.authorization.kubernetes.io/autoupdatetruez äÑ
Go-http-clientUpdaterbac.authorization.k8s.io/v1"¸æ˜ç 2FieldsV1:µ
≤{"f:metadata":{"f:annotations":{".":{},"f:rbac.authorization.kubernetes.io/autoupdate":{}},"f:labels":{".":{},"f:kubernetes.io/bootstrapping":{}}},"f:roleRef":{},"f:subjects":{}}B /
ServiceAccount job-controller"kube-systemJ
rbac.authorization.k8s.ioClusterRole system:controller:job-controller " 
/registry/clusterrolebindings/system:controller:namespace-controller
k8s 
2
rbac.authorization.k8s.io/v1ClusterRoleBinding€
œ
&system:controller:namespace-controller  " *$cb112398-377e-4836-bcf4-08d347ea26a72 8 B¸æ˜ç Z,
kubernetes.io/bootstrappingrbac-defaultsb3
+rbac.authorization.kubernetes.io/autoupdatetruez äÑ
Go-http-clientUpdaterbac.authorization.k8s.io/v1"¸æ˜ç 2FieldsV1:µ
≤{"f:metadata":{"f:annotations":{".":{},"f:rbac.authorization.kubernetes.io/autoupdate":{}},"f:labels":{".":{},"f:kubernetes.io/bootstrapping":{}}},"f:roleRef":{},"f:subjects":{}}B 5
ServiceAccount namespace-controller"kube-systemP
rbac.authorization.k8s.ioClusterRole&system:controller:namespace-controller " 
/registry/clusterrolebindings/system:controller:node-controller
k8s 
2
rbac.authorization.k8s.io/v1ClusterRoleBindingÃ
 
!system:controller:node-controller  " *$76077e7d-bbe5-42e7-8409-aafbc951e7d42 8 B¸æ˜ç Z,
kubernetes.io/bootstrappingrbac-defaultsb3
+rbac.authorization.kubernetes.io/autoupdatetruez äÑ
Go-http-clientUpdaterbac.authorization.k8s.io/v1"¸æ˜ç 2FieldsV1:µ
≤{"f:metadata":{"f:annotations":{".":{},"f:rbac.authorization.kubernetes.io/autoupdate":{}},"f:labels":{".":{},"f:kubernetes.io/bootstrapping":{}}},"f:roleRef":{},"f:subjects":{}}B 0
ServiceAccount node-controller"kube-systemK
rbac.authorization.k8s.ioClusterRole!system:controller:node-controller " 
/registry/clusterrolebindings/system:controller:persistent-volume-binder
k8s 
2
rbac.authorization.k8s.io/v1ClusterRoleBindingÁ
”
*system:controller:persistent-volume-binder  " *$54ddbabb-80f2-4d15-9864-962bbff511962 8 B¸æ˜ç Z,
kubernetes.io/bootstrappingrbac-defaultsb3
+rbac.authorization.kubernetes.io/autoupdatetruez äÑ
Go-http-clientUpdaterbac.authorization.k8s.io/v1"¸æ˜ç 2FieldsV1:µ
≤{"f:metadata":{"f:annotations":{".":{},"f:rbac.authorization.kubernetes.io/autoupdate":{}},"f:labels":{".":{},"f:kubernetes.io/bootstrapping":{}}},"f:roleRef":{},"f:subjects":{}}B 9
ServiceAccount persistent-volume-binder"kube-systemT
rbac.authorization.k8s.ioClusterRole*system:controller:persistent-volume-binder " 
/registry/clusterrolebindings/system:controller:pod-garbage-collector
k8s 
2
rbac.authorization.k8s.io/v1ClusterRoleBindingﬁ
–
'system:controller:pod-garbage-collector  " *$fdf37bd0-2e7c-4742-800d-8446530c29282 8 B¸æ˜ç Z,
kubernetes.io/bootstrappingrbac-defaultsb3
+rbac.authorization.kubernetes.io/autoupdatetruez äÑ
Go-http-clientUpdaterbac.authorization.k8s.io/v1"¸æ˜ç 2FieldsV1:µ
≤{"f:metadata":{"f:annotations":{".":{},"f:rbac.authorization.kubernetes.io/autoupdate":{}},"f:labels":{".":{},"f:kubernetes.io/bootstrapping":{}}},"f:roleRef":{},"f:subjects":{}}B 6
ServiceAccount pod-garbage-collector"kube-systemQ
rbac.authorization.k8s.ioClusterRole'system:controller:pod-garbage-collector " 
/registry/clusterrolebindings/system:controller:pv-protection-controller
k8s 
2
rbac.authorization.k8s.io/v1ClusterRoleBindingÁ
”
*system:controller:pv-protection-controller  " *$515e1eaa-5ba3-4754-a030-8c5623cc40d22 8 B¸æ˜ç Z,
kubernetes.io/bootstrappingrbac-defaultsb3
+rbac.authorization.kubernetes.io/autoupdatetruez äÑ
Go-http-clientUpdaterbac.authorization.k8s.io/v1"¸æ˜ç 2FieldsV1:µ
≤{"f:metadata":{"f:annotations":{".":{},"f:rbac.authorization.kubernetes.io/autoupdate":{}},"f:labels":{".":{},"f:kubernetes.io/bootstrapping":{}}},"f:roleRef":{},"f:subjects":{}}B 9
ServiceAccount pv-protection-controller"kube-systemT
rbac.authorization.k8s.ioClusterRole*system:controller:pv-protection-controller " 
/registry/clusterrolebindings/system:controller:pvc-protection-controller
k8s 
2
rbac.authorization.k8s.io/v1ClusterRoleBindingÍ
‘
+system:controller:pvc-protection-controller  " *$bea80e29-0d42-4483-ba4a-858b057e92ea2 8 B¸æ˜ç Z,
kubernetes.io/bootstrappingrbac-defaultsb3
+rbac.authorization.kubernetes.io/autoupdatetruez äÑ
Go-http-clientUpdaterbac.authorization.k8s.io/v1"¸æ˜ç 2FieldsV1:µ
≤{"f:metadata":{"f:annotations":{".":{},"f:rbac.authorization.kubernetes.io/autoupdate":{}},"f:labels":{".":{},"f:kubernetes.io/bootstrapping":{}}},"f:roleRef":{},"f:subjects":{}}B :
ServiceAccount pvc-protection-controller"kube-systemU
rbac.authorization.k8s.ioClusterRole+system:controller:pvc-protection-controller " 
/registry/clusterrolebindings/system:controller:replicaset-controller
k8s 
2
rbac.authorization.k8s.io/v1ClusterRoleBindingﬁ
–
'system:controller:replicaset-controller  " *$e53d320a-eb92-4000-b5cf-ead68b107a3c2 8 B¸æ˜ç Z,
kubernetes.io/bootstrappingrbac-defaultsb3
+rbac.authorization.kubernetes.io/autoupdatetruez äÑ
Go-http-clientUpdaterbac.authorization.k8s.io/v1"¸æ˜ç 2FieldsV1:µ
≤{"f:metadata":{"f:annotations":{".":{},"f:rbac.authorization.kubernetes.io/autoupdate":{}},"f:labels":{".":{},"f:kubernetes.io/bootstrapping":{}}},"f:roleRef":{},"f:subjects":{}}B 6
ServiceAccount replicaset-controller"kube-systemQ
rbac.authorization.k8s.ioClusterRole'system:controller:replicaset-controller " 
/registry/clusterrolebindings/system:controller:replication-controller
k8s 
2
rbac.authorization.k8s.io/v1ClusterRoleBinding·
—
(system:controller:replication-controller  " *$c43b49dc-2d02-4fa8-8b80-48cfb9129f032 8 B¸æ˜ç Z,
kubernetes.io/bootstrappingrbac-defaultsb3
+rbac.authorization.kubernetes.io/autoupdatetruez äÑ
Go-http-clientUpdaterbac.authorization.k8s.io/v1"¸æ˜ç 2FieldsV1:µ
≤{"f:metadata":{"f:annotations":{".":{},"f:rbac.authorization.kubernetes.io/autoupdate":{}},"f:labels":{".":{},"f:kubernetes.io/bootstrapping":{}}},"f:roleRef":{},"f:subjects":{}}B 7
ServiceAccount replication-controller"kube-systemR
rbac.authorization.k8s.ioClusterRole(system:controller:replication-controller " 
/registry/clusterrolebindings/system:controller:resourcequota-controller
k8s 
2
rbac.authorization.k8s.io/v1ClusterRoleBindingÁ
”
*system:controller:resourcequota-controller  " *$99645ac2-4bda-4374-b392-379c6f0587852 8 B¸æ˜ç Z,
kubernetes.io/bootstrappingrbac-defaultsb3
+rbac.authorization.kubernetes.io/autoupdatetruez äÑ
Go-http-clientUpdaterbac.authorization.k8s.io/v1"¸æ˜ç 2FieldsV1:µ
≤{"f:metadata":{"f:annotations":{".":{},"f:rbac.authorization.kubernetes.io/autoupdate":{}},"f:labels":{".":{},"f:kubernetes.io/bootstrapping":{}}},"f:roleRef":{},"f:subjects":{}}B 9
ServiceAccount resourcequota-controller"kube-systemT
rbac.authorization.k8s.ioClusterRole*system:controller:resourcequota-controller " 
/registry/clusterrolebindings/system:controller:root-ca-cert-publisher
k8s 
2
rbac.authorization.k8s.io/v1ClusterRoleBinding·
—
(system:controller:root-ca-cert-publisher  " *$f1073da3-e4ee-4c63-8f6b-c9af884343ba2 8 B¸æ˜ç Z,
kubernetes.io/bootstrappingrbac-defaultsb3
+rbac.authorization.kubernetes.io/autoupdatetruez äÑ
Go-http-clientUpdaterbac.authorization.k8s.io/v1"¸æ˜ç 2FieldsV1:µ
≤{"f:metadata":{"f:annotations":{".":{},"f:rbac.authorization.kubernetes.io/autoupdate":{}},"f:labels":{".":{},"f:kubernetes.io/bootstrapping":{}}},"f:roleRef":{},"f:subjects":{}}B 7
ServiceAccount root-ca-cert-publisher"kube-systemR
rbac.authorization.k8s.ioClusterRole(system:controller:root-ca-cert-publisher " 
/registry/clusterrolebindings/system:controller:route-controller
k8s 
2
rbac.authorization.k8s.io/v1ClusterRoleBindingœ
À
"system:controller:route-controller  " *$84a1de13-7401-4868-a774-a52c64b4dbab2 8 B¸æ˜ç Z,
kubernetes.io/bootstrappingrbac-defaultsb3
+rbac.authorization.kubernetes.io/autoupdatetruez äÑ
Go-http-clientUpdaterbac.authorization.k8s.io/v1"¸æ˜ç 2FieldsV1:µ
≤{"f:metadata":{"f:annotations":{".":{},"f:rbac.authorization.kubernetes.io/autoupdate":{}},"f:labels":{".":{},"f:kubernetes.io/bootstrapping":{}}},"f:roleRef":{},"f:subjects":{}}B 1
ServiceAccount route-controller"kube-systemL
rbac.authorization.k8s.ioClusterRole"system:controller:route-controller " 
/registry/clusterrolebindings/system:controller:service-account-controller
k8s 
2
rbac.authorization.k8s.io/v1ClusterRoleBindingÌ
’
,system:controller:service-account-controller  " *$7baf5719-3695-467b-b5cf-3440c04145ea2 8 B¸æ˜ç Z,
kubernetes.io/bootstrappingrbac-defaultsb3
+rbac.authorization.kubernetes.io/autoupdatetruez äÑ
Go-http-clientUpdaterbac.authorization.k8s.io/v1"¸æ˜ç 2FieldsV1:µ
≤{"f:metadata":{"f:annotations":{".":{},"f:rbac.authorization.kubernetes.io/autoupdate":{}},"f:labels":{".":{},"f:kubernetes.io/bootstrapping":{}}},"f:roleRef":{},"f:subjects":{}}B ;
ServiceAccount service-account-controller"kube-systemV
rbac.authorization.k8s.ioClusterRole,system:controller:service-account-controller " 
/registry/clusterrolebindings/system:controller:service-controller
k8s 
2
rbac.authorization.k8s.io/v1ClusterRoleBinding’
Õ
$system:controller:service-controller  " *$ad4aea52-3cb2-4e5a-97ad-08c6e2079fb82 8 B¸æ˜ç Z,
kubernetes.io/bootstrappingrbac-defaultsb3
+rbac.authorization.kubernetes.io/autoupdatetruez äÑ
Go-http-clientUpdaterbac.authorization.k8s.io/v1"¸æ˜ç 2FieldsV1:µ
≤{"f:metadata":{"f:annotations":{".":{},"f:rbac.authorization.kubernetes.io/autoupdate":{}},"f:labels":{".":{},"f:kubernetes.io/bootstrapping":{}}},"f:roleRef":{},"f:subjects":{}}B 3
ServiceAccount service-controller"kube-systemN
rbac.authorization.k8s.ioClusterRole$system:controller:service-controller " 
/registry/clusterrolebindings/system:controller:statefulset-controller
k8s 
2
rbac.authorization.k8s.io/v1ClusterRoleBinding·
—
(system:controller:statefulset-controller  " *$96ca9010-41e5-4de2-abbd-699dd32acfc22 8 B¸æ˜ç Z,
kubernetes.io/bootstrappingrbac-defaultsb3
+rbac.authorization.kubernetes.io/autoupdatetruez äÑ
Go-http-clientUpdaterbac.authorization.k8s.io/v1"¸æ˜ç 2FieldsV1:µ
≤{"f:metadata":{"f:annotations":{".":{},"f:rbac.authorization.kubernetes.io/autoupdate":{}},"f:labels":{".":{},"f:kubernetes.io/bootstrapping":{}}},"f:roleRef":{},"f:subjects":{}}B 7
ServiceAccount statefulset-controller"kube-systemR
rbac.authorization.k8s.ioClusterRole(system:controller:statefulset-controller " 
/registry/clusterrolebindings/system:controller:ttl-after-finished-controller
k8s 
2
rbac.authorization.k8s.io/v1ClusterRoleBindingˆ
ÿ
/system:controller:ttl-after-finished-controller  " *$df5a5815-a760-4f74-8b23-8f1fcf0b1f0f2 8 B¸æ˜ç Z,
kubernetes.io/bootstrappingrbac-defaultsb3
+rbac.authorization.kubernetes.io/autoupdatetruez äÑ
Go-http-clientUpdaterbac.authorization.k8s.io/v1"¸æ˜ç 2FieldsV1:µ
≤{"f:metadata":{"f:annotations":{".":{},"f:rbac.authorization.kubernetes.io/autoupdate":{}},"f:labels":{".":{},"f:kubernetes.io/bootstrapping":{}}},"f:roleRef":{},"f:subjects":{}}B >
ServiceAccount ttl-after-finished-controller"kube-systemY
rbac.authorization.k8s.ioClusterRole/system:controller:ttl-after-finished-controller " 
/registry/clusterrolebindings/system:controller:ttl-controller
k8s 
2
rbac.authorization.k8s.io/v1ClusterRoleBinding…
…
 system:controller:ttl-controller  " *$1b92fa13-ea18-443e-8c58-12a9f233ccde2 8 B¸æ˜ç Z,
kubernetes.io/bootstrappingrbac-defaultsb3
+rbac.authorization.kubernetes.io/autoupdatetruez äÑ
Go-http-clientUpdaterbac.authorization.k8s.io/v1"¸æ˜ç 2FieldsV1:µ
≤{"f:metadata":{"f:annotations":{".":{},"f:rbac.authorization.kubernetes.io/autoupdate":{}},"f:labels":{".":{},"f:kubernetes.io/bootstrapping":{}}},"f:roleRef":{},"f:subjects":{}}B /
ServiceAccount ttl-controller"kube-systemJ
rbac.authorization.k8s.ioClusterRole system:controller:ttl-controller " 
/registry/clusterrolebindings/system:coredns
k8s 
2
rbac.authorization.k8s.io/v1ClusterRoleBinding¶
ø
system:coredns  " *$946b2a09-2bbf-4385-a7d9-0c4d2b84003e2 8 Bˇæ˜ç z äp
Go-http-clientUpdaterbac.authorization.k8s.io/v1"ˇæ˜ç 2FieldsV1:"
 {"f:roleRef":{},"f:subjects":{}}B (
ServiceAccount coredns"kube-system8
rbac.authorization.k8s.ioClusterRolesystem:coredns " 
/registry/clusterrolebindings/system:discovery
k8s 
2
rbac.authorization.k8s.io/v1ClusterRoleBinding¥
π
system:discovery  " *$ab7f4c48-fcab-4823-9bf8-cc1497ac7b522 8 B¸æ˜ç Z,
kubernetes.io/bootstrappingrbac-defaultsb3
+rbac.authorization.kubernetes.io/autoupdatetruez äÑ
Go-http-clientUpdaterbac.authorization.k8s.io/v1"¸æ˜ç 2FieldsV1:µ
≤{"f:metadata":{"f:annotations":{".":{},"f:rbac.authorization.kubernetes.io/autoupdate":{}},"f:labels":{".":{},"f:kubernetes.io/bootstrapping":{}}},"f:roleRef":{},"f:subjects":{}}B :
Grouprbac.authorization.k8s.iosystem:authenticated" :
rbac.authorization.k8s.ioClusterRolesystem:discovery " 
/registry/clusterrolebindings/system:kube-controller-manager
k8s 
2
rbac.authorization.k8s.io/v1ClusterRoleBindingŸ
«
system:kube-controller-manager  " *$f3a64091-cb98-4ce3-9a33-f63cf5507e022 8 B¸æ˜ç Z,
kubernetes.io/bootstrappingrbac-defaultsb3
+rbac.authorization.kubernetes.io/autoupdatetruez äÑ
Go-http-clientUpdaterbac.authorization.k8s.io/v1"¸æ˜ç 2FieldsV1:µ
≤{"f:metadata":{"f:annotations":{".":{},"f:rbac.authorization.kubernetes.io/autoupdate":{}},"f:labels":{".":{},"f:kubernetes.io/bootstrapping":{}}},"f:roleRef":{},"f:subjects":{}}B C
Userrbac.authorization.k8s.iosystem:kube-controller-manager" H
rbac.authorization.k8s.ioClusterRolesystem:kube-controller-manager " 
/registry/clusterrolebindings/system:kube-dns
k8s 
2
rbac.authorization.k8s.io/v1ClusterRoleBinding°
∏
system:kube-dns  " *$2a6c16db-f197-465d-ab95-a9923ad11bbd2 8 B¸æ˜ç Z,
kubernetes.io/bootstrappingrbac-defaultsb3
+rbac.authorization.kubernetes.io/autoupdatetruez äÑ
Go-http-clientUpdaterbac.authorization.k8s.io/v1"¸æ˜ç 2FieldsV1:µ
≤{"f:metadata":{"f:annotations":{".":{},"f:rbac.authorization.kubernetes.io/autoupdate":{}},"f:labels":{".":{},"f:kubernetes.io/bootstrapping":{}}},"f:roleRef":{},"f:subjects":{}}B )
ServiceAccount kube-dns"kube-system9
rbac.authorization.k8s.ioClusterRolesystem:kube-dns " 
/registry/clusterrolebindings/system:kube-scheduler
k8s 
2
rbac.authorization.k8s.io/v1ClusterRoleBindingæ
æ
system:kube-scheduler  " *$b8593943-06f2-4499-8d89-e8bbf3e6d40a2 8 B¸æ˜ç Z,
kubernetes.io/bootstrappingrbac-defaultsb3
+rbac.authorization.kubernetes.io/autoupdatetruez äÑ
Go-http-clientUpdaterbac.authorization.k8s.io/v1"¸æ˜ç 2FieldsV1:µ
≤{"f:metadata":{"f:annotations":{".":{},"f:rbac.authorization.kubernetes.io/autoupdate":{}},"f:labels":{".":{},"f:kubernetes.io/bootstrapping":{}}},"f:roleRef":{},"f:subjects":{}}B :
Userrbac.authorization.k8s.iosystem:kube-scheduler" ?
rbac.authorization.k8s.ioClusterRolesystem:kube-scheduler " 
/registry/clusterrolebindings/system:monitoring
k8s 
2
rbac.authorization.k8s.io/v1ClusterRoleBinding≥
∫
system:monitoring  " *$54238886-34c9-48d2-9fae-f16cab833edd2 8 B¸æ˜ç Z,
kubernetes.io/bootstrappingrbac-defaultsb3
+rbac.authorization.kubernetes.io/autoupdatetruez äÑ
Go-http-clientUpdaterbac.authorization.k8s.io/v1"¸æ˜ç 2FieldsV1:µ
≤{"f:metadata":{"f:annotations":{".":{},"f:rbac.authorization.kubernetes.io/autoupdate":{}},"f:labels":{".":{},"f:kubernetes.io/bootstrapping":{}}},"f:roleRef":{},"f:subjects":{}}B 7
Grouprbac.authorization.k8s.iosystem:monitoring" ;
rbac.authorization.k8s.ioClusterRolesystem:monitoring " 
/registry/clusterrolebindings/system:node
k8s 
2
rbac.authorization.k8s.io/v1ClusterRoleBindingﬁ
§
system:node  " *$ed918442-4bab-4776-8ab8-05b8ba8fd6312 8 B¸æ˜ç Z,
kubernetes.io/bootstrappingrbac-defaultsb3
+rbac.authorization.kubernetes.io/autoupdatetruez äÙ
Go-http-clientUpdaterbac.authorization.k8s.io/v1"¸æ˜ç 2FieldsV1:•
¢{"f:metadata":{"f:annotations":{".":{},"f:rbac.authorization.kubernetes.io/autoupdate":{}},"f:labels":{".":{},"f:kubernetes.io/bootstrapping":{}}},"f:roleRef":{}}B 5
rbac.authorization.k8s.ioClusterRolesystem:node " 
/registry/clusterrolebindings/system:node-proxier
k8s 
2
rbac.authorization.k8s.io/v1ClusterRoleBinding∂
º
system:node-proxier  " *$f796e37a-2e83-478d-9754-158bf18cdd002 8 B¸æ˜ç Z,
kubernetes.io/bootstrappingrbac-defaultsb3
+rbac.authorization.kubernetes.io/autoupdatetruez äÑ
Go-http-clientUpdaterbac.authorization.k8s.io/v1"¸æ˜ç 2FieldsV1:µ
≤{"f:metadata":{"f:annotations":{".":{},"f:rbac.authorization.kubernetes.io/autoupdate":{}},"f:labels":{".":{},"f:kubernetes.io/bootstrapping":{}}},"f:roleRef":{},"f:subjects":{}}B 6
Userrbac.authorization.k8s.iosystem:kube-proxy" =
rbac.authorization.k8s.ioClusterRolesystem:node-proxier " 
/registry/clusterrolebindings/system:public-info-viewer
k8s 
2
rbac.authorization.k8s.io/v1ClusterRoleBindingÑ
¬
system:public-info-viewer  " *$eab1cc8a-16a4-4000-a7c7-b95ba6510cc62 8 B¸æ˜ç Z,
kubernetes.io/bootstrappingrbac-defaultsb3
+rbac.authorization.kubernetes.io/autoupdatetruez äÑ
Go-http-clientUpdaterbac.authorization.k8s.io/v1"¸æ˜ç 2FieldsV1:µ
≤{"f:metadata":{"f:annotations":{".":{},"f:rbac.authorization.kubernetes.io/autoupdate":{}},"f:labels":{".":{},"f:kubernetes.io/bootstrapping":{}}},"f:roleRef":{},"f:subjects":{}}B :
Grouprbac.authorization.k8s.iosystem:authenticated" <
Grouprbac.authorization.k8s.iosystem:unauthenticated" C
rbac.authorization.k8s.ioClusterRolesystem:public-info-viewer " 
/registry/clusterrolebindings/system:service-account-issuer-discovery
k8s 
2
rbac.authorization.k8s.io/v1ClusterRoleBinding‰
–
'system:service-account-issuer-discovery  " *$c992df33-9d32-4216-a568-71511e2b49512 8 B¸æ˜ç Z,
kubernetes.io/bootstrappingrbac-defaultsb3
+rbac.authorization.kubernetes.io/autoupdatetruez äÑ
Go-http-clientUpdaterbac.authorization.k8s.io/v1"¸æ˜ç 2FieldsV1:µ
≤{"f:metadata":{"f:annotations":{".":{},"f:rbac.authorization.kubernetes.io/autoupdate":{}},"f:labels":{".":{},"f:kubernetes.io/bootstrapping":{}}},"f:roleRef":{},"f:subjects":{}}B <
Grouprbac.authorization.k8s.iosystem:serviceaccounts" Q
rbac.authorization.k8s.ioClusterRole'system:service-account-issuer-discovery " 
/registry/clusterrolebindings/system:volume-scheduler
k8s 
2
rbac.authorization.k8s.io/v1ClusterRoleBinding¬
¿
system:volume-scheduler  " *$18188a11-8b45-47f8-a554-2c9e6a4bbba12 8 B¸æ˜ç Z,
kubernetes.io/bootstrappingrbac-defaultsb3
+rbac.authorization.kubernetes.io/autoupdatetruez äÑ
Go-http-clientUpdaterbac.authorization.k8s.io/v1"¸æ˜ç 2FieldsV1:µ
≤{"f:metadata":{"f:annotations":{".":{},"f:rbac.authorization.kubernetes.io/autoupdate":{}},"f:labels":{".":{},"f:kubernetes.io/bootstrapping":{}}},"f:roleRef":{},"f:subjects":{}}B :
Userrbac.authorization.k8s.iosystem:kube-scheduler" A
rbac.authorization.k8s.ioClusterRolesystem:volume-scheduler " 
/registry/clusterroles/admin
k8s 
+
rbac.authorization.k8s.io/v1ClusterRole‘
º
admin  " *$123bb3d4-e4b4-4e1b-b47b-d5057ba5bc1a2 8 B¸æ˜ç Z,
kubernetes.io/bootstrappingrbac-defaultsb3
+rbac.authorization.kubernetes.io/autoupdatetruez äq
"clusterrole-aggregation-controllerApplyrbac.authorization.k8s.io/v1"åø˜ç 2FieldsV1:
{"f:rules":{}}B äû
Go-http-clientUpdaterbac.authorization.k8s.io/v1"¸æ˜ç 2FieldsV1:œ
Ã{"f:aggregationRule":{".":{},"f:clusterRoleSelectors":{}},"f:metadata":{"f:annotations":{".":{},"f:rbac.authorization.kubernetes.io/autoupdate":{}},"f:labels":{".":{},"f:kubernetes.io/bootstrapping":{}}}}B c
get
list
watch pods/attach	pods/execpods/portforward
pods/proxysecretsservices/proxy 
impersonate serviceaccountso
create
delete
deletecollection
patch
update podspods/attach	pods/execpods/portforward
pods/proxy…
create
delete
deletecollection
patch
update 
configmapseventspersistentvolumeclaimsreplicationcontrollersreplicationcontrollers/scalesecretsserviceaccountsservicesservices/proxyª
create
delete
deletecollection
patch
updateapps
daemonsetsdeploymentsdeployments/rollbackdeployments/scalereplicasetsreplicasets/scalestatefulsetsstatefulsets/scaleX
create
delete
deletecollection
patch
updateautoscalinghorizontalpodautoscalersH
create
delete
deletecollection
patch
updatebatchcronjobsjobsŸ
create
delete
deletecollection
patch
update
extensions
daemonsetsdeploymentsdeployments/rollbackdeployments/scale	ingressesnetworkpoliciesreplicasetsreplicasets/scalereplicationcontrollers/scaleO
create
delete
deletecollection
patch
updatepolicypoddisruptionbudgets`
create
delete
deletecollection
patch
updatenetworking.k8s.io	ingressesnetworkpolicies 
get
list
watch 
configmaps	endpointspersistentvolumeclaimspersistentvolumeclaims/statuspodsreplicationcontrollersreplicationcontrollers/scaleserviceaccountsservicesservices/status£
get
list
watch bindingseventslimitrangesnamespaces/statuspods/logpods/statusreplicationcontrollers/statusresourcequotasresourcequotas/status 
get
list
watch 
namespaces4
get
list
watchdiscovery.k8s.ioendpointslicesÎ
get
list
watchappscontrollerrevisions
daemonsetsdaemonsets/statusdeploymentsdeployments/scaledeployments/statusreplicasetsreplicasets/scalereplicasets/statusstatefulsetsstatefulsets/scalestatefulsets/statusZ
get
list
watchautoscalinghorizontalpodautoscalershorizontalpodautoscalers/statusG
get
list
watchbatchcronjobscronjobs/statusjobsjobs/statusÒ
get
list
watch
extensions
daemonsetsdaemonsets/statusdeploymentsdeployments/scaledeployments/status	ingressesingresses/statusnetworkpoliciesreplicasetsreplicasets/scalereplicasets/statusreplicationcontrollers/scaleM
get
list
watchpolicypoddisruptionbudgetspoddisruptionbudgets/statusS
get
list
watchnetworking.k8s.io	ingressesingresses/statusnetworkpolicies9
createauthorization.k8s.iolocalsubjectaccessreviewss
create
delete
deletecollection
get
list
patch
update
watchrbac.authorization.k8s.iorolebindingsroles8
6
4
,rbac.authorization.k8s.io/aggregate-to-admintrue " 
/registry/clusterroles/cluster-admin
k8s 
+
rbac.authorization.k8s.io/v1ClusterRole∫
§
cluster-admin  " *$be773804-d696-4f19-b0c8-82fa7c0a7e422 8 B¸æ˜ç Z,
kubernetes.io/bootstrappingrbac-defaultsb3
+rbac.authorization.kubernetes.io/autoupdatetruez äÚ
Go-http-clientUpdaterbac.authorization.k8s.io/v1"¸æ˜ç 2FieldsV1:£
†{"f:metadata":{"f:annotations":{".":{},"f:rbac.authorization.kubernetes.io/autoupdate":{}},"f:labels":{".":{},"f:kubernetes.io/bootstrapping":{}}},"f:rules":{}}B 	
***
*** " 
/registry/clusterroles/edit
k8s 
+
rbac.authorization.k8s.io/v1ClusterRoleå
•
edit  " *$3a550bf8-fd46-478c-b8d9-72352cb176612 8 B¸æ˜ç Z,
kubernetes.io/bootstrappingrbac-defaultsZ4
,rbac.authorization.k8s.io/aggregate-to-admintrueb3
+rbac.authorization.kubernetes.io/autoupdatetruez äq
"clusterrole-aggregation-controllerApplyrbac.authorization.k8s.io/v1"åø˜ç 2FieldsV1:
{"f:rules":{}}B ä“
Go-http-clientUpdaterbac.authorization.k8s.io/v1"¸æ˜ç 2FieldsV1:É
Ä{"f:aggregationRule":{".":{},"f:clusterRoleSelectors":{}},"f:metadata":{"f:annotations":{".":{},"f:rbac.authorization.kubernetes.io/autoupdate":{}},"f:labels":{".":{},"f:kubernetes.io/bootstrapping":{},"f:rbac.authorization.k8s.io/aggregate-to-admin":{}}}}B c
get
list
watch pods/attach	pods/execpods/portforward
pods/proxysecretsservices/proxy 
impersonate serviceaccountso
create
delete
deletecollection
patch
update podspods/attach	pods/execpods/portforward
pods/proxy…
create
delete
deletecollection
patch
update 
configmapseventspersistentvolumeclaimsreplicationcontrollersreplicationcontrollers/scalesecretsserviceaccountsservicesservices/proxyª
create
delete
deletecollection
patch
updateapps
daemonsetsdeploymentsdeployments/rollbackdeployments/scalereplicasetsreplicasets/scalestatefulsetsstatefulsets/scaleX
create
delete
deletecollection
patch
updateautoscalinghorizontalpodautoscalersH
create
delete
deletecollection
patch
updatebatchcronjobsjobsŸ
create
delete
deletecollection
patch
update
extensions
daemonsetsdeploymentsdeployments/rollbackdeployments/scale	ingressesnetworkpoliciesreplicasetsreplicasets/scalereplicationcontrollers/scaleO
create
delete
deletecollection
patch
updatepolicypoddisruptionbudgets`
create
delete
deletecollection
patch
updatenetworking.k8s.io	ingressesnetworkpolicies 
get
list
watch 
configmaps	endpointspersistentvolumeclaimspersistentvolumeclaims/statuspodsreplicationcontrollersreplicationcontrollers/scaleserviceaccountsservicesservices/status£
get
list
watch bindingseventslimitrangesnamespaces/statuspods/logpods/statusreplicationcontrollers/statusresourcequotasresourcequotas/status 
get
list
watch 
namespaces4
get
list
watchdiscovery.k8s.ioendpointslicesÎ
get
list
watchappscontrollerrevisions
daemonsetsdaemonsets/statusdeploymentsdeployments/scaledeployments/statusreplicasetsreplicasets/scalereplicasets/statusstatefulsetsstatefulsets/scalestatefulsets/statusZ
get
list
watchautoscalinghorizontalpodautoscalershorizontalpodautoscalers/statusG
get
list
watchbatchcronjobscronjobs/statusjobsjobs/statusÒ
get
list
watch
extensions
daemonsetsdaemonsets/statusdeploymentsdeployments/scaledeployments/status	ingressesingresses/statusnetworkpoliciesreplicasetsreplicasets/scalereplicasets/statusreplicationcontrollers/scaleM
get
list
watchpolicypoddisruptionbudgetspoddisruptionbudgets/statusS
get
list
watchnetworking.k8s.io	ingressesingresses/statusnetworkpolicies7
5
3
+rbac.authorization.k8s.io/aggregate-to-edittrue " 
/registry/clusterroles/kubeadm:get-nodes
k8s 
+
rbac.authorization.k8s.io/v1ClusterRole√
∞
kubeadm:get-nodes  " *$b178ce59-a5a2-4a6b-a9df-bdf460bde00b2 8 B˛æ˜ç z ä^
Go-http-clientUpdaterbac.authorization.k8s.io/v1"˛æ˜ç 2FieldsV1:
{"f:rules":{}}B 
get nodes " 
/registry/clusterroles/system:aggregate-to-admin
k8s 
+
rbac.authorization.k8s.io/v1ClusterRoleÕ
ö
system:aggregate-to-admin  " *$f342fd3a-8839-43a1-afd5-4d71cf3be2fa2 8 B¸æ˜ç Z,
kubernetes.io/bootstrappingrbac-defaultsZ4
,rbac.authorization.k8s.io/aggregate-to-admintrueb3
+rbac.authorization.kubernetes.io/autoupdatetruez ä¶
Go-http-clientUpdaterbac.authorization.k8s.io/v1"¸æ˜ç 2FieldsV1:◊
‘{"f:metadata":{"f:annotations":{".":{},"f:rbac.authorization.kubernetes.io/autoupdate":{}},"f:labels":{".":{},"f:kubernetes.io/bootstrapping":{},"f:rbac.authorization.k8s.io/aggregate-to-admin":{}}},"f:rules":{}}B 9
createauthorization.k8s.iolocalsubjectaccessreviewss
create
delete
deletecollection
get
list
patch
update
watchrbac.authorization.k8s.iorolebindingsroles " 
/registry/clusterroles/system:aggregate-to-edit
k8s 
+
rbac.authorization.k8s.io/v1ClusterRoleœ
ó
system:aggregate-to-edit  " *$c280feb8-1423-4c49-8836-dec011a6418c2 8 B¸æ˜ç Z,
kubernetes.io/bootstrappingrbac-defaultsZ3
+rbac.authorization.k8s.io/aggregate-to-edittrueb3
+rbac.authorization.kubernetes.io/autoupdatetruez ä•
Go-http-clientUpdaterbac.authorization.k8s.io/v1"¸æ˜ç 2FieldsV1:÷
”{"f:metadata":{"f:annotations":{".":{},"f:rbac.authorization.kubernetes.io/autoupdate":{}},"f:labels":{".":{},"f:kubernetes.io/bootstrapping":{},"f:rbac.authorization.k8s.io/aggregate-to-edit":{}}},"f:rules":{}}B c
get
list
watch pods/attach	pods/execpods/portforward
pods/proxysecretsservices/proxy 
impersonate serviceaccountso
create
delete
deletecollection
patch
update podspods/attach	pods/execpods/portforward
pods/proxy…
create
delete
deletecollection
patch
update 
configmapseventspersistentvolumeclaimsreplicationcontrollersreplicationcontrollers/scalesecretsserviceaccountsservicesservices/proxyª
create
delete
deletecollection
patch
updateapps
daemonsetsdeploymentsdeployments/rollbackdeployments/scalereplicasetsreplicasets/scalestatefulsetsstatefulsets/scaleX
create
delete
deletecollection
patch
updateautoscalinghorizontalpodautoscalersH
create
delete
deletecollection
patch
updatebatchcronjobsjobsŸ
create
delete
deletecollection
patch
update
extensions
daemonsetsdeploymentsdeployments/rollbackdeployments/scale	ingressesnetworkpoliciesreplicasetsreplicasets/scalereplicationcontrollers/scaleO
create
delete
deletecollection
patch
updatepolicypoddisruptionbudgets`
create
delete
deletecollection
patch
updatenetworking.k8s.io	ingressesnetworkpolicies " 
/registry/clusterroles/system:aggregate-to-view
k8s 
+
rbac.authorization.k8s.io/v1ClusterRoleê
ó
system:aggregate-to-view  " *$f620dcfb-62d4-4fdb-a137-7265b166b9d72 8 B¸æ˜ç Z,
kubernetes.io/bootstrappingrbac-defaultsZ3
+rbac.authorization.k8s.io/aggregate-to-viewtrueb3
+rbac.authorization.kubernetes.io/autoupdatetruez ä•
Go-http-clientUpdaterbac.authorization.k8s.io/v1"¸æ˜ç 2FieldsV1:÷
”{"f:metadata":{"f:annotations":{".":{},"f:rbac.authorization.kubernetes.io/autoupdate":{}},"f:labels":{".":{},"f:kubernetes.io/bootstrapping":{},"f:rbac.authorization.k8s.io/aggregate-to-view":{}}},"f:rules":{}}B  
get
list
watch 
configmaps	endpointspersistentvolumeclaimspersistentvolumeclaims/statuspodsreplicationcontrollersreplicationcontrollers/scaleserviceaccountsservicesservices/status£
get
list
watch bindingseventslimitrangesnamespaces/statuspods/logpods/statusreplicationcontrollers/statusresourcequotasresourcequotas/status 
get
list
watch 
namespaces4
get
list
watchdiscovery.k8s.ioendpointslicesÎ
get
list
watchappscontrollerrevisions
daemonsetsdaemonsets/statusdeploymentsdeployments/scaledeployments/statusreplicasetsreplicasets/scalereplicasets/statusstatefulsetsstatefulsets/scalestatefulsets/statusZ
get
list
watchautoscalinghorizontalpodautoscalershorizontalpodautoscalers/statusG
get
list
watchbatchcronjobscronjobs/statusjobsjobs/statusÒ
get
list
watch
extensions
daemonsetsdaemonsets/statusdeploymentsdeployments/scaledeployments/status	ingressesingresses/statusnetworkpoliciesreplicasetsreplicasets/scalereplicasets/statusreplicationcontrollers/scaleM
get
list
watchpolicypoddisruptionbudgetspoddisruptionbudgets/statusS
get
list
watchnetworking.k8s.io	ingressesingresses/statusnetworkpolicies " 
/registry/clusterroles/system:auth-delegator
k8s 
+
rbac.authorization.k8s.io/v1ClusterRoleî
¨
system:auth-delegator  " *$2b969fff-c166-48de-a3af-98ed8c638de62 8 B¸æ˜ç Z,
kubernetes.io/bootstrappingrbac-defaultsb3
+rbac.authorization.kubernetes.io/autoupdatetruez äÚ
Go-http-clientUpdaterbac.authorization.k8s.io/v1"¸æ˜ç 2FieldsV1:£
†{"f:metadata":{"f:annotations":{".":{},"f:rbac.authorization.kubernetes.io/autoupdate":{}},"f:labels":{".":{},"f:kubernetes.io/bootstrapping":{}}},"f:rules":{}}B -
createauthentication.k8s.iotokenreviews4
createauthorization.k8s.iosubjectaccessreviews " 
/registry/clusterroles/system:basic-user
k8s 
+
rbac.authorization.k8s.io/v1ClusterRole˛
®
system:basic-user  " *$859b5342-a516-4529-8cb5-a6aac11b907a2 8 B¸æ˜ç Z,
kubernetes.io/bootstrappingrbac-defaultsb3
+rbac.authorization.kubernetes.io/autoupdatetruez äÚ
Go-http-clientUpdaterbac.authorization.k8s.io/v1"¸æ˜ç 2FieldsV1:£
†{"f:metadata":{"f:annotations":{".":{},"f:rbac.authorization.kubernetes.io/autoupdate":{}},"f:labels":{".":{},"f:kubernetes.io/bootstrapping":{}}},"f:rules":{}}B Q
createauthorization.k8s.ioselfsubjectaccessreviewsselfsubjectrulesreviews " 
/registry/clusterroles/system:certificates.k8s.io:certificatesigningrequests:nodeclient
k8s 
+
rbac.authorization.k8s.io/v1ClusterRole†
◊
@system:certificates.k8s.io:certificatesigningrequests:nodeclient  " *$0a120c0f-66be-4c87-9f0b-cce160545de22 8 B¸æ˜ç Z,
kubernetes.io/bootstrappingrbac-defaultsb3
+rbac.authorization.kubernetes.io/autoupdatetruez äÚ
Go-http-clientUpdaterbac.authorization.k8s.io/v1"¸æ˜ç 2FieldsV1:£
†{"f:metadata":{"f:annotations":{".":{},"f:rbac.authorization.kubernetes.io/autoupdate":{}},"f:labels":{".":{},"f:kubernetes.io/bootstrapping":{}}},"f:rules":{}}B D
createcertificates.k8s.io%certificatesigningrequests/nodeclient " 
/registry/clusterroles/system:certificates.k8s.io:certificatesigningrequests:selfnodeclient
k8s 
+
rbac.authorization.k8s.io/v1ClusterRole®
€
Dsystem:certificates.k8s.io:certificatesigningrequests:selfnodeclient  " *$446997d0-f7d2-4d1c-98db-d78e3dcaafb62 8 B¸æ˜ç Z,
kubernetes.io/bootstrappingrbac-defaultsb3
+rbac.authorization.kubernetes.io/autoupdatetruez äÚ
Go-http-clientUpdaterbac.authorization.k8s.io/v1"¸æ˜ç 2FieldsV1:£
†{"f:metadata":{"f:annotations":{".":{},"f:rbac.authorization.kubernetes.io/autoupdate":{}},"f:labels":{".":{},"f:kubernetes.io/bootstrapping":{}}},"f:rules":{}}B H
createcertificates.k8s.io)certificatesigningrequests/selfnodeclient " 
/registry/clusterroles/system:certificates.k8s.io:kube-apiserver-client-approver
k8s 
+
rbac.authorization.k8s.io/v1ClusterRole°
–
9system:certificates.k8s.io:kube-apiserver-client-approver  " *$89888dbb-d74e-427e-a2fe-1bc8cea6baf42 8 B¸æ˜ç Z,
kubernetes.io/bootstrappingrbac-defaultsb3
+rbac.authorization.kubernetes.io/autoupdatetruez äÚ
Go-http-clientUpdaterbac.authorization.k8s.io/v1"¸æ˜ç 2FieldsV1:£
†{"f:metadata":{"f:annotations":{".":{},"f:rbac.authorization.kubernetes.io/autoupdate":{}},"f:labels":{".":{},"f:kubernetes.io/bootstrapping":{}}},"f:rules":{}}B L
approvecertificates.k8s.iosigners"#kubernetes.io/kube-apiserver-client " 
/registry/clusterroles/system:certificates.k8s.io:kube-apiserver-client-kubelet-approver
k8s 
+
rbac.authorization.k8s.io/v1ClusterRole±
ÿ
Asystem:certificates.k8s.io:kube-apiserver-client-kubelet-approver  " *$eb646644-03fb-4a23-a578-3b939b4b87bb2 8 B¸æ˜ç Z,
kubernetes.io/bootstrappingrbac-defaultsb3
+rbac.authorization.kubernetes.io/autoupdatetruez äÚ
Go-http-clientUpdaterbac.authorization.k8s.io/v1"¸æ˜ç 2FieldsV1:£
†{"f:metadata":{"f:annotations":{".":{},"f:rbac.authorization.kubernetes.io/autoupdate":{}},"f:labels":{".":{},"f:kubernetes.io/bootstrapping":{}}},"f:rules":{}}B T
approvecertificates.k8s.iosigners"+kubernetes.io/kube-apiserver-client-kubelet " 
/registry/clusterroles/system:certificates.k8s.io:kubelet-serving-approver
k8s 
+
rbac.authorization.k8s.io/v1ClusterRoleï
 
3system:certificates.k8s.io:kubelet-serving-approver  " *$de301b5e-2804-4784-bc91-7ff24d326ff12 8 B¸æ˜ç Z,
kubernetes.io/bootstrappingrbac-defaultsb3
+rbac.authorization.kubernetes.io/autoupdatetruez äÚ
Go-http-clientUpdaterbac.authorization.k8s.io/v1"¸æ˜ç 2FieldsV1:£
†{"f:metadata":{"f:annotations":{".":{},"f:rbac.authorization.kubernetes.io/autoupdate":{}},"f:labels":{".":{},"f:kubernetes.io/bootstrapping":{}}},"f:rules":{}}B F
approvecertificates.k8s.iosigners"kubernetes.io/kubelet-serving " 
/registry/clusterroles/system:certificates.k8s.io:legacy-unknown-approver
k8s 
+
rbac.authorization.k8s.io/v1ClusterRoleì
…
2system:certificates.k8s.io:legacy-unknown-approver  " *$7a8cdbc7-9726-4be0-8920-ee7b89d29ea32 8 B¸æ˜ç Z,
kubernetes.io/bootstrappingrbac-defaultsb3
+rbac.authorization.kubernetes.io/autoupdatetruez äÚ
Go-http-clientUpdaterbac.authorization.k8s.io/v1"¸æ˜ç 2FieldsV1:£
†{"f:metadata":{"f:annotations":{".":{},"f:rbac.authorization.kubernetes.io/autoupdate":{}},"f:labels":{".":{},"f:kubernetes.io/bootstrapping":{}}},"f:rules":{}}B E
approvecertificates.k8s.iosigners"kubernetes.io/legacy-unknown " 
/registry/clusterroles/system:controller:attachdetach-controller
k8s 
+
rbac.authorization.k8s.io/v1ClusterRole´
¿
)system:controller:attachdetach-controller  " *$719906f1-33f6-4f51-a2cc-2a33bae5c7382 8 B¸æ˜ç Z,
kubernetes.io/bootstrappingrbac-defaultsb3
+rbac.authorization.kubernetes.io/autoupdatetruez äÚ
Go-http-clientUpdaterbac.authorization.k8s.io/v1"¸æ˜ç 2FieldsV1:£
†{"f:metadata":{"f:annotations":{".":{},"f:rbac.authorization.kubernetes.io/autoupdate":{}},"f:labels":{".":{},"f:kubernetes.io/bootstrapping":{}}},"f:rules":{}}B :
list
watch persistentvolumeclaimspersistentvolumes
get
list
watch nodes
patch
update nodes/status
list
watch pods0
create
patch
update events.k8s.ioeventsE
create
delete
get
list
watchstorage.k8s.iovolumeattachments.
get
list
watchstorage.k8s.io
csidrivers,
get
list
watchstorage.k8s.iocsinodes " 
/registry/clusterroles/system:controller:certificate-controller
k8s 
+
rbac.authorization.k8s.io/v1ClusterRoleÍ
ø
(system:controller:certificate-controller  " *$d6d9a98a-f15d-4f29-bf0a-8c67d30d60962 8 B¸æ˜ç Z,
kubernetes.io/bootstrappingrbac-defaultsb3
+rbac.authorization.kubernetes.io/autoupdatetruez äÚ
Go-http-clientUpdaterbac.authorization.k8s.io/v1"¸æ˜ç 2FieldsV1:£
†{"f:metadata":{"f:annotations":{".":{},"f:rbac.authorization.kubernetes.io/autoupdate":{}},"f:labels":{".":{},"f:kubernetes.io/bootstrapping":{}}},"f:rules":{}}B K
delete
get
list
watchcertificates.k8s.iocertificatesigningrequestse
updatecertificates.k8s.io#certificatesigningrequests/approval!certificatesigningrequests/statusT
approvecertificates.k8s.iosigners"+kubernetes.io/kube-apiserver-client-kubelet≥
signcertificates.k8s.iosigners"#kubernetes.io/kube-apiserver-client"+kubernetes.io/kube-apiserver-client-kubelet"kubernetes.io/kubelet-serving"kubernetes.io/legacy-unknown4
createauthorization.k8s.iosubjectaccessreviews0
create
patch
update events.k8s.ioevents " 
/registry/clusterroles/system:controller:clusterrole-aggregation-controller
k8s 
+
rbac.authorization.k8s.io/v1ClusterRole§
À
4system:controller:clusterrole-aggregation-controller  " *$d2fac24b-50df-42b0-b409-576dabc766582 8 B¸æ˜ç Z,
kubernetes.io/bootstrappingrbac-defaultsb3
+rbac.authorization.kubernetes.io/autoupdatetruez äÚ
Go-http-clientUpdaterbac.authorization.k8s.io/v1"¸æ˜ç 2FieldsV1:£
†{"f:metadata":{"f:annotations":{".":{},"f:rbac.authorization.kubernetes.io/autoupdate":{}},"f:labels":{".":{},"f:kubernetes.io/bootstrapping":{}}},"f:rules":{}}B T
escalate
get
list
patch
update
watchrbac.authorization.k8s.ioclusterroles " 
/registry/clusterroles/system:controller:cronjob-controller
k8s 
+
rbac.authorization.k8s.io/v1ClusterRoleΩ
ª
$system:controller:cronjob-controller  " *$ec425b35-a6ab-4ea8-8010-d341e87ffe242 8 B¸æ˜ç Z,
kubernetes.io/bootstrappingrbac-defaultsb3
+rbac.authorization.kubernetes.io/autoupdatetruez äÚ
Go-http-clientUpdaterbac.authorization.k8s.io/v1"¸æ˜ç 2FieldsV1:£
†{"f:metadata":{"f:annotations":{".":{},"f:rbac.authorization.kubernetes.io/autoupdate":{}},"f:labels":{".":{},"f:kubernetes.io/bootstrapping":{}}},"f:rules":{}}B +
get
list
update
watchbatchcronjobs>
create
delete
get
list
patch
update
watchbatchjobs 
updatebatchcronjobs/status$
updatebatchcronjobs/finalizers
delete
list pods0
create
patch
update events.k8s.ioevents " 
/registry/clusterroles/system:controller:daemon-set-controller
k8s 
+
rbac.authorization.k8s.io/v1ClusterRoleµ
æ
'system:controller:daemon-set-controller  " *$644960ea-51bc-4ee3-9c2d-78b9d22f11882 8 B¸æ˜ç Z,
kubernetes.io/bootstrappingrbac-defaultsb3
+rbac.authorization.kubernetes.io/autoupdatetruez äÚ
Go-http-clientUpdaterbac.authorization.k8s.io/v1"¸æ˜ç 2FieldsV1:£
†{"f:metadata":{"f:annotations":{".":{},"f:rbac.authorization.kubernetes.io/autoupdate":{}},"f:labels":{".":{},"f:kubernetes.io/bootstrapping":{}}},"f:rules":{}}B 0
get
list
watchapps
extensions
daemonsets-
updateapps
extensionsdaemonsets/status1
updateapps
extensionsdaemonsets/finalizers
list
watch nodes,
create
delete
list
patch
watch pods
create pods/bindingL
create
delete
get
list
patch
update
watchappscontrollerrevisions0
create
patch
update events.k8s.ioevents " 
/registry/clusterroles/system:controller:deployment-controller
k8s 
+
rbac.authorization.k8s.io/v1ClusterRoleà
æ
'system:controller:deployment-controller  " *$af0b5e37-c0e8-428b-ac89-6caa8ff1f7132 8 B¸æ˜ç Z,
kubernetes.io/bootstrappingrbac-defaultsb3
+rbac.authorization.kubernetes.io/autoupdatetruez äÚ
Go-http-clientUpdaterbac.authorization.k8s.io/v1"¸æ˜ç 2FieldsV1:£
†{"f:metadata":{"f:annotations":{".":{},"f:rbac.authorization.kubernetes.io/autoupdate":{}},"f:labels":{".":{},"f:kubernetes.io/bootstrapping":{}}},"f:rules":{}}B 9
get
list
update
watchapps
extensionsdeployments.
updateapps
extensionsdeployments/status2
updateapps
extensionsdeployments/finalizersP
create
delete
get
list
patch
update
watchapps
extensionsreplicasets"
get
list
update
watch pods0
create
patch
update events.k8s.ioevents " 
/registry/clusterroles/system:controller:disruption-controller
k8s 
+
rbac.authorization.k8s.io/v1ClusterRole£
æ
'system:controller:disruption-controller  " *$16f4cca7-acb4-4580-8fe3-e790a6b23ef02 8 B¸æ˜ç Z,
kubernetes.io/bootstrappingrbac-defaultsb3
+rbac.authorization.kubernetes.io/autoupdatetruez äÚ
Go-http-clientUpdaterbac.authorization.k8s.io/v1"¸æ˜ç 2FieldsV1:£
†{"f:metadata":{"f:annotations":{".":{},"f:rbac.authorization.kubernetes.io/autoupdate":{}},"f:labels":{".":{},"f:kubernetes.io/bootstrapping":{}}},"f:rules":{}}B 1
get
list
watchapps
extensionsdeployments1
get
list
watchapps
extensionsreplicasets,
get
list
watch replicationcontrollers0
get
list
watchpolicypoddisruptionbudgets&
get
list
watchappsstatefulsets-
updatepolicypoddisruptionbudgets/status
get**/scale0
create
patch
update events.k8s.ioevents " 
/registry/clusterroles/system:controller:endpoint-controller
k8s 
+
rbac.authorization.k8s.io/v1ClusterRoleÎ
º
%system:controller:endpoint-controller  " *$7e2af408-67b0-40c4-a618-637e3d008d782 8 B¸æ˜ç Z,
kubernetes.io/bootstrappingrbac-defaultsb3
+rbac.authorization.kubernetes.io/autoupdatetruez äÚ
Go-http-clientUpdaterbac.authorization.k8s.io/v1"¸æ˜ç 2FieldsV1:£
†{"f:metadata":{"f:annotations":{".":{},"f:rbac.authorization.kubernetes.io/autoupdate":{}},"f:labels":{".":{},"f:kubernetes.io/bootstrapping":{}}},"f:rules":{}}B $
get
list
watch podsservices0
create
delete
get
list
update 	endpoints 
create endpoints/restricted0
create
patch
update events.k8s.ioevents " 
/registry/clusterroles/system:controller:endpointslice-controller
k8s 
+
rbac.authorization.k8s.io/v1ClusterRoleã
¡
*system:controller:endpointslice-controller  " *$784c2247-126c-4e4d-b1f9-f5cb1058968b2 8 B¸æ˜ç Z,
kubernetes.io/bootstrappingrbac-defaultsb3
+rbac.authorization.kubernetes.io/autoupdatetruez äÚ
Go-http-clientUpdaterbac.authorization.k8s.io/v1"¸æ˜ç 2FieldsV1:£
†{"f:metadata":{"f:annotations":{".":{},"f:rbac.authorization.kubernetes.io/autoupdate":{}},"f:labels":{".":{},"f:kubernetes.io/bootstrapping":{}}},"f:rules":{}}B +
get
list
watch nodespodsservices
update services/finalizersE
create
delete
get
list
updatediscovery.k8s.ioendpointslices0
create
patch
update events.k8s.ioevents " 
/registry/clusterroles/system:controller:endpointslicemirroring-controller
k8s 
+
rbac.authorization.k8s.io/v1ClusterRole¥
 
3system:controller:endpointslicemirroring-controller  " *$0091d66f-6758-40af-a3fc-8d08fc5248972 8 B¸æ˜ç Z,
kubernetes.io/bootstrappingrbac-defaultsb3
+rbac.authorization.kubernetes.io/autoupdatetruez äÚ
Go-http-clientUpdaterbac.authorization.k8s.io/v1"¸æ˜ç 2FieldsV1:£
†{"f:metadata":{"f:annotations":{".":{},"f:rbac.authorization.kubernetes.io/autoupdate":{}},"f:labels":{".":{},"f:kubernetes.io/bootstrapping":{}}},"f:rules":{}}B )
get
list
watch 	endpointsservices
update services/finalizers 
update endpoints/finalizersE
create
delete
get
list
updatediscovery.k8s.ioendpointslices0
create
patch
update events.k8s.ioevents " 
/registry/clusterroles/system:controller:ephemeral-volume-controller
k8s 
+
rbac.authorization.k8s.io/v1ClusterRoleË
ƒ
-system:controller:ephemeral-volume-controller  " *$dc238e60-2578-4fa0-8ca4-0f3a049618d92 8 B¸æ˜ç Z,
kubernetes.io/bootstrappingrbac-defaultsb3
+rbac.authorization.kubernetes.io/autoupdatetruez äÚ
Go-http-clientUpdaterbac.authorization.k8s.io/v1"¸æ˜ç 2FieldsV1:£
†{"f:metadata":{"f:annotations":{".":{},"f:rbac.authorization.kubernetes.io/autoupdate":{}},"f:labels":{".":{},"f:kubernetes.io/bootstrapping":{}}},"f:rules":{}}B 
get
list
watch pods
update pods/finalizers4
create
get
list
watch persistentvolumeclaims0
create
patch
update events.k8s.ioevents " 
/registry/clusterroles/system:controller:expand-controller
k8s 
+
rbac.authorization.k8s.io/v1ClusterRoleÎ
∫
#system:controller:expand-controller  " *$b5f99524-8a98-4285-811b-bf0113f686c22 8 B¸æ˜ç Z,
kubernetes.io/bootstrappingrbac-defaultsb3
+rbac.authorization.kubernetes.io/autoupdatetruez äÚ
Go-http-clientUpdaterbac.authorization.k8s.io/v1"¸æ˜ç 2FieldsV1:£
†{"f:metadata":{"f:annotations":{".":{},"f:rbac.authorization.kubernetes.io/autoupdate":{}},"f:labels":{".":{},"f:kubernetes.io/bootstrapping":{}}},"f:rules":{}}B 6
get
list
patch
update
watch persistentvolumes0
patch
update persistentvolumeclaims/status,
get
list
watch persistentvolumeclaims2
get
list
watchstorage.k8s.iostorageclasses
get 	endpointsservices
get secrets0
create
patch
update events.k8s.ioevents " 
/registry/clusterroles/system:controller:generic-garbage-collector
k8s 
+
rbac.authorization.k8s.io/v1ClusterRole®
¬
+system:controller:generic-garbage-collector  " *$c08afd70-e60e-4158-b5aa-cf69457cc9d02 8 B¸æ˜ç Z,
kubernetes.io/bootstrappingrbac-defaultsb3
+rbac.authorization.kubernetes.io/autoupdatetruez äÚ
Go-http-clientUpdaterbac.authorization.k8s.io/v1"¸æ˜ç 2FieldsV1:£
†{"f:metadata":{"f:annotations":{".":{},"f:rbac.authorization.kubernetes.io/autoupdate":{}},"f:labels":{".":{},"f:kubernetes.io/bootstrapping":{}}},"f:rules":{}}B /
delete
get
list
patch
update
watch**0
create
patch
update events.k8s.ioevents " 
/registry/clusterroles/system:controller:horizontal-pod-autoscaler
k8s 
+
rbac.authorization.k8s.io/v1ClusterRoleî
¬
+system:controller:horizontal-pod-autoscaler  " *$a75f274d-489f-4a92-b7de-1654cb7682eb2 8 B¸æ˜ç Z,
kubernetes.io/bootstrappingrbac-defaultsb3
+rbac.authorization.kubernetes.io/autoupdatetruez äÚ
Go-http-clientUpdaterbac.authorization.k8s.io/v1"¸æ˜ç 2FieldsV1:£
†{"f:metadata":{"f:annotations":{".":{},"f:rbac.authorization.kubernetes.io/autoupdate":{}},"f:labels":{".":{},"f:kubernetes.io/bootstrapping":{}}},"f:rules":{}}B 9
get
list
watchautoscalinghorizontalpodautoscalers6
updateautoscalinghorizontalpodautoscalers/status
get
update**/scale
list pods8
get services/proxy"http:heapster:"https:heapster:
listmetrics.k8s.iopods%
get
listcustom.metrics.k8s.io*0
create
patch
update events.k8s.ioevents " 
/registry/clusterroles/system:controller:job-controller
k8s 
+
rbac.authorization.k8s.io/v1ClusterRoleä
∑
 system:controller:job-controller  " *$66387aad-8e29-4fe8-9aff-b850d501f9452 8 B¸æ˜ç Z,
kubernetes.io/bootstrappingrbac-defaultsb3
+rbac.authorization.kubernetes.io/autoupdatetruez äÚ
Go-http-clientUpdaterbac.authorization.k8s.io/v1"¸æ˜ç 2FieldsV1:£
†{"f:metadata":{"f:annotations":{".":{},"f:rbac.authorization.kubernetes.io/autoupdate":{}},"f:labels":{".":{},"f:kubernetes.io/bootstrapping":{}}},"f:rules":{}}B .
get
list
patch
update
watchbatchjobs
updatebatchjobs/status 
updatebatchjobs/finalizers,
create
delete
list
patch
watch pods0
create
patch
update events.k8s.ioevents " 
/registry/clusterroles/system:controller:namespace-controller
k8s 
+
rbac.authorization.k8s.io/v1ClusterRoleÀ
Ω
&system:controller:namespace-controller  " *$425365b9-2fbe-4c42-a353-345fa583632a2 8 B¸æ˜ç Z,
kubernetes.io/bootstrappingrbac-defaultsb3
+rbac.authorization.kubernetes.io/autoupdatetruez äÚ
Go-http-clientUpdaterbac.authorization.k8s.io/v1"¸æ˜ç 2FieldsV1:£
†{"f:metadata":{"f:annotations":{".":{},"f:rbac.authorization.kubernetes.io/autoupdate":{}},"f:labels":{".":{},"f:kubernetes.io/bootstrapping":{}}},"f:rules":{}}B (
delete
get
list
watch 
namespaces2
update namespaces/finalizenamespaces/status+
delete
deletecollection
get
list** " 
/registry/clusterroles/system:controller:node-controller
k8s 
+
rbac.authorization.k8s.io/v1ClusterRoleÏ
∏
!system:controller:node-controller  " *$7ab20f7b-c290-4b7f-a54e-554a5a4a8c752 8 B¸æ˜ç Z,
kubernetes.io/bootstrappingrbac-defaultsb3
+rbac.authorization.kubernetes.io/autoupdatetruez äÚ
Go-http-clientUpdaterbac.authorization.k8s.io/v1"¸æ˜ç 2FieldsV1:£
†{"f:metadata":{"f:annotations":{".":{},"f:rbac.authorization.kubernetes.io/autoupdate":{}},"f:labels":{".":{},"f:kubernetes.io/bootstrapping":{}}},"f:rules":{}}B +
delete
get
list
patch
update nodes
patch
update nodes/status
update pods/status
delete
list pods0
create
patch
update events.k8s.ioevents " 
/registry/clusterroles/system:controller:persistent-volume-binder
k8s 
+
rbac.authorization.k8s.io/v1ClusterRole®
¡
*system:controller:persistent-volume-binder  " *$3bab1c0e-e056-4bc2-977d-1943add8870b2 8 B¸æ˜ç Z,
kubernetes.io/bootstrappingrbac-defaultsb3
+rbac.authorization.kubernetes.io/autoupdatetruez äÚ
Go-http-clientUpdaterbac.authorization.k8s.io/v1"¸æ˜ç 2FieldsV1:£
†{"f:metadata":{"f:annotations":{".":{},"f:rbac.authorization.kubernetes.io/autoupdate":{}},"f:labels":{".":{},"f:kubernetes.io/bootstrapping":{}}},"f:rules":{}}B ?
create
delete
get
list
update
watch persistentvolumes$
update persistentvolumes/status4
get
list
update
watch persistentvolumeclaims)
update persistentvolumeclaims/status*
create
delete
get
list
watch pods2
get
list
watchstorage.k8s.iostorageclasses*
create
delete
get
update 	endpoints!
create
delete
get services
get secrets
get
list nodes
watch events0
create
patch
update events.k8s.ioevents " 
/registry/clusterroles/system:controller:pod-garbage-collector
k8s 
+
rbac.authorization.k8s.io/v1ClusterRoleˆ
æ
'system:controller:pod-garbage-collector  " *$761365ba-cd3e-4d01-a0f4-2bb2b1536fcf2 8 B¸æ˜ç Z,
kubernetes.io/bootstrappingrbac-defaultsb3
+rbac.authorization.kubernetes.io/autoupdatetruez äÚ
Go-http-clientUpdaterbac.authorization.k8s.io/v1"¸æ˜ç 2FieldsV1:£
†{"f:metadata":{"f:annotations":{".":{},"f:rbac.authorization.kubernetes.io/autoupdate":{}},"f:labels":{".":{},"f:kubernetes.io/bootstrapping":{}}},"f:rules":{}}B 
delete
list
watch pods
get
list nodes " 
/registry/clusterroles/system:controller:pv-protection-controller
k8s 
+
rbac.authorization.k8s.io/v1ClusterRoleß
¡
*system:controller:pv-protection-controller  " *$3623b07e-e4f0-4147-9de0-595d63b397eb2 8 B¸æ˜ç Z,
kubernetes.io/bootstrappingrbac-defaultsb3
+rbac.authorization.kubernetes.io/autoupdatetruez äÚ
Go-http-clientUpdaterbac.authorization.k8s.io/v1"¸æ˜ç 2FieldsV1:£
†{"f:metadata":{"f:annotations":{".":{},"f:rbac.authorization.kubernetes.io/autoupdate":{}},"f:labels":{".":{},"f:kubernetes.io/bootstrapping":{}}},"f:rules":{}}B /
get
list
update
watch persistentvolumes0
create
patch
update events.k8s.ioevents " 
/registry/clusterroles/system:controller:pvc-protection-controller
k8s 
+
rbac.authorization.k8s.io/v1ClusterRole…
¬
+system:controller:pvc-protection-controller  " *$4a024fb5-7e5c-4b74-8303-6924504b97612 8 B¸æ˜ç Z,
kubernetes.io/bootstrappingrbac-defaultsb3
+rbac.authorization.kubernetes.io/autoupdatetruez äÚ
Go-http-clientUpdaterbac.authorization.k8s.io/v1"¸æ˜ç 2FieldsV1:£
†{"f:metadata":{"f:annotations":{".":{},"f:rbac.authorization.kubernetes.io/autoupdate":{}},"f:labels":{".":{},"f:kubernetes.io/bootstrapping":{}}},"f:rules":{}}B 4
get
list
update
watch persistentvolumeclaims
get
list
watch pods0
create
patch
update events.k8s.ioevents " 
/registry/clusterroles/system:controller:replicaset-controller
k8s 
+
rbac.authorization.k8s.io/v1ClusterRole¿
æ
'system:controller:replicaset-controller  " *$31829fe2-409b-4c81-b4c4-773417d8115a2 8 B¸æ˜ç Z,
kubernetes.io/bootstrappingrbac-defaultsb3
+rbac.authorization.kubernetes.io/autoupdatetruez äÚ
Go-http-clientUpdaterbac.authorization.k8s.io/v1"¸æ˜ç 2FieldsV1:£
†{"f:metadata":{"f:annotations":{".":{},"f:rbac.authorization.kubernetes.io/autoupdate":{}},"f:labels":{".":{},"f:kubernetes.io/bootstrapping":{}}},"f:rules":{}}B 9
get
list
update
watchapps
extensionsreplicasets.
updateapps
extensionsreplicasets/status2
updateapps
extensionsreplicasets/finalizers,
create
delete
list
patch
watch pods0
create
patch
update events.k8s.ioevents " 
/registry/clusterroles/system:controller:replication-controller
k8s 
+
rbac.authorization.k8s.io/v1ClusterRole≤
ø
(system:controller:replication-controller  " *$2eae01f8-2d9d-449b-9794-777da14e10232 8 B¸æ˜ç Z,
kubernetes.io/bootstrappingrbac-defaultsb3
+rbac.authorization.kubernetes.io/autoupdatetruez äÚ
Go-http-clientUpdaterbac.authorization.k8s.io/v1"¸æ˜ç 2FieldsV1:£
†{"f:metadata":{"f:annotations":{".":{},"f:rbac.authorization.kubernetes.io/autoupdate":{}},"f:labels":{".":{},"f:kubernetes.io/bootstrapping":{}}},"f:rules":{}}B 4
get
list
update
watch replicationcontrollers)
update replicationcontrollers/status-
update !replicationcontrollers/finalizers,
create
delete
list
patch
watch pods0
create
patch
update events.k8s.ioevents " 
/registry/clusterroles/system:controller:resourcequota-controller
k8s 
+
rbac.authorization.k8s.io/v1ClusterRoleÆ
¡
*system:controller:resourcequota-controller  " *$20bcdaed-58f0-4b26-abc9-7ea9d3f67e112 8 B¸æ˜ç Z,
kubernetes.io/bootstrappingrbac-defaultsb3
+rbac.authorization.kubernetes.io/autoupdatetruez äÚ
Go-http-clientUpdaterbac.authorization.k8s.io/v1"¸æ˜ç 2FieldsV1:£
†{"f:metadata":{"f:annotations":{".":{},"f:rbac.authorization.kubernetes.io/autoupdate":{}},"f:labels":{".":{},"f:kubernetes.io/bootstrapping":{}}},"f:rules":{}}B 
list
watch**!
update resourcequotas/status0
create
patch
update events.k8s.ioevents " 
/registry/clusterroles/system:controller:root-ca-cert-publisher
k8s 
+
rbac.authorization.k8s.io/v1ClusterRoleî
ø
(system:controller:root-ca-cert-publisher  " *$b620a810-9ae7-40aa-9d9f-f006021eb5532 8 B¸æ˜ç Z,
kubernetes.io/bootstrappingrbac-defaultsb3
+rbac.authorization.kubernetes.io/autoupdatetruez äÚ
Go-http-clientUpdaterbac.authorization.k8s.io/v1"¸æ˜ç 2FieldsV1:£
†{"f:metadata":{"f:annotations":{".":{},"f:rbac.authorization.kubernetes.io/autoupdate":{}},"f:labels":{".":{},"f:kubernetes.io/bootstrapping":{}}},"f:rules":{}}B 
create
update 
configmaps0
create
patch
update events.k8s.ioevents " 
/registry/clusterroles/system:controller:route-controller
k8s 
+
rbac.authorization.k8s.io/v1ClusterRoleü
π
"system:controller:route-controller  " *$7facb145-8be1-4227-91fe-9420961674d62 8 B¸æ˜ç Z,
kubernetes.io/bootstrappingrbac-defaultsb3
+rbac.authorization.kubernetes.io/autoupdatetruez äÚ
Go-http-clientUpdaterbac.authorization.k8s.io/v1"¸æ˜ç 2FieldsV1:£
†{"f:metadata":{"f:annotations":{".":{},"f:rbac.authorization.kubernetes.io/autoupdate":{}},"f:labels":{".":{},"f:kubernetes.io/bootstrapping":{}}},"f:rules":{}}B 
list
watch nodes
patch nodes/status0
create
patch
update events.k8s.ioevents " 
/registry/clusterroles/system:controller:service-account-controller
k8s 
+
rbac.authorization.k8s.io/v1ClusterRoleï
√
,system:controller:service-account-controller  " *$ea420639-ae8a-40ff-acd4-defd5365b91c2 8 B¸æ˜ç Z,
kubernetes.io/bootstrappingrbac-defaultsb3
+rbac.authorization.kubernetes.io/autoupdatetruez äÚ
Go-http-clientUpdaterbac.authorization.k8s.io/v1"¸æ˜ç 2FieldsV1:£
†{"f:metadata":{"f:annotations":{".":{},"f:rbac.authorization.kubernetes.io/autoupdate":{}},"f:labels":{".":{},"f:kubernetes.io/bootstrapping":{}}},"f:rules":{}}B 
create serviceaccounts0
create
patch
update events.k8s.ioevents " 
/registry/clusterroles/system:controller:service-controller
k8s 
+
rbac.authorization.k8s.io/v1ClusterRoleÃ
ª
$system:controller:service-controller  " *$2074c648-b89e-4966-b65d-7e63d14d07ba2 8 B¸æ˜ç Z,
kubernetes.io/bootstrappingrbac-defaultsb3
+rbac.authorization.kubernetes.io/autoupdatetruez äÚ
Go-http-clientUpdaterbac.authorization.k8s.io/v1"¸æ˜ç 2FieldsV1:£
†{"f:metadata":{"f:annotations":{".":{},"f:rbac.authorization.kubernetes.io/autoupdate":{}},"f:labels":{".":{},"f:kubernetes.io/bootstrapping":{}}},"f:rules":{}}B 
get
list
watch services"
patch
update services/status
list
watch nodes0
create
patch
update events.k8s.ioevents " 
/registry/clusterroles/system:controller:statefulset-controller
k8s 
+
rbac.authorization.k8s.io/v1ClusterRole¶
ø
(system:controller:statefulset-controller  " *$74bb4bd3-4a4d-4ad6-bbec-84fe1430c2c42 8 B¸æ˜ç Z,
kubernetes.io/bootstrappingrbac-defaultsb3
+rbac.authorization.kubernetes.io/autoupdatetruez äÚ
Go-http-clientUpdaterbac.authorization.k8s.io/v1"¸æ˜ç 2FieldsV1:£
†{"f:metadata":{"f:annotations":{".":{},"f:rbac.authorization.kubernetes.io/autoupdate":{}},"f:labels":{".":{},"f:kubernetes.io/bootstrapping":{}}},"f:rules":{}}B 
list
watch pods&
get
list
watchappsstatefulsets#
updateappsstatefulsets/status'
updateappsstatefulsets/finalizers,
create
delete
get
patch
update podsL
create
delete
get
list
patch
update
watchappscontrollerrevisions'
create
get persistentvolumeclaims0
create
patch
update events.k8s.ioevents " 
/registry/clusterroles/system:controller:ttl-after-finished-controller
k8s 
+
rbac.authorization.k8s.io/v1ClusterRole§
∆
/system:controller:ttl-after-finished-controller  " *$94e74513-ffe7-4131-965a-9e3cafe78cf42 8 B¸æ˜ç Z,
kubernetes.io/bootstrappingrbac-defaultsb3
+rbac.authorization.kubernetes.io/autoupdatetruez äÚ
Go-http-clientUpdaterbac.authorization.k8s.io/v1"¸æ˜ç 2FieldsV1:£
†{"f:metadata":{"f:annotations":{".":{},"f:rbac.authorization.kubernetes.io/autoupdate":{}},"f:labels":{".":{},"f:kubernetes.io/bootstrapping":{}}},"f:rules":{}}B '
delete
get
list
watchbatchjobs0
create
patch
update events.k8s.ioevents " 
/registry/clusterroles/system:controller:ttl-controller
k8s 
+
rbac.authorization.k8s.io/v1ClusterRoleì
∑
 system:controller:ttl-controller  " *$bb531c23-b386-462e-913a-0b7d701acb7d2 8 B¸æ˜ç Z,
kubernetes.io/bootstrappingrbac-defaultsb3
+rbac.authorization.kubernetes.io/autoupdatetruez äÚ
Go-http-clientUpdaterbac.authorization.k8s.io/v1"¸æ˜ç 2FieldsV1:£
†{"f:metadata":{"f:annotations":{".":{},"f:rbac.authorization.kubernetes.io/autoupdate":{}},"f:labels":{".":{},"f:kubernetes.io/bootstrapping":{}}},"f:rules":{}}B %
list
patch
update
watch nodes0
create
patch
update events.k8s.ioevents " 
/registry/clusterroles/system:coredns
k8s 
+
rbac.authorization.k8s.io/v1ClusterRole©
≠
system:coredns  " *$bb54d278-eef4-4647-af9d-0c8217227aee2 8 Bˇæ˜ç z ä^
Go-http-clientUpdaterbac.authorization.k8s.io/v1"ˇæ˜ç 2FieldsV1:
{"f:rules":{}}B 6
list
watch 	endpointsservicespods
namespaces
get nodes/
list
watchdiscovery.k8s.ioendpointslices " 
/registry/clusterroles/system:discovery
k8s 
+
rbac.authorization.k8s.io/v1ClusterRoleï
ß
system:discovery  " *$9f59f200-45be-40f5-be0f-c899c91911912 8 B¸æ˜ç Z,
kubernetes.io/bootstrappingrbac-defaultsb3
+rbac.authorization.kubernetes.io/autoupdatetruez äÚ
Go-http-clientUpdaterbac.authorization.k8s.io/v1"¸æ˜ç 2FieldsV1:£
†{"f:metadata":{"f:annotations":{".":{},"f:rbac.authorization.kubernetes.io/autoupdate":{}},"f:labels":{".":{},"f:kubernetes.io/bootstrapping":{}}},"f:rules":{}}B i
get*/api*/api/**/apis*/apis/**/healthz*/livez*/openapi*
/openapi/**/readyz*/version*	/version/ " 
/registry/clusterroles/system:heapster
k8s 
+
rbac.authorization.k8s.io/v1ClusterRoleç
¶
system:heapster  " *$e34671f0-effb-4a09-893a-5c663a5b38532 8 B¸æ˜ç Z,
kubernetes.io/bootstrappingrbac-defaultsb3
+rbac.authorization.kubernetes.io/autoupdatetruez äÚ
Go-http-clientUpdaterbac.authorization.k8s.io/v1"¸æ˜ç 2FieldsV1:£
†{"f:metadata":{"f:annotations":{".":{},"f:rbac.authorization.kubernetes.io/autoupdate":{}},"f:labels":{".":{},"f:kubernetes.io/bootstrapping":{}}},"f:rules":{}}B 5
get
list
watch events
namespacesnodespods+
get
list
watch
extensionsdeployments " 
/registry/clusterroles/system:kube-aggregator
k8s 
+
rbac.authorization.k8s.io/v1ClusterRole€
≠
system:kube-aggregator  " *$75d4fd97-e9ba-44aa-9aea-8df1779d2b832 8 B¸æ˜ç Z,
kubernetes.io/bootstrappingrbac-defaultsb3
+rbac.authorization.kubernetes.io/autoupdatetruez äÚ
Go-http-clientUpdaterbac.authorization.k8s.io/v1"¸æ˜ç 2FieldsV1:£
†{"f:metadata":{"f:annotations":{".":{},"f:rbac.authorization.kubernetes.io/autoupdate":{}},"f:labels":{".":{},"f:kubernetes.io/bootstrapping":{}}},"f:rules":{}}B )
get
list
watch 	endpointsservices " 
/registry/clusterroles/system:kube-controller-manager
k8s 
+
rbac.authorization.k8s.io/v1ClusterRole€
µ
system:kube-controller-manager  " *$b528ebd3-af43-4347-9781-601c8db8ac582 8 B¸æ˜ç Z,
kubernetes.io/bootstrappingrbac-defaultsb3
+rbac.authorization.kubernetes.io/autoupdatetruez äÚ
Go-http-clientUpdaterbac.authorization.k8s.io/v1"¸æ˜ç 2FieldsV1:£
†{"f:metadata":{"f:annotations":{".":{},"f:rbac.authorization.kubernetes.io/autoupdate":{}},"f:labels":{".":{},"f:kubernetes.io/bootstrapping":{}}},"f:rules":{}}B 0
create
patch
update events.k8s.ioevents%
createcoordination.k8s.ioleasesC
get
updatecoordination.k8s.ioleases"kube-controller-manager
create 	endpoints3
get
update 	endpoints"kube-controller-manager$
create secretsserviceaccounts
delete secrets9
get 
configmaps
namespacessecretsserviceaccounts$
update secretsserviceaccounts-
createauthentication.k8s.iotokenreviews4
createauthorization.k8s.iosubjectaccessreviews
list
watch**!
create serviceaccounts/token " 
/registry/clusterroles/system:kube-dns
k8s 
+
rbac.authorization.k8s.io/v1ClusterRoleœ
¶
system:kube-dns  " *$d79d02c6-f28e-467b-abca-b3b6fa23967a2 8 B¸æ˜ç Z,
kubernetes.io/bootstrappingrbac-defaultsb3
+rbac.authorization.kubernetes.io/autoupdatetruez äÚ
Go-http-clientUpdaterbac.authorization.k8s.io/v1"¸æ˜ç 2FieldsV1:£
†{"f:metadata":{"f:annotations":{".":{},"f:rbac.authorization.kubernetes.io/autoupdate":{}},"f:labels":{".":{},"f:kubernetes.io/bootstrapping":{}}},"f:rules":{}}B $
list
watch 	endpointsservices " 
/registry/clusterroles/system:kube-scheduler
k8s 
+
rbac.authorization.k8s.io/v1ClusterRole±

¨
system:kube-scheduler  " *$e24a729a-4138-4d0c-b4c2-8df5fef25d082 8 B¸æ˜ç Z,
kubernetes.io/bootstrappingrbac-defaultsb3
+rbac.authorization.kubernetes.io/autoupdatetruez äÚ
Go-http-clientUpdaterbac.authorization.k8s.io/v1"¸æ˜ç 2FieldsV1:£
†{"f:metadata":{"f:annotations":{".":{},"f:rbac.authorization.kubernetes.io/autoupdate":{}},"f:labels":{".":{},"f:kubernetes.io/bootstrapping":{}}},"f:rules":{}}B 0
create
patch
update events.k8s.ioevents%
createcoordination.k8s.ioleases:
get
updatecoordination.k8s.ioleases"kube-scheduler
create 	endpoints*
get
update 	endpoints"kube-scheduler
get
list
watch nodes"
delete
get
list
watch pods"
create bindingspods/binding
patch
update pods/status6
get
list
watch replicationcontrollersservices1
get
list
watchapps
extensionsreplicasets&
get
list
watchappsstatefulsets0
get
list
watchpolicypoddisruptionbudgets?
get
list
watch persistentvolumeclaimspersistentvolumes-
createauthentication.k8s.iotokenreviews4
createauthorization.k8s.iosubjectaccessreviews,
get
list
watchstorage.k8s.iocsinodes 
get
list
watch 
namespaces.
get
list
watchstorage.k8s.io
csidrivers8
get
list
watchstorage.k8s.iocsistoragecapacities " 
/registry/clusterroles/system:kubelet-api-admin
k8s 
+
rbac.authorization.k8s.io/v1ClusterRole®
Ø
system:kubelet-api-admin  " *$528be4f6-b620-4b98-8b74-98a88358f49e2 8 B¸æ˜ç Z,
kubernetes.io/bootstrappingrbac-defaultsb3
+rbac.authorization.kubernetes.io/autoupdatetruez äÚ
Go-http-clientUpdaterbac.authorization.k8s.io/v1"¸æ˜ç 2FieldsV1:£
†{"f:metadata":{"f:annotations":{".":{},"f:rbac.authorization.kubernetes.io/autoupdate":{}},"f:labels":{".":{},"f:kubernetes.io/bootstrapping":{}}},"f:rules":{}}B 
get
list
watch nodes
proxy nodesE
* 	nodes/lognodes/metricsnodes/proxy
nodes/specnodes/stats " 
/registry/clusterroles/system:monitoring
k8s 
+
rbac.authorization.k8s.io/v1ClusterRole¯
®
system:monitoring  " *$2326bffd-f148-401d-984e-41a28882852e2 8 B¸æ˜ç Z,
kubernetes.io/bootstrappingrbac-defaultsb3
+rbac.authorization.kubernetes.io/autoupdatetruez äÚ
Go-http-clientUpdaterbac.authorization.k8s.io/v1"¸æ˜ç 2FieldsV1:£
†{"f:metadata":{"f:annotations":{".":{},"f:rbac.authorization.kubernetes.io/autoupdate":{}},"f:labels":{".":{},"f:kubernetes.io/bootstrapping":{}}},"f:rules":{}}B K
get*/healthz*
/healthz/**/livez*/livez/**/metrics*/readyz*	/readyz/* " 
/registry/clusterroles/system:node
k8s 
+
rbac.authorization.k8s.io/v1ClusterRole·

¢
system:node  " *$a568e4f9-c146-4efc-8960-b7a60ec670e12 8 B¸æ˜ç Z,
kubernetes.io/bootstrappingrbac-defaultsb3
+rbac.authorization.kubernetes.io/autoupdatetruez äÚ
Go-http-clientUpdaterbac.authorization.k8s.io/v1"¸æ˜ç 2FieldsV1:£
†{"f:metadata":{"f:annotations":{".":{},"f:rbac.authorization.kubernetes.io/autoupdate":{}},"f:labels":{".":{},"f:kubernetes.io/bootstrapping":{}}},"f:rules":{}}B -
createauthentication.k8s.iotokenreviewsO
createauthorization.k8s.iolocalsubjectaccessreviewssubjectaccessreviews
get
list
watch services#
create
get
list
watch nodes
patch
update nodes/status
patch
update nodes!
create
patch
update events
get
list
watch pods
create
delete pods
patch
update pods/status
create pods/eviction)
get
list
watch 
configmapssecrets2
get persistentvolumeclaimspersistentvolumes
get 	endpointsK
create
get
list
watchcertificates.k8s.iocertificatesigningrequestsA
create
delete
get
patch
updatecoordination.k8s.ioleases(
getstorage.k8s.iovolumeattachments!
create serviceaccounts/token5
get
patch
update persistentvolumeclaims/status.
get
list
watchstorage.k8s.io
csidrivers>
create
delete
get
patch
updatestorage.k8s.iocsinodes/
get
list
watchnode.k8s.ioruntimeclasses " 
/registry/clusterroles/system:node-bootstrapper
k8s 
+
rbac.authorization.k8s.io/v1ClusterRoleˇ
Ø
system:node-bootstrapper  " *$a6522b3a-4186-499f-aade-1d9067f6bafb2 8 B¸æ˜ç Z,
kubernetes.io/bootstrappingrbac-defaultsb3
+rbac.authorization.kubernetes.io/autoupdatetruez äÚ
Go-http-clientUpdaterbac.authorization.k8s.io/v1"¸æ˜ç 2FieldsV1:£
†{"f:metadata":{"f:annotations":{".":{},"f:rbac.authorization.kubernetes.io/autoupdate":{}},"f:labels":{".":{},"f:kubernetes.io/bootstrapping":{}}},"f:rules":{}}B K
create
get
list
watchcertificates.k8s.iocertificatesigningrequests " 
/registry/clusterroles/system:node-problem-detector
k8s 
+
rbac.authorization.k8s.io/v1ClusterRoleë
≥
system:node-problem-detector  " *$deac23c5-0425-4c56-9a5e-46289627462c2 8 B¸æ˜ç Z,
kubernetes.io/bootstrappingrbac-defaultsb3
+rbac.authorization.kubernetes.io/autoupdatetruez äÚ
Go-http-clientUpdaterbac.authorization.k8s.io/v1"¸æ˜ç 2FieldsV1:£
†{"f:metadata":{"f:annotations":{".":{},"f:rbac.authorization.kubernetes.io/autoupdate":{}},"f:labels":{".":{},"f:kubernetes.io/bootstrapping":{}}},"f:rules":{}}B 
get nodes
patch nodes/status0
create
patch
update events.k8s.ioevents " 
/registry/clusterroles/system:node-proxier
k8s 
+
rbac.authorization.k8s.io/v1ClusterRole”
™
system:node-proxier  " *$931ff329-a769-4f0a-9f72-8ef7a46148f32 8 B¸æ˜ç Z,
kubernetes.io/bootstrappingrbac-defaultsb3
+rbac.authorization.kubernetes.io/autoupdatetruez äÚ
Go-http-clientUpdaterbac.authorization.k8s.io/v1"¸æ˜ç 2FieldsV1:£
†{"f:metadata":{"f:annotations":{".":{},"f:rbac.authorization.kubernetes.io/autoupdate":{}},"f:labels":{".":{},"f:kubernetes.io/bootstrapping":{}}},"f:rules":{}}B $
list
watch 	endpointsservices
get
list
watch nodes0
create
patch
update events.k8s.ioevents/
list
watchdiscovery.k8s.ioendpointslices " 
/registry/clusterroles/system:persistent-volume-provisioner
k8s 
+
rbac.authorization.k8s.io/v1ClusterRole¶
ª
$system:persistent-volume-provisioner  " *$3a8c592d-92ee-4b82-89af-33788db454732 8 B¸æ˜ç Z,
kubernetes.io/bootstrappingrbac-defaultsb3
+rbac.authorization.kubernetes.io/autoupdatetruez äÚ
Go-http-clientUpdaterbac.authorization.k8s.io/v1"¸æ˜ç 2FieldsV1:£
†{"f:metadata":{"f:annotations":{".":{},"f:rbac.authorization.kubernetes.io/autoupdate":{}},"f:labels":{".":{},"f:kubernetes.io/bootstrapping":{}}},"f:rules":{}}B 7
create
delete
get
list
watch persistentvolumes4
get
list
update
watch persistentvolumeclaims2
get
list
watchstorage.k8s.iostorageclasses
watch events0
create
patch
update events.k8s.ioevents " 
/registry/clusterroles/system:public-info-viewer
k8s 
+
rbac.authorization.k8s.io/v1ClusterRoleÍ
∞
system:public-info-viewer  " *$5ba1b1b5-8d82-4d81-98d4-2858708925772 8 B¸æ˜ç Z,
kubernetes.io/bootstrappingrbac-defaultsb3
+rbac.authorization.kubernetes.io/autoupdatetruez äÚ
Go-http-clientUpdaterbac.authorization.k8s.io/v1"¸æ˜ç 2FieldsV1:£
†{"f:metadata":{"f:annotations":{".":{},"f:rbac.authorization.kubernetes.io/autoupdate":{}},"f:labels":{".":{},"f:kubernetes.io/bootstrapping":{}}},"f:rules":{}}B 5
get*/healthz*/livez*/readyz*/version*	/version/ " 
/registry/clusterroles/system:service-account-issuer-discovery
k8s 
+
rbac.authorization.k8s.io/v1ClusterRole¸
æ
'system:service-account-issuer-discovery  " *$500b1060-8e95-43ef-b941-31ca2c90cd842 8 B¸æ˜ç Z,
kubernetes.io/bootstrappingrbac-defaultsb3
+rbac.authorization.kubernetes.io/autoupdatetruez äÚ
Go-http-clientUpdaterbac.authorization.k8s.io/v1"¸æ˜ç 2FieldsV1:£
†{"f:metadata":{"f:annotations":{".":{},"f:rbac.authorization.kubernetes.io/autoupdate":{}},"f:labels":{".":{},"f:kubernetes.io/bootstrapping":{}}},"f:rules":{}}B 9
get*!/.well-known/openid-configuration*/openid/v1/jwks " 
/registry/clusterroles/system:volume-scheduler
k8s 
+
rbac.authorization.k8s.io/v1ClusterRole⁄
Æ
system:volume-scheduler  " *$9149d0a7-8ce0-4e7f-8964-0d6b59766ab82 8 B¸æ˜ç Z,
kubernetes.io/bootstrappingrbac-defaultsb3
+rbac.authorization.kubernetes.io/autoupdatetruez äÚ
Go-http-clientUpdaterbac.authorization.k8s.io/v1"¸æ˜ç 2FieldsV1:£
†{"f:metadata":{"f:annotations":{".":{},"f:rbac.authorization.kubernetes.io/autoupdate":{}},"f:labels":{".":{},"f:kubernetes.io/bootstrapping":{}}},"f:rules":{}}B 6
get
list
patch
update
watch persistentvolumes2
get
list
watchstorage.k8s.iostorageclasses;
get
list
patch
update
watch persistentvolumeclaims " 
/registry/clusterroles/view
k8s 
+
rbac.authorization.k8s.io/v1ClusterRole’
£
view  " *$74a9a6a5-d233-4b64-a267-ddc1f569bfe52 8 B¸æ˜ç Z,
kubernetes.io/bootstrappingrbac-defaultsZ3
+rbac.authorization.k8s.io/aggregate-to-edittrueb3
+rbac.authorization.kubernetes.io/autoupdatetruez äq
"clusterrole-aggregation-controllerApplyrbac.authorization.k8s.io/v1"åø˜ç 2FieldsV1:
{"f:rules":{}}B ä—
Go-http-clientUpdaterbac.authorization.k8s.io/v1"¸æ˜ç 2FieldsV1:Ç
ˇ{"f:aggregationRule":{".":{},"f:clusterRoleSelectors":{}},"f:metadata":{"f:annotations":{".":{},"f:rbac.authorization.kubernetes.io/autoupdate":{}},"f:labels":{".":{},"f:kubernetes.io/bootstrapping":{},"f:rbac.authorization.k8s.io/aggregate-to-edit":{}}}}B  
get
list
watch 
configmaps	endpointspersistentvolumeclaimspersistentvolumeclaims/statuspodsreplicationcontrollersreplicationcontrollers/scaleserviceaccountsservicesservices/status£
get
list
watch bindingseventslimitrangesnamespaces/statuspods/logpods/statusreplicationcontrollers/statusresourcequotasresourcequotas/status 
get
list
watch 
namespaces4
get
list
watchdiscovery.k8s.ioendpointslicesÎ
get
list
watchappscontrollerrevisions
daemonsetsdaemonsets/statusdeploymentsdeployments/scaledeployments/statusreplicasetsreplicasets/scalereplicasets/statusstatefulsetsstatefulsets/scalestatefulsets/statusZ
get
list
watchautoscalinghorizontalpodautoscalershorizontalpodautoscalers/statusG
get
list
watchbatchcronjobscronjobs/statusjobsjobs/statusÒ
get
list
watch
extensions
daemonsetsdaemonsets/statusdeploymentsdeployments/scaledeployments/status	ingressesingresses/statusnetworkpoliciesreplicasetsreplicasets/scalereplicasets/statusreplicationcontrollers/scaleM
get
list
watchpolicypoddisruptionbudgetspoddisruptionbudgets/statusS
get
list
watchnetworking.k8s.io	ingressesingresses/statusnetworkpolicies7
5
3
+rbac.authorization.k8s.io/aggregate-to-viewtrue " 
/registry/configmaps/default/kube-root-ca.crt
k8s 

v1	ConfigMap‰
à
kube-root-ca.crt default" *$d3a39bf5-0abf-492a-aa61-ca5cb625926c2 8 Bçø˜ç bÉ
kubernetes.io/descriptionÂContains a CA bundle that can be used to verify the kube-apiserver when using internal endpoints such as the internal service IP or kubernetes.default.svc. No other usage is guaranteed across distributions of Kubernetes clusters.z ä©
kube-controller-managerUpdatev1"çø˜ç 2FieldsV1:l
j{"f:data":{".":{},"f:ca.crt":{}},"f:metadata":{"f:annotations":{".":{},"f:kubernetes.io/description":{}}}}B ÷
ca.crtÀ-----BEGIN CERTIFICATE-----
MIIC/jCCAeagAwIBAgIBADANBgkqhkiG9w0BAQsFADAVMRMwEQYDVQQDEwprdWJl
cm5ldGVzMB4XDTIxMTIxODEzMTczOFoXDTMxMTIxNjEzMTczOFowFTETMBEGA1UE
AxMKa3ViZXJuZXRlczCCASIwDQYJKoZIhvcNAQEBBQADggEPADCCAQoCggEBAM9R
0owTD9X/+rGCsiDxBBlr1/sCiB54r16qrsbWC3iI0uyhHOnRcMu0Bb4dhoEgHpHr
z55dwifJIPKZhLNXBLGQMm9XXSHsDyrBT+IF3VOjWddcDTJe+mtaNGtbnrtGCrU0
630uEIgVyAKYNNvJ6kyzDFebYxXqQJncx12268USQ0pT0ndKbl5Yiv7T3P/iXMkg
NIlW1hRLsu5nBzwuDCe71gZIasmgdYmmLtx/jGPusnFTnLqBO8UFL5fmbGxJGiKs
C5t4TfSPHjHoZPLzTXcHSwboxQ6Dwn2v3ZgCr+OCVwVcwdqfIhVBHSNSJOG9g3sf
oil4LZY6Jc2ldow2ufECAwEAAaNZMFcwDgYDVR0PAQH/BAQDAgKkMA8GA1UdEwEB
/wQFMAMBAf8wHQYDVR0OBBYEFAnlC1O9RHp0hqvoZNikEbo1UGcQMBUGA1UdEQQO
MAyCCmt1YmVybmV0ZXMwDQYJKoZIhvcNAQELBQADggEBAE0gYbzoVHg6KoVMIzoX
kFVBeU1yTy1HEIx4ETdO5OgvD8VQ9kabrERrGSt3faeMz6Jvk95HaYeeLaOT4Byw
3/jtzvcbQQsc/ODb2vk9QzpHjTDJVpTLhJfyTSQekEVlwCE07tB+pb8eQYhopyTf
noh7WEvKpqIzCUfzC+ZsyiIwr5MkAK7kjjF3rq4F2dp1M+J1cMNHiw7Lvw5US2Su
ABR0SNxpdEkezUHPJfzSFXi1aSzxjtbge5W5NGCWRHEInzJvVDYjk5U/7NAOeArL
U7Qsj18WPM88UrDKCLPkDr6fGfqN+6qC06DtPClrQW7VKy3bsKgl+T8F7L3bT0Nf
eAY=
-----END CERTIFICATE-----
 " 
/registry/configmaps/kube-node-lease/kube-root-ca.crt
k8s 

v1	ConfigMapÏ
ê
kube-root-ca.crt kube-node-lease" *$cea1b185-75b1-40da-87e3-2a1cc520db4c2 8 Bçø˜ç bÉ
kubernetes.io/descriptionÂContains a CA bundle that can be used to verify the kube-apiserver when using internal endpoints such as the internal service IP or kubernetes.default.svc. No other usage is guaranteed across distributions of Kubernetes clusters.z ä©
kube-controller-managerUpdatev1"çø˜ç 2FieldsV1:l
j{"f:data":{".":{},"f:ca.crt":{}},"f:metadata":{"f:annotations":{".":{},"f:kubernetes.io/description":{}}}}B ÷
ca.crtÀ-----BEGIN CERTIFICATE-----
MIIC/jCCAeagAwIBAgIBADANBgkqhkiG9w0BAQsFADAVMRMwEQYDVQQDEwprdWJl
cm5ldGVzMB4XDTIxMTIxODEzMTczOFoXDTMxMTIxNjEzMTczOFowFTETMBEGA1UE
AxMKa3ViZXJuZXRlczCCASIwDQYJKoZIhvcNAQEBBQADggEPADCCAQoCggEBAM9R
0owTD9X/+rGCsiDxBBlr1/sCiB54r16qrsbWC3iI0uyhHOnRcMu0Bb4dhoEgHpHr
z55dwifJIPKZhLNXBLGQMm9XXSHsDyrBT+IF3VOjWddcDTJe+mtaNGtbnrtGCrU0
630uEIgVyAKYNNvJ6kyzDFebYxXqQJncx12268USQ0pT0ndKbl5Yiv7T3P/iXMkg
NIlW1hRLsu5nBzwuDCe71gZIasmgdYmmLtx/jGPusnFTnLqBO8UFL5fmbGxJGiKs
C5t4TfSPHjHoZPLzTXcHSwboxQ6Dwn2v3ZgCr+OCVwVcwdqfIhVBHSNSJOG9g3sf
oil4LZY6Jc2ldow2ufECAwEAAaNZMFcwDgYDVR0PAQH/BAQDAgKkMA8GA1UdEwEB
/wQFMAMBAf8wHQYDVR0OBBYEFAnlC1O9RHp0hqvoZNikEbo1UGcQMBUGA1UdEQQO
MAyCCmt1YmVybmV0ZXMwDQYJKoZIhvcNAQELBQADggEBAE0gYbzoVHg6KoVMIzoX
kFVBeU1yTy1HEIx4ETdO5OgvD8VQ9kabrERrGSt3faeMz6Jvk95HaYeeLaOT4Byw
3/jtzvcbQQsc/ODb2vk9QzpHjTDJVpTLhJfyTSQekEVlwCE07tB+pb8eQYhopyTf
noh7WEvKpqIzCUfzC+ZsyiIwr5MkAK7kjjF3rq4F2dp1M+J1cMNHiw7Lvw5US2Su
ABR0SNxpdEkezUHPJfzSFXi1aSzxjtbge5W5NGCWRHEInzJvVDYjk5U/7NAOeArL
U7Qsj18WPM88UrDKCLPkDr6fGfqN+6qC06DtPClrQW7VKy3bsKgl+T8F7L3bT0Nf
eAY=
-----END CERTIFICATE-----
 " 
/registry/configmaps/kube-public/cluster-info
k8s 

v1	ConfigMap»
≥
cluster-info kube-public" *$11f170c2-ca4f-4fe2-8d7b-a391abdd2d662 8 B˛æ˜ç z ä[
Go-http-clientUpdatev1"˛æ˜ç 2FieldsV1:'
%{"f:data":{".":{},"f:kubeconfig":{}}}B è

kubeconfigÄapiVersion: v1
clusters:
- cluster:
    certificate-authority-data: LS0tLS1CRUdJTiBDRVJUSUZJQ0FURS0tLS0tCk1JSUMvakNDQWVhZ0F3SUJBZ0lCQURBTkJna3Foa2lHOXcwQkFRc0ZBREFWTVJNd0VRWURWUVFERXdwcmRXSmwKY201bGRHVnpNQjRYRFRJeE1USXhPREV6TVRjek9Gb1hEVE14TVRJeE5qRXpNVGN6T0Zvd0ZURVRNQkVHQTFVRQpBeE1LYTNWaVpYSnVaWFJsY3pDQ0FTSXdEUVlKS29aSWh2Y05BUUVCQlFBRGdnRVBBRENDQVFvQ2dnRUJBTTlSCjBvd1REOVgvK3JHQ3NpRHhCQmxyMS9zQ2lCNTRyMTZxcnNiV0MzaUkwdXloSE9uUmNNdTBCYjRkaG9FZ0hwSHIKejU1ZHdpZkpJUEtaaExOWEJMR1FNbTlYWFNIc0R5ckJUK0lGM1ZPaldkZGNEVEplK210YU5HdGJucnRHQ3JVMAo2MzB1RUlnVnlBS1lOTnZKNmt5ekRGZWJZeFhxUUpuY3gxMjI2OFVTUTBwVDBuZEtibDVZaXY3VDNQL2lYTWtnCk5JbFcxaFJMc3U1bkJ6d3VEQ2U3MWdaSWFzbWdkWW1tTHR4L2pHUHVzbkZUbkxxQk84VUZMNWZtYkd4SkdpS3MKQzV0NFRmU1BIakhvWlBMelRYY0hTd2JveFE2RHduMnYzWmdDcitPQ1Z3VmN3ZHFmSWhWQkhTTlNKT0c5ZzNzZgpvaWw0TFpZNkpjMmxkb3cydWZFQ0F3RUFBYU5aTUZjd0RnWURWUjBQQVFIL0JBUURBZ0trTUE4R0ExVWRFd0VCCi93UUZNQU1CQWY4d0hRWURWUjBPQkJZRUZBbmxDMU85UkhwMGhxdm9aTmlrRWJvMVVHY1FNQlVHQTFVZEVRUU8KTUF5Q0NtdDFZbVZ5Ym1WMFpYTXdEUVlKS29aSWh2Y05BUUVMQlFBRGdnRUJBRTBnWWJ6b1ZIZzZLb1ZNSXpvWAprRlZCZVUxeVR5MUhFSXg0RVRkTzVPZ3ZEOFZROWthYnJFUnJHU3QzZmFlTXo2SnZrOTVIYVllZUxhT1Q0Qnl3CjMvanR6dmNiUVFzYy9PRGIydms5UXpwSGpUREpWcFRMaEpmeVRTUWVrRVZsd0NFMDd0QitwYjhlUVlob3B5VGYKbm9oN1dFdktwcUl6Q1VmekMrWnN5aUl3cjVNa0FLN2tqakYzcnE0RjJkcDFNK0oxY01OSGl3N0x2dzVVUzJTdQpBQlIwU054cGRFa2V6VUhQSmZ6U0ZYaTFhU3p4anRiZ2U1VzVOR0NXUkhFSW56SnZWRFlqazVVLzdOQU9lQXJMClU3UXNqMThXUE04OFVyREtDTFBrRHI2ZkdmcU4rNnFDMDZEdFBDbHJRVzdWS3kzYnNLZ2wrVDhGN0wzYlQwTmYKZUFZPQotLS0tLUVORCBDRVJUSUZJQ0FURS0tLS0tCg==
    server: https://192.168.98.143:6443
  name: ""
contexts: null
current-context: ""
kind: Config
preferences: {}
users: null
 " 
/registry/configmaps/kube-public/kube-root-ca.crt
k8s 

v1	ConfigMapË
å
kube-root-ca.crt kube-public" *$76bddd6c-7a5a-4162-9980-d1b3e2216eb42 8 Bçø˜ç bÉ
kubernetes.io/descriptionÂContains a CA bundle that can be used to verify the kube-apiserver when using internal endpoints such as the internal service IP or kubernetes.default.svc. No other usage is guaranteed across distributions of Kubernetes clusters.z ä©
kube-controller-managerUpdatev1"çø˜ç 2FieldsV1:l
j{"f:data":{".":{},"f:ca.crt":{}},"f:metadata":{"f:annotations":{".":{},"f:kubernetes.io/description":{}}}}B ÷
ca.crtÀ-----BEGIN CERTIFICATE-----
MIIC/jCCAeagAwIBAgIBADANBgkqhkiG9w0BAQsFADAVMRMwEQYDVQQDEwprdWJl
cm5ldGVzMB4XDTIxMTIxODEzMTczOFoXDTMxMTIxNjEzMTczOFowFTETMBEGA1UE
AxMKa3ViZXJuZXRlczCCASIwDQYJKoZIhvcNAQEBBQADggEPADCCAQoCggEBAM9R
0owTD9X/+rGCsiDxBBlr1/sCiB54r16qrsbWC3iI0uyhHOnRcMu0Bb4dhoEgHpHr
z55dwifJIPKZhLNXBLGQMm9XXSHsDyrBT+IF3VOjWddcDTJe+mtaNGtbnrtGCrU0
630uEIgVyAKYNNvJ6kyzDFebYxXqQJncx12268USQ0pT0ndKbl5Yiv7T3P/iXMkg
NIlW1hRLsu5nBzwuDCe71gZIasmgdYmmLtx/jGPusnFTnLqBO8UFL5fmbGxJGiKs
C5t4TfSPHjHoZPLzTXcHSwboxQ6Dwn2v3ZgCr+OCVwVcwdqfIhVBHSNSJOG9g3sf
oil4LZY6Jc2ldow2ufECAwEAAaNZMFcwDgYDVR0PAQH/BAQDAgKkMA8GA1UdEwEB
/wQFMAMBAf8wHQYDVR0OBBYEFAnlC1O9RHp0hqvoZNikEbo1UGcQMBUGA1UdEQQO
MAyCCmt1YmVybmV0ZXMwDQYJKoZIhvcNAQELBQADggEBAE0gYbzoVHg6KoVMIzoX
kFVBeU1yTy1HEIx4ETdO5OgvD8VQ9kabrERrGSt3faeMz6Jvk95HaYeeLaOT4Byw
3/jtzvcbQQsc/ODb2vk9QzpHjTDJVpTLhJfyTSQekEVlwCE07tB+pb8eQYhopyTf
noh7WEvKpqIzCUfzC+ZsyiIwr5MkAK7kjjF3rq4F2dp1M+J1cMNHiw7Lvw5US2Su
ABR0SNxpdEkezUHPJfzSFXi1aSzxjtbge5W5NGCWRHEInzJvVDYjk5U/7NAOeArL
U7Qsj18WPM88UrDKCLPkDr6fGfqN+6qC06DtPClrQW7VKy3bsKgl+T8F7L3bT0Nf
eAY=
-----END CERTIFICATE-----
 " 
/registry/configmaps/kube-system/coredns
k8s 

v1	ConfigMapí
¨
coredns kube-system" *$c8ce1125-75da-4851-bf85-73ad8c0595802 8 Bˇæ˜ç z äY
Go-http-clientUpdatev1"ˇæ˜ç 2FieldsV1:%
#{"f:data":{".":{},"f:Corefile":{}}}B ‡
Corefile”.:53 {
    errors
    health {
       lameduck 5s
    }
    ready
    kubernetes cluster.local in-addr.arpa ip6.arpa {
       pods insecure
       fallthrough in-addr.arpa ip6.arpa
       ttl 30
    }
    prometheus :9153
    forward . /etc/resolv.conf {
       max_concurrent 1000
    }
    cache 30
    loop
    reload
    loadbalance
}
 " 
/registry/configmaps/kube-system/extension-apiserver-authentication
k8s 

v1	ConfigMap«
ä
"extension-apiserver-authentication kube-system" *$b0a28753-f3ac-4e16-a62e-cc52af04c6312 8 B˚æ˜ç z äõ
Go-http-clientUpdatev1"˚æ˜ç 2FieldsV1:Ê
„{"f:data":{".":{},"f:client-ca-file":{},"f:requestheader-allowed-names":{},"f:requestheader-client-ca-file":{},"f:requestheader-extra-headers-prefix":{},"f:requestheader-group-headers":{},"f:requestheader-username-headers":{}}}B ﬁ
client-ca-fileÀ-----BEGIN CERTIFICATE-----
MIIC/jCCAeagAwIBAgIBADANBgkqhkiG9w0BAQsFADAVMRMwEQYDVQQDEwprdWJl
cm5ldGVzMB4XDTIxMTIxODEzMTczOFoXDTMxMTIxNjEzMTczOFowFTETMBEGA1UE
AxMKa3ViZXJuZXRlczCCASIwDQYJKoZIhvcNAQEBBQADggEPADCCAQoCggEBAM9R
0owTD9X/+rGCsiDxBBlr1/sCiB54r16qrsbWC3iI0uyhHOnRcMu0Bb4dhoEgHpHr
z55dwifJIPKZhLNXBLGQMm9XXSHsDyrBT+IF3VOjWddcDTJe+mtaNGtbnrtGCrU0
630uEIgVyAKYNNvJ6kyzDFebYxXqQJncx12268USQ0pT0ndKbl5Yiv7T3P/iXMkg
NIlW1hRLsu5nBzwuDCe71gZIasmgdYmmLtx/jGPusnFTnLqBO8UFL5fmbGxJGiKs
C5t4TfSPHjHoZPLzTXcHSwboxQ6Dwn2v3ZgCr+OCVwVcwdqfIhVBHSNSJOG9g3sf
oil4LZY6Jc2ldow2ufECAwEAAaNZMFcwDgYDVR0PAQH/BAQDAgKkMA8GA1UdEwEB
/wQFMAMBAf8wHQYDVR0OBBYEFAnlC1O9RHp0hqvoZNikEbo1UGcQMBUGA1UdEQQO
MAyCCmt1YmVybmV0ZXMwDQYJKoZIhvcNAQELBQADggEBAE0gYbzoVHg6KoVMIzoX
kFVBeU1yTy1HEIx4ETdO5OgvD8VQ9kabrERrGSt3faeMz6Jvk95HaYeeLaOT4Byw
3/jtzvcbQQsc/ODb2vk9QzpHjTDJVpTLhJfyTSQekEVlwCE07tB+pb8eQYhopyTf
noh7WEvKpqIzCUfzC+ZsyiIwr5MkAK7kjjF3rq4F2dp1M+J1cMNHiw7Lvw5US2Su
ABR0SNxpdEkezUHPJfzSFXi1aSzxjtbge5W5NGCWRHEInzJvVDYjk5U/7NAOeArL
U7Qsj18WPM88UrDKCLPkDr6fGfqN+6qC06DtPClrQW7VKy3bsKgl+T8F7L3bT0Nf
eAY=
-----END CERTIFICATE-----
5
requestheader-allowed-names["front-proxy-client"]¸
requestheader-client-ca-file€-----BEGIN CERTIFICATE-----
MIIDCjCCAfKgAwIBAgIBADANBgkqhkiG9w0BAQsFADAZMRcwFQYDVQQDEw5mcm9u
dC1wcm94eS1jYTAeFw0yMTEyMTgxMzE3MzlaFw0zMTEyMTYxMzE3MzlaMBkxFzAV
BgNVBAMTDmZyb250LXByb3h5LWNhMIIBIjANBgkqhkiG9w0BAQEFAAOCAQ8AMIIB
CgKCAQEAwse+CqGC7OsleNj9lsov5H7iNDh89WYEn2S5jb75CIQMxouna4CgbpII
HJqI7wcoMzHEg2p7BnlqVFCKwD2EhruMWv2Viqx9RRyZtzVuIi4vHxFQ9KSEB4dd
wPYfPa8SksqEtNGkA+M3lrPgxqsvNrKIUUZeuhdjS+DYd3Q24/l41zWYzB1s6+M/
YxGDIlYyruGlqVvXmmraC5hvsd7/2OMycl/Eb15lfNQ4ZJXkZDV5BD093Ftgpx9F
Js7FadAPRiQ6kFKW99f1h4AyzUof3H0eAZdH3yfTVFkIeO+2T6tV3ayCyC+NYYtI
ZpOuolYowC6E8tXO+hD4k+pfPZzAbQIDAQABo10wWzAOBgNVHQ8BAf8EBAMCAqQw
DwYDVR0TAQH/BAUwAwEB/zAdBgNVHQ4EFgQUT7N1lUZhtD9muUHaOQywcqHF7t4w
GQYDVR0RBBIwEIIOZnJvbnQtcHJveHktY2EwDQYJKoZIhvcNAQELBQADggEBACe6
rJaQGqWpB4cfrkGd37H/JVTBaOy0k1yVeDll1NC8hhkSm84+5ve6sepICYh9pXR/
xFtg12FYtDfpdnmlts8h+khrrM5MTOiWFqGZN+kGDyg4I3NSBHCxFLo2kKC4YTDg
x1hMASfj8Evzdf0IX0h4m+8U/6p2ECo2sZc1RB1YlTHAyybp4LhCNMylyd9KiWD6
FLWqwBeDx4eMoUcxOHnWkjuf/cehXEMM8+/iF6sg6ga+iw5YxidZ4Rc+rSa2sg8H
ppoRhQWPAtSFDuht+plnSOsOxCsq4P3j6PXhzB/C5n0YwwMksNIX0Lk5aTxDZxgB
oLIr38JFWRgyMt1mvj0=
-----END CERTIFICATE-----
9
"requestheader-extra-headers-prefix["X-Remote-Extra-"]1
requestheader-group-headers["X-Remote-Group"]3
requestheader-username-headers["X-Remote-User"] " 
/registry/configmaps/kube-system/kube-proxy
k8s 

v1	ConfigMapª
—

kube-proxy kube-system" *$9bf0640c-0e1c-4c6e-8cd9-e2a29f4459b72 8 Bˇæ˜ç Z
app
kube-proxybv
+kubeadm.kubernetes.io/component-config.hashGsha256:c50804787a66d65e1ae51e28cdbfe4f5d239b8eaeaac14f9a246f84a86a35416z äÔ
Go-http-clientUpdatev1"ˇæ˜ç 2FieldsV1:∫
∑{"f:data":{".":{},"f:config.conf":{},"f:kubeconfig.conf":{}},"f:metadata":{"f:annotations":{".":{},"f:kubeadm.kubernetes.io/component-config.hash":{}},"f:labels":{".":{},"f:app":{}}}}B ∑
config.confßapiVersion: kubeproxy.config.k8s.io/v1alpha1
bindAddress: 0.0.0.0
bindAddressHardFail: false
clientConnection:
  acceptContentTypes: ""
  burst: 0
  contentType: ""
  kubeconfig: /var/lib/kube-proxy/kubeconfig.conf
  qps: 0
clusterCIDR: 10.244.0.0/16
configSyncPeriod: 0s
conntrack:
  maxPerCore: null
  min: null
  tcpCloseWaitTimeout: null
  tcpEstablishedTimeout: null
detectLocalMode: ""
enableProfiling: false
healthzBindAddress: ""
hostnameOverride: ""
iptables:
  masqueradeAll: false
  masqueradeBit: null
  minSyncPeriod: 0s
  syncPeriod: 0s
ipvs:
  excludeCIDRs: null
  minSyncPeriod: 0s
  scheduler: ""
  strictARP: false
  syncPeriod: 0s
  tcpFinTimeout: 0s
  tcpTimeout: 0s
  udpTimeout: 0s
kind: KubeProxyConfiguration
metricsBindAddress: ""
mode: ""
nodePortAddresses: null
oomScoreAdj: null
portRange: ""
showHiddenMetricsForVersion: ""
udpIdleTimeout: 0s
winkernel:
  enableDSR: false
  networkName: ""
  sourceVip: ""™
kubeconfig.confñapiVersion: v1
kind: Config
clusters:
- cluster:
    certificate-authority: /var/run/secrets/kubernetes.io/serviceaccount/ca.crt
    server: https://192.168.98.143:6443
  name: default
contexts:
- context:
    cluster: default
    namespace: default
    user: default
  name: default
current-context: default
users:
- name: default
  user:
    tokenFile: /var/run/secrets/kubernetes.io/serviceaccount/token " 
/registry/configmaps/kube-system/kube-root-ca.crt
k8s 

v1	ConfigMapË
å
kube-root-ca.crt kube-system" *$7a34b8f2-89f1-4110-a654-88bbbd9094f22 8 Bçø˜ç bÉ
kubernetes.io/descriptionÂContains a CA bundle that can be used to verify the kube-apiserver when using internal endpoints such as the internal service IP or kubernetes.default.svc. No other usage is guaranteed across distributions of Kubernetes clusters.z ä©
kube-controller-managerUpdatev1"çø˜ç 2FieldsV1:l
j{"f:data":{".":{},"f:ca.crt":{}},"f:metadata":{"f:annotations":{".":{},"f:kubernetes.io/description":{}}}}B ÷
ca.crtÀ-----BEGIN CERTIFICATE-----
MIIC/jCCAeagAwIBAgIBADANBgkqhkiG9w0BAQsFADAVMRMwEQYDVQQDEwprdWJl
cm5ldGVzMB4XDTIxMTIxODEzMTczOFoXDTMxMTIxNjEzMTczOFowFTETMBEGA1UE
AxMKa3ViZXJuZXRlczCCASIwDQYJKoZIhvcNAQEBBQADggEPADCCAQoCggEBAM9R
0owTD9X/+rGCsiDxBBlr1/sCiB54r16qrsbWC3iI0uyhHOnRcMu0Bb4dhoEgHpHr
z55dwifJIPKZhLNXBLGQMm9XXSHsDyrBT+IF3VOjWddcDTJe+mtaNGtbnrtGCrU0
630uEIgVyAKYNNvJ6kyzDFebYxXqQJncx12268USQ0pT0ndKbl5Yiv7T3P/iXMkg
NIlW1hRLsu5nBzwuDCe71gZIasmgdYmmLtx/jGPusnFTnLqBO8UFL5fmbGxJGiKs
C5t4TfSPHjHoZPLzTXcHSwboxQ6Dwn2v3ZgCr+OCVwVcwdqfIhVBHSNSJOG9g3sf
oil4LZY6Jc2ldow2ufECAwEAAaNZMFcwDgYDVR0PAQH/BAQDAgKkMA8GA1UdEwEB
/wQFMAMBAf8wHQYDVR0OBBYEFAnlC1O9RHp0hqvoZNikEbo1UGcQMBUGA1UdEQQO
MAyCCmt1YmVybmV0ZXMwDQYJKoZIhvcNAQELBQADggEBAE0gYbzoVHg6KoVMIzoX
kFVBeU1yTy1HEIx4ETdO5OgvD8VQ9kabrERrGSt3faeMz6Jvk95HaYeeLaOT4Byw
3/jtzvcbQQsc/ODb2vk9QzpHjTDJVpTLhJfyTSQekEVlwCE07tB+pb8eQYhopyTf
noh7WEvKpqIzCUfzC+ZsyiIwr5MkAK7kjjF3rq4F2dp1M+J1cMNHiw7Lvw5US2Su
ABR0SNxpdEkezUHPJfzSFXi1aSzxjtbge5W5NGCWRHEInzJvVDYjk5U/7NAOeArL
U7Qsj18WPM88UrDKCLPkDr6fGfqN+6qC06DtPClrQW7VKy3bsKgl+T8F7L3bT0Nf
eAY=
-----END CERTIFICATE-----
 " 
/registry/configmaps/kube-system/kubeadm-config
k8s 

v1	ConfigMapü
ø
kubeadm-config kube-system" *$d3affdd3-a099-481e-8efb-81db0649b5e32 8 B˝æ˜ç z äe
Go-http-clientUpdatev1"˝æ˜ç 2FieldsV1:1
/{"f:data":{".":{},"f:ClusterConfiguration":{}}}B ⁄
ClusterConfiguration¡apiServer:
  extraArgs:
    authorization-mode: Node,RBAC
  timeoutForControlPlane: 4m0s
apiVersion: kubeadm.k8s.io/v1beta3
certificatesDir: /etc/kubernetes/pki
clusterName: kubernetes
controllerManager: {}
dns: {}
etcd:
  local:
    dataDir: /var/lib/etcd
imageRepository: k8s.gcr.io
kind: ClusterConfiguration
kubernetesVersion: v1.23.1
networking:
  dnsDomain: cluster.local
  podSubnet: 10.244.0.0/16
  serviceSubnet: 10.96.0.0/12
scheduler: {}
 " 
/registry/configmaps/kube-system/kubelet-config-1.23
k8s 

v1	ConfigMapî
ã
kubelet-config-1.23 kube-system" *$09a4fa1c-2e9a-4d58-badf-1e86df390aa92 8 B˝æ˜ç bv
+kubeadm.kubernetes.io/component-config.hashGsha256:000a5dd81630f64bd6f310899359dfb9e8818fc8fe011b7fdc0ec73783a42452z ä≥
Go-http-clientUpdatev1"˝æ˜ç 2FieldsV1:
}{"f:data":{".":{},"f:kubelet":{}},"f:metadata":{"f:annotations":{".":{},"f:kubeadm.kubernetes.io/component-config.hash":{}}}}B É
kubelet˜apiVersion: kubelet.config.k8s.io/v1beta1
authentication:
  anonymous:
    enabled: false
  webhook:
    cacheTTL: 0s
    enabled: true
  x509:
    clientCAFile: /etc/kubernetes/pki/ca.crt
authorization:
  mode: Webhook
  webhook:
    cacheAuthorizedTTL: 0s
    cacheUnauthorizedTTL: 0s
cgroupDriver: systemd
clusterDNS:
- 10.96.0.10
clusterDomain: cluster.local
cpuManagerReconcilePeriod: 0s
evictionPressureTransitionPeriod: 0s
fileCheckFrequency: 0s
healthzBindAddress: 127.0.0.1
healthzPort: 10248
httpCheckFrequency: 0s
imageMinimumGCAge: 0s
kind: KubeletConfiguration
logging:
  flushFrequency: 0
  options:
    json:
      infoBufferSize: "0"
  verbosity: 0
memorySwap: {}
nodeStatusReportFrequency: 0s
nodeStatusUpdateFrequency: 0s
resolvConf: /run/systemd/resolve/resolv.conf
rotateCertificates: true
runtimeRequestTimeout: 0s
shutdownGracePeriod: 0s
shutdownGracePeriodCriticalPods: 0s
staticPodPath: /etc/kubernetes/manifests
streamingConnectionIdleTimeout: 0s
syncFrequency: 0s
volumeStatsAggPeriod: 0s
 " 
/registry/controllerrevisions/kube-system/kube-proxy-8485885f8b
k8s 

apps/v1ControllerRevision€
Ò
kube-proxy-8485885f8b kube-system" *$d9cd8cad-7ca3-49d1-ab49-76dc5e0a67de2 8 Bçø˜ç Z&
controller-revision-hash
8485885f8bZ
k8s-app
kube-proxyb-
(deprecated.daemonset.template.generation1jJ
	DaemonSet
kube-proxy"$39929ae1-dd45-45a6-ba56-c71506693116*apps/v108z ä’
kube-controller-managerUpdateapps/v1"çø˜ç 2FieldsV1:í
è{"f:data":{},"f:metadata":{"f:annotations":{".":{},"f:deprecated.daemonset.template.generation":{}},"f:labels":{".":{},"f:controller-revision-hash":{},"f:k8s-app":{}},"f:ownerReferences":{".":{},"k:{\"uid\":\"39929ae1-dd45-45a6-ba56-c71506693116\"}":{}}},"f:revision":{}}B ‚

ﬂ
{"spec":{"template":{"$patch":"replace","metadata":{"creationTimestamp":null,"labels":{"k8s-app":"kube-proxy"}},"spec":{"containers":[{"command":["/usr/local/bin/kube-proxy","--config=/var/lib/kube-proxy/config.conf","--hostname-override=$(NODE_NAME)"],"env":[{"name":"NODE_NAME","valueFrom":{"fieldRef":{"apiVersion":"v1","fieldPath":"spec.nodeName"}}}],"image":"k8s.gcr.io/kube-proxy:v1.23.1","imagePullPolicy":"IfNotPresent","name":"kube-proxy","resources":{},"securityContext":{"privileged":true},"terminationMessagePath":"/dev/termination-log","terminationMessagePolicy":"File","volumeMounts":[{"mountPath":"/var/lib/kube-proxy","name":"kube-proxy"},{"mountPath":"/run/xtables.lock","name":"xtables-lock"},{"mountPath":"/lib/modules","name":"lib-modules","readOnly":true}]}],"dnsPolicy":"ClusterFirst","hostNetwork":true,"nodeSelector":{"kubernetes.io/os":"linux"},"priorityClassName":"system-node-critical","restartPolicy":"Always","schedulerName":"default-scheduler","securityContext":{},"serviceAccount":"kube-proxy","serviceAccountName":"kube-proxy","terminationGracePeriodSeconds":30,"tolerations":[{"operator":"Exists"}],"volumes":[{"configMap":{"defaultMode":420,"name":"kube-proxy"},"name":"kube-proxy"},{"hostPath":{"path":"/run/xtables.lock","type":"FileOrCreate"},"name":"xtables-lock"},{"hostPath":{"path":"/lib/modules","type":""},"name":"lib-modules"}]}}}} " 
/registry/csinodes/ding-net-master
k8s 

storage.k8s.io/v1CSINodeü
ö
ding-net-master  " *$a36dd322-35c2-4263-85ce-146da59f4a452 8 B˚æ˜ç bà
,storage.alpha.kubernetes.io/migrated-pluginsXkubernetes.io/aws-ebs,kubernetes.io/azure-disk,kubernetes.io/cinder,kubernetes.io/gce-pdjA
Nodeding-net-master"$a5da11c4-9eb3-43a0-af6e-7270abd4c291*v1z ä˚
Go-http-clientUpdatestorage.k8s.io/v1"˚æ˜ç 2FieldsV1:∑
¥{"f:metadata":{"f:annotations":{".":{},"f:storage.alpha.kubernetes.io/migrated-plugins":{}},"f:ownerReferences":{".":{},"k:{\"uid\":\"a5da11c4-9eb3-43a0-af6e-7270abd4c291\"}":{}}}}B   " 
/registry/csinodes/ding-net-node-1
k8s 

storage.k8s.io/v1CSINodeü
ö
ding-net-node-1  " *$8be2968a-d414-4ff9-9ff2-7ff86b8ba6e02 8 B€ø˜ç bà
,storage.alpha.kubernetes.io/migrated-pluginsXkubernetes.io/aws-ebs,kubernetes.io/azure-disk,kubernetes.io/cinder,kubernetes.io/gce-pdjA
Nodeding-net-node-1"$30a8c6f0-793d-4240-ac57-3258eb4c08ee*v1z ä˚
Go-http-clientUpdatestorage.k8s.io/v1"€ø˜ç 2FieldsV1:∑
¥{"f:metadata":{"f:annotations":{".":{},"f:storage.alpha.kubernetes.io/migrated-plugins":{}},"f:ownerReferences":{".":{},"k:{\"uid\":\"30a8c6f0-793d-4240-ac57-3258eb4c08ee\"}":{}}}}B   " 
/registry/csinodes/ding-net-node-2
k8s 

storage.k8s.io/v1CSINodeü
ö
ding-net-node-2  " *$bd40159f-8715-4bba-8af5-43f2a90a5c932 8 Bç¡˜ç bà
,storage.alpha.kubernetes.io/migrated-pluginsXkubernetes.io/aws-ebs,kubernetes.io/azure-disk,kubernetes.io/cinder,kubernetes.io/gce-pdjA
Nodeding-net-node-2"$f050ae19-0d9f-4391-a7ea-4d72f9678fce*v1z ä˚
Go-http-clientUpdatestorage.k8s.io/v1"ç¡˜ç 2FieldsV1:∑
¥{"f:metadata":{"f:annotations":{".":{},"f:storage.alpha.kubernetes.io/migrated-plugins":{}},"f:ownerReferences":{".":{},"k:{\"uid\":\"f050ae19-0d9f-4391-a7ea-4d72f9678fce\"}":{}}}}B   " 
/registry/daemonsets/kube-system/kube-proxy
k8s 

apps/v1	DaemonSetã
É

kube-proxy kube-system" *$39929ae1-dd45-45a6-ba56-c715066931162 8Bˇæ˜ç Z
k8s-app
kube-proxyb-
(deprecated.daemonset.template.generation1z ä—
Go-http-clientUpdateapps/v1"ˇæ˜ç 2FieldsV1:ó
î{"f:metadata":{"f:annotations":{".":{},"f:deprecated.daemonset.template.generation":{}},"f:labels":{".":{},"f:k8s-app":{}}},"f:spec":{"f:revisionHistoryLimit":{},"f:selector":{},"f:template":{"f:metadata":{"f:labels":{".":{},"f:k8s-app":{}}},"f:spec":{"f:containers":{"k:{\"name\":\"kube-proxy\"}":{".":{},"f:command":{},"f:env":{".":{},"k:{\"name\":\"NODE_NAME\"}":{".":{},"f:name":{},"f:valueFrom":{".":{},"f:fieldRef":{}}}},"f:image":{},"f:imagePullPolicy":{},"f:name":{},"f:resources":{},"f:securityContext":{".":{},"f:privileged":{}},"f:terminationMessagePath":{},"f:terminationMessagePolicy":{},"f:volumeMounts":{".":{},"k:{\"mountPath\":\"/lib/modules\"}":{".":{},"f:mountPath":{},"f:name":{},"f:readOnly":{}},"k:{\"mountPath\":\"/run/xtables.lock\"}":{".":{},"f:mountPath":{},"f:name":{}},"k:{\"mountPath\":\"/var/lib/kube-proxy\"}":{".":{},"f:mountPath":{},"f:name":{}}}}},"f:dnsPolicy":{},"f:hostNetwork":{},"f:nodeSelector":{},"f:priorityClassName":{},"f:restartPolicy":{},"f:schedulerName":{},"f:securityContext":{},"f:serviceAccount":{},"f:serviceAccountName":{},"f:terminationGracePeriodSeconds":{},"f:tolerations":{},"f:volumes":{".":{},"k:{\"name\":\"kube-proxy\"}":{".":{},"f:configMap":{".":{},"f:defaultMode":{},"f:name":{}},"f:name":{}},"k:{\"name\":\"lib-modules\"}":{".":{},"f:hostPath":{".":{},"f:path":{},"f:type":{}},"f:name":{}},"k:{\"name\":\"xtables-lock\"}":{".":{},"f:hostPath":{".":{},"f:path":{},"f:type":{}},"f:name":{}}}}},"f:updateStrategy":{"f:rollingUpdate":{".":{},"f:maxSurge":{},"f:maxUnavailable":{}},"f:type":{}}}}B äë
kube-controller-managerUpdateapps/v1"ìûÉé 2FieldsV1:»
≈{"f:status":{"f:currentNumberScheduled":{},"f:desiredNumberScheduled":{},"f:numberAvailable":{},"f:numberReady":{},"f:numberUnavailable":{},"f:observedGeneration":{},"f:updatedNumberScheduled":{}}}Bstatus


k8s-app
kube-proxy≠
)
   " * 2 8 B Z
k8s-app
kube-proxyz ˇ
"

kube-proxyö


kube-proxy§
3
xtables-lock#
!
/run/xtables.lockFileOrCreate
!
lib-modules

/lib/modules È

kube-proxyk8s.gcr.io/kube-proxy:v1.23.1/usr/local/bin/kube-proxy(--config=/var/lib/kube-proxy/config.conf --hostname-override=$(NODE_NAME)* :$
	NODE_NAME 

v1spec.nodeNameB J'

kube-proxy /var/lib/kube-proxy" 2 J'
xtables-lock /run/xtables.lock" 2 J!
lib-modules/lib/modules" 2 j/dev/termination-logrIfNotPresentzÄ à ê ¢FileAlways 2ClusterFirst:
kubernetes.io/oslinuxB
kube-proxyJ
kube-proxyR X` h r Ç ä ödefault-scheduler≤
 Exists " ¬system-node-critical!
RollingUpdate
       0
  (08@ " 
/registry/deployments/kube-system/coredns
k8s 

apps/v1
DeploymentÇ
¨
coredns kube-system" *$60e40757-e575-4584-b820-d1e651017fa22 8Bˇæ˜ç Z
k8s-appkube-dnsb&
!deployment.kubernetes.io/revision1z ä‹
Go-http-clientUpdateapps/v1"ˇæ˜ç 2FieldsV1:¢
ü{"f:metadata":{"f:labels":{".":{},"f:k8s-app":{}}},"f:spec":{"f:progressDeadlineSeconds":{},"f:replicas":{},"f:revisionHistoryLimit":{},"f:selector":{},"f:strategy":{"f:rollingUpdate":{".":{},"f:maxSurge":{},"f:maxUnavailable":{}},"f:type":{}},"f:template":{"f:metadata":{"f:labels":{".":{},"f:k8s-app":{}}},"f:spec":{"f:containers":{"k:{\"name\":\"coredns\"}":{".":{},"f:args":{},"f:image":{},"f:imagePullPolicy":{},"f:livenessProbe":{".":{},"f:failureThreshold":{},"f:httpGet":{".":{},"f:path":{},"f:port":{},"f:scheme":{}},"f:initialDelaySeconds":{},"f:periodSeconds":{},"f:successThreshold":{},"f:timeoutSeconds":{}},"f:name":{},"f:ports":{".":{},"k:{\"containerPort\":53,\"protocol\":\"TCP\"}":{".":{},"f:containerPort":{},"f:name":{},"f:protocol":{}},"k:{\"containerPort\":53,\"protocol\":\"UDP\"}":{".":{},"f:containerPort":{},"f:name":{},"f:protocol":{}},"k:{\"containerPort\":9153,\"protocol\":\"TCP\"}":{".":{},"f:containerPort":{},"f:name":{},"f:protocol":{}}},"f:readinessProbe":{".":{},"f:failureThreshold":{},"f:httpGet":{".":{},"f:path":{},"f:port":{},"f:scheme":{}},"f:periodSeconds":{},"f:successThreshold":{},"f:timeoutSeconds":{}},"f:resources":{".":{},"f:limits":{".":{},"f:memory":{}},"f:requests":{".":{},"f:cpu":{},"f:memory":{}}},"f:securityContext":{".":{},"f:allowPrivilegeEscalation":{},"f:capabilities":{".":{},"f:add":{},"f:drop":{}},"f:readOnlyRootFilesystem":{}},"f:terminationMessagePath":{},"f:terminationMessagePolicy":{},"f:volumeMounts":{".":{},"k:{\"mountPath\":\"/etc/coredns\"}":{".":{},"f:mountPath":{},"f:name":{},"f:readOnly":{}}}}},"f:dnsPolicy":{},"f:nodeSelector":{},"f:priorityClassName":{},"f:restartPolicy":{},"f:schedulerName":{},"f:securityContext":{},"f:serviceAccount":{},"f:serviceAccountName":{},"f:terminationGracePeriodSeconds":{},"f:tolerations":{},"f:volumes":{".":{},"k:{\"name\":\"config-volume\"}":{".":{},"f:configMap":{".":{},"f:defaultMode":{},"f:items":{},"f:name":{}},"f:name":{}}}}}}}B äª
kube-controller-managerUpdateapps/v1"çø˜ç 2FieldsV1:Ú
Ô{"f:metadata":{"f:annotations":{".":{},"f:deployment.kubernetes.io/revision":{}}},"f:status":{"f:conditions":{".":{},"k:{\"type\":\"Available\"}":{".":{},"f:lastTransitionTime":{},"f:lastUpdateTime":{},"f:message":{},"f:reason":{},"f:status":{},"f:type":{}},"k:{\"type\":\"Progressing\"}":{".":{},"f:lastTransitionTime":{},"f:lastUpdateTime":{},"f:message":{},"f:reason":{},"f:status":{},"f:type":{}}},"f:observedGeneration":{},"f:replicas":{},"f:unavailableReplicas":{},"f:updatedReplicas":{}}}BstatusŒ

k8s-appkube-dnsÉ
'
   " * 2 8 B Z
k8s-appkube-dnsz ◊
8
config-volume'ö$
	
coredns
CorefileCorefile§å
coredns!k8s.gcr.io/coredns/coredns:v1.8.6"-conf"/etc/coredns/Corefile* 2
dns 5"UDP* 2
dns-tcp 5"TCP* 2
metrics ¡G"TCP* B4

memory
170Mi
cpu
100m
memory
70MiJ#
config-volume/etc/coredns" 2 R(

/health ê?  "HTTP< 
(0Z'

/ready ı?  "HTTP  
(0j/dev/termination-logrIfNotPresentz

NET_BIND_SERVICEall08 Ä à ê ¢FileAlways 2Default:
kubernetes.io/oslinuxBcorednsJcorednsR X ` h r Ç ä ödefault-scheduler≤ 
CriticalAddonsOnlyExists " ≤0
node-role.kubernetes.io/master  "
NoSchedule≤7
%node-role.kubernetes.io/control-plane  "
NoSchedule¬system-cluster-critical"$
RollingUpdate
  	 25%( 0
8 Hÿˇ  (2r
	AvailableFalse"MinimumReplicasUnavailable*.Deployment does not have minimum availability.2çø˜ç :çø˜ç 2}
ProgressingFalse"ProgressDeadlineExceeded*9ReplicaSet "coredns-64897985d" has timed out progressing.2Ê√˜ç :Ê√˜ç 8  " 
/registry/endpointslices/default/kubernetes
k8s 
)
discovery.k8s.io/v1beta1EndpointSliceÎ
ª

kubernetes default" *$c50f9acb-2516-4709-a88c-ed486d1ecad72 8B˝æ˜ç Z(
kubernetes.io/service-name
kubernetesz äæ
kube-apiserverUpdatediscovery.k8s.io/v1"˝æ˜ç 2FieldsV1:y
w{"f:addressType":{},"f:endpoints":{},"f:metadata":{"f:labels":{".":{},"f:kubernetes.io/service-name":{}}},"f:ports":{}}B 
192.168.98.143
httpsTCP´2"IPv4 " 
/registry/endpointslices/kube-system/kube-dns-cdnmw
k8s 
)
discovery.k8s.io/v1beta1EndpointSliceê
á
kube-dns-cdnmw	kube-dns-kube-system" *$80e1c284-ac94-46e1-bf23-6192b17901652 8Bçø˜ç ZI
&endpointslice.kubernetes.io/managed-byendpointslice-controller.k8s.ioZ
k8s-appkube-dnsZ%
kubernetes.io/cluster-servicetrueZ
kubernetes.io/nameCoreDNSZ&
kubernetes.io/service-namekube-dnsjA
Servicekube-dns"$9dfb5b96-ba09-4360-89a2-0b86d6df4a9f*v108z äí
kube-controller-managerUpdatediscovery.k8s.io/v1"©õàé 2FieldsV1:√
¿{"f:addressType":{},"f:metadata":{"f:generateName":{},"f:labels":{".":{},"f:endpointslice.kubernetes.io/managed-by":{},"f:k8s-app":{},"f:kubernetes.io/cluster-service":{},"f:kubernetes.io/name":{},"f:kubernetes.io/service-name":{}},"f:ownerReferences":{".":{},"k:{\"uid\":\"9dfb5b96-ba09-4360-89a2-0b86d6df4a9f\"}":{}}}}B "IPv4 " 
/registry/events/kube-system/coredns-64897985d-vq7q7.16c2d4fdd966e800
k8s 

v1Event≥
»
(coredns-64897985d-vq7q7.16c2d4fdd966e800 kube-system" *$273445f6-101f-426e-a988-39a946ba05142 8 Bèõàé z ä”
kubeletUpdatev1"èõàé 2FieldsV1:•
¢{"f:count":{},"f:firstTimestamp":{},"f:involvedObject":{},"f:lastTimestamp":{},"f:message":{},"f:reason":{},"f:source":{"f:component":{},"f:host":{}},"f:type":{}}B ^
Podkube-systemcoredns-64897985d-vq7q7"$60a41bb2-2e79-4bbc-8cd8-f69397fbf823*v1256881: NetworkNotReady"∞network is not ready: container runtime network not ready: NetworkReady=false reason:NetworkPluginNotReady message:docker: network plugin is not ready: cni config uninitialized*
kubeletding-net-master2âõàé :Ì˝åé @˜qJWarningR b r z  " 
/registry/events/kube-system/coredns-64897985d-wjwxv.16c2d4fdd9175f4d
k8s 

v1Event≥
»
(coredns-64897985d-wjwxv.16c2d4fdd9175f4d kube-system" *$9a9325f8-2864-42ec-a747-fe1c4417ffd32 8 Bèõàé z ä”
kubeletUpdatev1"èõàé 2FieldsV1:•
¢{"f:count":{},"f:firstTimestamp":{},"f:involvedObject":{},"f:lastTimestamp":{},"f:message":{},"f:reason":{},"f:source":{"f:component":{},"f:host":{}},"f:type":{}}B ^
Podkube-systemcoredns-64897985d-wjwxv"$6ce4c46e-ff84-43c9-8ea2-dfe62f7c0f06*v1256880: NetworkNotReady"∞network is not ready: container runtime network not ready: NetworkReady=false reason:NetworkPluginNotReady message:docker: network plugin is not ready: cni config uninitialized*
kubeletding-net-master2âõàé :Ì˝åé @¯qJWarningR b r z  " 
/registry/events/kube-system/kube-controller-manager-ding-net-master.16c3069a62e3ec76
k8s 

v1Event¯
ÿ
8kube-controller-manager-ding-net-master.16c3069a62e3ec76 kube-system" *$0057f38d-8897-4565-b7cf-fc8ff53f9e242 8 B≠Ùåé z ä”
kubeletUpdatev1"≠Ùåé 2FieldsV1:•
¢{"f:count":{},"f:firstTimestamp":{},"f:involvedObject":{},"f:lastTimestamp":{},"f:message":{},"f:reason":{},"f:source":{"f:component":{},"f:host":{}},"f:type":{}}B ç
Podkube-system'kube-controller-manager-ding-net-master" e6792705e377e0d18e9f82f7e6590838*v12 :(spec.containers{kube-controller-manager}	Unhealthy"=Liveness probe failed: HTTP probe failed with statuscode: 500*
kubeletding-net-master2ù≈ãé :©Ùåé @JWarningR b r z  " 
/registry/flowschemas/catch-all
k8s 
2
$flowcontrol.apiserver.k8s.io/v1beta1
FlowSchemaÒ
Í
	catch-all  " *$6fc4d759-0527-4b17-b245-9d344e97ede32 8B˚æ˜ç b)
!apf.kubernetes.io/autoupdate-spectruez äö
,api-priority-and-fairness-config-consumer-v1Update$flowcontrol.apiserver.k8s.io/v1beta2"˚æ˜ç 2FieldsV1:ü
ú{"f:status":{"f:conditions":{".":{},"k:{\"type\":\"Dangling\"}":{".":{},"f:lastTransitionTime":{},"f:message":{},"f:reason":{},"f:status":{},"f:type":{}}}}}Bstatusä÷
,api-priority-and-fairness-config-producer-v1Update$flowcontrol.apiserver.k8s.io/v1beta2"˚æ˜ç 2FieldsV1:·
ﬁ{"f:metadata":{"f:annotations":{".":{},"f:apf.kubernetes.io/autoupdate-spec":{}}},"f:spec":{"f:distinguisherMethod":{".":{},"f:type":{}},"f:matchingPrecedence":{},"f:priorityLevelConfiguration":{"f:name":{}},"f:rules":{}}}B x

	catch-allêN
ByUser"\
!
Group
system:unauthenticated

Group
system:authenticated
*** **
*2*á
Ñ
DanglingFalse˚æ˜ç "Found*`This FlowSchema references the PriorityLevelConfiguration object named "catch-all" and it exists " 
/registry/flowschemas/exempt
k8s 
2
$flowcontrol.apiserver.k8s.io/v1beta1
FlowSchemaá
∫
exempt  " *$d35336a3-208b-44f4-a738-3cc349b906912 8B˚æ˜ç b)
!apf.kubernetes.io/autoupdate-spectruez äö
,api-priority-and-fairness-config-consumer-v1Update$flowcontrol.apiserver.k8s.io/v1beta2"˚æ˜ç 2FieldsV1:ü
ú{"f:status":{"f:conditions":{".":{},"k:{\"type\":\"Dangling\"}":{".":{},"f:lastTransitionTime":{},"f:message":{},"f:reason":{},"f:status":{},"f:type":{}}}}}Bstatusä©
,api-priority-and-fairness-config-producer-v1Update$flowcontrol.apiserver.k8s.io/v1beta2"˚æ˜ç 2FieldsV1:¥
±{"f:metadata":{"f:annotations":{".":{},"f:apf.kubernetes.io/autoupdate-spec":{}}},"f:spec":{"f:matchingPrecedence":{},"f:priorityLevelConfiguration":{"f:name":{}},"f:rules":{}}}B A

exempt"3

Group
system:masters
*** **
*2*Ñ
Å
DanglingFalse˚æ˜ç "Found*]This FlowSchema references the PriorityLevelConfiguration object named "exempt" and it exists " 
/registry/flowschemas/global-default
k8s 
2
$flowcontrol.apiserver.k8s.io/v1beta1
FlowSchemaÄ
Ô
global-default  " *$5b497c7e-0271-4b12-929e-8b7aa60ecc802 8B˚æ˜ç b)
!apf.kubernetes.io/autoupdate-spectruez äö
,api-priority-and-fairness-config-consumer-v1Update$flowcontrol.apiserver.k8s.io/v1beta2"˚æ˜ç 2FieldsV1:ü
ú{"f:status":{"f:conditions":{".":{},"k:{\"type\":\"Dangling\"}":{".":{},"f:lastTransitionTime":{},"f:message":{},"f:reason":{},"f:status":{},"f:type":{}}}}}Bstatusä÷
,api-priority-and-fairness-config-producer-v1Update$flowcontrol.apiserver.k8s.io/v1beta2"˚æ˜ç 2FieldsV1:·
ﬁ{"f:metadata":{"f:annotations":{".":{},"f:apf.kubernetes.io/autoupdate-spec":{}}},"f:spec":{"f:distinguisherMethod":{".":{},"f:type":{}},"f:matchingPrecedence":{},"f:priorityLevelConfiguration":{"f:name":{}},"f:rules":{}}}B }

global-default¨M
ByUser"\
!
Group
system:unauthenticated

Group
system:authenticated
*** **
*2*å
â
DanglingFalse˚æ˜ç "Found*eThis FlowSchema references the PriorityLevelConfiguration object named "global-default" and it exists " 
/registry/flowschemas/kube-controller-manager
k8s 
2
$flowcontrol.apiserver.k8s.io/v1beta1
FlowSchemaÚ
¯
kube-controller-manager  " *$cb4caed0-1711-46b2-952c-2bdb682059072 8B˚æ˜ç b)
!apf.kubernetes.io/autoupdate-spectruez äö
,api-priority-and-fairness-config-consumer-v1Update$flowcontrol.apiserver.k8s.io/v1beta2"˚æ˜ç 2FieldsV1:ü
ú{"f:status":{"f:conditions":{".":{},"k:{\"type\":\"Dangling\"}":{".":{},"f:lastTransitionTime":{},"f:message":{},"f:reason":{},"f:status":{},"f:type":{}}}}}Bstatusä÷
,api-priority-and-fairness-config-producer-v1Update$flowcontrol.apiserver.k8s.io/v1beta2"˚æ˜ç 2FieldsV1:·
ﬁ{"f:metadata":{"f:annotations":{".":{},"f:apf.kubernetes.io/autoupdate-spec":{}}},"f:spec":{"f:distinguisherMethod":{".":{},"f:type":{}},"f:matchingPrecedence":{},"f:priorityLevelConfiguration":{"f:name":{}},"f:rules":{}}}B g

workload-high†
ByNamespace"B
(
User 
system:kube-controller-manager
*** **
*2*ã
à
DanglingFalse˚æ˜ç "Found*dThis FlowSchema references the PriorityLevelConfiguration object named "workload-high" and it exists " 
/registry/flowschemas/kube-scheduler
k8s 
2
$flowcontrol.apiserver.k8s.io/v1beta1
FlowSchema‡
Ô
kube-scheduler  " *$f1d770e3-97ef-4ca0-a350-81d2d4344d782 8B˚æ˜ç b)
!apf.kubernetes.io/autoupdate-spectruez äö
,api-priority-and-fairness-config-consumer-v1Update$flowcontrol.apiserver.k8s.io/v1beta2"˚æ˜ç 2FieldsV1:ü
ú{"f:status":{"f:conditions":{".":{},"k:{\"type\":\"Dangling\"}":{".":{},"f:lastTransitionTime":{},"f:message":{},"f:reason":{},"f:status":{},"f:type":{}}}}}Bstatusä÷
,api-priority-and-fairness-config-producer-v1Update$flowcontrol.apiserver.k8s.io/v1beta2"˚æ˜ç 2FieldsV1:·
ﬁ{"f:metadata":{"f:annotations":{".":{},"f:apf.kubernetes.io/autoupdate-spec":{}}},"f:spec":{"f:distinguisherMethod":{".":{},"f:type":{}},"f:matchingPrecedence":{},"f:priorityLevelConfiguration":{"f:name":{}},"f:rules":{}}}B ^

workload-high†
ByNamespace"9

User
system:kube-scheduler
*** **
*2*ã
à
DanglingFalse˚æ˜ç "Found*dThis FlowSchema references the PriorityLevelConfiguration object named "workload-high" and it exists " 
/registry/flowschemas/kube-system-service-accounts
k8s 
2
$flowcontrol.apiserver.k8s.io/v1beta1
FlowSchemaÒ
˝
kube-system-service-accounts  " *$9711051a-b7e8-48df-b7bd-edfc3399962a2 8B˚æ˜ç b)
!apf.kubernetes.io/autoupdate-spectruez äö
,api-priority-and-fairness-config-consumer-v1Update$flowcontrol.apiserver.k8s.io/v1beta2"˚æ˜ç 2FieldsV1:ü
ú{"f:status":{"f:conditions":{".":{},"k:{\"type\":\"Dangling\"}":{".":{},"f:lastTransitionTime":{},"f:message":{},"f:reason":{},"f:status":{},"f:type":{}}}}}Bstatusä÷
,api-priority-and-fairness-config-producer-v1Update$flowcontrol.apiserver.k8s.io/v1beta2"˚æ˜ç 2FieldsV1:·
ﬁ{"f:metadata":{"f:annotations":{".":{},"f:apf.kubernetes.io/autoupdate-spec":{}}},"f:spec":{"f:distinguisherMethod":{".":{},"f:type":{}},"f:matchingPrecedence":{},"f:priorityLevelConfiguration":{"f:name":{}},"f:rules":{}}}B a

workload-highÑ
ByNamespace"<
"
ServiceAccount"
kube-system*
*** **
*2*ã
à
DanglingFalse˚æ˜ç "Found*dThis FlowSchema references the PriorityLevelConfiguration object named "workload-high" and it exists " 
/registry/flowschemas/probes
k8s 
2
$flowcontrol.apiserver.k8s.io/v1beta1
FlowSchema∫
∫
probes  " *$d5090e3f-513e-4cda-bae2-3759997f65bf2 8B˚æ˜ç b)
!apf.kubernetes.io/autoupdate-spectruez äö
,api-priority-and-fairness-config-consumer-v1Update$flowcontrol.apiserver.k8s.io/v1beta2"˚æ˜ç 2FieldsV1:ü
ú{"f:status":{"f:conditions":{".":{},"k:{\"type\":\"Dangling\"}":{".":{},"f:lastTransitionTime":{},"f:message":{},"f:reason":{},"f:status":{},"f:type":{}}}}}Bstatusä©
,api-priority-and-fairness-config-producer-v1Update$flowcontrol.apiserver.k8s.io/v1beta2"˚æ˜ç 2FieldsV1:¥
±{"f:metadata":{"f:annotations":{".":{},"f:apf.kubernetes.io/autoupdate-spec":{}}},"f:spec":{"f:matchingPrecedence":{},"f:priorityLevelConfiguration":{"f:name":{}},"f:rules":{}}}B t

exempt"f
!
Group
system:unauthenticated

Group
system:authenticated 
get2/healthz2/readyz2/livezÑ
Å
DanglingFalse˚æ˜ç "Found*]This FlowSchema references the PriorityLevelConfiguration object named "exempt" and it exists " 
/registry/flowschemas/service-accounts
k8s 
2
$flowcontrol.apiserver.k8s.io/v1beta1
FlowSchema›
Ò
service-accounts  " *$00ebffeb-5f92-4f83-98a0-42690dce3f322 8B˚æ˜ç b)
!apf.kubernetes.io/autoupdate-spectruez äö
,api-priority-and-fairness-config-consumer-v1Update$flowcontrol.apiserver.k8s.io/v1beta2"˚æ˜ç 2FieldsV1:ü
ú{"f:status":{"f:conditions":{".":{},"k:{\"type\":\"Dangling\"}":{".":{},"f:lastTransitionTime":{},"f:message":{},"f:reason":{},"f:status":{},"f:type":{}}}}}Bstatusä÷
,api-priority-and-fairness-config-producer-v1Update$flowcontrol.apiserver.k8s.io/v1beta2"˚æ˜ç 2FieldsV1:·
ﬁ{"f:metadata":{"f:annotations":{".":{},"f:apf.kubernetes.io/autoupdate-spec":{}}},"f:spec":{"f:distinguisherMethod":{".":{},"f:type":{}},"f:matchingPrecedence":{},"f:priorityLevelConfiguration":{"f:name":{}},"f:rules":{}}}B Z

workload-low®F
ByUser";
!
Group
system:serviceaccounts
*** **
*2*ä
á
DanglingFalse˚æ˜ç "Found*cThis FlowSchema references the PriorityLevelConfiguration object named "workload-low" and it exists " 
/registry/flowschemas/system-leader-election
k8s 
2
$flowcontrol.apiserver.k8s.io/v1beta1
FlowSchemañ	
˜
system-leader-election  " *$126c987c-e943-4418-92da-ae9fc7463f262 8B˚æ˜ç b)
!apf.kubernetes.io/autoupdate-spectruez äö
,api-priority-and-fairness-config-consumer-v1Update$flowcontrol.apiserver.k8s.io/v1beta2"˚æ˜ç 2FieldsV1:ü
ú{"f:status":{"f:conditions":{".":{},"k:{\"type\":\"Dangling\"}":{".":{},"f:lastTransitionTime":{},"f:message":{},"f:reason":{},"f:status":{},"f:type":{}}}}}Bstatusä÷
,api-priority-and-fairness-config-producer-v1Update$flowcontrol.apiserver.k8s.io/v1beta2"˚æ˜ç 2FieldsV1:·
ﬁ{"f:metadata":{"f:annotations":{".":{},"f:apf.kubernetes.io/autoupdate-spec":{}}},"f:spec":{"f:distinguisherMethod":{".":{},"f:type":{}},"f:matchingPrecedence":{},"f:priorityLevelConfiguration":{"f:name":{}},"f:rules":{}}}B â

leader-electiond
ByUser"Á
(
User 
system:kube-controller-manager

User
system:kube-scheduler
"
ServiceAccount"
kube-system*=
get
create
update 	endpoints
configmaps  *kube-system7
get
create
updatecoordination.k8s.ioleases  **ç
ä
DanglingFalse˚æ˜ç "Found*fThis FlowSchema references the PriorityLevelConfiguration object named "leader-election" and it exists " 
/registry/flowschemas/system-node-high
k8s 
2
$flowcontrol.apiserver.k8s.io/v1beta1
FlowSchema˝
Ò
system-node-high  " *$cc30d613-7ac3-4ab6-a38f-4b8d8bf060ee2 8B˚æ˜ç b)
!apf.kubernetes.io/autoupdate-spectruez äö
,api-priority-and-fairness-config-consumer-v1Update$flowcontrol.apiserver.k8s.io/v1beta2"˚æ˜ç 2FieldsV1:ü
ú{"f:status":{"f:conditions":{".":{},"k:{\"type\":\"Dangling\"}":{".":{},"f:lastTransitionTime":{},"f:message":{},"f:reason":{},"f:status":{},"f:type":{}}}}}Bstatusä÷
,api-priority-and-fairness-config-producer-v1Update$flowcontrol.apiserver.k8s.io/v1beta2"˚æ˜ç 2FieldsV1:·
ﬁ{"f:metadata":{"f:annotations":{".":{},"f:apf.kubernetes.io/autoupdate-spec":{}}},"f:spec":{"f:distinguisherMethod":{".":{},"f:type":{}},"f:matchingPrecedence":{},"f:priorityLevelConfiguration":{"f:name":{}},"f:rules":{}}}B }

	node-highê
ByUser"a

Group
system:nodes
* nodesnodes/status **%
*coordination.k8s.ioleases  **á
Ñ
DanglingFalse˚æ˜ç "Found*`This FlowSchema references the PriorityLevelConfiguration object named "node-high" and it exists " 
/registry/flowschemas/system-nodes
k8s 
2
$flowcontrol.apiserver.k8s.io/v1beta1
FlowSchema√
Ì
system-nodes  " *$1aff9447-9304-475c-a489-2962983d173a2 8B˚æ˜ç b)
!apf.kubernetes.io/autoupdate-spectruez äö
,api-priority-and-fairness-config-consumer-v1Update$flowcontrol.apiserver.k8s.io/v1beta2"˚æ˜ç 2FieldsV1:ü
ú{"f:status":{"f:conditions":{".":{},"k:{\"type\":\"Dangling\"}":{".":{},"f:lastTransitionTime":{},"f:message":{},"f:reason":{},"f:status":{},"f:type":{}}}}}Bstatusä÷
,api-priority-and-fairness-config-producer-v1Update$flowcontrol.apiserver.k8s.io/v1beta2"˚æ˜ç 2FieldsV1:·
ﬁ{"f:metadata":{"f:annotations":{".":{},"f:apf.kubernetes.io/autoupdate-spec":{}}},"f:spec":{"f:distinguisherMethod":{".":{},"f:type":{}},"f:matchingPrecedence":{},"f:priorityLevelConfiguration":{"f:name":{}},"f:rules":{}}}B J

systemÙ
ByUser"1

Group
system:nodes
*** **
*2*Ñ
Å
DanglingFalse˚æ˜ç "Found*]This FlowSchema references the PriorityLevelConfiguration object named "system" and it exists " 
/registry/flowschemas/workload-leader-election
k8s 
2
$flowcontrol.apiserver.k8s.io/v1beta1
FlowSchemaƒ
˘
workload-leader-election  " *$2e473183-1aab-410a-9ac0-595f81a80d862 8B˚æ˜ç b)
!apf.kubernetes.io/autoupdate-spectruez äö
,api-priority-and-fairness-config-consumer-v1Update$flowcontrol.apiserver.k8s.io/v1beta2"˚æ˜ç 2FieldsV1:ü
ú{"f:status":{"f:conditions":{".":{},"k:{\"type\":\"Dangling\"}":{".":{},"f:lastTransitionTime":{},"f:message":{},"f:reason":{},"f:status":{},"f:type":{}}}}}Bstatusä÷
,api-priority-and-fairness-config-producer-v1Update$flowcontrol.apiserver.k8s.io/v1beta2"˚æ˜ç 2FieldsV1:·
ﬁ{"f:metadata":{"f:annotations":{".":{},"f:apf.kubernetes.io/autoupdate-spec":{}}},"f:spec":{"f:distinguisherMethod":{".":{},"f:type":{}},"f:matchingPrecedence":{},"f:priorityLevelConfiguration":{"f:name":{}},"f:rules":{}}}B µ

leader-election»
ByUser"í
"
ServiceAccount"
kube-system*3
get
create
update 	endpoints
configmaps  **7
get
create
updatecoordination.k8s.ioleases  **ç
ä
DanglingFalse˚æ˜ç "Found*fThis FlowSchema references the PriorityLevelConfiguration object named "leader-election" and it exists " 
/registry/leases/kube-node-lease/ding-net-master
k8s 

coordination.k8s.io/v1Lease 
§
ding-net-master kube-node-lease" *$6f9a0445-9aa7-4ad9-a611-56575217cbfa2 8 Bˇæ˜ç jA
Nodeding-net-master"$a5da11c4-9eb3-43a0-af6e-7270abd4c291*v1z äÅ
Go-http-clientUpdatecoordination.k8s.io/v1"ˇæ˜ç 2FieldsV1:∏
µ{"f:metadata":{"f:ownerReferences":{".":{},"k:{\"uid\":\"a5da11c4-9eb3-43a0-af6e-7270abd4c291\"}":{}}},"f:spec":{"f:holderIdentity":{},"f:leaseDurationSeconds":{},"f:renewTime":{}}}B !
ding-net-master("‹˛åéÿß°° " 
/registry/leases/kube-node-lease/ding-net-node-1
k8s 

coordination.k8s.io/v1Lease 
§
ding-net-node-1 kube-node-lease" *$506c95d0-325f-40d2-a279-34dbedb99af82 8 B‰ø˜ç jA
Nodeding-net-node-1"$30a8c6f0-793d-4240-ac57-3258eb4c08ee*v1z äÅ
Go-http-clientUpdatecoordination.k8s.io/v1"‰ø˜ç 2FieldsV1:∏
µ{"f:metadata":{"f:ownerReferences":{".":{},"k:{\"uid\":\"30a8c6f0-793d-4240-ac57-3258eb4c08ee\"}":{}}},"f:spec":{"f:holderIdentity":{},"f:leaseDurationSeconds":{},"f:renewTime":{}}}B !
ding-net-node-1("›˛åé¿ëáÔ " 
/registry/leases/kube-node-lease/ding-net-node-2
k8s 

coordination.k8s.io/v1Lease 
§
ding-net-node-2 kube-node-lease" *$564f8178-15cd-4413-bb57-3c710776a4892 8 Bñ¡˜ç jA
Nodeding-net-node-2"$f050ae19-0d9f-4391-a7ea-4d72f9678fce*v1z äÅ
Go-http-clientUpdatecoordination.k8s.io/v1"ñ¡˜ç 2FieldsV1:∏
µ{"f:metadata":{"f:ownerReferences":{".":{},"k:{\"uid\":\"f050ae19-0d9f-4391-a7ea-4d72f9678fce\"}":{}}},"f:spec":{"f:holderIdentity":{},"f:leaseDurationSeconds":{},"f:renewTime":{}}}B !
ding-net-node-2("‘´˝çÒâø⁄ " 
/registry/leases/kube-system/kube-controller-manager
k8s 

coordination.k8s.io/v1Leaseå
±
kube-controller-manager kube-system" *$b390e5c1-9576-44db-aced-73bde38bc95b2 8 Bˇæ˜ç z äÕ
kube-controller-managerUpdatecoordination.k8s.io/v1"ˇæ˜ç 2FieldsV1:|
z{"f:spec":{"f:acquireTime":{},"f:holderIdentity":{},"f:leaseDurationSeconds":{},"f:leaseTransitions":{},"f:renewTime":{}}}B V
4ding-net-master_7f2e4690-a45e-4538-bf2a-fc7f4a4006e0ûõàéöË”Å"Ê˛åéöëÛ•(
 " 
/registry/leases/kube-system/kube-scheduler
k8s 

coordination.k8s.io/v1Lease˙
ü
kube-scheduler kube-system" *$d8ae27ab-78fe-4673-b482-dfe216e619f32 8 B˛æ˜ç z äƒ
kube-schedulerUpdatecoordination.k8s.io/v1"˛æ˜ç 2FieldsV1:|
z{"f:spec":{"f:acquireTime":{},"f:holderIdentity":{},"f:leaseDurationSeconds":{},"f:leaseTransitions":{},"f:renewTime":{}}}B V
4ding-net-master_e8987106-09f1-41da-a284-e6db1e1e7b7aõõàéå¸Ùà"Ê˛åé¸“Ò•( " 
/registry/masterleases/192.168.98.143
k8s 

v1	Endpoints+

   " * 2 8áB z 

192.168.98.143  " 
/registry/minions/ding-net-master
k8s 


v1Nodeä.
¬
ding-net-master  " *$a5da11c4-9eb3-43a0-af6e-7270abd4c2912 8 B˚æ˜ç Z 
beta.kubernetes.io/archamd64Z
beta.kubernetes.io/oslinuxZ
kubernetes.io/archamd64Z)
kubernetes.io/hostnameding-net-masterZ
kubernetes.io/oslinuxZ)
%node-role.kubernetes.io/control-plane Z"
node-role.kubernetes.io/master Z;
7node.kubernetes.io/exclude-from-external-load-balancers bB
&kubeadm.alpha.kubernetes.io/cri-socket/var/run/dockershim.sockb!
node.alpha.kubernetes.io/ttl0b>
6volumes.kubernetes.io/controller-managed-attach-detachtruez äˇ
Go-http-clientUpdatev1"˛æ˜ç 2FieldsV1: 
«{"f:metadata":{"f:annotations":{".":{},"f:kubeadm.alpha.kubernetes.io/cri-socket":{},"f:volumes.kubernetes.io/controller-managed-attach-detach":{}},"f:labels":{".":{},"f:beta.kubernetes.io/arch":{},"f:beta.kubernetes.io/os":{},"f:kubernetes.io/arch":{},"f:kubernetes.io/hostname":{},"f:kubernetes.io/os":{},"f:node-role.kubernetes.io/control-plane":{},"f:node-role.kubernetes.io/master":{},"f:node.kubernetes.io/exclude-from-external-load-balancers":{}}}}B äﬁ
kube-controller-managerUpdatev1"‚Ü˝ç 2FieldsV1:†
ù{"f:metadata":{"f:annotations":{"f:node.alpha.kubernetes.io/ttl":{}}},"f:spec":{"f:podCIDR":{},"f:podCIDRs":{".":{},"v:\"10.244.0.0/24\"":{}},"f:taints":{}}}B ä¥
Go-http-clientUpdatev1"∫Êãé 2FieldsV1:˘
ˆ{"f:status":{"f:allocatable":{"f:ephemeral-storage":{}},"f:conditions":{"k:{\"type\":\"DiskPressure\"}":{"f:lastHeartbeatTime":{},"f:lastTransitionTime":{},"f:message":{},"f:reason":{},"f:status":{}},"k:{\"type\":\"MemoryPressure\"}":{"f:lastHeartbeatTime":{},"f:lastTransitionTime":{},"f:message":{},"f:reason":{},"f:status":{}},"k:{\"type\":\"PIDPressure\"}":{"f:lastHeartbeatTime":{},"f:lastTransitionTime":{},"f:message":{},"f:reason":{},"f:status":{}},"k:{\"type\":\"Ready\"}":{"f:lastHeartbeatTime":{},"f:lastTransitionTime":{},"f:message":{},"f:reason":{},"f:status":{}}},"f:nodeInfo":{"f:bootID":{},"f:kernelVersion":{}}}}Bstatuså
10.244.0.0/24    *.
node-role.kubernetes.io/master 
NoSchedule*6
node.kubernetes.io/not-ready 
NoSchedule"∫Êãé :10.244.0.0/24≥


cpu
2
!
ephemeral-storage

35342912Ki

hugepages-1Gi
0

hugepages-2Mi
0

memory
	3990192Ki

pods
110

cpu
2"
ephemeral-storage
32572027646
hugepages-1Gi
0
hugepages-2Mi
0
memory
	3887792Ki
pods
110 "p
MemoryPressureFalseˆ˝åé "∫Êãé *KubeletHasSufficientMemory2'kubelet has sufficient memory available"a
DiskPressureFalseˆ˝åé "∫Êãé *KubeletHasNoDiskPressure2kubelet has no disk pressure"g
PIDPressureFalseˆ˝åé "∫Êãé *KubeletHasSufficientPID2$kubelet has sufficient PID available"–
ReadyFalseˆ˝åé "∫Êãé *KubeletNotReady2öcontainer runtime network not ready: NetworkReady=false reason:NetworkPluginNotReady message:docker: network plugin is not ready: cni config uninitialized*

InternalIP192.168.98.143*
Hostnameding-net-master2
äP:»
 f359ebe0a9cb4525b89e977371b06be6$bb7e4d56-52b8-1506-cb04-0145fabcd11e$5faa84a8-07ee-4bbd-b7b8-ae02932a3eaf"5.11.0-43-generic*Ubuntu 20.04.3 LTS2docker://20.10.11:v1.23.0Bv1.23.0JlinuxRamd64B§
Wk8s.gcr.io/etcd@sha256:64b9ea357325d5db9f8a723dcf503b5a449177b17ac87d69481e126bb724c263
tregistry.aliyuncs.com/google_containers/etcd@sha256:64b9ea357325d5db9f8a723dcf503b5a449177b17ac87d69481e126bb724c263
k8s.gcr.io/etcd:3.5.1-0
4registry.aliyuncs.com/google_containers/etcd:3.5.1-0 ∞¿ãBã
ak8s.gcr.io/kube-apiserver@sha256:f54681a71cce62cbc1b13ebb3dbf1d880f849112789811f98b6aebd2caa2f255
!k8s.gcr.io/kube-apiserver:v1.23.1ê”π@B≈
~registry.aliyuncs.com/google_containers/kube-apiserver@sha256:d10db42c2353539ce15006854edfb6707ba6025f282d59d962729ed3b6039004
>registry.aliyuncs.com/google_containers/kube-apiserver:v1.23.0êìπ@Bù
jk8s.gcr.io/kube-controller-manager@sha256:a7ed87380108a2d811f0d392a3fe87546c85bc366e0d1e024dfa74eb14468604
*k8s.gcr.io/kube-controller-manager:v1.23.1§’À;Bÿ
áregistry.aliyuncs.com/google_containers/kube-controller-manager@sha256:0bfbb13e5e9cec329523b6f654687af8ce058adbc90b42e5af7a929ac22e2a53
Gregistry.aliyuncs.com/google_containers/kube-controller-manager:v1.23.0”óÀ;BÉ
]k8s.gcr.io/kube-proxy@sha256:e40f3a28721588affcf187f3f246d1e078157dabe274003eaa2957a83f7170c8
k8s.gcr.io/kube-proxy:v1.23.1í˘«5BΩ
zregistry.aliyuncs.com/google_containers/kube-proxy@sha256:2e8292d30042bb75f745d2a90d0fc4fbc3a3b1bdbe5b9d3bf50dd866c62b2ba7
:registry.aliyuncs.com/google_containers/kube-proxy:v1.23.0üπ«5Bã
ak8s.gcr.io/kube-scheduler@sha256:8be4eb1593cf9ff2d91b44596633b7815a3753696031a1eb4273d1b39427fa8c
!k8s.gcr.io/kube-scheduler:v1.23.1±’¿B≈
~registry.aliyuncs.com/google_containers/kube-scheduler@sha256:af8166ce28baa7cb902a2c0d16da865d5d7c892fe1b41187fd4be78ec6291c23
>registry.aliyuncs.com/google_containers/kube-scheduler:v1.23.0—ıøBΩ
bk8s.gcr.io/coredns/coredns@sha256:5b6ec0d6de9baaf3e92d0f66cd96a25b9edbce8716f5f15dcd1a616b3abd590e
wregistry.aliyuncs.com/google_containers/coredns@sha256:5b6ec0d6de9baaf3e92d0f66cd96a25b9edbce8716f5f15dcd1a616b3abd590e
!k8s.gcr.io/coredns/coredns:v1.8.6
6registry.aliyuncs.com/google_containers/coredns:v1.8.6„ù™B~
[travelping/nettools@sha256:79207bc9de5a37aed7fd91f3619619e924aa8062e9df814c09a1b289da972f37
travelping/nettools:latestÏÆBe
Obusybox@sha256:b5cfd4befc119a590ca1a81d6bb0fa1fb19f1fbebd0397f25fae164abe1e8a6a
busybox:latestå÷KBû
Xk8s.gcr.io/pause@sha256:3d380ca8864549e74af4b29c10f9cb0956236dfb01c40ca076fb6c37253234db
uregistry.aliyuncs.com/google_containers/pause@sha256:3d380ca8864549e74af4b29c10f9cb0956236dfb01c40ca076fb6c37253234db
k8s.gcr.io/pause:3.6
1registry.aliyuncs.com/google_containers/pause:3.6»’)B±
uregistry.aliyuncs.com/google_containers/pause@sha256:a78c2d6208eff9b672de43f880093100050983047b7b0afe0217d3656e1b0d5f
4registry.aliyuncs.com/google_containers/pause:latest‡— " 
/registry/minions/ding-net-node-1
k8s 


v1Node‰
ˆ
ding-net-node-1  " *$30a8c6f0-793d-4240-ac57-3258eb4c08ee2 8 B⁄ø˜ç Z 
beta.kubernetes.io/archamd64Z
beta.kubernetes.io/oslinuxZ
kubernetes.io/archamd64Z)
kubernetes.io/hostnameding-net-node-1Z
kubernetes.io/oslinuxbB
&kubeadm.alpha.kubernetes.io/cri-socket/var/run/dockershim.sockb!
node.alpha.kubernetes.io/ttl0b>
6volumes.kubernetes.io/controller-managed-attach-detachtruez äÌ
Go-http-clientUpdatev1"ﬂø˜ç 2FieldsV1:∏
µ{"f:metadata":{"f:annotations":{".":{},"f:kubeadm.alpha.kubernetes.io/cri-socket":{},"f:volumes.kubernetes.io/controller-managed-attach-detach":{}},"f:labels":{".":{},"f:beta.kubernetes.io/arch":{},"f:beta.kubernetes.io/os":{},"f:kubernetes.io/arch":{},"f:kubernetes.io/hostname":{},"f:kubernetes.io/os":{}}}}B äﬁ
kube-controller-managerUpdatev1"¿ˆ˜ç 2FieldsV1:†
ù{"f:metadata":{"f:annotations":{"f:node.alpha.kubernetes.io/ttl":{}}},"f:spec":{"f:podCIDR":{},"f:podCIDRs":{".":{},"v:\"10.244.1.0/24\"":{}},"f:taints":{}}}B äÜ
Go-http-clientUpdatev1"©Œåé 2FieldsV1:À
»{"f:status":{"f:allocatable":{"f:ephemeral-storage":{},"f:memory":{}},"f:capacity":{"f:ephemeral-storage":{},"f:memory":{}},"f:conditions":{"k:{\"type\":\"DiskPressure\"}":{"f:lastHeartbeatTime":{},"f:lastTransitionTime":{},"f:message":{},"f:reason":{},"f:status":{}},"k:{\"type\":\"MemoryPressure\"}":{"f:lastHeartbeatTime":{},"f:lastTransitionTime":{},"f:message":{},"f:reason":{},"f:status":{}},"k:{\"type\":\"PIDPressure\"}":{"f:lastHeartbeatTime":{},"f:lastTransitionTime":{},"f:message":{},"f:reason":{},"f:status":{}},"k:{\"type\":\"Ready\"}":{"f:lastHeartbeatTime":{},"f:lastTransitionTime":{},"f:message":{},"f:reason":{},"f:status":{}}},"f:images":{},"f:nodeInfo":{"f:bootID":{},"f:kernelVersion":{}}}}Bstatus\
10.244.1.0/24    *6
node.kubernetes.io/not-ready 
NoSchedule"©Œåé :10.244.1.0/24ä


cpu
2
!
ephemeral-storage

35342912Ki

hugepages-1Gi
0

hugepages-2Mi
0

memory
	3990200Ki

pods
110

cpu
2"
ephemeral-storage
32572027646
hugepages-1Gi
0
hugepages-2Mi
0
memory
	3887800Ki
pods
110 "p
MemoryPressureFalse˜˝åé "©Œåé *KubeletHasSufficientMemory2'kubelet has sufficient memory available"a
DiskPressureFalse˜˝åé "©Œåé *KubeletHasNoDiskPressure2kubelet has no disk pressure"g
PIDPressureFalse˜˝åé "©Œåé *KubeletHasSufficientPID2$kubelet has sufficient PID available"–
ReadyFalse˜˝åé "©Œåé *KubeletNotReady2öcontainer runtime network not ready: NetworkReady=false reason:NetworkPluginNotReady message:docker: network plugin is not ready: cni config uninitialized*

InternalIP192.168.98.144*
Hostnameding-net-node-12
äP:»
 d439e069b63f4cd8acb05fddbb873231$c69a4d56-1d0f-c354-2829-c6428034cdcf$a77f58a5-e7ae-40a7-a15a-db203f63cb2a"5.11.0-43-generic*Ubuntu 20.04.3 LTS2docker://20.10.11:v1.23.0Bv1.23.0JlinuxRamd64BÉ
]k8s.gcr.io/kube-proxy@sha256:e40f3a28721588affcf187f3f246d1e078157dabe274003eaa2957a83f7170c8
k8s.gcr.io/kube-proxy:v1.23.1í˘«5BΩ
zregistry.aliyuncs.com/google_containers/kube-proxy@sha256:2e8292d30042bb75f745d2a90d0fc4fbc3a3b1bdbe5b9d3bf50dd866c62b2ba7
:registry.aliyuncs.com/google_containers/kube-proxy:v1.23.0üπ«5Bû
Xk8s.gcr.io/pause@sha256:3d380ca8864549e74af4b29c10f9cb0956236dfb01c40ca076fb6c37253234db
uregistry.aliyuncs.com/google_containers/pause@sha256:3d380ca8864549e74af4b29c10f9cb0956236dfb01c40ca076fb6c37253234db
k8s.gcr.io/pause:3.6
1registry.aliyuncs.com/google_containers/pause:3.6»’) " 
/registry/minions/ding-net-node-2
k8s 


v1Node”
‚
ding-net-node-2  " *$f050ae19-0d9f-4391-a7ea-4d72f9678fce2 8 Bå¡˜ç Z 
beta.kubernetes.io/archamd64Z
beta.kubernetes.io/oslinuxZ
kubernetes.io/archamd64Z)
kubernetes.io/hostnameding-net-node-2Z
kubernetes.io/oslinuxbB
&kubeadm.alpha.kubernetes.io/cri-socket/var/run/dockershim.sockb!
node.alpha.kubernetes.io/ttl0b>
6volumes.kubernetes.io/controller-managed-attach-detachtruez äÌ
Go-http-clientUpdatev1"ê¡˜ç 2FieldsV1:∏
µ{"f:metadata":{"f:annotations":{".":{},"f:kubeadm.alpha.kubernetes.io/cri-socket":{},"f:volumes.kubernetes.io/controller-managed-attach-detach":{}},"f:labels":{".":{},"f:beta.kubernetes.io/arch":{},"f:beta.kubernetes.io/os":{},"f:kubernetes.io/arch":{},"f:kubernetes.io/hostname":{},"f:kubernetes.io/os":{}}}}B äÚ
Go-http-clientUpdatev1"Ä∑˙ç 2FieldsV1:∑
¥{"f:status":{"f:allocatable":{"f:ephemeral-storage":{},"f:memory":{}},"f:capacity":{"f:ephemeral-storage":{},"f:memory":{}},"f:conditions":{"k:{\"type\":\"DiskPressure\"}":{"f:lastHeartbeatTime":{}},"k:{\"type\":\"MemoryPressure\"}":{"f:lastHeartbeatTime":{}},"k:{\"type\":\"PIDPressure\"}":{"f:lastHeartbeatTime":{}},"k:{\"type\":\"Ready\"}":{"f:lastHeartbeatTime":{}}},"f:images":{},"f:nodeInfo":{"f:bootID":{},"f:kernelVersion":{}}}}Bstatusäﬁ
kube-controller-managerUpdatev1"˘Ü˝ç 2FieldsV1:†
ù{"f:metadata":{"f:annotations":{"f:node.alpha.kubernetes.io/ttl":{}}},"f:spec":{"f:podCIDR":{},"f:podCIDRs":{".":{},"v:\"10.244.2.0/24\"":{}},"f:taints":{}}}B ä¸
kube-controller-managerUpdatev1"˛´˝ç 2FieldsV1:∏
µ{"f:status":{"f:conditions":{"k:{\"type\":\"DiskPressure\"}":{"f:lastTransitionTime":{},"f:message":{},"f:reason":{},"f:status":{}},"k:{\"type\":\"MemoryPressure\"}":{"f:lastTransitionTime":{},"f:message":{},"f:reason":{},"f:status":{}},"k:{\"type\":\"PIDPressure\"}":{"f:lastTransitionTime":{},"f:message":{},"f:reason":{},"f:status":{}},"k:{\"type\":\"Ready\"}":{"f:lastTransitionTime":{},"f:message":{},"f:reason":{},"f:status":{}}}}}Bstatus^
10.244.2.0/24    *8
node.kubernetes.io/unreachable 
NoSchedule"˛´˝ç :10.244.2.0/24ã


cpu
2
!
ephemeral-storage

35342912Ki

hugepages-1Gi
0

hugepages-2Mi
0

memory
	3990192Ki

pods
110

cpu
2"
ephemeral-storage
32572027646
hugepages-1Gi
0
hugepages-2Mi
0
memory
	3887792Ki
pods
110 "f
MemoryPressureUnknown˘©˝ç "˛´˝ç *NodeStatusUnknown2$Kubelet stopped posting node status."d
DiskPressureUnknown˘©˝ç "˛´˝ç *NodeStatusUnknown2$Kubelet stopped posting node status."c
PIDPressureUnknown˘©˝ç "˛´˝ç *NodeStatusUnknown2$Kubelet stopped posting node status."]
ReadyUnknown˘©˝ç "˛´˝ç *NodeStatusUnknown2$Kubelet stopped posting node status.*

InternalIP192.168.98.145*
Hostnameding-net-node-22
äP:»
 b92e9f28f1104624b7b505e6c2753557$387d4d56-6992-2292-cedd-39650f98f124$7649d8da-293b-4dd8-a892-4e1328d0b664"5.11.0-43-generic*Ubuntu 20.04.3 LTS2docker://20.10.11:v1.23.0Bv1.23.0JlinuxRamd64BÉ
]k8s.gcr.io/kube-proxy@sha256:e40f3a28721588affcf187f3f246d1e078157dabe274003eaa2957a83f7170c8
k8s.gcr.io/kube-proxy:v1.23.1í˘«5BΩ
zregistry.aliyuncs.com/google_containers/kube-proxy@sha256:2e8292d30042bb75f745d2a90d0fc4fbc3a3b1bdbe5b9d3bf50dd866c62b2ba7
:registry.aliyuncs.com/google_containers/kube-proxy:v1.23.0üπ«5Bû
Xk8s.gcr.io/pause@sha256:3d380ca8864549e74af4b29c10f9cb0956236dfb01c40ca076fb6c37253234db
uregistry.aliyuncs.com/google_containers/pause@sha256:3d380ca8864549e74af4b29c10f9cb0956236dfb01c40ca076fb6c37253234db
k8s.gcr.io/pause:3.6
1registry.aliyuncs.com/google_containers/pause:3.6»’) " 
/registry/namespaces/default
k8s 

v1	Namespaceà
Ì
default  " *$48e94d6d-44d1-4822-92e9-d5979a2857832 8 B˝æ˜ç Z&
kubernetes.io/metadata.namedefaultz ä}
kube-apiserverUpdatev1"˝æ˜ç 2FieldsV1:I
G{"f:metadata":{"f:labels":{".":{},"f:kubernetes.io/metadata.name":{}}}}B 

kubernetes
Active " 
/registry/namespaces/kube-node-lease
k8s 

v1	Namespaceò
˝
kube-node-lease  " *$ad0a086a-59f1-473f-8253-143ea39efaac2 8 B˚æ˜ç Z.
kubernetes.io/metadata.namekube-node-leasez ä}
kube-apiserverUpdatev1"˚æ˜ç 2FieldsV1:I
G{"f:metadata":{"f:labels":{".":{},"f:kubernetes.io/metadata.name":{}}}}B 

kubernetes
Active " 
/registry/namespaces/kube-public
k8s 

v1	Namespaceê
ı
kube-public  " *$7f9f7050-b0e6-47dc-a1dd-61e32725cae32 8 B˚æ˜ç Z*
kubernetes.io/metadata.namekube-publicz ä}
kube-apiserverUpdatev1"˚æ˜ç 2FieldsV1:I
G{"f:metadata":{"f:labels":{".":{},"f:kubernetes.io/metadata.name":{}}}}B 

kubernetes
Active " 
/registry/namespaces/kube-system
k8s 

v1	Namespaceê
ı
kube-system  " *$2e817dae-cf27-494c-9a22-8490e767bd6e2 8 B˚æ˜ç Z*
kubernetes.io/metadata.namekube-systemz ä}
kube-apiserverUpdatev1"˚æ˜ç 2FieldsV1:I
G{"f:metadata":{"f:labels":{".":{},"f:kubernetes.io/metadata.name":{}}}}B 

kubernetes
Active " 
/registry/pods/kube-system/coredns-64897985d-vq7q7
k8s 
	
v1PodÇ#
ï
coredns-64897985d-vq7q7coredns-64897985d-kube-system" *$60a41bb2-2e79-4bbc-8cd8-f69397fbf8232 8 Bçø˜ç Z
k8s-appkube-dnsZ
pod-template-hash	64897985djR

ReplicaSetcoredns-64897985d"$2a73178a-b086-4db1-972d-8e5e78797849*apps/v108z ä˚
kube-controller-managerUpdatev1"çø˜ç 2FieldsV1:Ω
∫{"f:metadata":{"f:generateName":{},"f:labels":{".":{},"f:k8s-app":{},"f:pod-template-hash":{}},"f:ownerReferences":{".":{},"k:{\"uid\":\"2a73178a-b086-4db1-972d-8e5e78797849\"}":{}}},"f:spec":{"f:containers":{"k:{\"name\":\"coredns\"}":{".":{},"f:args":{},"f:image":{},"f:imagePullPolicy":{},"f:livenessProbe":{".":{},"f:failureThreshold":{},"f:httpGet":{".":{},"f:path":{},"f:port":{},"f:scheme":{}},"f:initialDelaySeconds":{},"f:periodSeconds":{},"f:successThreshold":{},"f:timeoutSeconds":{}},"f:name":{},"f:ports":{".":{},"k:{\"containerPort\":53,\"protocol\":\"TCP\"}":{".":{},"f:containerPort":{},"f:name":{},"f:protocol":{}},"k:{\"containerPort\":53,\"protocol\":\"UDP\"}":{".":{},"f:containerPort":{},"f:name":{},"f:protocol":{}},"k:{\"containerPort\":9153,\"protocol\":\"TCP\"}":{".":{},"f:containerPort":{},"f:name":{},"f:protocol":{}}},"f:readinessProbe":{".":{},"f:failureThreshold":{},"f:httpGet":{".":{},"f:path":{},"f:port":{},"f:scheme":{}},"f:periodSeconds":{},"f:successThreshold":{},"f:timeoutSeconds":{}},"f:resources":{".":{},"f:limits":{".":{},"f:memory":{}},"f:requests":{".":{},"f:cpu":{},"f:memory":{}}},"f:securityContext":{".":{},"f:allowPrivilegeEscalation":{},"f:capabilities":{".":{},"f:add":{},"f:drop":{}},"f:readOnlyRootFilesystem":{}},"f:terminationMessagePath":{},"f:terminationMessagePolicy":{},"f:volumeMounts":{".":{},"k:{\"mountPath\":\"/etc/coredns\"}":{".":{},"f:mountPath":{},"f:name":{},"f:readOnly":{}}}}},"f:dnsPolicy":{},"f:enableServiceLinks":{},"f:nodeSelector":{},"f:priorityClassName":{},"f:restartPolicy":{},"f:schedulerName":{},"f:securityContext":{},"f:serviceAccount":{},"f:serviceAccountName":{},"f:terminationGracePeriodSeconds":{},"f:tolerations":{},"f:volumes":{".":{},"k:{\"name\":\"config-volume\"}":{".":{},"f:configMap":{".":{},"f:defaultMode":{},"f:items":{},"f:name":{}},"f:name":{}}}}}B äÛ
kube-schedulerUpdatev1"çø˜ç 2FieldsV1:∏
µ{"f:status":{"f:conditions":{".":{},"k:{\"type\":\"PodScheduled\"}":{".":{},"f:lastProbeTime":{},"f:lastTransitionTime":{},"f:message":{},"f:reason":{},"f:status":{},"f:type":{}}}}}Bstatusä†
Go-http-clientUpdatev1"‚Ü˝ç 2FieldsV1:Â
‚{"f:status":{"f:conditions":{"k:{\"type\":\"ContainersReady\"}":{".":{},"f:lastProbeTime":{},"f:lastTransitionTime":{},"f:message":{},"f:reason":{},"f:status":{},"f:type":{}},"k:{\"type\":\"Initialized\"}":{".":{},"f:lastProbeTime":{},"f:lastTransitionTime":{},"f:status":{},"f:type":{}},"k:{\"type\":\"Ready\"}":{".":{},"f:lastProbeTime":{},"f:lastTransitionTime":{},"f:message":{},"f:reason":{},"f:status":{},"f:type":{}}},"f:containerStatuses":{},"f:hostIP":{},"f:startTime":{}}}Bstatus–
8
config-volume'ö$
	
coredns
CorefileCorefile§
Ñ
kube-api-access-x6f2pk“h
"
 ótoken
(&

kube-root-ca.crt
ca.crtca.crt
)'
%
	namespace
v1metadata.namespace§⁄
coredns!k8s.gcr.io/coredns/coredns:v1.8.6"-conf"/etc/coredns/Corefile* 2
dns 5"UDP* 2
dns-tcp 5"TCP* 2
metrics ¡G"TCP* B4

memory
170Mi
cpu
100m
memory
70MiJ#
config-volume/etc/coredns" 2 JL
kube-api-access-x6f2p-/var/run/secrets/kubernetes.io/serviceaccount" 2 R(

/health ê?  "HTTP< 
(0Z'

/ready ı?  "HTTP  
(0j/dev/termination-logrIfNotPresentz

NET_BIND_SERVICEall08 Ä à ê ¢FileAlways 2Default:
kubernetes.io/oslinuxBcorednsJcorednsRding-net-masterX ` h r Ç ä ödefault-scheduler≤ 
CriticalAddonsOnlyExists " ≤0
node-role.kubernetes.io/master  "
NoSchedule≤7
%node-role.kubernetes.io/control-plane  "
NoSchedule≤6
node.kubernetes.io/not-readyExists "	NoExecute(¨≤8
node.kubernetes.io/unreachableExists "	NoExecute(¨¬system-cluster-critical»Ä®÷π˙PreemptLowerPriorityî
Pending#
InitializedTrue "‚Ü˝ç * 2 Y
ReadyFalse "‚Ü˝ç *ContainersNotReady2)containers with unready status: [coredns]c
ContainersReadyFalse "‚Ü˝ç *ContainersNotReady2)containers with unready status: [coredns]$
PodScheduledTrue "‚Ü˝ç * 2  " *192.168.98.1432 :‚Ü˝ç BQ
coredns

ContainerCreating    ( 2!k8s.gcr.io/coredns/coredns:v1.8.6: B H J	BurstableZ  " 
/registry/pods/kube-system/coredns-64897985d-wjwxv
k8s 
	
v1PodÇ#
ï
coredns-64897985d-wjwxvcoredns-64897985d-kube-system" *$6ce4c46e-ff84-43c9-8ea2-dfe62f7c0f062 8 Bçø˜ç Z
k8s-appkube-dnsZ
pod-template-hash	64897985djR

ReplicaSetcoredns-64897985d"$2a73178a-b086-4db1-972d-8e5e78797849*apps/v108z ä˚
kube-controller-managerUpdatev1"çø˜ç 2FieldsV1:Ω
∫{"f:metadata":{"f:generateName":{},"f:labels":{".":{},"f:k8s-app":{},"f:pod-template-hash":{}},"f:ownerReferences":{".":{},"k:{\"uid\":\"2a73178a-b086-4db1-972d-8e5e78797849\"}":{}}},"f:spec":{"f:containers":{"k:{\"name\":\"coredns\"}":{".":{},"f:args":{},"f:image":{},"f:imagePullPolicy":{},"f:livenessProbe":{".":{},"f:failureThreshold":{},"f:httpGet":{".":{},"f:path":{},"f:port":{},"f:scheme":{}},"f:initialDelaySeconds":{},"f:periodSeconds":{},"f:successThreshold":{},"f:timeoutSeconds":{}},"f:name":{},"f:ports":{".":{},"k:{\"containerPort\":53,\"protocol\":\"TCP\"}":{".":{},"f:containerPort":{},"f:name":{},"f:protocol":{}},"k:{\"containerPort\":53,\"protocol\":\"UDP\"}":{".":{},"f:containerPort":{},"f:name":{},"f:protocol":{}},"k:{\"containerPort\":9153,\"protocol\":\"TCP\"}":{".":{},"f:containerPort":{},"f:name":{},"f:protocol":{}}},"f:readinessProbe":{".":{},"f:failureThreshold":{},"f:httpGet":{".":{},"f:path":{},"f:port":{},"f:scheme":{}},"f:periodSeconds":{},"f:successThreshold":{},"f:timeoutSeconds":{}},"f:resources":{".":{},"f:limits":{".":{},"f:memory":{}},"f:requests":{".":{},"f:cpu":{},"f:memory":{}}},"f:securityContext":{".":{},"f:allowPrivilegeEscalation":{},"f:capabilities":{".":{},"f:add":{},"f:drop":{}},"f:readOnlyRootFilesystem":{}},"f:terminationMessagePath":{},"f:terminationMessagePolicy":{},"f:volumeMounts":{".":{},"k:{\"mountPath\":\"/etc/coredns\"}":{".":{},"f:mountPath":{},"f:name":{},"f:readOnly":{}}}}},"f:dnsPolicy":{},"f:enableServiceLinks":{},"f:nodeSelector":{},"f:priorityClassName":{},"f:restartPolicy":{},"f:schedulerName":{},"f:securityContext":{},"f:serviceAccount":{},"f:serviceAccountName":{},"f:terminationGracePeriodSeconds":{},"f:tolerations":{},"f:volumes":{".":{},"k:{\"name\":\"config-volume\"}":{".":{},"f:configMap":{".":{},"f:defaultMode":{},"f:items":{},"f:name":{}},"f:name":{}}}}}B äÛ
kube-schedulerUpdatev1"çø˜ç 2FieldsV1:∏
µ{"f:status":{"f:conditions":{".":{},"k:{\"type\":\"PodScheduled\"}":{".":{},"f:lastProbeTime":{},"f:lastTransitionTime":{},"f:message":{},"f:reason":{},"f:status":{},"f:type":{}}}}}Bstatusä†
Go-http-clientUpdatev1"‚Ü˝ç 2FieldsV1:Â
‚{"f:status":{"f:conditions":{"k:{\"type\":\"ContainersReady\"}":{".":{},"f:lastProbeTime":{},"f:lastTransitionTime":{},"f:message":{},"f:reason":{},"f:status":{},"f:type":{}},"k:{\"type\":\"Initialized\"}":{".":{},"f:lastProbeTime":{},"f:lastTransitionTime":{},"f:status":{},"f:type":{}},"k:{\"type\":\"Ready\"}":{".":{},"f:lastProbeTime":{},"f:lastTransitionTime":{},"f:message":{},"f:reason":{},"f:status":{},"f:type":{}}},"f:containerStatuses":{},"f:hostIP":{},"f:startTime":{}}}Bstatus–
8
config-volume'ö$
	
coredns
CorefileCorefile§
Ñ
kube-api-access-m5566k“h
"
 ótoken
(&

kube-root-ca.crt
ca.crtca.crt
)'
%
	namespace
v1metadata.namespace§⁄
coredns!k8s.gcr.io/coredns/coredns:v1.8.6"-conf"/etc/coredns/Corefile* 2
dns 5"UDP* 2
dns-tcp 5"TCP* 2
metrics ¡G"TCP* B4

memory
170Mi
cpu
100m
memory
70MiJ#
config-volume/etc/coredns" 2 JL
kube-api-access-m5566-/var/run/secrets/kubernetes.io/serviceaccount" 2 R(

/health ê?  "HTTP< 
(0Z'

/ready ı?  "HTTP  
(0j/dev/termination-logrIfNotPresentz

NET_BIND_SERVICEall08 Ä à ê ¢FileAlways 2Default:
kubernetes.io/oslinuxBcorednsJcorednsRding-net-masterX ` h r Ç ä ödefault-scheduler≤ 
CriticalAddonsOnlyExists " ≤0
node-role.kubernetes.io/master  "
NoSchedule≤7
%node-role.kubernetes.io/control-plane  "
NoSchedule≤6
node.kubernetes.io/not-readyExists "	NoExecute(¨≤8
node.kubernetes.io/unreachableExists "	NoExecute(¨¬system-cluster-critical»Ä®÷π˙PreemptLowerPriorityî
Pending#
InitializedTrue "‚Ü˝ç * 2 Y
ReadyFalse "‚Ü˝ç *ContainersNotReady2)containers with unready status: [coredns]c
ContainersReadyFalse "‚Ü˝ç *ContainersNotReady2)containers with unready status: [coredns]$
PodScheduledTrue "‚Ü˝ç * 2  " *192.168.98.1432 :‚Ü˝ç BQ
coredns

ContainerCreating    ( 2!k8s.gcr.io/coredns/coredns:v1.8.6: B H J	BurstableZ  " 
/registry/pods/kube-system/etcd-ding-net-master
k8s 
	
v1Podª'
Ç
etcd-ding-net-master kube-system" *$42c601e8-f410-45cc-8263-dc12917cd1982 8 Bˇæ˜ç Z
	componentetcdZ
tiercontrol-planebO
0kubeadm.kubernetes.io/etcd.advertise-client-urlshttps://192.168.98.143:2379b=
kubernetes.io/config.hash ccf084c0eaa71d1a969e55c7bfbb8c96b?
kubernetes.io/config.mirror ccf084c0eaa71d1a969e55c7bfbb8c96b@
kubernetes.io/config.seen#2021-12-18T05:17:51.336598078-08:00b#
kubernetes.io/config.sourcefileb;
(seccomp.security.alpha.kubernetes.io/podruntime/defaultjC
Nodeding-net-master"$a5da11c4-9eb3-43a0-af6e-7270abd4c291*v10z ä˘
Go-http-clientUpdatev1"ˇæ˜ç 2FieldsV1:ƒ
¡{"f:metadata":{"f:annotations":{".":{},"f:kubeadm.kubernetes.io/etcd.advertise-client-urls":{},"f:kubernetes.io/config.hash":{},"f:kubernetes.io/config.mirror":{},"f:kubernetes.io/config.seen":{},"f:kubernetes.io/config.source":{}},"f:labels":{".":{},"f:component":{},"f:tier":{}},"f:ownerReferences":{".":{},"k:{\"uid\":\"a5da11c4-9eb3-43a0-af6e-7270abd4c291\"}":{}}},"f:spec":{"f:containers":{"k:{\"name\":\"etcd\"}":{".":{},"f:command":{},"f:image":{},"f:imagePullPolicy":{},"f:livenessProbe":{".":{},"f:failureThreshold":{},"f:httpGet":{".":{},"f:host":{},"f:path":{},"f:port":{},"f:scheme":{}},"f:initialDelaySeconds":{},"f:periodSeconds":{},"f:successThreshold":{},"f:timeoutSeconds":{}},"f:name":{},"f:resources":{".":{},"f:requests":{".":{},"f:cpu":{},"f:memory":{}}},"f:startupProbe":{".":{},"f:failureThreshold":{},"f:httpGet":{".":{},"f:host":{},"f:path":{},"f:port":{},"f:scheme":{}},"f:initialDelaySeconds":{},"f:periodSeconds":{},"f:successThreshold":{},"f:timeoutSeconds":{}},"f:terminationMessagePath":{},"f:terminationMessagePolicy":{},"f:volumeMounts":{".":{},"k:{\"mountPath\":\"/etc/kubernetes/pki/etcd\"}":{".":{},"f:mountPath":{},"f:name":{}},"k:{\"mountPath\":\"/var/lib/etcd\"}":{".":{},"f:mountPath":{},"f:name":{}}}}},"f:dnsPolicy":{},"f:enableServiceLinks":{},"f:hostNetwork":{},"f:nodeName":{},"f:priorityClassName":{},"f:restartPolicy":{},"f:schedulerName":{},"f:securityContext":{".":{},"f:seccompProfile":{".":{},"f:type":{}}},"f:terminationGracePeriodSeconds":{},"f:tolerations":{},"f:volumes":{".":{},"k:{\"name\":\"etcd-certs\"}":{".":{},"f:hostPath":{".":{},"f:path":{},"f:type":{}},"f:name":{}},"k:{\"name\":\"etcd-data\"}":{".":{},"f:hostPath":{".":{},"f:path":{},"f:type":{}},"f:name":{}}}}}B ä¿
Go-http-clientUpdatev1"çõàé 2FieldsV1:Ö
Ç{"f:status":{"f:conditions":{".":{},"k:{\"type\":\"ContainersReady\"}":{".":{},"f:lastProbeTime":{},"f:lastTransitionTime":{},"f:status":{},"f:type":{}},"k:{\"type\":\"Initialized\"}":{".":{},"f:lastProbeTime":{},"f:lastTransitionTime":{},"f:status":{},"f:type":{}},"k:{\"type\":\"PodScheduled\"}":{".":{},"f:lastProbeTime":{},"f:lastTransitionTime":{},"f:status":{},"f:type":{}},"k:{\"type\":\"Ready\"}":{".":{},"f:lastProbeTime":{},"f:lastTransitionTime":{},"f:status":{},"f:type":{}}},"f:containerStatuses":{},"f:hostIP":{},"f:phase":{},"f:podIP":{},"f:podIPs":{".":{},"k:{\"ip\":\"192.168.98.143\"}":{".":{},"f:ip":{}}},"f:startTime":{}}}BstatusÁ

=

etcd-certs/
-
/etc/kubernetes/pki/etcdDirectoryOrCreate
1
	etcd-data$
"
/var/lib/etcdDirectoryOrCreateø
etcdk8s.gcr.io/etcd:3.5.1-0etcd3--advertise-client-urls=https://192.168.98.143:2379/--cert-file=/etc/kubernetes/pki/etcd/server.crt--client-cert-auth=true--data-dir=/var/lib/etcd9--initial-advertise-peer-urls=https://192.168.98.143:2380=--initial-cluster=ding-net-master=https://192.168.98.143:2380.--key-file=/etc/kubernetes/pki/etcd/server.keyG--listen-client-urls=https://127.0.0.1:2379,https://192.168.98.143:2379+--listen-metrics-urls=http://127.0.0.1:2381.--listen-peer-urls=https://192.168.98.143:2380--name=ding-net-master2--peer-cert-file=/etc/kubernetes/pki/etcd/peer.crt--peer-client-cert-auth=true1--peer-key-file=/etc/kubernetes/pki/etcd/peer.key6--peer-trusted-ca-file=/etc/kubernetes/pki/etcd/ca.crt--snapshot-count=100001--trusted-ca-file=/etc/kubernetes/pki/etcd/ca.crt* B"
cpu
100m
memory
100MiJ 
	etcd-data /var/lib/etcd" 2 J,

etcd-certs /etc/kubernetes/pki/etcd" 2 R1
%#
/health Õ 	127.0.0.1"HTTP
 
(0j/dev/termination-logrIfNotPresentÄ à ê ¢File≤1
%#
/health Õ 	127.0.0.1"HTTP
 
(0Always 2ClusterFirstB J Rding-net-masterX` h rR
RuntimeDefaultÇ ä ödefault-scheduler≤
 Exists "	NoExecute¬system-node-critical»ËØ÷π˙PreemptLowerPriority…
Running#
InitializedTrue "·ùÉé * 2 
ReadyTrue "çõàé * 2 '
ContainersReadyTrue "çõàé * 2 $
PodScheduledTrue "·ùÉé * 2  " *192.168.98.1432192.168.98.143:·ùÉé B›
etcd

Çõàé rp  	Completed" *‡¶Éé 2›öàé :Idocker://06e4a5b3a7be4eab38e561f06919442166966b32ca21c38f48f17cf67594c148 (2k8s.gcr.io/etcd:3.5.1-0:idocker-pullable://k8s.gcr.io/etcd@sha256:64b9ea357325d5db9f8a723dcf503b5a449177b17ac87d69481e126bb724c263BIdocker://50b88f449b20762a68f3754941b801702303a29ad649d7adefd1228589a20108HJ	BurstableZ b
192.168.98.143 " 
/registry/pods/kube-system/kube-apiserver-ding-net-master
k8s 
	
v1Pod¬9
¿ 
kube-apiserver-ding-net-master kube-system" *$3cc10199-0a00-4466-b315-28b4bf7c0e552 8 Bˇæ˜ç Z
	componentkube-apiserverZ
tiercontrol-planebV
?kubeadm.kubernetes.io/kube-apiserver.advertise-address.endpoint192.168.98.143:6443b=
kubernetes.io/config.hash aed89fa1fafd504e9ebac1420ecf9004b?
kubernetes.io/config.mirror aed89fa1fafd504e9ebac1420ecf9004b@
kubernetes.io/config.seen#2021-12-18T05:17:51.336601052-08:00b#
kubernetes.io/config.sourcefileb;
(seccomp.security.alpha.kubernetes.io/podruntime/defaultjC
Nodeding-net-master"$a5da11c4-9eb3-43a0-af6e-7270abd4c291*v10z äú
Go-http-clientUpdatev1"ˇæ˜ç 2FieldsV1:Á
‰{"f:metadata":{"f:annotations":{".":{},"f:kubeadm.kubernetes.io/kube-apiserver.advertise-address.endpoint":{},"f:kubernetes.io/config.hash":{},"f:kubernetes.io/config.mirror":{},"f:kubernetes.io/config.seen":{},"f:kubernetes.io/config.source":{}},"f:labels":{".":{},"f:component":{},"f:tier":{}},"f:ownerReferences":{".":{},"k:{\"uid\":\"a5da11c4-9eb3-43a0-af6e-7270abd4c291\"}":{}}},"f:spec":{"f:containers":{"k:{\"name\":\"kube-apiserver\"}":{".":{},"f:command":{},"f:image":{},"f:imagePullPolicy":{},"f:livenessProbe":{".":{},"f:failureThreshold":{},"f:httpGet":{".":{},"f:host":{},"f:path":{},"f:port":{},"f:scheme":{}},"f:initialDelaySeconds":{},"f:periodSeconds":{},"f:successThreshold":{},"f:timeoutSeconds":{}},"f:name":{},"f:readinessProbe":{".":{},"f:failureThreshold":{},"f:httpGet":{".":{},"f:host":{},"f:path":{},"f:port":{},"f:scheme":{}},"f:periodSeconds":{},"f:successThreshold":{},"f:timeoutSeconds":{}},"f:resources":{".":{},"f:requests":{".":{},"f:cpu":{}}},"f:startupProbe":{".":{},"f:failureThreshold":{},"f:httpGet":{".":{},"f:host":{},"f:path":{},"f:port":{},"f:scheme":{}},"f:initialDelaySeconds":{},"f:periodSeconds":{},"f:successThreshold":{},"f:timeoutSeconds":{}},"f:terminationMessagePath":{},"f:terminationMessagePolicy":{},"f:volumeMounts":{".":{},"k:{\"mountPath\":\"/etc/ca-certificates\"}":{".":{},"f:mountPath":{},"f:name":{},"f:readOnly":{}},"k:{\"mountPath\":\"/etc/kubernetes/pki\"}":{".":{},"f:mountPath":{},"f:name":{},"f:readOnly":{}},"k:{\"mountPath\":\"/etc/pki\"}":{".":{},"f:mountPath":{},"f:name":{},"f:readOnly":{}},"k:{\"mountPath\":\"/etc/ssl/certs\"}":{".":{},"f:mountPath":{},"f:name":{},"f:readOnly":{}},"k:{\"mountPath\":\"/usr/local/share/ca-certificates\"}":{".":{},"f:mountPath":{},"f:name":{},"f:readOnly":{}},"k:{\"mountPath\":\"/usr/share/ca-certificates\"}":{".":{},"f:mountPath":{},"f:name":{},"f:readOnly":{}}}}},"f:dnsPolicy":{},"f:enableServiceLinks":{},"f:hostNetwork":{},"f:nodeName":{},"f:priorityClassName":{},"f:restartPolicy":{},"f:schedulerName":{},"f:securityContext":{".":{},"f:seccompProfile":{".":{},"f:type":{}}},"f:terminationGracePeriodSeconds":{},"f:tolerations":{},"f:volumes":{".":{},"k:{\"name\":\"ca-certs\"}":{".":{},"f:hostPath":{".":{},"f:path":{},"f:type":{}},"f:name":{}},"k:{\"name\":\"etc-ca-certificates\"}":{".":{},"f:hostPath":{".":{},"f:path":{},"f:type":{}},"f:name":{}},"k:{\"name\":\"etc-pki\"}":{".":{},"f:hostPath":{".":{},"f:path":{},"f:type":{}},"f:name":{}},"k:{\"name\":\"k8s-certs\"}":{".":{},"f:hostPath":{".":{},"f:path":{},"f:type":{}},"f:name":{}},"k:{\"name\":\"usr-local-share-ca-certificates\"}":{".":{},"f:hostPath":{".":{},"f:path":{},"f:type":{}},"f:name":{}},"k:{\"name\":\"usr-share-ca-certificates\"}":{".":{},"f:hostPath":{".":{},"f:path":{},"f:type":{}},"f:name":{}}}}}B ä¿
Go-http-clientUpdatev1"åõàé 2FieldsV1:Ö
Ç{"f:status":{"f:conditions":{".":{},"k:{\"type\":\"ContainersReady\"}":{".":{},"f:lastProbeTime":{},"f:lastTransitionTime":{},"f:status":{},"f:type":{}},"k:{\"type\":\"Initialized\"}":{".":{},"f:lastProbeTime":{},"f:lastTransitionTime":{},"f:status":{},"f:type":{}},"k:{\"type\":\"PodScheduled\"}":{".":{},"f:lastProbeTime":{},"f:lastTransitionTime":{},"f:status":{},"f:type":{}},"k:{\"type\":\"Ready\"}":{".":{},"f:lastProbeTime":{},"f:lastTransitionTime":{},"f:status":{},"f:type":{}}},"f:containerStatuses":{},"f:hostIP":{},"f:phase":{},"f:podIP":{},"f:podIPs":{".":{},"k:{\"ip\":\"192.168.98.143\"}":{".":{},"f:ip":{}}},"f:startTime":{}}}Bstatusñ
1
ca-certs%
#
/etc/ssl/certsDirectoryOrCreate
B
etc-ca-certificates+
)
/etc/ca-certificatesDirectoryOrCreate
*
etc-pki

/etc/pkiDirectoryOrCreate
7
	k8s-certs*
(
/etc/kubernetes/pkiDirectoryOrCreate
Z
usr-local-share-ca-certificates7
5
 /usr/local/share/ca-certificatesDirectoryOrCreate
N
usr-share-ca-certificates1
/
/usr/share/ca-certificatesDirectoryOrCreateÿ
kube-apiserver!k8s.gcr.io/kube-apiserver:v1.23.1kube-apiserver"--advertise-address=192.168.98.143--allow-privileged=true--authorization-mode=Node,RBAC+--client-ca-file=/etc/kubernetes/pki/ca.crt*--enable-admission-plugins=NodeRestriction"--enable-bootstrap-token-auth=true---etcd-cafile=/etc/kubernetes/pki/etcd/ca.crt=--etcd-certfile=/etc/kubernetes/pki/apiserver-etcd-client.crt<--etcd-keyfile=/etc/kubernetes/pki/apiserver-etcd-client.key%--etcd-servers=https://127.0.0.1:2379M--kubelet-client-certificate=/etc/kubernetes/pki/apiserver-kubelet-client.crtE--kubelet-client-key=/etc/kubernetes/pki/apiserver-kubelet-client.key@--kubelet-preferred-address-types=InternalIP,ExternalIP,HostnameC--proxy-client-cert-file=/etc/kubernetes/pki/front-proxy-client.crtB--proxy-client-key-file=/etc/kubernetes/pki/front-proxy-client.key0--requestheader-allowed-names=front-proxy-clientE--requestheader-client-ca-file=/etc/kubernetes/pki/front-proxy-ca.crt4--requestheader-extra-headers-prefix=X-Remote-Extra-,--requestheader-group-headers=X-Remote-Group.--requestheader-username-headers=X-Remote-User--secure-port=6443E--service-account-issuer=https://kubernetes.default.svc.cluster.local5--service-account-key-file=/etc/kubernetes/pki/sa.pub=--service-account-signing-key-file=/etc/kubernetes/pki/sa.key'--service-cluster-ip-range=10.96.0.0/121--tls-cert-file=/etc/kubernetes/pki/apiserver.crt8--tls-private-key-file=/etc/kubernetes/pki/apiserver.key* B
cpu
250mJ 
ca-certs/etc/ssl/certs" 2 J1
etc-ca-certificates/etc/ca-certificates" 2 J
etc-pki/etc/pki" 2 J&
	k8s-certs/etc/kubernetes/pki" 2 JI
usr-local-share-ca-certificates /usr/local/share/ca-certificates" 2 J=
usr-share-ca-certificates/usr/share/ca-certificates" 2 R6
*(
/livez ´2 192.168.98.143"HTTPS
 
(0Z7
+)
/readyz ´2 192.168.98.143"HTTPS  (0j/dev/termination-logrIfNotPresentÄ à ê ¢File≤6
*(
/livez ´2 192.168.98.143"HTTPS
 
(0Always 2ClusterFirstB J Rding-net-masterX` h rR
RuntimeDefaultÇ ä ödefault-scheduler≤
 Exists "	NoExecute¬system-node-critical»ËØ÷π˙PreemptLowerPriority„
Running#
InitializedTrue "ˇöàé * 2 
ReadyTrue "åõàé * 2 '
ContainersReadyTrue "åõàé * 2 $
PodScheduledTrue "ˇöàé * 2  " *192.168.98.1432192.168.98.143:ˇöàé B˜
kube-apiserver

Äõàé nl Error" *‡¶Éé 2‹öàé :Idocker://ee1bc8d6cca4b983185dfe663e65f7ba4118215c85cb2e978ceb1af6c3d28c44 (2!k8s.gcr.io/kube-apiserver:v1.23.1:sdocker-pullable://k8s.gcr.io/kube-apiserver@sha256:f54681a71cce62cbc1b13ebb3dbf1d880f849112789811f98b6aebd2caa2f255BIdocker://34b28706485ec031fa8f650df52f4d26a9ac758617e850863a1b2f1e5a0e18ecHJ	BurstableZ b
192.168.98.143 " 
/registry/pods/kube-system/kube-controller-manager-ding-net-master
k8s 
	
v1Pod„7
¨!
'kube-controller-manager-ding-net-master kube-system" *$d9eb9f84-0bc8-4651-b679-1b4f29dbcb262 8 B˛æ˜ç Z$
	componentkube-controller-managerZ
tiercontrol-planeb=
kubernetes.io/config.hash e6792705e377e0d18e9f82f7e6590838b?
kubernetes.io/config.mirror e6792705e377e0d18e9f82f7e6590838b@
kubernetes.io/config.seen#2021-12-18T05:17:42.336451833-08:00b#
kubernetes.io/config.sourcefileb;
(seccomp.security.alpha.kubernetes.io/podruntime/defaultjC
Nodeding-net-master"$a5da11c4-9eb3-43a0-af6e-7270abd4c291*v10z äŒ
Go-http-clientUpdatev1"˛æ˜ç 2FieldsV1:ô
ñ{"f:metadata":{"f:annotations":{".":{},"f:kubernetes.io/config.hash":{},"f:kubernetes.io/config.mirror":{},"f:kubernetes.io/config.seen":{},"f:kubernetes.io/config.source":{}},"f:labels":{".":{},"f:component":{},"f:tier":{}},"f:ownerReferences":{".":{},"k:{\"uid\":\"a5da11c4-9eb3-43a0-af6e-7270abd4c291\"}":{}}},"f:spec":{"f:containers":{"k:{\"name\":\"kube-controller-manager\"}":{".":{},"f:command":{},"f:image":{},"f:imagePullPolicy":{},"f:livenessProbe":{".":{},"f:failureThreshold":{},"f:httpGet":{".":{},"f:host":{},"f:path":{},"f:port":{},"f:scheme":{}},"f:initialDelaySeconds":{},"f:periodSeconds":{},"f:successThreshold":{},"f:timeoutSeconds":{}},"f:name":{},"f:resources":{".":{},"f:requests":{".":{},"f:cpu":{}}},"f:startupProbe":{".":{},"f:failureThreshold":{},"f:httpGet":{".":{},"f:host":{},"f:path":{},"f:port":{},"f:scheme":{}},"f:initialDelaySeconds":{},"f:periodSeconds":{},"f:successThreshold":{},"f:timeoutSeconds":{}},"f:terminationMessagePath":{},"f:terminationMessagePolicy":{},"f:volumeMounts":{".":{},"k:{\"mountPath\":\"/etc/ca-certificates\"}":{".":{},"f:mountPath":{},"f:name":{},"f:readOnly":{}},"k:{\"mountPath\":\"/etc/kubernetes/controller-manager.conf\"}":{".":{},"f:mountPath":{},"f:name":{},"f:readOnly":{}},"k:{\"mountPath\":\"/etc/kubernetes/pki\"}":{".":{},"f:mountPath":{},"f:name":{},"f:readOnly":{}},"k:{\"mountPath\":\"/etc/pki\"}":{".":{},"f:mountPath":{},"f:name":{},"f:readOnly":{}},"k:{\"mountPath\":\"/etc/ssl/certs\"}":{".":{},"f:mountPath":{},"f:name":{},"f:readOnly":{}},"k:{\"mountPath\":\"/usr/libexec/kubernetes/kubelet-plugins/volume/exec\"}":{".":{},"f:mountPath":{},"f:name":{}},"k:{\"mountPath\":\"/usr/local/share/ca-certificates\"}":{".":{},"f:mountPath":{},"f:name":{},"f:readOnly":{}},"k:{\"mountPath\":\"/usr/share/ca-certificates\"}":{".":{},"f:mountPath":{},"f:name":{},"f:readOnly":{}}}}},"f:dnsPolicy":{},"f:enableServiceLinks":{},"f:hostNetwork":{},"f:nodeName":{},"f:priorityClassName":{},"f:restartPolicy":{},"f:schedulerName":{},"f:securityContext":{".":{},"f:seccompProfile":{".":{},"f:type":{}}},"f:terminationGracePeriodSeconds":{},"f:tolerations":{},"f:volumes":{".":{},"k:{\"name\":\"ca-certs\"}":{".":{},"f:hostPath":{".":{},"f:path":{},"f:type":{}},"f:name":{}},"k:{\"name\":\"etc-ca-certificates\"}":{".":{},"f:hostPath":{".":{},"f:path":{},"f:type":{}},"f:name":{}},"k:{\"name\":\"etc-pki\"}":{".":{},"f:hostPath":{".":{},"f:path":{},"f:type":{}},"f:name":{}},"k:{\"name\":\"flexvolume-dir\"}":{".":{},"f:hostPath":{".":{},"f:path":{},"f:type":{}},"f:name":{}},"k:{\"name\":\"k8s-certs\"}":{".":{},"f:hostPath":{".":{},"f:path":{},"f:type":{}},"f:name":{}},"k:{\"name\":\"kubeconfig\"}":{".":{},"f:hostPath":{".":{},"f:path":{},"f:type":{}},"f:name":{}},"k:{\"name\":\"usr-local-share-ca-certificates\"}":{".":{},"f:hostPath":{".":{},"f:path":{},"f:type":{}},"f:name":{}},"k:{\"name\":\"usr-share-ca-certificates\"}":{".":{},"f:hostPath":{".":{},"f:path":{},"f:type":{}},"f:name":{}}}}}B ä¿
Go-http-clientUpdatev1"åõàé 2FieldsV1:Ö
Ç{"f:status":{"f:conditions":{".":{},"k:{\"type\":\"ContainersReady\"}":{".":{},"f:lastProbeTime":{},"f:lastTransitionTime":{},"f:status":{},"f:type":{}},"k:{\"type\":\"Initialized\"}":{".":{},"f:lastProbeTime":{},"f:lastTransitionTime":{},"f:status":{},"f:type":{}},"k:{\"type\":\"PodScheduled\"}":{".":{},"f:lastProbeTime":{},"f:lastTransitionTime":{},"f:status":{},"f:type":{}},"k:{\"type\":\"Ready\"}":{".":{},"f:lastProbeTime":{},"f:lastTransitionTime":{},"f:status":{},"f:type":{}}},"f:containerStatuses":{},"f:hostIP":{},"f:phase":{},"f:podIP":{},"f:podIPs":{".":{},"k:{\"ip\":\"192.168.98.143\"}":{".":{},"f:ip":{}}},"f:startTime":{}}}Bstatus∞
1
ca-certs%
#
/etc/ssl/certsDirectoryOrCreate
B
etc-ca-certificates+
)
/etc/ca-certificatesDirectoryOrCreate
*
etc-pki

/etc/pkiDirectoryOrCreate
\
flexvolume-dirJ
H
3/usr/libexec/kubernetes/kubelet-plugins/volume/execDirectoryOrCreate
7
	k8s-certs*
(
/etc/kubernetes/pkiDirectoryOrCreate
G

kubeconfig9
7
'/etc/kubernetes/controller-manager.confFileOrCreate
Z
usr-local-share-ca-certificates7
5
 /usr/local/share/ca-certificatesDirectoryOrCreate
N
usr-share-ca-certificates1
/
/usr/share/ca-certificatesDirectoryOrCreateÀ
kube-controller-manager*k8s.gcr.io/kube-controller-manager:v1.23.1kube-controller-manager--allocate-node-cidrs=trueC--authentication-kubeconfig=/etc/kubernetes/controller-manager.confB--authorization-kubeconfig=/etc/kubernetes/controller-manager.conf--bind-address=127.0.0.1+--client-ca-file=/etc/kubernetes/pki/ca.crt--cluster-cidr=10.244.0.0/16--cluster-name=kubernetes6--cluster-signing-cert-file=/etc/kubernetes/pki/ca.crt5--cluster-signing-key-file=/etc/kubernetes/pki/ca.key,--controllers=*,bootstrapsigner,tokencleaner4--kubeconfig=/etc/kubernetes/controller-manager.conf--leader-elect=trueE--requestheader-client-ca-file=/etc/kubernetes/pki/front-proxy-ca.crt)--root-ca-file=/etc/kubernetes/pki/ca.crt=--service-account-private-key-file=/etc/kubernetes/pki/sa.key'--service-cluster-ip-range=10.96.0.0/12&--use-service-account-credentials=true* B
cpu
200mJ 
ca-certs/etc/ssl/certs" 2 J1
etc-ca-certificates/etc/ca-certificates" 2 J
etc-pki/etc/pki" 2 JK
flexvolume-dir 3/usr/libexec/kubernetes/kubelet-plugins/volume/exec" 2 J&
	k8s-certs/etc/kubernetes/pki" 2 J;

kubeconfig'/etc/kubernetes/controller-manager.conf" 2 JI
usr-local-share-ca-certificates /usr/local/share/ca-certificates" 2 J=
usr-share-ca-certificates/usr/share/ca-certificates" 2 R3
'%
/healthz ëP 	127.0.0.1"HTTPS
 
(0j/dev/termination-logrIfNotPresentÄ à ê ¢File≤3
'%
/healthz ëP 	127.0.0.1"HTTPS
 
(0Always 2ClusterFirstB J Rding-net-masterX` h rR
RuntimeDefaultÇ ä ödefault-scheduler≤
 Exists "	NoExecute¬system-node-critical»ËØ÷π˙PreemptLowerPriority˛
Running#
InitializedTrue "ˇöàé * 2 
ReadyTrue "åõàé * 2 '
ContainersReadyTrue "åõàé * 2 $
PodScheduledTrue "ˇöàé * 2  " *192.168.98.1432192.168.98.143:ˇöàé Bí
kube-controller-manager

Åõàé nl Error" *µöàé 2‹öàé :Idocker://c2d17e4e2511441491e7608ceb3b37e0000998bfe48286a02a2a375c1fd9c4d3 (2*k8s.gcr.io/kube-controller-manager:v1.23.1:|docker-pullable://k8s.gcr.io/kube-controller-manager@sha256:a7ed87380108a2d811f0d392a3fe87546c85bc366e0d1e024dfa74eb14468604BIdocker://4ed554c2f5b423b1749a5bc74332af167654439b621cea6cd7adae7df27b7051HJ	BurstableZ b
192.168.98.143 " 
/registry/pods/kube-system/kube-proxy-cjfqq
k8s 
	
v1PodË"
∏
kube-proxy-cjfqqkube-proxy-kube-system" *$0bad21c9-1a9f-4357-bdfd-f9af19fd05862 8 Bçø˜ç Z&
controller-revision-hash
8485885f8bZ
k8s-app
kube-proxyZ
pod-template-generation1jJ
	DaemonSet
kube-proxy"$39929ae1-dd45-45a6-ba56-c71506693116*apps/v108z ä‹
kube-controller-managerUpdatev1"çø˜ç 2FieldsV1:û
õ{"f:metadata":{"f:generateName":{},"f:labels":{".":{},"f:controller-revision-hash":{},"f:k8s-app":{},"f:pod-template-generation":{}},"f:ownerReferences":{".":{},"k:{\"uid\":\"39929ae1-dd45-45a6-ba56-c71506693116\"}":{}}},"f:spec":{"f:affinity":{".":{},"f:nodeAffinity":{".":{},"f:requiredDuringSchedulingIgnoredDuringExecution":{}}},"f:containers":{"k:{\"name\":\"kube-proxy\"}":{".":{},"f:command":{},"f:env":{".":{},"k:{\"name\":\"NODE_NAME\"}":{".":{},"f:name":{},"f:valueFrom":{".":{},"f:fieldRef":{}}}},"f:image":{},"f:imagePullPolicy":{},"f:name":{},"f:resources":{},"f:securityContext":{".":{},"f:privileged":{}},"f:terminationMessagePath":{},"f:terminationMessagePolicy":{},"f:volumeMounts":{".":{},"k:{\"mountPath\":\"/lib/modules\"}":{".":{},"f:mountPath":{},"f:name":{},"f:readOnly":{}},"k:{\"mountPath\":\"/run/xtables.lock\"}":{".":{},"f:mountPath":{},"f:name":{}},"k:{\"mountPath\":\"/var/lib/kube-proxy\"}":{".":{},"f:mountPath":{},"f:name":{}}}}},"f:dnsPolicy":{},"f:enableServiceLinks":{},"f:hostNetwork":{},"f:nodeSelector":{},"f:priorityClassName":{},"f:restartPolicy":{},"f:schedulerName":{},"f:securityContext":{},"f:serviceAccount":{},"f:serviceAccountName":{},"f:terminationGracePeriodSeconds":{},"f:tolerations":{},"f:volumes":{".":{},"k:{\"name\":\"kube-proxy\"}":{".":{},"f:configMap":{".":{},"f:defaultMode":{},"f:name":{}},"f:name":{}},"k:{\"name\":\"lib-modules\"}":{".":{},"f:hostPath":{".":{},"f:path":{},"f:type":{}},"f:name":{}},"k:{\"name\":\"xtables-lock\"}":{".":{},"f:hostPath":{".":{},"f:path":{},"f:type":{}},"f:name":{}}}}}B ä«
Go-http-clientUpdatev1"äõàé 2FieldsV1:å
â{"f:status":{"f:conditions":{"k:{\"type\":\"ContainersReady\"}":{".":{},"f:lastProbeTime":{},"f:lastTransitionTime":{},"f:status":{},"f:type":{}},"k:{\"type\":\"Initialized\"}":{".":{},"f:lastProbeTime":{},"f:lastTransitionTime":{},"f:status":{},"f:type":{}},"k:{\"type\":\"Ready\"}":{".":{},"f:lastProbeTime":{},"f:lastTransitionTime":{},"f:status":{},"f:type":{}}},"f:containerStatuses":{},"f:hostIP":{},"f:phase":{},"f:podIP":{},"f:podIPs":{".":{},"k:{\"ip\":\"192.168.98.143\"}":{".":{},"f:ip":{}}},"f:startTime":{}}}Bstatusœ

"

kube-proxyö


kube-proxy§
3
xtables-lock#
!
/run/xtables.lockFileOrCreate
!
lib-modules

/lib/modules 
Ñ
kube-api-access-m2h5qk“h
"
 ótoken
(&

kube-root-ca.crt
ca.crtca.crt
)'
%
	namespace
v1metadata.namespace§∑

kube-proxyk8s.gcr.io/kube-proxy:v1.23.1/usr/local/bin/kube-proxy(--config=/var/lib/kube-proxy/config.conf --hostname-override=$(NODE_NAME)* :$
	NODE_NAME 

v1spec.nodeNameB J'

kube-proxy /var/lib/kube-proxy" 2 J'
xtables-lock /run/xtables.lock" 2 J!
lib-modules/lib/modules" 2 JL
kube-api-access-m2h5q-/var/run/secrets/kubernetes.io/serviceaccount" 2 j/dev/termination-logrIfNotPresentzÄ à ê ¢FileAlways 2ClusterFirst:
kubernetes.io/oslinuxB
kube-proxyJ
kube-proxyRding-net-masterX` h r Ç ä í,
*
(
&$
metadata.nameInding-net-masterödefault-scheduler≤
 Exists " ≤3
node.kubernetes.io/not-readyExists "	NoExecute≤5
node.kubernetes.io/unreachableExists "	NoExecute≤8
 node.kubernetes.io/disk-pressureExists "
NoSchedule≤:
"node.kubernetes.io/memory-pressureExists "
NoSchedule≤7
node.kubernetes.io/pid-pressureExists "
NoSchedule≤8
 node.kubernetes.io/unschedulableExists "
NoSchedule≤>
&node.kubernetes.io/network-unavailableExists "
NoSchedule¬system-node-critical»ËØ÷π˙PreemptLowerPriorityÿ
Running#
InitializedTrue "çø˜ç * 2 
ReadyTrue "äõàé * 2 '
ContainersReadyTrue "äõàé * 2 $
PodScheduledTrue "çø˜ç * 2  " *192.168.98.1432192.168.98.143:çø˜ç BÎ

kube-proxy

äõàé nl Error" *È¶Éé 2‹öàé :Idocker://8153662de035f08ccf56d720fababdee2c972998ee36d43a5de43aec66426af5 (2k8s.gcr.io/kube-proxy:v1.23.1:odocker-pullable://k8s.gcr.io/kube-proxy@sha256:e40f3a28721588affcf187f3f246d1e078157dabe274003eaa2957a83f7170c8BIdocker://0f9ae8d61a2df9423fa076088bd00d74cddf89909eaed34a97b899d3b416e24eHJ
BestEffortZ b
192.168.98.143 " 
/registry/pods/kube-system/kube-proxy-pcsfx
k8s 
	
v1PodË"
∏
kube-proxy-pcsfxkube-proxy-kube-system" *$f702b19e-b248-45b9-b79d-b7ea3eb9eb992 8 B⁄ø˜ç Z&
controller-revision-hash
8485885f8bZ
k8s-app
kube-proxyZ
pod-template-generation1jJ
	DaemonSet
kube-proxy"$39929ae1-dd45-45a6-ba56-c71506693116*apps/v108z ä‹
kube-controller-managerUpdatev1"⁄ø˜ç 2FieldsV1:û
õ{"f:metadata":{"f:generateName":{},"f:labels":{".":{},"f:controller-revision-hash":{},"f:k8s-app":{},"f:pod-template-generation":{}},"f:ownerReferences":{".":{},"k:{\"uid\":\"39929ae1-dd45-45a6-ba56-c71506693116\"}":{}}},"f:spec":{"f:affinity":{".":{},"f:nodeAffinity":{".":{},"f:requiredDuringSchedulingIgnoredDuringExecution":{}}},"f:containers":{"k:{\"name\":\"kube-proxy\"}":{".":{},"f:command":{},"f:env":{".":{},"k:{\"name\":\"NODE_NAME\"}":{".":{},"f:name":{},"f:valueFrom":{".":{},"f:fieldRef":{}}}},"f:image":{},"f:imagePullPolicy":{},"f:name":{},"f:resources":{},"f:securityContext":{".":{},"f:privileged":{}},"f:terminationMessagePath":{},"f:terminationMessagePolicy":{},"f:volumeMounts":{".":{},"k:{\"mountPath\":\"/lib/modules\"}":{".":{},"f:mountPath":{},"f:name":{},"f:readOnly":{}},"k:{\"mountPath\":\"/run/xtables.lock\"}":{".":{},"f:mountPath":{},"f:name":{}},"k:{\"mountPath\":\"/var/lib/kube-proxy\"}":{".":{},"f:mountPath":{},"f:name":{}}}}},"f:dnsPolicy":{},"f:enableServiceLinks":{},"f:hostNetwork":{},"f:nodeSelector":{},"f:priorityClassName":{},"f:restartPolicy":{},"f:schedulerName":{},"f:securityContext":{},"f:serviceAccount":{},"f:serviceAccountName":{},"f:terminationGracePeriodSeconds":{},"f:tolerations":{},"f:volumes":{".":{},"k:{\"name\":\"kube-proxy\"}":{".":{},"f:configMap":{".":{},"f:defaultMode":{},"f:name":{}},"f:name":{}},"k:{\"name\":\"lib-modules\"}":{".":{},"f:hostPath":{".":{},"f:path":{},"f:type":{}},"f:name":{}},"k:{\"name\":\"xtables-lock\"}":{".":{},"f:hostPath":{".":{},"f:path":{},"f:type":{}},"f:name":{}}}}}B ä«
Go-http-clientUpdatev1"ƒõàé 2FieldsV1:å
â{"f:status":{"f:conditions":{"k:{\"type\":\"ContainersReady\"}":{".":{},"f:lastProbeTime":{},"f:lastTransitionTime":{},"f:status":{},"f:type":{}},"k:{\"type\":\"Initialized\"}":{".":{},"f:lastProbeTime":{},"f:lastTransitionTime":{},"f:status":{},"f:type":{}},"k:{\"type\":\"Ready\"}":{".":{},"f:lastProbeTime":{},"f:lastTransitionTime":{},"f:status":{},"f:type":{}}},"f:containerStatuses":{},"f:hostIP":{},"f:phase":{},"f:podIP":{},"f:podIPs":{".":{},"k:{\"ip\":\"192.168.98.144\"}":{".":{},"f:ip":{}}},"f:startTime":{}}}Bstatusœ

"

kube-proxyö


kube-proxy§
3
xtables-lock#
!
/run/xtables.lockFileOrCreate
!
lib-modules

/lib/modules 
Ñ
kube-api-access-7v4r7k“h
"
 ótoken
(&

kube-root-ca.crt
ca.crtca.crt
)'
%
	namespace
v1metadata.namespace§∑

kube-proxyk8s.gcr.io/kube-proxy:v1.23.1/usr/local/bin/kube-proxy(--config=/var/lib/kube-proxy/config.conf --hostname-override=$(NODE_NAME)* :$
	NODE_NAME 

v1spec.nodeNameB J'

kube-proxy /var/lib/kube-proxy" 2 J'
xtables-lock /run/xtables.lock" 2 J!
lib-modules/lib/modules" 2 JL
kube-api-access-7v4r7-/var/run/secrets/kubernetes.io/serviceaccount" 2 j/dev/termination-logrIfNotPresentzÄ à ê ¢FileAlways 2ClusterFirst:
kubernetes.io/oslinuxB
kube-proxyJ
kube-proxyRding-net-node-1X` h r Ç ä í,
*
(
&$
metadata.nameInding-net-node-1ödefault-scheduler≤
 Exists " ≤3
node.kubernetes.io/not-readyExists "	NoExecute≤5
node.kubernetes.io/unreachableExists "	NoExecute≤8
 node.kubernetes.io/disk-pressureExists "
NoSchedule≤:
"node.kubernetes.io/memory-pressureExists "
NoSchedule≤7
node.kubernetes.io/pid-pressureExists "
NoSchedule≤8
 node.kubernetes.io/unschedulableExists "
NoSchedule≤>
&node.kubernetes.io/network-unavailableExists "
NoSchedule¬system-node-critical»ËØ÷π˙PreemptLowerPriorityÿ
Running#
InitializedTrue "€ø˜ç * 2 
ReadyTrue "ƒõàé * 2 '
ContainersReadyTrue "ƒõàé * 2 $
PodScheduledTrue "⁄ø˜ç * 2  " *192.168.98.1442192.168.98.144:€ø˜ç BÎ

kube-proxy

√õàé nl Error" *Ä∑˙ç 2†õàé :Idocker://41703d571b17c19136fe48f717e1ecb0c6af9797d0117091a0acc92cdc4f1a49 (2k8s.gcr.io/kube-proxy:v1.23.1:odocker-pullable://k8s.gcr.io/kube-proxy@sha256:e40f3a28721588affcf187f3f246d1e078157dabe274003eaa2957a83f7170c8BIdocker://0fbca363050d4368da74e6afc6a6e4e7a7ca7a1df6246680b894f42eba42b926HJ
BestEffortZ b
192.168.98.144 " 
/registry/pods/kube-system/kube-proxy-zk8ng
k8s 
	
v1PodÌ#
ª
kube-proxy-zk8ngkube-proxy-kube-system" *$d4d3918a-126b-45d3-a501-06dcbc7ca9272 8 Bå¡˜ç Z&
controller-revision-hash
8485885f8bZ
k8s-app
kube-proxyZ
pod-template-generation1jJ
	DaemonSet
kube-proxy"$39929ae1-dd45-45a6-ba56-c71506693116*apps/v108z ä‹
kube-controller-managerUpdatev1"å¡˜ç 2FieldsV1:û
õ{"f:metadata":{"f:generateName":{},"f:labels":{".":{},"f:controller-revision-hash":{},"f:k8s-app":{},"f:pod-template-generation":{}},"f:ownerReferences":{".":{},"k:{\"uid\":\"39929ae1-dd45-45a6-ba56-c71506693116\"}":{}}},"f:spec":{"f:affinity":{".":{},"f:nodeAffinity":{".":{},"f:requiredDuringSchedulingIgnoredDuringExecution":{}}},"f:containers":{"k:{\"name\":\"kube-proxy\"}":{".":{},"f:command":{},"f:env":{".":{},"k:{\"name\":\"NODE_NAME\"}":{".":{},"f:name":{},"f:valueFrom":{".":{},"f:fieldRef":{}}}},"f:image":{},"f:imagePullPolicy":{},"f:name":{},"f:resources":{},"f:securityContext":{".":{},"f:privileged":{}},"f:terminationMessagePath":{},"f:terminationMessagePolicy":{},"f:volumeMounts":{".":{},"k:{\"mountPath\":\"/lib/modules\"}":{".":{},"f:mountPath":{},"f:name":{},"f:readOnly":{}},"k:{\"mountPath\":\"/run/xtables.lock\"}":{".":{},"f:mountPath":{},"f:name":{}},"k:{\"mountPath\":\"/var/lib/kube-proxy\"}":{".":{},"f:mountPath":{},"f:name":{}}}}},"f:dnsPolicy":{},"f:enableServiceLinks":{},"f:hostNetwork":{},"f:nodeSelector":{},"f:priorityClassName":{},"f:restartPolicy":{},"f:schedulerName":{},"f:securityContext":{},"f:serviceAccount":{},"f:serviceAccountName":{},"f:terminationGracePeriodSeconds":{},"f:tolerations":{},"f:volumes":{".":{},"k:{\"name\":\"kube-proxy\"}":{".":{},"f:configMap":{".":{},"f:defaultMode":{},"f:name":{}},"f:name":{}},"k:{\"name\":\"lib-modules\"}":{".":{},"f:hostPath":{".":{},"f:path":{},"f:type":{}},"f:name":{}},"k:{\"name\":\"xtables-lock\"}":{".":{},"f:hostPath":{".":{},"f:path":{},"f:type":{}},"f:name":{}}}}}B äü
Go-http-clientUpdatev1"É∑˙ç 2FieldsV1:‰
·{"f:status":{"f:conditions":{"k:{\"type\":\"ContainersReady\"}":{".":{},"f:lastProbeTime":{},"f:lastTransitionTime":{},"f:status":{},"f:type":{}},"k:{\"type\":\"Initialized\"}":{".":{},"f:lastProbeTime":{},"f:lastTransitionTime":{},"f:status":{},"f:type":{}},"k:{\"type\":\"Ready\"}":{".":{},"f:lastProbeTime":{},"f:type":{}}},"f:containerStatuses":{},"f:hostIP":{},"f:phase":{},"f:podIP":{},"f:podIPs":{".":{},"k:{\"ip\":\"192.168.98.145\"}":{".":{},"f:ip":{}}},"f:startTime":{}}}Bstatusäß
kube-controller-managerUpdatev1"äûÉé 2FieldsV1:d
b{"f:status":{"f:conditions":{"k:{\"type\":\"Ready\"}":{"f:lastTransitionTime":{},"f:status":{}}}}}Bstatusœ

"

kube-proxyö


kube-proxy§
3
xtables-lock#
!
/run/xtables.lockFileOrCreate
!
lib-modules

/lib/modules 
Ñ
kube-api-access-2zffkk“h
"
 ótoken
(&

kube-root-ca.crt
ca.crtca.crt
)'
%
	namespace
v1metadata.namespace§∑

kube-proxyk8s.gcr.io/kube-proxy:v1.23.1/usr/local/bin/kube-proxy(--config=/var/lib/kube-proxy/config.conf --hostname-override=$(NODE_NAME)* :$
	NODE_NAME 

v1spec.nodeNameB J'

kube-proxy /var/lib/kube-proxy" 2 J'
xtables-lock /run/xtables.lock" 2 J!
lib-modules/lib/modules" 2 JL
kube-api-access-2zffk-/var/run/secrets/kubernetes.io/serviceaccount" 2 j/dev/termination-logrIfNotPresentzÄ à ê ¢FileAlways 2ClusterFirst:
kubernetes.io/oslinuxB
kube-proxyJ
kube-proxyRding-net-node-2X` h r Ç ä í,
*
(
&$
metadata.nameInding-net-node-2ödefault-scheduler≤
 Exists " ≤3
node.kubernetes.io/not-readyExists "	NoExecute≤5
node.kubernetes.io/unreachableExists "	NoExecute≤8
 node.kubernetes.io/disk-pressureExists "
NoSchedule≤:
"node.kubernetes.io/memory-pressureExists "
NoSchedule≤7
node.kubernetes.io/pid-pressureExists "
NoSchedule≤8
 node.kubernetes.io/unschedulableExists "
NoSchedule≤>
&node.kubernetes.io/network-unavailableExists "
NoSchedule¬system-node-critical»ËØ÷π˙PreemptLowerPriority⁄
Running#
InitializedTrue "ç¡˜ç * 2 
ReadyFalse "äûÉé * 2 '
ContainersReadyTrue "É∑˙ç * 2 $
PodScheduledTrue "å¡˜ç * 2  " *192.168.98.1452192.168.98.145:ç¡˜ç BÏ

kube-proxy

É∑˙ç omˇ Error" *ò¡˜ç 2˛∂˙ç :Idocker://bef5a0503e32e31b18fb773a697a1a84f96dc9ca5a528b19ee692e72e72bdb07 (2k8s.gcr.io/kube-proxy:v1.23.1:odocker-pullable://k8s.gcr.io/kube-proxy@sha256:e40f3a28721588affcf187f3f246d1e078157dabe274003eaa2957a83f7170c8BIdocker://46f7617db459ff5749093baad13823557cfd779f83a28f6153dcbf9b5ec98cdcHJ
BestEffortZ b
192.168.98.145 " 
/registry/pods/kube-system/kube-scheduler-ding-net-master
k8s 
	
v1Pod’ 
Û
kube-scheduler-ding-net-master kube-system" *$e2436794-af46-4e25-a4e6-9f6b6b88a5682 8 Bˇæ˜ç Z
	componentkube-schedulerZ
tiercontrol-planeb=
kubernetes.io/config.hash 9a010a3f49d6441868d3544d1e31d402b?
kubernetes.io/config.mirror 9a010a3f49d6441868d3544d1e31d402b@
kubernetes.io/config.seen#2021-12-18T05:17:51.336602743-08:00b#
kubernetes.io/config.sourcefileb;
(seccomp.security.alpha.kubernetes.io/podruntime/defaultjC
Nodeding-net-master"$a5da11c4-9eb3-43a0-af6e-7270abd4c291*v10z äß
Go-http-clientUpdatev1"ˇæ˜ç 2FieldsV1:Ú
Ô{"f:metadata":{"f:annotations":{".":{},"f:kubernetes.io/config.hash":{},"f:kubernetes.io/config.mirror":{},"f:kubernetes.io/config.seen":{},"f:kubernetes.io/config.source":{}},"f:labels":{".":{},"f:component":{},"f:tier":{}},"f:ownerReferences":{".":{},"k:{\"uid\":\"a5da11c4-9eb3-43a0-af6e-7270abd4c291\"}":{}}},"f:spec":{"f:containers":{"k:{\"name\":\"kube-scheduler\"}":{".":{},"f:command":{},"f:image":{},"f:imagePullPolicy":{},"f:livenessProbe":{".":{},"f:failureThreshold":{},"f:httpGet":{".":{},"f:host":{},"f:path":{},"f:port":{},"f:scheme":{}},"f:initialDelaySeconds":{},"f:periodSeconds":{},"f:successThreshold":{},"f:timeoutSeconds":{}},"f:name":{},"f:resources":{".":{},"f:requests":{".":{},"f:cpu":{}}},"f:startupProbe":{".":{},"f:failureThreshold":{},"f:httpGet":{".":{},"f:host":{},"f:path":{},"f:port":{},"f:scheme":{}},"f:initialDelaySeconds":{},"f:periodSeconds":{},"f:successThreshold":{},"f:timeoutSeconds":{}},"f:terminationMessagePath":{},"f:terminationMessagePolicy":{},"f:volumeMounts":{".":{},"k:{\"mountPath\":\"/etc/kubernetes/scheduler.conf\"}":{".":{},"f:mountPath":{},"f:name":{},"f:readOnly":{}}}}},"f:dnsPolicy":{},"f:enableServiceLinks":{},"f:hostNetwork":{},"f:nodeName":{},"f:priorityClassName":{},"f:restartPolicy":{},"f:schedulerName":{},"f:securityContext":{".":{},"f:seccompProfile":{".":{},"f:type":{}}},"f:terminationGracePeriodSeconds":{},"f:tolerations":{},"f:volumes":{".":{},"k:{\"name\":\"kubeconfig\"}":{".":{},"f:hostPath":{".":{},"f:path":{},"f:type":{}},"f:name":{}}}}}B ä¿
Go-http-clientUpdatev1"ëõàé 2FieldsV1:Ö
Ç{"f:status":{"f:conditions":{".":{},"k:{\"type\":\"ContainersReady\"}":{".":{},"f:lastProbeTime":{},"f:lastTransitionTime":{},"f:status":{},"f:type":{}},"k:{\"type\":\"Initialized\"}":{".":{},"f:lastProbeTime":{},"f:lastTransitionTime":{},"f:status":{},"f:type":{}},"k:{\"type\":\"PodScheduled\"}":{".":{},"f:lastProbeTime":{},"f:lastTransitionTime":{},"f:status":{},"f:type":{}},"k:{\"type\":\"Ready\"}":{".":{},"f:lastProbeTime":{},"f:lastTransitionTime":{},"f:status":{},"f:type":{}}},"f:containerStatuses":{},"f:hostIP":{},"f:phase":{},"f:podIP":{},"f:podIPs":{".":{},"k:{\"ip\":\"192.168.98.143\"}":{".":{},"f:ip":{}}},"f:startTime":{}}}BstatusÚ
>

kubeconfig0
.
/etc/kubernetes/scheduler.confFileOrCreate¸
kube-scheduler!k8s.gcr.io/kube-scheduler:v1.23.1kube-scheduler:--authentication-kubeconfig=/etc/kubernetes/scheduler.conf9--authorization-kubeconfig=/etc/kubernetes/scheduler.conf--bind-address=127.0.0.1+--kubeconfig=/etc/kubernetes/scheduler.conf--leader-elect=true* B
cpu
100mJ2

kubeconfig/etc/kubernetes/scheduler.conf" 2 R3
'%
/healthz ìP 	127.0.0.1"HTTPS
 
(0j/dev/termination-logrIfNotPresentÄ à ê ¢File≤3
'%
/healthz ìP 	127.0.0.1"HTTPS
 
(0Always 2ClusterFirstB J Rding-net-masterX` h rR
RuntimeDefaultÇ ä ödefault-scheduler≤
 Exists "	NoExecute¬system-node-critical»ËØ÷π˙PreemptLowerPriorityÁ
Running#
InitializedTrue "·ùÉé * 2 
ReadyTrue "ëõàé * 2 '
ContainersReadyTrue "ëõàé * 2 $
PodScheduledTrue "·ùÉé * 2  " *192.168.98.1432192.168.98.143:·ùÉé B˚
kube-scheduler

Çõàé rp  	Completed" *µöàé 2‹öàé :Idocker://3a290f4a4f47f903448fe224f20a7b790bcbda90848589c96b7c07de706fecfe (2!k8s.gcr.io/kube-scheduler:v1.23.1:sdocker-pullable://k8s.gcr.io/kube-scheduler@sha256:8be4eb1593cf9ff2d91b44596633b7815a3753696031a1eb4273d1b39427fa8cBIdocker://0b7db97e72e76468a8a2872792cfd62f9baf36f577bc35e3cee2ce9da97be141HJ	BurstableZ b
192.168.98.143 " 
/registry/priorityclasses/system-cluster-critical
k8s 
%
scheduling.k8s.io/v1PriorityClassÁ
⁄
system-cluster-critical  " *$0635486a-8e65-48dd-a3d7-1002f73e2c2e2 8B¸æ˜ç z äÅ
kube-apiserverUpdatescheduling.k8s.io/v1"¸æ˜ç 2FieldsV1:;
9{"f:description":{},"f:preemptionPolicy":{},"f:value":{}}B Ä®÷π "jUsed for system critical pods that must run in the cluster, but can be moved to another node if necessary.*PreemptLowerPriority " 
/registry/priorityclasses/system-node-critical
k8s 
%
scheduling.k8s.io/v1PriorityClass«
◊
system-node-critical  " *$31ac28f0-18b2-4a58-86ae-84d77d11ac002 8B¸æ˜ç z äÅ
kube-apiserverUpdatescheduling.k8s.io/v1"¸æ˜ç 2FieldsV1:;
9{"f:description":{},"f:preemptionPolicy":{},"f:value":{}}B ËØ÷π "MUsed for system critical pods that must not be moved from their current node.*PreemptLowerPriority " 
/registry/prioritylevelconfigurations/catch-all
k8s 
B
$flowcontrol.apiserver.k8s.io/v1beta1PriorityLevelConfiguration—
≥
	catch-all  " *$0886786d-4fdc-4751-b762-085f9818c0db2 8B˚æ˜ç b)
!apf.kubernetes.io/autoupdate-spectruez äΩ
,api-priority-and-fairness-config-producer-v1Update$flowcontrol.apiserver.k8s.io/v1beta2"˚æ˜ç 2FieldsV1:»
≈{"f:metadata":{"f:annotations":{".":{},"f:apf.kubernetes.io/autoupdate-spec":{}}},"f:spec":{"f:limited":{".":{},"f:assuredConcurrencyShares":{},"f:limitResponse":{".":{},"f:type":{}}},"f:type":{}}}B 
Limited
Reject  " 
/registry/prioritylevelconfigurations/exempt
k8s 
B
$flowcontrol.apiserver.k8s.io/v1beta1PriorityLevelConfiguration·
“
exempt  " *$234594ad-b8ad-48db-b2dc-96837149ea222 8B˚æ˜ç b)
!apf.kubernetes.io/autoupdate-spectruez äﬂ
,api-priority-and-fairness-config-producer-v1Update$flowcontrol.apiserver.k8s.io/v1beta2"˚æ˜ç 2FieldsV1:k
i{"f:metadata":{"f:annotations":{".":{},"f:apf.kubernetes.io/autoupdate-spec":{}}},"f:spec":{"f:type":{}}}B 
Exempt  " 
/registry/prioritylevelconfigurations/global-default
k8s 
B
$flowcontrol.apiserver.k8s.io/v1beta1PriorityLevelConfiguration©
É
global-default  " *$736bd97e-aeab-422f-bbed-d57fa8a34cdb2 8B˚æ˜ç b)
!apf.kubernetes.io/autoupdate-spectruez äà
,api-priority-and-fairness-config-producer-v1Update$flowcontrol.apiserver.k8s.io/v1beta2"˚æ˜ç 2FieldsV1:ì
ê{"f:metadata":{"f:annotations":{".":{},"f:apf.kubernetes.io/autoupdate-spec":{}}},"f:spec":{"f:limited":{".":{},"f:assuredConcurrencyShares":{},"f:limitResponse":{".":{},"f:queuing":{".":{},"f:handSize":{},"f:queueLengthLimit":{},"f:queues":{}},"f:type":{}}},"f:type":{}}}B 
Limited
QueueÄ2  " 
/registry/prioritylevelconfigurations/leader-election
k8s 
B
$flowcontrol.apiserver.k8s.io/v1beta1PriorityLevelConfiguration©
Ñ
leader-election  " *$fa557468-aeb7-4c48-bc35-55fbc60bb4d92 8B˚æ˜ç b)
!apf.kubernetes.io/autoupdate-spectruez äà
,api-priority-and-fairness-config-producer-v1Update$flowcontrol.apiserver.k8s.io/v1beta2"˚æ˜ç 2FieldsV1:ì
ê{"f:metadata":{"f:annotations":{".":{},"f:apf.kubernetes.io/autoupdate-spec":{}}},"f:spec":{"f:limited":{".":{},"f:assuredConcurrencyShares":{},"f:limitResponse":{".":{},"f:queuing":{".":{},"f:handSize":{},"f:queueLengthLimit":{},"f:queues":{}},"f:type":{}}},"f:type":{}}}B 
Limited

Queue2  " 
/registry/prioritylevelconfigurations/node-high
k8s 
B
$flowcontrol.apiserver.k8s.io/v1beta1PriorityLevelConfiguration£
˛
	node-high  " *$c9f56b10-7e04-44b2-ae27-6233146c24502 8B˚æ˜ç b)
!apf.kubernetes.io/autoupdate-spectruez äà
,api-priority-and-fairness-config-producer-v1Update$flowcontrol.apiserver.k8s.io/v1beta2"˚æ˜ç 2FieldsV1:ì
ê{"f:metadata":{"f:annotations":{".":{},"f:apf.kubernetes.io/autoupdate-spec":{}}},"f:spec":{"f:limited":{".":{},"f:assuredConcurrencyShares":{},"f:limitResponse":{".":{},"f:queuing":{".":{},"f:handSize":{},"f:queueLengthLimit":{},"f:queues":{}},"f:type":{}}},"f:type":{}}}B 
Limited(
Queue@2  " 
/registry/prioritylevelconfigurations/system
k8s 
B
$flowcontrol.apiserver.k8s.io/v1beta1PriorityLevelConfiguration†
˚
system  " *$264e8602-27ce-4a2e-856b-4e769a62b8352 8B˚æ˜ç b)
!apf.kubernetes.io/autoupdate-spectruez äà
,api-priority-and-fairness-config-producer-v1Update$flowcontrol.apiserver.k8s.io/v1beta2"˚æ˜ç 2FieldsV1:ì
ê{"f:metadata":{"f:annotations":{".":{},"f:apf.kubernetes.io/autoupdate-spec":{}}},"f:spec":{"f:limited":{".":{},"f:assuredConcurrencyShares":{},"f:limitResponse":{".":{},"f:queuing":{".":{},"f:handSize":{},"f:queueLengthLimit":{},"f:queues":{}},"f:type":{}}},"f:type":{}}}B 
Limited
Queue@2  " 
/registry/prioritylevelconfigurations/workload-high
k8s 
B
$flowcontrol.apiserver.k8s.io/v1beta1PriorityLevelConfiguration®
Ç
workload-high  " *$592b348d-5e54-4833-9ddf-44ddb143450f2 8B˚æ˜ç b)
!apf.kubernetes.io/autoupdate-spectruez äà
,api-priority-and-fairness-config-producer-v1Update$flowcontrol.apiserver.k8s.io/v1beta2"˚æ˜ç 2FieldsV1:ì
ê{"f:metadata":{"f:annotations":{".":{},"f:apf.kubernetes.io/autoupdate-spec":{}}},"f:spec":{"f:limited":{".":{},"f:assuredConcurrencyShares":{},"f:limitResponse":{".":{},"f:queuing":{".":{},"f:handSize":{},"f:queueLengthLimit":{},"f:queues":{}},"f:type":{}}},"f:type":{}}}B 
Limited(
QueueÄ2  " 
/registry/prioritylevelconfigurations/workload-low
k8s 
B
$flowcontrol.apiserver.k8s.io/v1beta1PriorityLevelConfigurationß
Å
workload-low  " *$3095f20a-df0a-4448-a3ed-15477b35907c2 8B˚æ˜ç b)
!apf.kubernetes.io/autoupdate-spectruez äà
,api-priority-and-fairness-config-producer-v1Update$flowcontrol.apiserver.k8s.io/v1beta2"˚æ˜ç 2FieldsV1:ì
ê{"f:metadata":{"f:annotations":{".":{},"f:apf.kubernetes.io/autoupdate-spec":{}}},"f:spec":{"f:limited":{".":{},"f:assuredConcurrencyShares":{},"f:limitResponse":{".":{},"f:queuing":{".":{},"f:handSize":{},"f:queueLengthLimit":{},"f:queues":{}},"f:type":{}}},"f:type":{}}}B 
Limitedd
QueueÄ2  " 
/registry/ranges/serviceips
k8s 

v1RangeAllocation&

   " * 2 8 B z 10.96.0.0/12 " 
/registry/ranges/servicenodeports
k8s 

v1RangeAllocation#

   " * 2 8 B z 30000-32767  " 
/registry/replicasets/kube-system/coredns-64897985d
k8s 

apps/v1
ReplicaSetÌ
˙
coredns-64897985d kube-system" *$2a73178a-b086-4db1-972d-8e5e787978492 8Bçø˜ç Z
k8s-appkube-dnsZ
pod-template-hash	64897985db.
)deployment.kubernetes.io/desired-replicas2b*
%deployment.kubernetes.io/max-replicas3b&
!deployment.kubernetes.io/revision1jH

Deploymentcoredns"$60e40757-e575-4584-b820-d1e651017fa2*apps/v108z ä˜
kube-controller-managerUpdateapps/v1"çø˜ç 2FieldsV1:¥
±{"f:metadata":{"f:annotations":{".":{},"f:deployment.kubernetes.io/desired-replicas":{},"f:deployment.kubernetes.io/max-replicas":{},"f:deployment.kubernetes.io/revision":{}},"f:labels":{".":{},"f:k8s-app":{},"f:pod-template-hash":{}},"f:ownerReferences":{".":{},"k:{\"uid\":\"60e40757-e575-4584-b820-d1e651017fa2\"}":{}}},"f:spec":{"f:replicas":{},"f:selector":{},"f:template":{"f:metadata":{"f:labels":{".":{},"f:k8s-app":{},"f:pod-template-hash":{}}},"f:spec":{"f:containers":{"k:{\"name\":\"coredns\"}":{".":{},"f:args":{},"f:image":{},"f:imagePullPolicy":{},"f:livenessProbe":{".":{},"f:failureThreshold":{},"f:httpGet":{".":{},"f:path":{},"f:port":{},"f:scheme":{}},"f:initialDelaySeconds":{},"f:periodSeconds":{},"f:successThreshold":{},"f:timeoutSeconds":{}},"f:name":{},"f:ports":{".":{},"k:{\"containerPort\":53,\"protocol\":\"TCP\"}":{".":{},"f:containerPort":{},"f:name":{},"f:protocol":{}},"k:{\"containerPort\":53,\"protocol\":\"UDP\"}":{".":{},"f:containerPort":{},"f:name":{},"f:protocol":{}},"k:{\"containerPort\":9153,\"protocol\":\"TCP\"}":{".":{},"f:containerPort":{},"f:name":{},"f:protocol":{}}},"f:readinessProbe":{".":{},"f:failureThreshold":{},"f:httpGet":{".":{},"f:path":{},"f:port":{},"f:scheme":{}},"f:periodSeconds":{},"f:successThreshold":{},"f:timeoutSeconds":{}},"f:resources":{".":{},"f:limits":{".":{},"f:memory":{}},"f:requests":{".":{},"f:cpu":{},"f:memory":{}}},"f:securityContext":{".":{},"f:allowPrivilegeEscalation":{},"f:capabilities":{".":{},"f:add":{},"f:drop":{}},"f:readOnlyRootFilesystem":{}},"f:terminationMessagePath":{},"f:terminationMessagePolicy":{},"f:volumeMounts":{".":{},"k:{\"mountPath\":\"/etc/coredns\"}":{".":{},"f:mountPath":{},"f:name":{},"f:readOnly":{}}}}},"f:dnsPolicy":{},"f:nodeSelector":{},"f:priorityClassName":{},"f:restartPolicy":{},"f:schedulerName":{},"f:securityContext":{},"f:serviceAccount":{},"f:serviceAccountName":{},"f:terminationGracePeriodSeconds":{},"f:tolerations":{},"f:volumes":{".":{},"k:{\"name\":\"config-volume\"}":{".":{},"f:configMap":{".":{},"f:defaultMode":{},"f:items":{},"f:name":{}},"f:name":{}}}}}}}B äû
kube-controller-managerUpdateapps/v1"çø˜ç 2FieldsV1:V
T{"f:status":{"f:fullyLabeledReplicas":{},"f:observedGeneration":{},"f:replicas":{}}}Bstatus·5

k8s-appkube-dns

pod-template-hash	64897985d£
G
   " * 2 8 B Z
k8s-appkube-dnsZ
pod-template-hash	64897985dz ◊
8
config-volume'ö$
	
coredns
CorefileCorefile§å
coredns!k8s.gcr.io/coredns/coredns:v1.8.6"-conf"/etc/coredns/Corefile* 2
dns 5"UDP* 2
dns-tcp 5"TCP* 2
metrics ¡G"TCP* B4

memory
170Mi
cpu
100m
memory
70MiJ#
config-volume/etc/coredns" 2 R(

/health ê?  "HTTP< 
(0Z'

/ready ı?  "HTTP  
(0j/dev/termination-logrIfNotPresentz

NET_BIND_SERVICEall08 Ä à ê ¢FileAlways 2Default:
kubernetes.io/oslinuxBcorednsJcorednsR X ` h r Ç ä ödefault-scheduler≤ 
CriticalAddonsOnlyExists " ≤0
node-role.kubernetes.io/master  "
NoSchedule≤7
%node-role.kubernetes.io/control-plane  "
NoSchedule¬system-cluster-critical  
  (  " 
/registry/rolebindings/kube-public/kubeadm:bootstrap-signer-clusterinfo
k8s 
+
rbac.authorization.k8s.io/v1RoleBinding„
‡
$kubeadm:bootstrap-signer-clusterinfo kube-public" *$659b8ed0-4bde-4907-bc6c-ffdd68f1152b2 8 B˛æ˜ç z äp
Go-http-clientUpdaterbac.authorization.k8s.io/v1"˛æ˜ç 2FieldsV1:"
 {"f:roleRef":{},"f:subjects":{}}B 5
Userrbac.authorization.k8s.iosystem:anonymous" G
rbac.authorization.k8s.ioRole$kubeadm:bootstrap-signer-clusterinfo " 
/registry/rolebindings/kube-public/system:controller:bootstrap-signer
k8s 
+
rbac.authorization.k8s.io/v1RoleBinding”
÷
"system:controller:bootstrap-signer kube-public" *$74bf26a7-9d31-4dc3-93c5-d287c3fa8f992 8 B¸æ˜ç Z,
kubernetes.io/bootstrappingrbac-defaultsb3
+rbac.authorization.kubernetes.io/autoupdatetruez äÑ
Go-http-clientUpdaterbac.authorization.k8s.io/v1"¸æ˜ç 2FieldsV1:µ
≤{"f:metadata":{"f:annotations":{".":{},"f:rbac.authorization.kubernetes.io/autoupdate":{}},"f:labels":{".":{},"f:kubernetes.io/bootstrapping":{}}},"f:roleRef":{},"f:subjects":{}}B 1
ServiceAccount bootstrap-signer"kube-systemE
rbac.authorization.k8s.ioRole"system:controller:bootstrap-signer " 
/registry/rolebindings/kube-system/kube-proxy
k8s 
+
rbac.authorization.k8s.io/v1RoleBindingœ
∆

kube-proxy kube-system" *$6ee41dd8-feac-46b7-bea8-88e017ef80dc2 8 Bˇæ˜ç z äp
Go-http-clientUpdaterbac.authorization.k8s.io/v1"ˇæ˜ç 2FieldsV1:"
 {"f:roleRef":{},"f:subjects":{}}B U
Grouprbac.authorization.k8s.io/system:bootstrappers:kubeadm:default-node-token" -
rbac.authorization.k8s.ioRole
kube-proxy " 
/registry/rolebindings/kube-system/kubeadm:kubelet-config-1.23
k8s 
+
rbac.authorization.k8s.io/v1RoleBinding•
◊
kubeadm:kubelet-config-1.23 kube-system" *$7db72ce1-20bf-4b9d-9617-d9110dd4a7702 8 B˝æ˜ç z äp
Go-http-clientUpdaterbac.authorization.k8s.io/v1"˝æ˜ç 2FieldsV1:"
 {"f:roleRef":{},"f:subjects":{}}B 2
Grouprbac.authorization.k8s.iosystem:nodes" U
Grouprbac.authorization.k8s.io/system:bootstrappers:kubeadm:default-node-token" >
rbac.authorization.k8s.ioRolekubeadm:kubelet-config-1.23 " 
/registry/rolebindings/kube-system/kubeadm:nodes-kubeadm-config
k8s 
+
rbac.authorization.k8s.io/v1RoleBindingß
ÿ
kubeadm:nodes-kubeadm-config kube-system" *$08005233-926c-47b0-ae47-2dedfa5d4b362 8 B˝æ˜ç z äp
Go-http-clientUpdaterbac.authorization.k8s.io/v1"˝æ˜ç 2FieldsV1:"
 {"f:roleRef":{},"f:subjects":{}}B U
Grouprbac.authorization.k8s.io/system:bootstrappers:kubeadm:default-node-token" 2
Grouprbac.authorization.k8s.iosystem:nodes" ?
rbac.authorization.k8s.ioRolekubeadm:nodes-kubeadm-config " 
/registry/rolebindings/kube-system/system::extension-apiserver-authentication-reader
k8s 
+
rbac.authorization.k8s.io/v1RoleBinding∑
Â
1system::extension-apiserver-authentication-reader kube-system" *$4a83ce37-56e2-4ce8-a689-340280ca31572 8 B¸æ˜ç Z,
kubernetes.io/bootstrappingrbac-defaultsb3
+rbac.authorization.kubernetes.io/autoupdatetruez äÑ
Go-http-clientUpdaterbac.authorization.k8s.io/v1"¸æ˜ç 2FieldsV1:µ
≤{"f:metadata":{"f:annotations":{".":{},"f:rbac.authorization.kubernetes.io/autoupdate":{}},"f:labels":{".":{},"f:kubernetes.io/bootstrapping":{}}},"f:roleRef":{},"f:subjects":{}}B C
Userrbac.authorization.k8s.iosystem:kube-controller-manager" :
Userrbac.authorization.k8s.iosystem:kube-scheduler" L
rbac.authorization.k8s.ioRole)extension-apiserver-authentication-reader " 
/registry/rolebindings/kube-system/system::leader-locking-kube-controller-manager
k8s 
+
rbac.authorization.k8s.io/v1RoleBinding∑
‚
.system::leader-locking-kube-controller-manager kube-system" *$6f0af5a5-dc74-44ac-ac13-84a94bd86a8a2 8 B¸æ˜ç Z,
kubernetes.io/bootstrappingrbac-defaultsb3
+rbac.authorization.kubernetes.io/autoupdatetruez äÑ
Go-http-clientUpdaterbac.authorization.k8s.io/v1"¸æ˜ç 2FieldsV1:µ
≤{"f:metadata":{"f:annotations":{".":{},"f:rbac.authorization.kubernetes.io/autoupdate":{}},"f:labels":{".":{},"f:kubernetes.io/bootstrapping":{}}},"f:roleRef":{},"f:subjects":{}}B C
Userrbac.authorization.k8s.iosystem:kube-controller-manager" 8
ServiceAccount kube-controller-manager"kube-systemQ
rbac.authorization.k8s.ioRole.system::leader-locking-kube-controller-manager " 
/registry/rolebindings/kube-system/system::leader-locking-kube-scheduler
k8s 
+
rbac.authorization.k8s.io/v1RoleBindingì
Ÿ
%system::leader-locking-kube-scheduler kube-system" *$85e8f711-2e04-49bb-b5a9-754ca9e2bdce2 8 B¸æ˜ç Z,
kubernetes.io/bootstrappingrbac-defaultsb3
+rbac.authorization.kubernetes.io/autoupdatetruez äÑ
Go-http-clientUpdaterbac.authorization.k8s.io/v1"¸æ˜ç 2FieldsV1:µ
≤{"f:metadata":{"f:annotations":{".":{},"f:rbac.authorization.kubernetes.io/autoupdate":{}},"f:labels":{".":{},"f:kubernetes.io/bootstrapping":{}}},"f:roleRef":{},"f:subjects":{}}B :
Userrbac.authorization.k8s.iosystem:kube-scheduler" /
ServiceAccount kube-scheduler"kube-systemH
rbac.authorization.k8s.ioRole%system::leader-locking-kube-scheduler " 
/registry/rolebindings/kube-system/system:controller:bootstrap-signer
k8s 
+
rbac.authorization.k8s.io/v1RoleBinding”
÷
"system:controller:bootstrap-signer kube-system" *$ff2e01a7-7e7e-4c39-a2ca-7d2e06d00a8a2 8 B¸æ˜ç Z,
kubernetes.io/bootstrappingrbac-defaultsb3
+rbac.authorization.kubernetes.io/autoupdatetruez äÑ
Go-http-clientUpdaterbac.authorization.k8s.io/v1"¸æ˜ç 2FieldsV1:µ
≤{"f:metadata":{"f:annotations":{".":{},"f:rbac.authorization.kubernetes.io/autoupdate":{}},"f:labels":{".":{},"f:kubernetes.io/bootstrapping":{}}},"f:roleRef":{},"f:subjects":{}}B 1
ServiceAccount bootstrap-signer"kube-systemE
rbac.authorization.k8s.ioRole"system:controller:bootstrap-signer " 
/registry/rolebindings/kube-system/system:controller:cloud-provider
k8s 
+
rbac.authorization.k8s.io/v1RoleBindingÕ
‘
 system:controller:cloud-provider kube-system" *$edef6d90-d79b-490b-8fb4-51663f946f072 8 B¸æ˜ç Z,
kubernetes.io/bootstrappingrbac-defaultsb3
+rbac.authorization.kubernetes.io/autoupdatetruez äÑ
Go-http-clientUpdaterbac.authorization.k8s.io/v1"¸æ˜ç 2FieldsV1:µ
≤{"f:metadata":{"f:annotations":{".":{},"f:rbac.authorization.kubernetes.io/autoupdate":{}},"f:labels":{".":{},"f:kubernetes.io/bootstrapping":{}}},"f:roleRef":{},"f:subjects":{}}B /
ServiceAccount cloud-provider"kube-systemC
rbac.authorization.k8s.ioRole system:controller:cloud-provider " 
/registry/rolebindings/kube-system/system:controller:token-cleaner
k8s 
+
rbac.authorization.k8s.io/v1RoleBinding 
”
system:controller:token-cleaner kube-system" *$983ea559-9cac-434d-b600-397851b6a1e82 8 B¸æ˜ç Z,
kubernetes.io/bootstrappingrbac-defaultsb3
+rbac.authorization.kubernetes.io/autoupdatetruez äÑ
Go-http-clientUpdaterbac.authorization.k8s.io/v1"¸æ˜ç 2FieldsV1:µ
≤{"f:metadata":{"f:annotations":{".":{},"f:rbac.authorization.kubernetes.io/autoupdate":{}},"f:labels":{".":{},"f:kubernetes.io/bootstrapping":{}}},"f:roleRef":{},"f:subjects":{}}B .
ServiceAccount token-cleaner"kube-systemB
rbac.authorization.k8s.ioRolesystem:controller:token-cleaner " 
/registry/roles/kube-public/kubeadm:bootstrap-signer-clusterinfo
k8s 
$
rbac.authorization.k8s.io/v1RoleÙ
Œ
$kubeadm:bootstrap-signer-clusterinfo kube-public" *$f96c0334-56bd-452e-8162-c9d726fee9ea2 8 B˛æ˜ç z ä^
Go-http-clientUpdaterbac.authorization.k8s.io/v1"˛æ˜ç 2FieldsV1:
{"f:rules":{}}B !
get 
configmaps"cluster-info " 
/registry/roles/kube-public/system:controller:bootstrap-signer
k8s 
$
rbac.authorization.k8s.io/v1Role¡
ƒ
"system:controller:bootstrap-signer kube-public" *$f77ceed8-1148-4098-8899-f49676e2325e2 8 B¸æ˜ç Z,
kubernetes.io/bootstrappingrbac-defaultsb3
+rbac.authorization.kubernetes.io/autoupdatetruez äÚ
Go-http-clientUpdaterbac.authorization.k8s.io/v1"¸æ˜ç 2FieldsV1:£
†{"f:metadata":{"f:annotations":{".":{},"f:rbac.authorization.kubernetes.io/autoupdate":{}},"f:labels":{".":{},"f:kubernetes.io/bootstrapping":{}}},"f:rules":{}}B  
get
list
watch 
configmaps$
update 
configmaps"cluster-info0
create
patch
update events.k8s.ioevents " 
/registry/roles/kube-system/extension-apiserver-authentication-reader
k8s 
$
rbac.authorization.k8s.io/v1Roleî
À
)extension-apiserver-authentication-reader kube-system" *$d0fea549-349b-470b-836c-df767ef854d02 8 B¸æ˜ç Z,
kubernetes.io/bootstrappingrbac-defaultsb3
+rbac.authorization.kubernetes.io/autoupdatetruez äÚ
Go-http-clientUpdaterbac.authorization.k8s.io/v1"¸æ˜ç 2FieldsV1:£
†{"f:metadata":{"f:annotations":{".":{},"f:rbac.authorization.kubernetes.io/autoupdate":{}},"f:labels":{".":{},"f:kubernetes.io/bootstrapping":{}}},"f:rules":{}}B D
get
list
watch 
configmaps""extension-apiserver-authentication " 
/registry/roles/kube-system/kube-proxy
k8s 
$
rbac.authorization.k8s.io/v1Roleÿ
¥

kube-proxy kube-system" *$c4ee52a8-dda9-4e9e-936c-c0cf97cdddf02 8 Bˇæ˜ç z ä^
Go-http-clientUpdaterbac.authorization.k8s.io/v1"ˇæ˜ç 2FieldsV1:
{"f:rules":{}}B 
get 
configmaps"
kube-proxy " 
/registry/roles/kube-system/kubeadm:kubelet-config-1.23
k8s 
$
rbac.authorization.k8s.io/v1RoleÚ
≈
kubeadm:kubelet-config-1.23 kube-system" *$56c50b36-3ad9-4c49-99c0-d0a0ee45b4a52 8 B˝æ˜ç z ä^
Go-http-clientUpdaterbac.authorization.k8s.io/v1"˝æ˜ç 2FieldsV1:
{"f:rules":{}}B (
get 
configmaps"kubelet-config-1.23 " 
/registry/roles/kube-system/kubeadm:nodes-kubeadm-config
k8s 
$
rbac.authorization.k8s.io/v1RoleÓ
∆
kubeadm:nodes-kubeadm-config kube-system" *$840391fa-892c-4d25-9f56-b1c793eb9e452 8 B˝æ˜ç z ä^
Go-http-clientUpdaterbac.authorization.k8s.io/v1"˝æ˜ç 2FieldsV1:
{"f:rules":{}}B #
get 
configmaps"kubeadm-config " 
/registry/roles/kube-system/system::leader-locking-kube-controller-manager
k8s 
$
rbac.authorization.k8s.io/v1Role†
–
.system::leader-locking-kube-controller-manager kube-system" *$194e1526-b53a-447b-bd35-4d175c0e67d42 8 B¸æ˜ç Z,
kubernetes.io/bootstrappingrbac-defaultsb3
+rbac.authorization.kubernetes.io/autoupdatetruez äÚ
Go-http-clientUpdaterbac.authorization.k8s.io/v1"¸æ˜ç 2FieldsV1:£
†{"f:metadata":{"f:annotations":{".":{},"f:rbac.authorization.kubernetes.io/autoupdate":{}},"f:labels":{".":{},"f:kubernetes.io/bootstrapping":{}}},"f:rules":{}}B 
watch 
configmaps4
get
update 
configmaps"kube-controller-manager " 
/registry/roles/kube-system/system::leader-locking-kube-scheduler
k8s 
$
rbac.authorization.k8s.io/v1Roleé
«
%system::leader-locking-kube-scheduler kube-system" *$641ba3bb-ae6e-4272-b483-a1defbbd2c2b2 8 B¸æ˜ç Z,
kubernetes.io/bootstrappingrbac-defaultsb3
+rbac.authorization.kubernetes.io/autoupdatetruez äÚ
Go-http-clientUpdaterbac.authorization.k8s.io/v1"¸æ˜ç 2FieldsV1:£
†{"f:metadata":{"f:annotations":{".":{},"f:rbac.authorization.kubernetes.io/autoupdate":{}},"f:labels":{".":{},"f:kubernetes.io/bootstrapping":{}}},"f:rules":{}}B 
watch 
configmaps+
get
update 
configmaps"kube-scheduler " 
/registry/roles/kube-system/system:controller:bootstrap-signer
k8s 
$
rbac.authorization.k8s.io/v1RoleÊ
ƒ
"system:controller:bootstrap-signer kube-system" *$ba709f2e-86b6-4c6e-b48f-19951673a5322 8 B¸æ˜ç Z,
kubernetes.io/bootstrappingrbac-defaultsb3
+rbac.authorization.kubernetes.io/autoupdatetruez äÚ
Go-http-clientUpdaterbac.authorization.k8s.io/v1"¸æ˜ç 2FieldsV1:£
†{"f:metadata":{"f:annotations":{".":{},"f:rbac.authorization.kubernetes.io/autoupdate":{}},"f:labels":{".":{},"f:kubernetes.io/bootstrapping":{}}},"f:rules":{}}B 
get
list
watch secrets " 
/registry/roles/kube-system/system:controller:cloud-provider
k8s 
$
rbac.authorization.k8s.io/v1RoleÔ
¬
 system:controller:cloud-provider kube-system" *$9b4b1308-b51f-4ab5-9f03-c9cc8f1348e12 8 B¸æ˜ç Z,
kubernetes.io/bootstrappingrbac-defaultsb3
+rbac.authorization.kubernetes.io/autoupdatetruez äÚ
Go-http-clientUpdaterbac.authorization.k8s.io/v1"¸æ˜ç 2FieldsV1:£
†{"f:metadata":{"f:annotations":{".":{},"f:rbac.authorization.kubernetes.io/autoupdate":{}},"f:labels":{".":{},"f:kubernetes.io/bootstrapping":{}}},"f:rules":{}}B (
create
get
list
watch 
configmaps " 
/registry/roles/kube-system/system:controller:token-cleaner
k8s 
$
rbac.authorization.k8s.io/v1Roleù
¡
system:controller:token-cleaner kube-system" *$8e52d707-8560-4ea6-bdf7-c4494f4315b72 8 B¸æ˜ç Z,
kubernetes.io/bootstrappingrbac-defaultsb3
+rbac.authorization.kubernetes.io/autoupdatetruez äÚ
Go-http-clientUpdaterbac.authorization.k8s.io/v1"¸æ˜ç 2FieldsV1:£
†{"f:metadata":{"f:annotations":{".":{},"f:rbac.authorization.kubernetes.io/autoupdate":{}},"f:labels":{".":{},"f:kubernetes.io/bootstrapping":{}}},"f:rules":{}}B %
delete
get
list
watch secrets0
create
patch
update events.k8s.ioevents " 
/registry/secrets/default/default-token-49vw8
k8s 

v1SecretÖ
›
default-token-49vw8 default" *$0cd35a9e-898b-4039-904b-d146046e21172 8 Bçø˜ç b-
"kubernetes.io/service-account.namedefaultbI
!kubernetes.io/service-account.uid$02c7b6c1-3287-48b0-8084-4093ce5d71f2z äá
kube-controller-managerUpdatev1"çø˜ç 2FieldsV1:…
∆{"f:data":{".":{},"f:ca.crt":{},"f:namespace":{},"f:token":{}},"f:metadata":{"f:annotations":{".":{},"f:kubernetes.io/service-account.name":{},"f:kubernetes.io/service-account.uid":{}}},"f:type":{}}B ÷
ca.crtÀ-----BEGIN CERTIFICATE-----
MIIC/jCCAeagAwIBAgIBADANBgkqhkiG9w0BAQsFADAVMRMwEQYDVQQDEwprdWJl
cm5ldGVzMB4XDTIxMTIxODEzMTczOFoXDTMxMTIxNjEzMTczOFowFTETMBEGA1UE
AxMKa3ViZXJuZXRlczCCASIwDQYJKoZIhvcNAQEBBQADggEPADCCAQoCggEBAM9R
0owTD9X/+rGCsiDxBBlr1/sCiB54r16qrsbWC3iI0uyhHOnRcMu0Bb4dhoEgHpHr
z55dwifJIPKZhLNXBLGQMm9XXSHsDyrBT+IF3VOjWddcDTJe+mtaNGtbnrtGCrU0
630uEIgVyAKYNNvJ6kyzDFebYxXqQJncx12268USQ0pT0ndKbl5Yiv7T3P/iXMkg
NIlW1hRLsu5nBzwuDCe71gZIasmgdYmmLtx/jGPusnFTnLqBO8UFL5fmbGxJGiKs
C5t4TfSPHjHoZPLzTXcHSwboxQ6Dwn2v3ZgCr+OCVwVcwdqfIhVBHSNSJOG9g3sf
oil4LZY6Jc2ldow2ufECAwEAAaNZMFcwDgYDVR0PAQH/BAQDAgKkMA8GA1UdEwEB
/wQFMAMBAf8wHQYDVR0OBBYEFAnlC1O9RHp0hqvoZNikEbo1UGcQMBUGA1UdEQQO
MAyCCmt1YmVybmV0ZXMwDQYJKoZIhvcNAQELBQADggEBAE0gYbzoVHg6KoVMIzoX
kFVBeU1yTy1HEIx4ETdO5OgvD8VQ9kabrERrGSt3faeMz6Jvk95HaYeeLaOT4Byw
3/jtzvcbQQsc/ODb2vk9QzpHjTDJVpTLhJfyTSQekEVlwCE07tB+pb8eQYhopyTf
noh7WEvKpqIzCUfzC+ZsyiIwr5MkAK7kjjF3rq4F2dp1M+J1cMNHiw7Lvw5US2Su
ABR0SNxpdEkezUHPJfzSFXi1aSzxjtbge5W5NGCWRHEInzJvVDYjk5U/7NAOeArL
U7Qsj18WPM88UrDKCLPkDr6fGfqN+6qC06DtPClrQW7VKy3bsKgl+T8F7L3bT0Nf
eAY=
-----END CERTIFICATE-----

	namespacedefaulté
tokenÑeyJhbGciOiJSUzI1NiIsImtpZCI6ImJkRG45SXJtVWdkc1BpLUF2NnpYODJFSVBKNzhFRE5TRDhmNVZ0bmtndTAifQ.eyJpc3MiOiJrdWJlcm5ldGVzL3NlcnZpY2VhY2NvdW50Iiwia3ViZXJuZXRlcy5pby9zZXJ2aWNlYWNjb3VudC9uYW1lc3BhY2UiOiJkZWZhdWx0Iiwia3ViZXJuZXRlcy5pby9zZXJ2aWNlYWNjb3VudC9zZWNyZXQubmFtZSI6ImRlZmF1bHQtdG9rZW4tNDl2dzgiLCJrdWJlcm5ldGVzLmlvL3NlcnZpY2VhY2NvdW50L3NlcnZpY2UtYWNjb3VudC5uYW1lIjoiZGVmYXVsdCIsImt1YmVybmV0ZXMuaW8vc2VydmljZWFjY291bnQvc2VydmljZS1hY2NvdW50LnVpZCI6IjAyYzdiNmMxLTMyODctNDhiMC04MDg0LTQwOTNjZTVkNzFmMiIsInN1YiI6InN5c3RlbTpzZXJ2aWNlYWNjb3VudDpkZWZhdWx0OmRlZmF1bHQifQ.woR4OUXmLj8xd6P2JBwNSsuYYD67Co64d_FO9vQS19KuSiJ9gQPll1OkZDmJgdVQt9pYYnwAYv2cGprGggVYDFuf9mUMPIX3bYIMoPe-dBx8XoWe0HgHNYlO91S7qUshyZwshUvFY-2mvJXDOzsSGmT6Ed1bT8qmYOS2xrcJDhZw7_EEcsmTU3TUlUKvsH2wKGVkaC4IcgoRyNjxjcZ0awKx84tsiDnAr01KDflTIyh3A-u1UZiYJaJJ4PiSFaoXE45UythW7zACf3jTcb9bkubdGc2z5TCs5BWUSp186DPNijy10zGORtipFlHTevav6fm4oze7TG6vz3t-EwzQWQ#kubernetes.io/service-account-token " 
/registry/secrets/kube-node-lease/default-token-tzc4h
k8s 

v1Secret™
Â
default-token-tzc4h kube-node-lease" *$822697eb-75b7-421e-869a-bc40c601126c2 8 Bçø˜ç b-
"kubernetes.io/service-account.namedefaultbI
!kubernetes.io/service-account.uid$c13ef9db-a31b-4825-bfa1-8b0c3a547144z äá
kube-controller-managerUpdatev1"çø˜ç 2FieldsV1:…
∆{"f:data":{".":{},"f:ca.crt":{},"f:namespace":{},"f:token":{}},"f:metadata":{"f:annotations":{".":{},"f:kubernetes.io/service-account.name":{},"f:kubernetes.io/service-account.uid":{}}},"f:type":{}}B ÷
ca.crtÀ-----BEGIN CERTIFICATE-----
MIIC/jCCAeagAwIBAgIBADANBgkqhkiG9w0BAQsFADAVMRMwEQYDVQQDEwprdWJl
cm5ldGVzMB4XDTIxMTIxODEzMTczOFoXDTMxMTIxNjEzMTczOFowFTETMBEGA1UE
AxMKa3ViZXJuZXRlczCCASIwDQYJKoZIhvcNAQEBBQADggEPADCCAQoCggEBAM9R
0owTD9X/+rGCsiDxBBlr1/sCiB54r16qrsbWC3iI0uyhHOnRcMu0Bb4dhoEgHpHr
z55dwifJIPKZhLNXBLGQMm9XXSHsDyrBT+IF3VOjWddcDTJe+mtaNGtbnrtGCrU0
630uEIgVyAKYNNvJ6kyzDFebYxXqQJncx12268USQ0pT0ndKbl5Yiv7T3P/iXMkg
NIlW1hRLsu5nBzwuDCe71gZIasmgdYmmLtx/jGPusnFTnLqBO8UFL5fmbGxJGiKs
C5t4TfSPHjHoZPLzTXcHSwboxQ6Dwn2v3ZgCr+OCVwVcwdqfIhVBHSNSJOG9g3sf
oil4LZY6Jc2ldow2ufECAwEAAaNZMFcwDgYDVR0PAQH/BAQDAgKkMA8GA1UdEwEB
/wQFMAMBAf8wHQYDVR0OBBYEFAnlC1O9RHp0hqvoZNikEbo1UGcQMBUGA1UdEQQO
MAyCCmt1YmVybmV0ZXMwDQYJKoZIhvcNAQELBQADggEBAE0gYbzoVHg6KoVMIzoX
kFVBeU1yTy1HEIx4ETdO5OgvD8VQ9kabrERrGSt3faeMz6Jvk95HaYeeLaOT4Byw
3/jtzvcbQQsc/ODb2vk9QzpHjTDJVpTLhJfyTSQekEVlwCE07tB+pb8eQYhopyTf
noh7WEvKpqIzCUfzC+ZsyiIwr5MkAK7kjjF3rq4F2dp1M+J1cMNHiw7Lvw5US2Su
ABR0SNxpdEkezUHPJfzSFXi1aSzxjtbge5W5NGCWRHEInzJvVDYjk5U/7NAOeArL
U7Qsj18WPM88UrDKCLPkDr6fGfqN+6qC06DtPClrQW7VKy3bsKgl+T8F7L3bT0Nf
eAY=
-----END CERTIFICATE-----

	namespacekube-node-lease£
tokenôeyJhbGciOiJSUzI1NiIsImtpZCI6ImJkRG45SXJtVWdkc1BpLUF2NnpYODJFSVBKNzhFRE5TRDhmNVZ0bmtndTAifQ.eyJpc3MiOiJrdWJlcm5ldGVzL3NlcnZpY2VhY2NvdW50Iiwia3ViZXJuZXRlcy5pby9zZXJ2aWNlYWNjb3VudC9uYW1lc3BhY2UiOiJrdWJlLW5vZGUtbGVhc2UiLCJrdWJlcm5ldGVzLmlvL3NlcnZpY2VhY2NvdW50L3NlY3JldC5uYW1lIjoiZGVmYXVsdC10b2tlbi10emM0aCIsImt1YmVybmV0ZXMuaW8vc2VydmljZWFjY291bnQvc2VydmljZS1hY2NvdW50Lm5hbWUiOiJkZWZhdWx0Iiwia3ViZXJuZXRlcy5pby9zZXJ2aWNlYWNjb3VudC9zZXJ2aWNlLWFjY291bnQudWlkIjoiYzEzZWY5ZGItYTMxYi00ODI1LWJmYTEtOGIwYzNhNTQ3MTQ0Iiwic3ViIjoic3lzdGVtOnNlcnZpY2VhY2NvdW50Omt1YmUtbm9kZS1sZWFzZTpkZWZhdWx0In0.Fn7LIhIF8CdepfjKCWUEeQSpZoi4DyuNyZafYedDjkt8QUEW471TnGOTUbNUiag66iJ7T1oT3LT9ysXJ78IgnoJRtOd7Tg8GgyCK-5ZGVaUVZNVARHf8VKStNK5OhriqmADy6qcE-3CmNpi543PJFsm1AoOuldZpAC314QeX6n2yhaSiMkmkn8E4t_5bZ54qqvFdd_qe2tviMGRtvjHdCwdMQdow4BCkZprmd9ur38OGtdzpa7LKL8Y_Js9l7w5jExl4JJCUA7SQueYILSPj86v7RUHnyUR8_v5IcMQp2WMSFByQWhQaJmTrBYJ58D7RB9Z8YCHoMUbES8rtF49-jA#kubernetes.io/service-account-token " 
/registry/secrets/kube-public/default-token-wxfrv
k8s 

v1Secretó
·
default-token-wxfrv kube-public" *$d307e798-c8fc-4fc6-9dc4-6b444c26162e2 8 Bçø˜ç b-
"kubernetes.io/service-account.namedefaultbI
!kubernetes.io/service-account.uid$29b8da11-5577-4518-a037-d37e0a934e17z äá
kube-controller-managerUpdatev1"çø˜ç 2FieldsV1:…
∆{"f:data":{".":{},"f:ca.crt":{},"f:namespace":{},"f:token":{}},"f:metadata":{"f:annotations":{".":{},"f:kubernetes.io/service-account.name":{},"f:kubernetes.io/service-account.uid":{}}},"f:type":{}}B ÷
ca.crtÀ-----BEGIN CERTIFICATE-----
MIIC/jCCAeagAwIBAgIBADANBgkqhkiG9w0BAQsFADAVMRMwEQYDVQQDEwprdWJl
cm5ldGVzMB4XDTIxMTIxODEzMTczOFoXDTMxMTIxNjEzMTczOFowFTETMBEGA1UE
AxMKa3ViZXJuZXRlczCCASIwDQYJKoZIhvcNAQEBBQADggEPADCCAQoCggEBAM9R
0owTD9X/+rGCsiDxBBlr1/sCiB54r16qrsbWC3iI0uyhHOnRcMu0Bb4dhoEgHpHr
z55dwifJIPKZhLNXBLGQMm9XXSHsDyrBT+IF3VOjWddcDTJe+mtaNGtbnrtGCrU0
630uEIgVyAKYNNvJ6kyzDFebYxXqQJncx12268USQ0pT0ndKbl5Yiv7T3P/iXMkg
NIlW1hRLsu5nBzwuDCe71gZIasmgdYmmLtx/jGPusnFTnLqBO8UFL5fmbGxJGiKs
C5t4TfSPHjHoZPLzTXcHSwboxQ6Dwn2v3ZgCr+OCVwVcwdqfIhVBHSNSJOG9g3sf
oil4LZY6Jc2ldow2ufECAwEAAaNZMFcwDgYDVR0PAQH/BAQDAgKkMA8GA1UdEwEB
/wQFMAMBAf8wHQYDVR0OBBYEFAnlC1O9RHp0hqvoZNikEbo1UGcQMBUGA1UdEQQO
MAyCCmt1YmVybmV0ZXMwDQYJKoZIhvcNAQELBQADggEBAE0gYbzoVHg6KoVMIzoX
kFVBeU1yTy1HEIx4ETdO5OgvD8VQ9kabrERrGSt3faeMz6Jvk95HaYeeLaOT4Byw
3/jtzvcbQQsc/ODb2vk9QzpHjTDJVpTLhJfyTSQekEVlwCE07tB+pb8eQYhopyTf
noh7WEvKpqIzCUfzC+ZsyiIwr5MkAK7kjjF3rq4F2dp1M+J1cMNHiw7Lvw5US2Su
ABR0SNxpdEkezUHPJfzSFXi1aSzxjtbge5W5NGCWRHEInzJvVDYjk5U/7NAOeArL
U7Qsj18WPM88UrDKCLPkDr6fGfqN+6qC06DtPClrQW7VKy3bsKgl+T8F7L3bT0Nf
eAY=
-----END CERTIFICATE-----

	namespacekube-publicò
tokenéeyJhbGciOiJSUzI1NiIsImtpZCI6ImJkRG45SXJtVWdkc1BpLUF2NnpYODJFSVBKNzhFRE5TRDhmNVZ0bmtndTAifQ.eyJpc3MiOiJrdWJlcm5ldGVzL3NlcnZpY2VhY2NvdW50Iiwia3ViZXJuZXRlcy5pby9zZXJ2aWNlYWNjb3VudC9uYW1lc3BhY2UiOiJrdWJlLXB1YmxpYyIsImt1YmVybmV0ZXMuaW8vc2VydmljZWFjY291bnQvc2VjcmV0Lm5hbWUiOiJkZWZhdWx0LXRva2VuLXd4ZnJ2Iiwia3ViZXJuZXRlcy5pby9zZXJ2aWNlYWNjb3VudC9zZXJ2aWNlLWFjY291bnQubmFtZSI6ImRlZmF1bHQiLCJrdWJlcm5ldGVzLmlvL3NlcnZpY2VhY2NvdW50L3NlcnZpY2UtYWNjb3VudC51aWQiOiIyOWI4ZGExMS01NTc3LTQ1MTgtYTAzNy1kMzdlMGE5MzRlMTciLCJzdWIiOiJzeXN0ZW06c2VydmljZWFjY291bnQ6a3ViZS1wdWJsaWM6ZGVmYXVsdCJ9.uravIIrIQHLBRSrgVmDiZYJag9KA__jfWlrjVbUg6M2J__OnIDPU1E808syHnqyJqEPk5fboD_ly1wTSGE8ChqzYgDuXUnUoPOm_NTcH88Tj-uP-84BSe-YG1_1bWUmrhDOKda7b8L2RTFRRDy9Kea7J_JaoqcKWl_gNsfcbejNXLBnxUarZLdDIEjnxu5GnFpT3rgdv2BM8_WeGMnwqTWawvA1VGk_rCLM9KZQPA9WKupBvQEHmHHFq6_GMSaBfl-gphmUz3fo0XyMY7OGo4FSGDvQIqDAomjU83A0N6ZKO5i666FseLTrQAvljS_-nfHH5xVQqrKgQmKUdEgjW7A#kubernetes.io/service-account-token " 
/registry/secrets/kube-system/attachdetach-controller-token-gb4xs
k8s 

v1Secret˜
Å
#attachdetach-controller-token-gb4xs kube-system" *$6e3b26e8-b2ff-4a2a-bb4d-51cc632205602 8 Bˇæ˜ç b=
"kubernetes.io/service-account.nameattachdetach-controllerbI
!kubernetes.io/service-account.uid$cf05ded2-9345-4e00-aacb-32d04f422720z äá
kube-controller-managerUpdatev1"ˇæ˜ç 2FieldsV1:…
∆{"f:data":{".":{},"f:ca.crt":{},"f:namespace":{},"f:token":{}},"f:metadata":{"f:annotations":{".":{},"f:kubernetes.io/service-account.name":{},"f:kubernetes.io/service-account.uid":{}}},"f:type":{}}B ÷
ca.crtÀ-----BEGIN CERTIFICATE-----
MIIC/jCCAeagAwIBAgIBADANBgkqhkiG9w0BAQsFADAVMRMwEQYDVQQDEwprdWJl
cm5ldGVzMB4XDTIxMTIxODEzMTczOFoXDTMxMTIxNjEzMTczOFowFTETMBEGA1UE
AxMKa3ViZXJuZXRlczCCASIwDQYJKoZIhvcNAQEBBQADggEPADCCAQoCggEBAM9R
0owTD9X/+rGCsiDxBBlr1/sCiB54r16qrsbWC3iI0uyhHOnRcMu0Bb4dhoEgHpHr
z55dwifJIPKZhLNXBLGQMm9XXSHsDyrBT+IF3VOjWddcDTJe+mtaNGtbnrtGCrU0
630uEIgVyAKYNNvJ6kyzDFebYxXqQJncx12268USQ0pT0ndKbl5Yiv7T3P/iXMkg
NIlW1hRLsu5nBzwuDCe71gZIasmgdYmmLtx/jGPusnFTnLqBO8UFL5fmbGxJGiKs
C5t4TfSPHjHoZPLzTXcHSwboxQ6Dwn2v3ZgCr+OCVwVcwdqfIhVBHSNSJOG9g3sf
oil4LZY6Jc2ldow2ufECAwEAAaNZMFcwDgYDVR0PAQH/BAQDAgKkMA8GA1UdEwEB
/wQFMAMBAf8wHQYDVR0OBBYEFAnlC1O9RHp0hqvoZNikEbo1UGcQMBUGA1UdEQQO
MAyCCmt1YmVybmV0ZXMwDQYJKoZIhvcNAQELBQADggEBAE0gYbzoVHg6KoVMIzoX
kFVBeU1yTy1HEIx4ETdO5OgvD8VQ9kabrERrGSt3faeMz6Jvk95HaYeeLaOT4Byw
3/jtzvcbQQsc/ODb2vk9QzpHjTDJVpTLhJfyTSQekEVlwCE07tB+pb8eQYhopyTf
noh7WEvKpqIzCUfzC+ZsyiIwr5MkAK7kjjF3rq4F2dp1M+J1cMNHiw7Lvw5US2Su
ABR0SNxpdEkezUHPJfzSFXi1aSzxjtbge5W5NGCWRHEInzJvVDYjk5U/7NAOeArL
U7Qsj18WPM88UrDKCLPkDr6fGfqN+6qC06DtPClrQW7VKy3bsKgl+T8F7L3bT0Nf
eAY=
-----END CERTIFICATE-----

	namespacekube-systemÿ
tokenŒeyJhbGciOiJSUzI1NiIsImtpZCI6ImJkRG45SXJtVWdkc1BpLUF2NnpYODJFSVBKNzhFRE5TRDhmNVZ0bmtndTAifQ.eyJpc3MiOiJrdWJlcm5ldGVzL3NlcnZpY2VhY2NvdW50Iiwia3ViZXJuZXRlcy5pby9zZXJ2aWNlYWNjb3VudC9uYW1lc3BhY2UiOiJrdWJlLXN5c3RlbSIsImt1YmVybmV0ZXMuaW8vc2VydmljZWFjY291bnQvc2VjcmV0Lm5hbWUiOiJhdHRhY2hkZXRhY2gtY29udHJvbGxlci10b2tlbi1nYjR4cyIsImt1YmVybmV0ZXMuaW8vc2VydmljZWFjY291bnQvc2VydmljZS1hY2NvdW50Lm5hbWUiOiJhdHRhY2hkZXRhY2gtY29udHJvbGxlciIsImt1YmVybmV0ZXMuaW8vc2VydmljZWFjY291bnQvc2VydmljZS1hY2NvdW50LnVpZCI6ImNmMDVkZWQyLTkzNDUtNGUwMC1hYWNiLTMyZDA0ZjQyMjcyMCIsInN1YiI6InN5c3RlbTpzZXJ2aWNlYWNjb3VudDprdWJlLXN5c3RlbTphdHRhY2hkZXRhY2gtY29udHJvbGxlciJ9.Rx5t23eY7eORVeKblUOy75WnwdUBCWoMiyTytkAJRe-qvE1_L1jQqd23WpQt9HevTrHLlMILLX1uzubZuk_yFQrff-27kC9264h9zuuFW7kDHSaEz25a65cch64EV0BYOp4Y8OQ3caqDt6zx2F6X3tZqxHbHWo0RyGnra5FevYXHxVQdM8HD4jD25ecGVgvq5-2G2foXtGZAFzQjFi6X-1YP9zx-4GBT_-56usHG_5RNNILRy4r-6L470Tcg-UUW4a4gKn_UIz1D_xpyMj5RpcgwVLLB9Eo21RZpkRHmuHoWaIEzKZBARjWFH0a9jP-7qPnJcezUTrpUp9W6_w7bqg#kubernetes.io/service-account-token " 
/registry/secrets/kube-system/bootstrap-signer-token-sntmk
k8s 

v1SecretÕ
Û
bootstrap-signer-token-sntmk kube-system" *$31579694-c346-4351-8997-6d4e12d329492 8 BÄø˜ç b6
"kubernetes.io/service-account.namebootstrap-signerbI
!kubernetes.io/service-account.uid$737f15c8-bd65-4800-909b-51dc4f07169bz äá
kube-controller-managerUpdatev1"Äø˜ç 2FieldsV1:…
∆{"f:data":{".":{},"f:ca.crt":{},"f:namespace":{},"f:token":{}},"f:metadata":{"f:annotations":{".":{},"f:kubernetes.io/service-account.name":{},"f:kubernetes.io/service-account.uid":{}}},"f:type":{}}B ÷
ca.crtÀ-----BEGIN CERTIFICATE-----
MIIC/jCCAeagAwIBAgIBADANBgkqhkiG9w0BAQsFADAVMRMwEQYDVQQDEwprdWJl
cm5ldGVzMB4XDTIxMTIxODEzMTczOFoXDTMxMTIxNjEzMTczOFowFTETMBEGA1UE
AxMKa3ViZXJuZXRlczCCASIwDQYJKoZIhvcNAQEBBQADggEPADCCAQoCggEBAM9R
0owTD9X/+rGCsiDxBBlr1/sCiB54r16qrsbWC3iI0uyhHOnRcMu0Bb4dhoEgHpHr
z55dwifJIPKZhLNXBLGQMm9XXSHsDyrBT+IF3VOjWddcDTJe+mtaNGtbnrtGCrU0
630uEIgVyAKYNNvJ6kyzDFebYxXqQJncx12268USQ0pT0ndKbl5Yiv7T3P/iXMkg
NIlW1hRLsu5nBzwuDCe71gZIasmgdYmmLtx/jGPusnFTnLqBO8UFL5fmbGxJGiKs
C5t4TfSPHjHoZPLzTXcHSwboxQ6Dwn2v3ZgCr+OCVwVcwdqfIhVBHSNSJOG9g3sf
oil4LZY6Jc2ldow2ufECAwEAAaNZMFcwDgYDVR0PAQH/BAQDAgKkMA8GA1UdEwEB
/wQFMAMBAf8wHQYDVR0OBBYEFAnlC1O9RHp0hqvoZNikEbo1UGcQMBUGA1UdEQQO
MAyCCmt1YmVybmV0ZXMwDQYJKoZIhvcNAQELBQADggEBAE0gYbzoVHg6KoVMIzoX
kFVBeU1yTy1HEIx4ETdO5OgvD8VQ9kabrERrGSt3faeMz6Jvk95HaYeeLaOT4Byw
3/jtzvcbQQsc/ODb2vk9QzpHjTDJVpTLhJfyTSQekEVlwCE07tB+pb8eQYhopyTf
noh7WEvKpqIzCUfzC+ZsyiIwr5MkAK7kjjF3rq4F2dp1M+J1cMNHiw7Lvw5US2Su
ABR0SNxpdEkezUHPJfzSFXi1aSzxjtbge5W5NGCWRHEInzJvVDYjk5U/7NAOeArL
U7Qsj18WPM88UrDKCLPkDr6fGfqN+6qC06DtPClrQW7VKy3bsKgl+T8F7L3bT0Nf
eAY=
-----END CERTIFICATE-----

	namespacekube-systemº
token≤eyJhbGciOiJSUzI1NiIsImtpZCI6ImJkRG45SXJtVWdkc1BpLUF2NnpYODJFSVBKNzhFRE5TRDhmNVZ0bmtndTAifQ.eyJpc3MiOiJrdWJlcm5ldGVzL3NlcnZpY2VhY2NvdW50Iiwia3ViZXJuZXRlcy5pby9zZXJ2aWNlYWNjb3VudC9uYW1lc3BhY2UiOiJrdWJlLXN5c3RlbSIsImt1YmVybmV0ZXMuaW8vc2VydmljZWFjY291bnQvc2VjcmV0Lm5hbWUiOiJib290c3RyYXAtc2lnbmVyLXRva2VuLXNudG1rIiwia3ViZXJuZXRlcy5pby9zZXJ2aWNlYWNjb3VudC9zZXJ2aWNlLWFjY291bnQubmFtZSI6ImJvb3RzdHJhcC1zaWduZXIiLCJrdWJlcm5ldGVzLmlvL3NlcnZpY2VhY2NvdW50L3NlcnZpY2UtYWNjb3VudC51aWQiOiI3MzdmMTVjOC1iZDY1LTQ4MDAtOTA5Yi01MWRjNGYwNzE2OWIiLCJzdWIiOiJzeXN0ZW06c2VydmljZWFjY291bnQ6a3ViZS1zeXN0ZW06Ym9vdHN0cmFwLXNpZ25lciJ9.vSL0PUSjku_0Ksoq0Uw_ACphWvMyzM5Yy328375jTWqhea5dgQ909LUiGRgQWPhVFfCGI4Pu-o_iF_GgVdsLrMJTkrUGDhPwC_kxWDAnCJqBW6G_rCTrjd9y7QOAcbYYYxTCRXJLue3vXlnbo_rXdggds41XKw2r3wRDnOx7egeRy7n5Bf5H-VJpHKYqYgeTFNjRKfJW9Ly_hMN4vrPht5wx2t8N4191gYgiceOyhkUX6v5pLkpXBq_0gIUNg55ypT0gbNhDzGyb4z7eECk01RLvtHHgTdDKu8PcemlUKPiN4Ny1OT6v8HbnXeRJX0cUr42soUuqmbA_B7uNRRts6Q#kubernetes.io/service-account-token " 
/registry/secrets/kube-system/certificate-controller-token-r9m9k
k8s 

v1SecretÒ
ˇ
"certificate-controller-token-r9m9k kube-system" *$9735fcf9-f76b-4edc-aa7c-fb7f6f941b1f2 8 Bˇæ˜ç b<
"kubernetes.io/service-account.namecertificate-controllerbI
!kubernetes.io/service-account.uid$01a9de4a-df57-4478-895d-85eb457c1681z äá
kube-controller-managerUpdatev1"ˇæ˜ç 2FieldsV1:…
∆{"f:data":{".":{},"f:ca.crt":{},"f:namespace":{},"f:token":{}},"f:metadata":{"f:annotations":{".":{},"f:kubernetes.io/service-account.name":{},"f:kubernetes.io/service-account.uid":{}}},"f:type":{}}B ÷
ca.crtÀ-----BEGIN CERTIFICATE-----
MIIC/jCCAeagAwIBAgIBADANBgkqhkiG9w0BAQsFADAVMRMwEQYDVQQDEwprdWJl
cm5ldGVzMB4XDTIxMTIxODEzMTczOFoXDTMxMTIxNjEzMTczOFowFTETMBEGA1UE
AxMKa3ViZXJuZXRlczCCASIwDQYJKoZIhvcNAQEBBQADggEPADCCAQoCggEBAM9R
0owTD9X/+rGCsiDxBBlr1/sCiB54r16qrsbWC3iI0uyhHOnRcMu0Bb4dhoEgHpHr
z55dwifJIPKZhLNXBLGQMm9XXSHsDyrBT+IF3VOjWddcDTJe+mtaNGtbnrtGCrU0
630uEIgVyAKYNNvJ6kyzDFebYxXqQJncx12268USQ0pT0ndKbl5Yiv7T3P/iXMkg
NIlW1hRLsu5nBzwuDCe71gZIasmgdYmmLtx/jGPusnFTnLqBO8UFL5fmbGxJGiKs
C5t4TfSPHjHoZPLzTXcHSwboxQ6Dwn2v3ZgCr+OCVwVcwdqfIhVBHSNSJOG9g3sf
oil4LZY6Jc2ldow2ufECAwEAAaNZMFcwDgYDVR0PAQH/BAQDAgKkMA8GA1UdEwEB
/wQFMAMBAf8wHQYDVR0OBBYEFAnlC1O9RHp0hqvoZNikEbo1UGcQMBUGA1UdEQQO
MAyCCmt1YmVybmV0ZXMwDQYJKoZIhvcNAQELBQADggEBAE0gYbzoVHg6KoVMIzoX
kFVBeU1yTy1HEIx4ETdO5OgvD8VQ9kabrERrGSt3faeMz6Jvk95HaYeeLaOT4Byw
3/jtzvcbQQsc/ODb2vk9QzpHjTDJVpTLhJfyTSQekEVlwCE07tB+pb8eQYhopyTf
noh7WEvKpqIzCUfzC+ZsyiIwr5MkAK7kjjF3rq4F2dp1M+J1cMNHiw7Lvw5US2Su
ABR0SNxpdEkezUHPJfzSFXi1aSzxjtbge5W5NGCWRHEInzJvVDYjk5U/7NAOeArL
U7Qsj18WPM88UrDKCLPkDr6fGfqN+6qC06DtPClrQW7VKy3bsKgl+T8F7L3bT0Nf
eAY=
-----END CERTIFICATE-----

	namespacekube-system‘
token eyJhbGciOiJSUzI1NiIsImtpZCI6ImJkRG45SXJtVWdkc1BpLUF2NnpYODJFSVBKNzhFRE5TRDhmNVZ0bmtndTAifQ.eyJpc3MiOiJrdWJlcm5ldGVzL3NlcnZpY2VhY2NvdW50Iiwia3ViZXJuZXRlcy5pby9zZXJ2aWNlYWNjb3VudC9uYW1lc3BhY2UiOiJrdWJlLXN5c3RlbSIsImt1YmVybmV0ZXMuaW8vc2VydmljZWFjY291bnQvc2VjcmV0Lm5hbWUiOiJjZXJ0aWZpY2F0ZS1jb250cm9sbGVyLXRva2VuLXI5bTlrIiwia3ViZXJuZXRlcy5pby9zZXJ2aWNlYWNjb3VudC9zZXJ2aWNlLWFjY291bnQubmFtZSI6ImNlcnRpZmljYXRlLWNvbnRyb2xsZXIiLCJrdWJlcm5ldGVzLmlvL3NlcnZpY2VhY2NvdW50L3NlcnZpY2UtYWNjb3VudC51aWQiOiIwMWE5ZGU0YS1kZjU3LTQ0NzgtODk1ZC04NWViNDU3YzE2ODEiLCJzdWIiOiJzeXN0ZW06c2VydmljZWFjY291bnQ6a3ViZS1zeXN0ZW06Y2VydGlmaWNhdGUtY29udHJvbGxlciJ9.VHLgq4chR04ctQixpTL2KgoXN_1MA6sG0kxWweyz1JJe9irJIiP6hguUHfKWerczI-57_sc4w3Qs2KfCfn0qproPMVst4vAJ_AC_OwDwjJZwdobwQiNofgRPj0mSKCuzoqssA3DSR6koqTO-gRwuO2zHPayUQeHu8848FooSyTHo7kDhfSh3dTSdQ77I4rrGJZxZ7GXVC8wwKiqPoz4KWih3Sod12sY9X83pnGHSiwrNyehe9UIOr1SCXH3q-sIH9c1K6eGThoptc5XjPdzDIdHhSG38foCsTXbQSPzU1V_3z4_DY8hY9tF3mg1nD2ECG98PG2KTOtXDSjP0J0nVPA#kubernetes.io/service-account-token " 
/registry/secrets/kube-system/clusterrole-aggregation-controller-token-z59fv
k8s 

v1Secretπ
ó
.clusterrole-aggregation-controller-token-z59fv kube-system" *$90d451e0-349c-4b64-8a0b-411bbf4b99092 8 BÄø˜ç bH
"kubernetes.io/service-account.name"clusterrole-aggregation-controllerbI
!kubernetes.io/service-account.uid$883c0517-6282-473c-814c-57560227304bz äá
kube-controller-managerUpdatev1"Äø˜ç 2FieldsV1:…
∆{"f:data":{".":{},"f:ca.crt":{},"f:namespace":{},"f:token":{}},"f:metadata":{"f:annotations":{".":{},"f:kubernetes.io/service-account.name":{},"f:kubernetes.io/service-account.uid":{}}},"f:type":{}}B ÷
ca.crtÀ-----BEGIN CERTIFICATE-----
MIIC/jCCAeagAwIBAgIBADANBgkqhkiG9w0BAQsFADAVMRMwEQYDVQQDEwprdWJl
cm5ldGVzMB4XDTIxMTIxODEzMTczOFoXDTMxMTIxNjEzMTczOFowFTETMBEGA1UE
AxMKa3ViZXJuZXRlczCCASIwDQYJKoZIhvcNAQEBBQADggEPADCCAQoCggEBAM9R
0owTD9X/+rGCsiDxBBlr1/sCiB54r16qrsbWC3iI0uyhHOnRcMu0Bb4dhoEgHpHr
z55dwifJIPKZhLNXBLGQMm9XXSHsDyrBT+IF3VOjWddcDTJe+mtaNGtbnrtGCrU0
630uEIgVyAKYNNvJ6kyzDFebYxXqQJncx12268USQ0pT0ndKbl5Yiv7T3P/iXMkg
NIlW1hRLsu5nBzwuDCe71gZIasmgdYmmLtx/jGPusnFTnLqBO8UFL5fmbGxJGiKs
C5t4TfSPHjHoZPLzTXcHSwboxQ6Dwn2v3ZgCr+OCVwVcwdqfIhVBHSNSJOG9g3sf
oil4LZY6Jc2ldow2ufECAwEAAaNZMFcwDgYDVR0PAQH/BAQDAgKkMA8GA1UdEwEB
/wQFMAMBAf8wHQYDVR0OBBYEFAnlC1O9RHp0hqvoZNikEbo1UGcQMBUGA1UdEQQO
MAyCCmt1YmVybmV0ZXMwDQYJKoZIhvcNAQELBQADggEBAE0gYbzoVHg6KoVMIzoX
kFVBeU1yTy1HEIx4ETdO5OgvD8VQ9kabrERrGSt3faeMz6Jvk95HaYeeLaOT4Byw
3/jtzvcbQQsc/ODb2vk9QzpHjTDJVpTLhJfyTSQekEVlwCE07tB+pb8eQYhopyTf
noh7WEvKpqIzCUfzC+ZsyiIwr5MkAK7kjjF3rq4F2dp1M+J1cMNHiw7Lvw5US2Su
ABR0SNxpdEkezUHPJfzSFXi1aSzxjtbge5W5NGCWRHEInzJvVDYjk5U/7NAOeArL
U7Qsj18WPM88UrDKCLPkDr6fGfqN+6qC06DtPClrQW7VKy3bsKgl+T8F7L3bT0Nf
eAY=
-----END CERTIFICATE-----

	namespacekube-systemÑ
token˙eyJhbGciOiJSUzI1NiIsImtpZCI6ImJkRG45SXJtVWdkc1BpLUF2NnpYODJFSVBKNzhFRE5TRDhmNVZ0bmtndTAifQ.eyJpc3MiOiJrdWJlcm5ldGVzL3NlcnZpY2VhY2NvdW50Iiwia3ViZXJuZXRlcy5pby9zZXJ2aWNlYWNjb3VudC9uYW1lc3BhY2UiOiJrdWJlLXN5c3RlbSIsImt1YmVybmV0ZXMuaW8vc2VydmljZWFjY291bnQvc2VjcmV0Lm5hbWUiOiJjbHVzdGVycm9sZS1hZ2dyZWdhdGlvbi1jb250cm9sbGVyLXRva2VuLXo1OWZ2Iiwia3ViZXJuZXRlcy5pby9zZXJ2aWNlYWNjb3VudC9zZXJ2aWNlLWFjY291bnQubmFtZSI6ImNsdXN0ZXJyb2xlLWFnZ3JlZ2F0aW9uLWNvbnRyb2xsZXIiLCJrdWJlcm5ldGVzLmlvL3NlcnZpY2VhY2NvdW50L3NlcnZpY2UtYWNjb3VudC51aWQiOiI4ODNjMDUxNy02MjgyLTQ3M2MtODE0Yy01NzU2MDIyNzMwNGIiLCJzdWIiOiJzeXN0ZW06c2VydmljZWFjY291bnQ6a3ViZS1zeXN0ZW06Y2x1c3RlcnJvbGUtYWdncmVnYXRpb24tY29udHJvbGxlciJ9.SYsqVN6aKhoidE5ecu2OMhnnjiFdTtc_CaAehZ1hWq-5kuIJ91BXdXcEnkmX83IOYmKuo4Pq5jM7M6kBHUnRT1m1hP5KN161kGwfW5D-KsVlOEYZxZzUQuwKBQwYHDr3hlmSFNWhVgh2Dc66eaHkcfLN2ywXwD2CZOhBW6PrR-52SB3LUCGTjOxcWzAr4Pb4SGhjEKqa7ucIjHYHDjQG59l4fCpev8x1bEKHm0SL1dPIx-bvwN9u17c-PayZweOHvlnVNaT_oQNNupwKvYWVLUf9ofg4RO9l_uhZ3wquUTKfEMU1TA6dz533Oo1ji1Qr5Ems6FlDG3y7QdU_W0ueXw#kubernetes.io/service-account-token " 
/registry/secrets/kube-system/coredns-token-t6mv2
k8s 

v1Secretó
·
coredns-token-t6mv2 kube-system" *$ad4135e1-f34b-4c2d-b958-d13c1d0d3a0f2 8 Bˇæ˜ç b-
"kubernetes.io/service-account.namecorednsbI
!kubernetes.io/service-account.uid$19f21856-4406-48b6-91db-4019dd45f9cfz äá
kube-controller-managerUpdatev1"ˇæ˜ç 2FieldsV1:…
∆{"f:data":{".":{},"f:ca.crt":{},"f:namespace":{},"f:token":{}},"f:metadata":{"f:annotations":{".":{},"f:kubernetes.io/service-account.name":{},"f:kubernetes.io/service-account.uid":{}}},"f:type":{}}B ÷
ca.crtÀ-----BEGIN CERTIFICATE-----
MIIC/jCCAeagAwIBAgIBADANBgkqhkiG9w0BAQsFADAVMRMwEQYDVQQDEwprdWJl
cm5ldGVzMB4XDTIxMTIxODEzMTczOFoXDTMxMTIxNjEzMTczOFowFTETMBEGA1UE
AxMKa3ViZXJuZXRlczCCASIwDQYJKoZIhvcNAQEBBQADggEPADCCAQoCggEBAM9R
0owTD9X/+rGCsiDxBBlr1/sCiB54r16qrsbWC3iI0uyhHOnRcMu0Bb4dhoEgHpHr
z55dwifJIPKZhLNXBLGQMm9XXSHsDyrBT+IF3VOjWddcDTJe+mtaNGtbnrtGCrU0
630uEIgVyAKYNNvJ6kyzDFebYxXqQJncx12268USQ0pT0ndKbl5Yiv7T3P/iXMkg
NIlW1hRLsu5nBzwuDCe71gZIasmgdYmmLtx/jGPusnFTnLqBO8UFL5fmbGxJGiKs
C5t4TfSPHjHoZPLzTXcHSwboxQ6Dwn2v3ZgCr+OCVwVcwdqfIhVBHSNSJOG9g3sf
oil4LZY6Jc2ldow2ufECAwEAAaNZMFcwDgYDVR0PAQH/BAQDAgKkMA8GA1UdEwEB
/wQFMAMBAf8wHQYDVR0OBBYEFAnlC1O9RHp0hqvoZNikEbo1UGcQMBUGA1UdEQQO
MAyCCmt1YmVybmV0ZXMwDQYJKoZIhvcNAQELBQADggEBAE0gYbzoVHg6KoVMIzoX
kFVBeU1yTy1HEIx4ETdO5OgvD8VQ9kabrERrGSt3faeMz6Jvk95HaYeeLaOT4Byw
3/jtzvcbQQsc/ODb2vk9QzpHjTDJVpTLhJfyTSQekEVlwCE07tB+pb8eQYhopyTf
noh7WEvKpqIzCUfzC+ZsyiIwr5MkAK7kjjF3rq4F2dp1M+J1cMNHiw7Lvw5US2Su
ABR0SNxpdEkezUHPJfzSFXi1aSzxjtbge5W5NGCWRHEInzJvVDYjk5U/7NAOeArL
U7Qsj18WPM88UrDKCLPkDr6fGfqN+6qC06DtPClrQW7VKy3bsKgl+T8F7L3bT0Nf
eAY=
-----END CERTIFICATE-----

	namespacekube-systemò
tokenéeyJhbGciOiJSUzI1NiIsImtpZCI6ImJkRG45SXJtVWdkc1BpLUF2NnpYODJFSVBKNzhFRE5TRDhmNVZ0bmtndTAifQ.eyJpc3MiOiJrdWJlcm5ldGVzL3NlcnZpY2VhY2NvdW50Iiwia3ViZXJuZXRlcy5pby9zZXJ2aWNlYWNjb3VudC9uYW1lc3BhY2UiOiJrdWJlLXN5c3RlbSIsImt1YmVybmV0ZXMuaW8vc2VydmljZWFjY291bnQvc2VjcmV0Lm5hbWUiOiJjb3JlZG5zLXRva2VuLXQ2bXYyIiwia3ViZXJuZXRlcy5pby9zZXJ2aWNlYWNjb3VudC9zZXJ2aWNlLWFjY291bnQubmFtZSI6ImNvcmVkbnMiLCJrdWJlcm5ldGVzLmlvL3NlcnZpY2VhY2NvdW50L3NlcnZpY2UtYWNjb3VudC51aWQiOiIxOWYyMTg1Ni00NDA2LTQ4YjYtOTFkYi00MDE5ZGQ0NWY5Y2YiLCJzdWIiOiJzeXN0ZW06c2VydmljZWFjY291bnQ6a3ViZS1zeXN0ZW06Y29yZWRucyJ9.Ddiw4kG0hTdfcDDvUaegZDO-_IuXiVO0cC-QY0-fRipAgMV1xXmgeqo9Dy22-8wdngSMTcl0vSHFG3CJ0dJb9qKZLOAGizNzeiMw4r-QhEXFclh2i5jxG8I6Flqn9lN790glZXoevzmeLPXbJXT-ZdYfaljzEnEsrbJzKDQNFPTBltkhILBJO7njIikjdzrEj0L8bod8j4P8ZG2M2MtfGbRnL5kmTdKnd7K03xvcWmKKGpjc2p4me6wngCIogVTmLpER03rvmQj-DEkDQ_ngB5waPiPTKbeUWYHmD0Ntl1pUStIzzeigZJPmCa08AmhwKdjEz3eQHMxIO6wunDTDtA#kubernetes.io/service-account-token " 
/registry/secrets/kube-system/cronjob-controller-token-kzd7k
k8s 

v1SecretŸ
˜
cronjob-controller-token-kzd7k kube-system" *$018718b9-6015-42c0-944d-1f59df64802d2 8 Bˇæ˜ç b8
"kubernetes.io/service-account.namecronjob-controllerbI
!kubernetes.io/service-account.uid$81e01334-79be-495a-9789-8f90fedd3a3bz äá
kube-controller-managerUpdatev1"ˇæ˜ç 2FieldsV1:…
∆{"f:data":{".":{},"f:ca.crt":{},"f:namespace":{},"f:token":{}},"f:metadata":{"f:annotations":{".":{},"f:kubernetes.io/service-account.name":{},"f:kubernetes.io/service-account.uid":{}}},"f:type":{}}B ÷
ca.crtÀ-----BEGIN CERTIFICATE-----
MIIC/jCCAeagAwIBAgIBADANBgkqhkiG9w0BAQsFADAVMRMwEQYDVQQDEwprdWJl
cm5ldGVzMB4XDTIxMTIxODEzMTczOFoXDTMxMTIxNjEzMTczOFowFTETMBEGA1UE
AxMKa3ViZXJuZXRlczCCASIwDQYJKoZIhvcNAQEBBQADggEPADCCAQoCggEBAM9R
0owTD9X/+rGCsiDxBBlr1/sCiB54r16qrsbWC3iI0uyhHOnRcMu0Bb4dhoEgHpHr
z55dwifJIPKZhLNXBLGQMm9XXSHsDyrBT+IF3VOjWddcDTJe+mtaNGtbnrtGCrU0
630uEIgVyAKYNNvJ6kyzDFebYxXqQJncx12268USQ0pT0ndKbl5Yiv7T3P/iXMkg
NIlW1hRLsu5nBzwuDCe71gZIasmgdYmmLtx/jGPusnFTnLqBO8UFL5fmbGxJGiKs
C5t4TfSPHjHoZPLzTXcHSwboxQ6Dwn2v3ZgCr+OCVwVcwdqfIhVBHSNSJOG9g3sf
oil4LZY6Jc2ldow2ufECAwEAAaNZMFcwDgYDVR0PAQH/BAQDAgKkMA8GA1UdEwEB
/wQFMAMBAf8wHQYDVR0OBBYEFAnlC1O9RHp0hqvoZNikEbo1UGcQMBUGA1UdEQQO
MAyCCmt1YmVybmV0ZXMwDQYJKoZIhvcNAQELBQADggEBAE0gYbzoVHg6KoVMIzoX
kFVBeU1yTy1HEIx4ETdO5OgvD8VQ9kabrERrGSt3faeMz6Jvk95HaYeeLaOT4Byw
3/jtzvcbQQsc/ODb2vk9QzpHjTDJVpTLhJfyTSQekEVlwCE07tB+pb8eQYhopyTf
noh7WEvKpqIzCUfzC+ZsyiIwr5MkAK7kjjF3rq4F2dp1M+J1cMNHiw7Lvw5US2Su
ABR0SNxpdEkezUHPJfzSFXi1aSzxjtbge5W5NGCWRHEInzJvVDYjk5U/7NAOeArL
U7Qsj18WPM88UrDKCLPkDr6fGfqN+6qC06DtPClrQW7VKy3bsKgl+T8F7L3bT0Nf
eAY=
-----END CERTIFICATE-----

	namespacekube-systemƒ
token∫eyJhbGciOiJSUzI1NiIsImtpZCI6ImJkRG45SXJtVWdkc1BpLUF2NnpYODJFSVBKNzhFRE5TRDhmNVZ0bmtndTAifQ.eyJpc3MiOiJrdWJlcm5ldGVzL3NlcnZpY2VhY2NvdW50Iiwia3ViZXJuZXRlcy5pby9zZXJ2aWNlYWNjb3VudC9uYW1lc3BhY2UiOiJrdWJlLXN5c3RlbSIsImt1YmVybmV0ZXMuaW8vc2VydmljZWFjY291bnQvc2VjcmV0Lm5hbWUiOiJjcm9uam9iLWNvbnRyb2xsZXItdG9rZW4ta3pkN2siLCJrdWJlcm5ldGVzLmlvL3NlcnZpY2VhY2NvdW50L3NlcnZpY2UtYWNjb3VudC5uYW1lIjoiY3JvbmpvYi1jb250cm9sbGVyIiwia3ViZXJuZXRlcy5pby9zZXJ2aWNlYWNjb3VudC9zZXJ2aWNlLWFjY291bnQudWlkIjoiODFlMDEzMzQtNzliZS00OTVhLTk3ODktOGY5MGZlZGQzYTNiIiwic3ViIjoic3lzdGVtOnNlcnZpY2VhY2NvdW50Omt1YmUtc3lzdGVtOmNyb25qb2ItY29udHJvbGxlciJ9.av1Pssj3frD0sh6_M-mSDaehQ17iYtzw1VxkWmNJvZ3hUkByBJP5St40JgkxqO78WwG7knGUWMdOoSjrLPdMMTamHghxbjdhz6AvfCuaXiAuybms_MdjRIpzC768s31lXsUqmAYeeLKnz9L7zpWeDZ_pH757L-Hl1EgpAZg0YDufo5ekPmDd403VqIoD-i8w5340zVWD9kPN6ZHO8sCMiRI-JoH9la1GmL6qEgEnqbGpxxG9M8qClmlmaWEXceSKot7kDyfZk964qwF0TWBVouJrhzj7uoYW5g8Dp6fo5BzbbmYCQ3UlU1jsaTIUANooxZtv-asH8q8mTE2VfO4xpw#kubernetes.io/service-account-token " 
/registry/secrets/kube-system/daemon-set-controller-token-4ccjp
k8s 

v1SecretÎ
˝
!daemon-set-controller-token-4ccjp kube-system" *$e998f2ab-5522-42aa-b7e5-7c853b97c84d2 8 Bäø˜ç b;
"kubernetes.io/service-account.namedaemon-set-controllerbI
!kubernetes.io/service-account.uid$2c77e7b3-0cbd-4aa4-9131-155035874092z äá
kube-controller-managerUpdatev1"äø˜ç 2FieldsV1:…
∆{"f:data":{".":{},"f:ca.crt":{},"f:namespace":{},"f:token":{}},"f:metadata":{"f:annotations":{".":{},"f:kubernetes.io/service-account.name":{},"f:kubernetes.io/service-account.uid":{}}},"f:type":{}}B ÷
ca.crtÀ-----BEGIN CERTIFICATE-----
MIIC/jCCAeagAwIBAgIBADANBgkqhkiG9w0BAQsFADAVMRMwEQYDVQQDEwprdWJl
cm5ldGVzMB4XDTIxMTIxODEzMTczOFoXDTMxMTIxNjEzMTczOFowFTETMBEGA1UE
AxMKa3ViZXJuZXRlczCCASIwDQYJKoZIhvcNAQEBBQADggEPADCCAQoCggEBAM9R
0owTD9X/+rGCsiDxBBlr1/sCiB54r16qrsbWC3iI0uyhHOnRcMu0Bb4dhoEgHpHr
z55dwifJIPKZhLNXBLGQMm9XXSHsDyrBT+IF3VOjWddcDTJe+mtaNGtbnrtGCrU0
630uEIgVyAKYNNvJ6kyzDFebYxXqQJncx12268USQ0pT0ndKbl5Yiv7T3P/iXMkg
NIlW1hRLsu5nBzwuDCe71gZIasmgdYmmLtx/jGPusnFTnLqBO8UFL5fmbGxJGiKs
C5t4TfSPHjHoZPLzTXcHSwboxQ6Dwn2v3ZgCr+OCVwVcwdqfIhVBHSNSJOG9g3sf
oil4LZY6Jc2ldow2ufECAwEAAaNZMFcwDgYDVR0PAQH/BAQDAgKkMA8GA1UdEwEB
/wQFMAMBAf8wHQYDVR0OBBYEFAnlC1O9RHp0hqvoZNikEbo1UGcQMBUGA1UdEQQO
MAyCCmt1YmVybmV0ZXMwDQYJKoZIhvcNAQELBQADggEBAE0gYbzoVHg6KoVMIzoX
kFVBeU1yTy1HEIx4ETdO5OgvD8VQ9kabrERrGSt3faeMz6Jvk95HaYeeLaOT4Byw
3/jtzvcbQQsc/ODb2vk9QzpHjTDJVpTLhJfyTSQekEVlwCE07tB+pb8eQYhopyTf
noh7WEvKpqIzCUfzC+ZsyiIwr5MkAK7kjjF3rq4F2dp1M+J1cMNHiw7Lvw5US2Su
ABR0SNxpdEkezUHPJfzSFXi1aSzxjtbge5W5NGCWRHEInzJvVDYjk5U/7NAOeArL
U7Qsj18WPM88UrDKCLPkDr6fGfqN+6qC06DtPClrQW7VKy3bsKgl+T8F7L3bT0Nf
eAY=
-----END CERTIFICATE-----

	namespacekube-system–
token∆eyJhbGciOiJSUzI1NiIsImtpZCI6ImJkRG45SXJtVWdkc1BpLUF2NnpYODJFSVBKNzhFRE5TRDhmNVZ0bmtndTAifQ.eyJpc3MiOiJrdWJlcm5ldGVzL3NlcnZpY2VhY2NvdW50Iiwia3ViZXJuZXRlcy5pby9zZXJ2aWNlYWNjb3VudC9uYW1lc3BhY2UiOiJrdWJlLXN5c3RlbSIsImt1YmVybmV0ZXMuaW8vc2VydmljZWFjY291bnQvc2VjcmV0Lm5hbWUiOiJkYWVtb24tc2V0LWNvbnRyb2xsZXItdG9rZW4tNGNjanAiLCJrdWJlcm5ldGVzLmlvL3NlcnZpY2VhY2NvdW50L3NlcnZpY2UtYWNjb3VudC5uYW1lIjoiZGFlbW9uLXNldC1jb250cm9sbGVyIiwia3ViZXJuZXRlcy5pby9zZXJ2aWNlYWNjb3VudC9zZXJ2aWNlLWFjY291bnQudWlkIjoiMmM3N2U3YjMtMGNiZC00YWE0LTkxMzEtMTU1MDM1ODc0MDkyIiwic3ViIjoic3lzdGVtOnNlcnZpY2VhY2NvdW50Omt1YmUtc3lzdGVtOmRhZW1vbi1zZXQtY29udHJvbGxlciJ9.q719NB-x_3kp1JBIT2jzAWTjkEUnxqv85jBvcd2vebgplMyNpEvPaTLKyANLf3Fsx51xFQ3Gd7ELllp-aRh_UQ-RLMAcsOHbSzznsus9mT7IzxA8kpYi8o095t2DmnU23j8dM4T2hTpqUG0O0qbACPP1vpvBXPN-wXYoDvXpf6C9Hmv1ev3jRzFeXCS8fAufoK_W8B0RToCNrIvL8spM0cP1iML78ltgmIDzNVFKxpMEXscGqSYQ0Zdn0rz-zIHQot1CGMwdKtUpJy_gcuXtl-LDSR4C8HEnldAJTIolhjtBec0xAxOWXw-5xUFGj0_GsMkW52R0WYj3D793JboQ2Q#kubernetes.io/service-account-token " 
/registry/secrets/kube-system/default-token-phqr9
k8s 

v1Secretó
·
default-token-phqr9 kube-system" *$9de509ee-cc4d-49c7-a020-ce82104e07f62 8 Bçø˜ç b-
"kubernetes.io/service-account.namedefaultbI
!kubernetes.io/service-account.uid$2ca81cc2-7ad4-4599-9033-1b04351061b9z äá
kube-controller-managerUpdatev1"çø˜ç 2FieldsV1:…
∆{"f:data":{".":{},"f:ca.crt":{},"f:namespace":{},"f:token":{}},"f:metadata":{"f:annotations":{".":{},"f:kubernetes.io/service-account.name":{},"f:kubernetes.io/service-account.uid":{}}},"f:type":{}}B ÷
ca.crtÀ-----BEGIN CERTIFICATE-----
MIIC/jCCAeagAwIBAgIBADANBgkqhkiG9w0BAQsFADAVMRMwEQYDVQQDEwprdWJl
cm5ldGVzMB4XDTIxMTIxODEzMTczOFoXDTMxMTIxNjEzMTczOFowFTETMBEGA1UE
AxMKa3ViZXJuZXRlczCCASIwDQYJKoZIhvcNAQEBBQADggEPADCCAQoCggEBAM9R
0owTD9X/+rGCsiDxBBlr1/sCiB54r16qrsbWC3iI0uyhHOnRcMu0Bb4dhoEgHpHr
z55dwifJIPKZhLNXBLGQMm9XXSHsDyrBT+IF3VOjWddcDTJe+mtaNGtbnrtGCrU0
630uEIgVyAKYNNvJ6kyzDFebYxXqQJncx12268USQ0pT0ndKbl5Yiv7T3P/iXMkg
NIlW1hRLsu5nBzwuDCe71gZIasmgdYmmLtx/jGPusnFTnLqBO8UFL5fmbGxJGiKs
C5t4TfSPHjHoZPLzTXcHSwboxQ6Dwn2v3ZgCr+OCVwVcwdqfIhVBHSNSJOG9g3sf
oil4LZY6Jc2ldow2ufECAwEAAaNZMFcwDgYDVR0PAQH/BAQDAgKkMA8GA1UdEwEB
/wQFMAMBAf8wHQYDVR0OBBYEFAnlC1O9RHp0hqvoZNikEbo1UGcQMBUGA1UdEQQO
MAyCCmt1YmVybmV0ZXMwDQYJKoZIhvcNAQELBQADggEBAE0gYbzoVHg6KoVMIzoX
kFVBeU1yTy1HEIx4ETdO5OgvD8VQ9kabrERrGSt3faeMz6Jvk95HaYeeLaOT4Byw
3/jtzvcbQQsc/ODb2vk9QzpHjTDJVpTLhJfyTSQekEVlwCE07tB+pb8eQYhopyTf
noh7WEvKpqIzCUfzC+ZsyiIwr5MkAK7kjjF3rq4F2dp1M+J1cMNHiw7Lvw5US2Su
ABR0SNxpdEkezUHPJfzSFXi1aSzxjtbge5W5NGCWRHEInzJvVDYjk5U/7NAOeArL
U7Qsj18WPM88UrDKCLPkDr6fGfqN+6qC06DtPClrQW7VKy3bsKgl+T8F7L3bT0Nf
eAY=
-----END CERTIFICATE-----

	namespacekube-systemò
tokenéeyJhbGciOiJSUzI1NiIsImtpZCI6ImJkRG45SXJtVWdkc1BpLUF2NnpYODJFSVBKNzhFRE5TRDhmNVZ0bmtndTAifQ.eyJpc3MiOiJrdWJlcm5ldGVzL3NlcnZpY2VhY2NvdW50Iiwia3ViZXJuZXRlcy5pby9zZXJ2aWNlYWNjb3VudC9uYW1lc3BhY2UiOiJrdWJlLXN5c3RlbSIsImt1YmVybmV0ZXMuaW8vc2VydmljZWFjY291bnQvc2VjcmV0Lm5hbWUiOiJkZWZhdWx0LXRva2VuLXBocXI5Iiwia3ViZXJuZXRlcy5pby9zZXJ2aWNlYWNjb3VudC9zZXJ2aWNlLWFjY291bnQubmFtZSI6ImRlZmF1bHQiLCJrdWJlcm5ldGVzLmlvL3NlcnZpY2VhY2NvdW50L3NlcnZpY2UtYWNjb3VudC51aWQiOiIyY2E4MWNjMi03YWQ0LTQ1OTktOTAzMy0xYjA0MzUxMDYxYjkiLCJzdWIiOiJzeXN0ZW06c2VydmljZWFjY291bnQ6a3ViZS1zeXN0ZW06ZGVmYXVsdCJ9.ViXRH9QcK6jTuHZagsVPaa03XZ9ee3OewWGx2YcKAXsAJxshKgc-M84X4D8R5LGaBVPHY9qyBG5ASzsbcONTG7TQw1stYIej54YnMWyXICU7xb2kSCVyXjr0LCfCKZ_-LxQ1MB6NsexU8zb0mHbFiIBprtM9nKOYNht3d_AWPStWlRPCgSCrniiccvL0rb3_E9cjxY4MQtmErU3fMUrEI0dTTNpKC7nbYbd3CMQvbFekH_gOKkSGLPTO1pxrdqfvn17rK1Undk2jkHWHDW7TDd08rRMREzHdzTsheaPhYidX5sV-emJ_eBnw1KlSgYW7dmHGonBwOEJEN2g4Z-zC8w#kubernetes.io/service-account-token " 
/registry/secrets/kube-system/deployment-controller-token-7zhxm
k8s 

v1SecretÎ
˝
!deployment-controller-token-7zhxm kube-system" *$bf26323b-a892-4a3a-8f00-f4e2f4b0ec3c2 8 Bˇæ˜ç b;
"kubernetes.io/service-account.namedeployment-controllerbI
!kubernetes.io/service-account.uid$fe8df2f9-6216-456d-803c-b39bd1cc2780z äá
kube-controller-managerUpdatev1"ˇæ˜ç 2FieldsV1:…
∆{"f:data":{".":{},"f:ca.crt":{},"f:namespace":{},"f:token":{}},"f:metadata":{"f:annotations":{".":{},"f:kubernetes.io/service-account.name":{},"f:kubernetes.io/service-account.uid":{}}},"f:type":{}}B ÷
ca.crtÀ-----BEGIN CERTIFICATE-----
MIIC/jCCAeagAwIBAgIBADANBgkqhkiG9w0BAQsFADAVMRMwEQYDVQQDEwprdWJl
cm5ldGVzMB4XDTIxMTIxODEzMTczOFoXDTMxMTIxNjEzMTczOFowFTETMBEGA1UE
AxMKa3ViZXJuZXRlczCCASIwDQYJKoZIhvcNAQEBBQADggEPADCCAQoCggEBAM9R
0owTD9X/+rGCsiDxBBlr1/sCiB54r16qrsbWC3iI0uyhHOnRcMu0Bb4dhoEgHpHr
z55dwifJIPKZhLNXBLGQMm9XXSHsDyrBT+IF3VOjWddcDTJe+mtaNGtbnrtGCrU0
630uEIgVyAKYNNvJ6kyzDFebYxXqQJncx12268USQ0pT0ndKbl5Yiv7T3P/iXMkg
NIlW1hRLsu5nBzwuDCe71gZIasmgdYmmLtx/jGPusnFTnLqBO8UFL5fmbGxJGiKs
C5t4TfSPHjHoZPLzTXcHSwboxQ6Dwn2v3ZgCr+OCVwVcwdqfIhVBHSNSJOG9g3sf
oil4LZY6Jc2ldow2ufECAwEAAaNZMFcwDgYDVR0PAQH/BAQDAgKkMA8GA1UdEwEB
/wQFMAMBAf8wHQYDVR0OBBYEFAnlC1O9RHp0hqvoZNikEbo1UGcQMBUGA1UdEQQO
MAyCCmt1YmVybmV0ZXMwDQYJKoZIhvcNAQELBQADggEBAE0gYbzoVHg6KoVMIzoX
kFVBeU1yTy1HEIx4ETdO5OgvD8VQ9kabrERrGSt3faeMz6Jvk95HaYeeLaOT4Byw
3/jtzvcbQQsc/ODb2vk9QzpHjTDJVpTLhJfyTSQekEVlwCE07tB+pb8eQYhopyTf
noh7WEvKpqIzCUfzC+ZsyiIwr5MkAK7kjjF3rq4F2dp1M+J1cMNHiw7Lvw5US2Su
ABR0SNxpdEkezUHPJfzSFXi1aSzxjtbge5W5NGCWRHEInzJvVDYjk5U/7NAOeArL
U7Qsj18WPM88UrDKCLPkDr6fGfqN+6qC06DtPClrQW7VKy3bsKgl+T8F7L3bT0Nf
eAY=
-----END CERTIFICATE-----

	namespacekube-system–
token∆eyJhbGciOiJSUzI1NiIsImtpZCI6ImJkRG45SXJtVWdkc1BpLUF2NnpYODJFSVBKNzhFRE5TRDhmNVZ0bmtndTAifQ.eyJpc3MiOiJrdWJlcm5ldGVzL3NlcnZpY2VhY2NvdW50Iiwia3ViZXJuZXRlcy5pby9zZXJ2aWNlYWNjb3VudC9uYW1lc3BhY2UiOiJrdWJlLXN5c3RlbSIsImt1YmVybmV0ZXMuaW8vc2VydmljZWFjY291bnQvc2VjcmV0Lm5hbWUiOiJkZXBsb3ltZW50LWNvbnRyb2xsZXItdG9rZW4tN3poeG0iLCJrdWJlcm5ldGVzLmlvL3NlcnZpY2VhY2NvdW50L3NlcnZpY2UtYWNjb3VudC5uYW1lIjoiZGVwbG95bWVudC1jb250cm9sbGVyIiwia3ViZXJuZXRlcy5pby9zZXJ2aWNlYWNjb3VudC9zZXJ2aWNlLWFjY291bnQudWlkIjoiZmU4ZGYyZjktNjIxNi00NTZkLTgwM2MtYjM5YmQxY2MyNzgwIiwic3ViIjoic3lzdGVtOnNlcnZpY2VhY2NvdW50Omt1YmUtc3lzdGVtOmRlcGxveW1lbnQtY29udHJvbGxlciJ9.KFZ9gOUbID1n2tETXssktlSVEW_xz4m6J8Xq-JLjt1ec-tH59Bj5CtAr9lpmeq6s174jS_JWfbP3yG04LSiZ4pDUv0162jURWpv1rxYeuVsLQvV89QIj4ZnXZwd4dd5g8GfxU-rRrR99SEAarI9y8JLR_FsIfvy8Lm1_Kdg_UAgBIFmL5FPFBVJ9MOOWcQThOVNEl6xITJcvIIrvF39mGsL-5h8boU9yNQrp3FxIHw6d18lx9l7CpCdPyaPen4xNUDmLcHhNZnFOIbP8F0M9kHklBlBe5NuRrCvJomwye4Knf1CdvH3RgoiRzUaYBxCjdu6ZN9UtIXWxyCh5UNXmHg#kubernetes.io/service-account-token " 
/registry/secrets/kube-system/disruption-controller-token-xrvbg
k8s 

v1SecretÎ
˝
!disruption-controller-token-xrvbg kube-system" *$b3a8a990-f282-46d4-baa2-baa95ee8fb7a2 8 Bäø˜ç b;
"kubernetes.io/service-account.namedisruption-controllerbI
!kubernetes.io/service-account.uid$0fa03d13-a173-4e08-a869-5107b8cbe0efz äá
kube-controller-managerUpdatev1"äø˜ç 2FieldsV1:…
∆{"f:data":{".":{},"f:ca.crt":{},"f:namespace":{},"f:token":{}},"f:metadata":{"f:annotations":{".":{},"f:kubernetes.io/service-account.name":{},"f:kubernetes.io/service-account.uid":{}}},"f:type":{}}B ÷
ca.crtÀ-----BEGIN CERTIFICATE-----
MIIC/jCCAeagAwIBAgIBADANBgkqhkiG9w0BAQsFADAVMRMwEQYDVQQDEwprdWJl
cm5ldGVzMB4XDTIxMTIxODEzMTczOFoXDTMxMTIxNjEzMTczOFowFTETMBEGA1UE
AxMKa3ViZXJuZXRlczCCASIwDQYJKoZIhvcNAQEBBQADggEPADCCAQoCggEBAM9R
0owTD9X/+rGCsiDxBBlr1/sCiB54r16qrsbWC3iI0uyhHOnRcMu0Bb4dhoEgHpHr
z55dwifJIPKZhLNXBLGQMm9XXSHsDyrBT+IF3VOjWddcDTJe+mtaNGtbnrtGCrU0
630uEIgVyAKYNNvJ6kyzDFebYxXqQJncx12268USQ0pT0ndKbl5Yiv7T3P/iXMkg
NIlW1hRLsu5nBzwuDCe71gZIasmgdYmmLtx/jGPusnFTnLqBO8UFL5fmbGxJGiKs
C5t4TfSPHjHoZPLzTXcHSwboxQ6Dwn2v3ZgCr+OCVwVcwdqfIhVBHSNSJOG9g3sf
oil4LZY6Jc2ldow2ufECAwEAAaNZMFcwDgYDVR0PAQH/BAQDAgKkMA8GA1UdEwEB
/wQFMAMBAf8wHQYDVR0OBBYEFAnlC1O9RHp0hqvoZNikEbo1UGcQMBUGA1UdEQQO
MAyCCmt1YmVybmV0ZXMwDQYJKoZIhvcNAQELBQADggEBAE0gYbzoVHg6KoVMIzoX
kFVBeU1yTy1HEIx4ETdO5OgvD8VQ9kabrERrGSt3faeMz6Jvk95HaYeeLaOT4Byw
3/jtzvcbQQsc/ODb2vk9QzpHjTDJVpTLhJfyTSQekEVlwCE07tB+pb8eQYhopyTf
noh7WEvKpqIzCUfzC+ZsyiIwr5MkAK7kjjF3rq4F2dp1M+J1cMNHiw7Lvw5US2Su
ABR0SNxpdEkezUHPJfzSFXi1aSzxjtbge5W5NGCWRHEInzJvVDYjk5U/7NAOeArL
U7Qsj18WPM88UrDKCLPkDr6fGfqN+6qC06DtPClrQW7VKy3bsKgl+T8F7L3bT0Nf
eAY=
-----END CERTIFICATE-----

	namespacekube-system–
token∆eyJhbGciOiJSUzI1NiIsImtpZCI6ImJkRG45SXJtVWdkc1BpLUF2NnpYODJFSVBKNzhFRE5TRDhmNVZ0bmtndTAifQ.eyJpc3MiOiJrdWJlcm5ldGVzL3NlcnZpY2VhY2NvdW50Iiwia3ViZXJuZXRlcy5pby9zZXJ2aWNlYWNjb3VudC9uYW1lc3BhY2UiOiJrdWJlLXN5c3RlbSIsImt1YmVybmV0ZXMuaW8vc2VydmljZWFjY291bnQvc2VjcmV0Lm5hbWUiOiJkaXNydXB0aW9uLWNvbnRyb2xsZXItdG9rZW4teHJ2YmciLCJrdWJlcm5ldGVzLmlvL3NlcnZpY2VhY2NvdW50L3NlcnZpY2UtYWNjb3VudC5uYW1lIjoiZGlzcnVwdGlvbi1jb250cm9sbGVyIiwia3ViZXJuZXRlcy5pby9zZXJ2aWNlYWNjb3VudC9zZXJ2aWNlLWFjY291bnQudWlkIjoiMGZhMDNkMTMtYTE3My00ZTA4LWE4NjktNTEwN2I4Y2JlMGVmIiwic3ViIjoic3lzdGVtOnNlcnZpY2VhY2NvdW50Omt1YmUtc3lzdGVtOmRpc3J1cHRpb24tY29udHJvbGxlciJ9.Y9n5Hv3WrpuFJSf9daCJ3RkJJ7ZnnsHLJF7H1EvVm9UZj8YcwZJoAGZ8HjtphhQ_yjQiSRc0gjewi-AV2oYSTAL4oqob3alNB9rhvcWuXhkA4hVCg8oTdc1fnYlwY5m18sTEepgaLZAPgPzcpf4GQNhW5SE6mLHYVWsNs5jYzm-pTJk1JiJeRFnUJ5rP-I-uAqk1qGXVv-CbMhbm8CqKkWorOTUPvGg7sCABbGKujOWxkc52qeWS3cEj6ATK22qTvRz-VpCEvOF08rUgfMFLPpsCo7qxcv4OsmrGd7MhT9_v2vUBKEuuDPoFCnEsLbDrz6bxqcggvengH5P8r2U9aQ#kubernetes.io/service-account-token " 
/registry/secrets/kube-system/endpoint-controller-token-dmq2z
k8s 

v1Secretﬂ
˘
endpoint-controller-token-dmq2z kube-system" *$fd4c00c8-6793-4b03-800a-45d7a6e3a6372 8 Bˇæ˜ç b9
"kubernetes.io/service-account.nameendpoint-controllerbI
!kubernetes.io/service-account.uid$55613e6b-50fc-4c2f-b94a-c3cfca4be00az äá
kube-controller-managerUpdatev1"ˇæ˜ç 2FieldsV1:…
∆{"f:data":{".":{},"f:ca.crt":{},"f:namespace":{},"f:token":{}},"f:metadata":{"f:annotations":{".":{},"f:kubernetes.io/service-account.name":{},"f:kubernetes.io/service-account.uid":{}}},"f:type":{}}B ÷
ca.crtÀ-----BEGIN CERTIFICATE-----
MIIC/jCCAeagAwIBAgIBADANBgkqhkiG9w0BAQsFADAVMRMwEQYDVQQDEwprdWJl
cm5ldGVzMB4XDTIxMTIxODEzMTczOFoXDTMxMTIxNjEzMTczOFowFTETMBEGA1UE
AxMKa3ViZXJuZXRlczCCASIwDQYJKoZIhvcNAQEBBQADggEPADCCAQoCggEBAM9R
0owTD9X/+rGCsiDxBBlr1/sCiB54r16qrsbWC3iI0uyhHOnRcMu0Bb4dhoEgHpHr
z55dwifJIPKZhLNXBLGQMm9XXSHsDyrBT+IF3VOjWddcDTJe+mtaNGtbnrtGCrU0
630uEIgVyAKYNNvJ6kyzDFebYxXqQJncx12268USQ0pT0ndKbl5Yiv7T3P/iXMkg
NIlW1hRLsu5nBzwuDCe71gZIasmgdYmmLtx/jGPusnFTnLqBO8UFL5fmbGxJGiKs
C5t4TfSPHjHoZPLzTXcHSwboxQ6Dwn2v3ZgCr+OCVwVcwdqfIhVBHSNSJOG9g3sf
oil4LZY6Jc2ldow2ufECAwEAAaNZMFcwDgYDVR0PAQH/BAQDAgKkMA8GA1UdEwEB
/wQFMAMBAf8wHQYDVR0OBBYEFAnlC1O9RHp0hqvoZNikEbo1UGcQMBUGA1UdEQQO
MAyCCmt1YmVybmV0ZXMwDQYJKoZIhvcNAQELBQADggEBAE0gYbzoVHg6KoVMIzoX
kFVBeU1yTy1HEIx4ETdO5OgvD8VQ9kabrERrGSt3faeMz6Jvk95HaYeeLaOT4Byw
3/jtzvcbQQsc/ODb2vk9QzpHjTDJVpTLhJfyTSQekEVlwCE07tB+pb8eQYhopyTf
noh7WEvKpqIzCUfzC+ZsyiIwr5MkAK7kjjF3rq4F2dp1M+J1cMNHiw7Lvw5US2Su
ABR0SNxpdEkezUHPJfzSFXi1aSzxjtbge5W5NGCWRHEInzJvVDYjk5U/7NAOeArL
U7Qsj18WPM88UrDKCLPkDr6fGfqN+6qC06DtPClrQW7VKy3bsKgl+T8F7L3bT0Nf
eAY=
-----END CERTIFICATE-----

	namespacekube-system»
tokenæeyJhbGciOiJSUzI1NiIsImtpZCI6ImJkRG45SXJtVWdkc1BpLUF2NnpYODJFSVBKNzhFRE5TRDhmNVZ0bmtndTAifQ.eyJpc3MiOiJrdWJlcm5ldGVzL3NlcnZpY2VhY2NvdW50Iiwia3ViZXJuZXRlcy5pby9zZXJ2aWNlYWNjb3VudC9uYW1lc3BhY2UiOiJrdWJlLXN5c3RlbSIsImt1YmVybmV0ZXMuaW8vc2VydmljZWFjY291bnQvc2VjcmV0Lm5hbWUiOiJlbmRwb2ludC1jb250cm9sbGVyLXRva2VuLWRtcTJ6Iiwia3ViZXJuZXRlcy5pby9zZXJ2aWNlYWNjb3VudC9zZXJ2aWNlLWFjY291bnQubmFtZSI6ImVuZHBvaW50LWNvbnRyb2xsZXIiLCJrdWJlcm5ldGVzLmlvL3NlcnZpY2VhY2NvdW50L3NlcnZpY2UtYWNjb3VudC51aWQiOiI1NTYxM2U2Yi01MGZjLTRjMmYtYjk0YS1jM2NmY2E0YmUwMGEiLCJzdWIiOiJzeXN0ZW06c2VydmljZWFjY291bnQ6a3ViZS1zeXN0ZW06ZW5kcG9pbnQtY29udHJvbGxlciJ9.DRqfrpYizf0qDZWDMQbV8OuatHITwjo8P1oqdTZo2r8X1fEZioz5p2C7nhROqom1RlJoq1X3dDqViktcz1P1NE8Zb0SQ8Mb93I8f8vneE8X_wQ9JOfjeb-P_VgSleYNfkpykgsmVV2zfQUGdCcAvrzzSaffIw6Uu0Q-WgQ2CvOT0_NiaPl7UxYeIg1XPYzMpK_cDEOnU8M8_94pXzFyqqyPU-87i168rGxMCGmotVPzum3FHzemwpvkTVp-FxhQspjuKfLYFv476k7Sjm33V18Lae2Yfe85xl3aREeMqwXLtaAFORfAVYrJs8pogUKlF_RftPRCf56ZkDGFcYTDR-A#kubernetes.io/service-account-token " 
/registry/secrets/kube-system/endpointslice-controller-token-5lnbt
k8s 

v1Secret˝
É
$endpointslice-controller-token-5lnbt kube-system" *$d2fd69de-e2ce-4a85-8330-d1d0cb8a41b32 8 Bäø˜ç b>
"kubernetes.io/service-account.nameendpointslice-controllerbI
!kubernetes.io/service-account.uid$cdfeda96-50b2-44b9-8a8d-db4674db3376z äá
kube-controller-managerUpdatev1"äø˜ç 2FieldsV1:…
∆{"f:data":{".":{},"f:ca.crt":{},"f:namespace":{},"f:token":{}},"f:metadata":{"f:annotations":{".":{},"f:kubernetes.io/service-account.name":{},"f:kubernetes.io/service-account.uid":{}}},"f:type":{}}B ÷
ca.crtÀ-----BEGIN CERTIFICATE-----
MIIC/jCCAeagAwIBAgIBADANBgkqhkiG9w0BAQsFADAVMRMwEQYDVQQDEwprdWJl
cm5ldGVzMB4XDTIxMTIxODEzMTczOFoXDTMxMTIxNjEzMTczOFowFTETMBEGA1UE
AxMKa3ViZXJuZXRlczCCASIwDQYJKoZIhvcNAQEBBQADggEPADCCAQoCggEBAM9R
0owTD9X/+rGCsiDxBBlr1/sCiB54r16qrsbWC3iI0uyhHOnRcMu0Bb4dhoEgHpHr
z55dwifJIPKZhLNXBLGQMm9XXSHsDyrBT+IF3VOjWddcDTJe+mtaNGtbnrtGCrU0
630uEIgVyAKYNNvJ6kyzDFebYxXqQJncx12268USQ0pT0ndKbl5Yiv7T3P/iXMkg
NIlW1hRLsu5nBzwuDCe71gZIasmgdYmmLtx/jGPusnFTnLqBO8UFL5fmbGxJGiKs
C5t4TfSPHjHoZPLzTXcHSwboxQ6Dwn2v3ZgCr+OCVwVcwdqfIhVBHSNSJOG9g3sf
oil4LZY6Jc2ldow2ufECAwEAAaNZMFcwDgYDVR0PAQH/BAQDAgKkMA8GA1UdEwEB
/wQFMAMBAf8wHQYDVR0OBBYEFAnlC1O9RHp0hqvoZNikEbo1UGcQMBUGA1UdEQQO
MAyCCmt1YmVybmV0ZXMwDQYJKoZIhvcNAQELBQADggEBAE0gYbzoVHg6KoVMIzoX
kFVBeU1yTy1HEIx4ETdO5OgvD8VQ9kabrERrGSt3faeMz6Jvk95HaYeeLaOT4Byw
3/jtzvcbQQsc/ODb2vk9QzpHjTDJVpTLhJfyTSQekEVlwCE07tB+pb8eQYhopyTf
noh7WEvKpqIzCUfzC+ZsyiIwr5MkAK7kjjF3rq4F2dp1M+J1cMNHiw7Lvw5US2Su
ABR0SNxpdEkezUHPJfzSFXi1aSzxjtbge5W5NGCWRHEInzJvVDYjk5U/7NAOeArL
U7Qsj18WPM88UrDKCLPkDr6fGfqN+6qC06DtPClrQW7VKy3bsKgl+T8F7L3bT0Nf
eAY=
-----END CERTIFICATE-----

	namespacekube-system‹
token“eyJhbGciOiJSUzI1NiIsImtpZCI6ImJkRG45SXJtVWdkc1BpLUF2NnpYODJFSVBKNzhFRE5TRDhmNVZ0bmtndTAifQ.eyJpc3MiOiJrdWJlcm5ldGVzL3NlcnZpY2VhY2NvdW50Iiwia3ViZXJuZXRlcy5pby9zZXJ2aWNlYWNjb3VudC9uYW1lc3BhY2UiOiJrdWJlLXN5c3RlbSIsImt1YmVybmV0ZXMuaW8vc2VydmljZWFjY291bnQvc2VjcmV0Lm5hbWUiOiJlbmRwb2ludHNsaWNlLWNvbnRyb2xsZXItdG9rZW4tNWxuYnQiLCJrdWJlcm5ldGVzLmlvL3NlcnZpY2VhY2NvdW50L3NlcnZpY2UtYWNjb3VudC5uYW1lIjoiZW5kcG9pbnRzbGljZS1jb250cm9sbGVyIiwia3ViZXJuZXRlcy5pby9zZXJ2aWNlYWNjb3VudC9zZXJ2aWNlLWFjY291bnQudWlkIjoiY2RmZWRhOTYtNTBiMi00NGI5LThhOGQtZGI0Njc0ZGIzMzc2Iiwic3ViIjoic3lzdGVtOnNlcnZpY2VhY2NvdW50Omt1YmUtc3lzdGVtOmVuZHBvaW50c2xpY2UtY29udHJvbGxlciJ9.gNwxIUE6NYE9-Tbv6oCZQm0kSsAB5XmK6CDpfdfdwuh9-V5RVMXWUhoTmmly5bgaYMewsd2YsB3QpQtiPKm2incb6z2przmKwEs8En8Ue_OorY6sQoJSqu2ZRJSedINSAUdrfObI_B4cDb-LGgs0gEaywM-IZtoFA8fBm3ga53ohWqtr7W5vc5ZHWY5UHsMGRk4c17pLf5LSjcNPPxVXs2ktVD0VCUm5bY-xpUSA7kj36uNQitq3ttxBRZxuulKDCr_eG0SSG_TqNvAUxY0qpfPtAgT8_MMYlkiKm33RmE0cesx8nHFEamfkTdmhIbXMp_XX3D3H0APvuCC4IkxLpQ#kubernetes.io/service-account-token " 
/registry/secrets/kube-system/endpointslicemirroring-controller-token-zllww
k8s 

v1Secret≥
ï
-endpointslicemirroring-controller-token-zllww kube-system" *$6eebbd9e-2640-438d-a1ed-c7c7f1efa7a72 8 Bäø˜ç bG
"kubernetes.io/service-account.name!endpointslicemirroring-controllerbI
!kubernetes.io/service-account.uid$55d9843a-f328-49b4-ab49-3058cd66fb2az äá
kube-controller-managerUpdatev1"äø˜ç 2FieldsV1:…
∆{"f:data":{".":{},"f:ca.crt":{},"f:namespace":{},"f:token":{}},"f:metadata":{"f:annotations":{".":{},"f:kubernetes.io/service-account.name":{},"f:kubernetes.io/service-account.uid":{}}},"f:type":{}}B ÷
ca.crtÀ-----BEGIN CERTIFICATE-----
MIIC/jCCAeagAwIBAgIBADANBgkqhkiG9w0BAQsFADAVMRMwEQYDVQQDEwprdWJl
cm5ldGVzMB4XDTIxMTIxODEzMTczOFoXDTMxMTIxNjEzMTczOFowFTETMBEGA1UE
AxMKa3ViZXJuZXRlczCCASIwDQYJKoZIhvcNAQEBBQADggEPADCCAQoCggEBAM9R
0owTD9X/+rGCsiDxBBlr1/sCiB54r16qrsbWC3iI0uyhHOnRcMu0Bb4dhoEgHpHr
z55dwifJIPKZhLNXBLGQMm9XXSHsDyrBT+IF3VOjWddcDTJe+mtaNGtbnrtGCrU0
630uEIgVyAKYNNvJ6kyzDFebYxXqQJncx12268USQ0pT0ndKbl5Yiv7T3P/iXMkg
NIlW1hRLsu5nBzwuDCe71gZIasmgdYmmLtx/jGPusnFTnLqBO8UFL5fmbGxJGiKs
C5t4TfSPHjHoZPLzTXcHSwboxQ6Dwn2v3ZgCr+OCVwVcwdqfIhVBHSNSJOG9g3sf
oil4LZY6Jc2ldow2ufECAwEAAaNZMFcwDgYDVR0PAQH/BAQDAgKkMA8GA1UdEwEB
/wQFMAMBAf8wHQYDVR0OBBYEFAnlC1O9RHp0hqvoZNikEbo1UGcQMBUGA1UdEQQO
MAyCCmt1YmVybmV0ZXMwDQYJKoZIhvcNAQELBQADggEBAE0gYbzoVHg6KoVMIzoX
kFVBeU1yTy1HEIx4ETdO5OgvD8VQ9kabrERrGSt3faeMz6Jvk95HaYeeLaOT4Byw
3/jtzvcbQQsc/ODb2vk9QzpHjTDJVpTLhJfyTSQekEVlwCE07tB+pb8eQYhopyTf
noh7WEvKpqIzCUfzC+ZsyiIwr5MkAK7kjjF3rq4F2dp1M+J1cMNHiw7Lvw5US2Su
ABR0SNxpdEkezUHPJfzSFXi1aSzxjtbge5W5NGCWRHEInzJvVDYjk5U/7NAOeArL
U7Qsj18WPM88UrDKCLPkDr6fGfqN+6qC06DtPClrQW7VKy3bsKgl+T8F7L3bT0Nf
eAY=
-----END CERTIFICATE-----

	namespacekube-systemÄ
tokenˆeyJhbGciOiJSUzI1NiIsImtpZCI6ImJkRG45SXJtVWdkc1BpLUF2NnpYODJFSVBKNzhFRE5TRDhmNVZ0bmtndTAifQ.eyJpc3MiOiJrdWJlcm5ldGVzL3NlcnZpY2VhY2NvdW50Iiwia3ViZXJuZXRlcy5pby9zZXJ2aWNlYWNjb3VudC9uYW1lc3BhY2UiOiJrdWJlLXN5c3RlbSIsImt1YmVybmV0ZXMuaW8vc2VydmljZWFjY291bnQvc2VjcmV0Lm5hbWUiOiJlbmRwb2ludHNsaWNlbWlycm9yaW5nLWNvbnRyb2xsZXItdG9rZW4temxsd3ciLCJrdWJlcm5ldGVzLmlvL3NlcnZpY2VhY2NvdW50L3NlcnZpY2UtYWNjb3VudC5uYW1lIjoiZW5kcG9pbnRzbGljZW1pcnJvcmluZy1jb250cm9sbGVyIiwia3ViZXJuZXRlcy5pby9zZXJ2aWNlYWNjb3VudC9zZXJ2aWNlLWFjY291bnQudWlkIjoiNTVkOTg0M2EtZjMyOC00OWI0LWFiNDktMzA1OGNkNjZmYjJhIiwic3ViIjoic3lzdGVtOnNlcnZpY2VhY2NvdW50Omt1YmUtc3lzdGVtOmVuZHBvaW50c2xpY2VtaXJyb3JpbmctY29udHJvbGxlciJ9.M7fMWR2HYaboWgr0pdPBC0XdBjjr7b67Qz6ctNNVp23r8I0o8j33HCueKhuNUsG6xCMiwv6EkAsqLPPFmdZEx9uy0A12VUXeOI7n9dSGvdmpDsxwGPXDHwJkNleZoV0AGeik-sE8IE7MU65RYtV2LuTYjTqw2M3gS1NSFeqDnULYoug86eXjh5Tk0uuX1_F0TBbeWYTFEMPPl4zviz7Yc2SZ1_Dx6F9N3dRBqRd4e0o8Mgf10zVjyAU0ikS89nF4Rjn7DDb1s9TPQrKnmGuCo0uJWaHcAZkNYdnfKy-PEWEQxhCrSGoE7q8cxRDcx_7dK5n8sB84MSI2vsxVhNmIhw#kubernetes.io/service-account-token " 
/registry/secrets/kube-system/ephemeral-volume-controller-token-jkwdw
k8s 

v1Secretè
â
'ephemeral-volume-controller-token-jkwdw kube-system" *$d793d6d3-75c0-41ba-a47f-d860044d06be2 8 Bˇæ˜ç bA
"kubernetes.io/service-account.nameephemeral-volume-controllerbI
!kubernetes.io/service-account.uid$3200f3fe-7c54-4e89-8574-f4cb3d16cb88z äá
kube-controller-managerUpdatev1"ˇæ˜ç 2FieldsV1:…
∆{"f:data":{".":{},"f:ca.crt":{},"f:namespace":{},"f:token":{}},"f:metadata":{"f:annotations":{".":{},"f:kubernetes.io/service-account.name":{},"f:kubernetes.io/service-account.uid":{}}},"f:type":{}}B ÷
ca.crtÀ-----BEGIN CERTIFICATE-----
MIIC/jCCAeagAwIBAgIBADANBgkqhkiG9w0BAQsFADAVMRMwEQYDVQQDEwprdWJl
cm5ldGVzMB4XDTIxMTIxODEzMTczOFoXDTMxMTIxNjEzMTczOFowFTETMBEGA1UE
AxMKa3ViZXJuZXRlczCCASIwDQYJKoZIhvcNAQEBBQADggEPADCCAQoCggEBAM9R
0owTD9X/+rGCsiDxBBlr1/sCiB54r16qrsbWC3iI0uyhHOnRcMu0Bb4dhoEgHpHr
z55dwifJIPKZhLNXBLGQMm9XXSHsDyrBT+IF3VOjWddcDTJe+mtaNGtbnrtGCrU0
630uEIgVyAKYNNvJ6kyzDFebYxXqQJncx12268USQ0pT0ndKbl5Yiv7T3P/iXMkg
NIlW1hRLsu5nBzwuDCe71gZIasmgdYmmLtx/jGPusnFTnLqBO8UFL5fmbGxJGiKs
C5t4TfSPHjHoZPLzTXcHSwboxQ6Dwn2v3ZgCr+OCVwVcwdqfIhVBHSNSJOG9g3sf
oil4LZY6Jc2ldow2ufECAwEAAaNZMFcwDgYDVR0PAQH/BAQDAgKkMA8GA1UdEwEB
/wQFMAMBAf8wHQYDVR0OBBYEFAnlC1O9RHp0hqvoZNikEbo1UGcQMBUGA1UdEQQO
MAyCCmt1YmVybmV0ZXMwDQYJKoZIhvcNAQELBQADggEBAE0gYbzoVHg6KoVMIzoX
kFVBeU1yTy1HEIx4ETdO5OgvD8VQ9kabrERrGSt3faeMz6Jvk95HaYeeLaOT4Byw
3/jtzvcbQQsc/ODb2vk9QzpHjTDJVpTLhJfyTSQekEVlwCE07tB+pb8eQYhopyTf
noh7WEvKpqIzCUfzC+ZsyiIwr5MkAK7kjjF3rq4F2dp1M+J1cMNHiw7Lvw5US2Su
ABR0SNxpdEkezUHPJfzSFXi1aSzxjtbge5W5NGCWRHEInzJvVDYjk5U/7NAOeArL
U7Qsj18WPM88UrDKCLPkDr6fGfqN+6qC06DtPClrQW7VKy3bsKgl+T8F7L3bT0Nf
eAY=
-----END CERTIFICATE-----

	namespacekube-systemË
tokenﬁeyJhbGciOiJSUzI1NiIsImtpZCI6ImJkRG45SXJtVWdkc1BpLUF2NnpYODJFSVBKNzhFRE5TRDhmNVZ0bmtndTAifQ.eyJpc3MiOiJrdWJlcm5ldGVzL3NlcnZpY2VhY2NvdW50Iiwia3ViZXJuZXRlcy5pby9zZXJ2aWNlYWNjb3VudC9uYW1lc3BhY2UiOiJrdWJlLXN5c3RlbSIsImt1YmVybmV0ZXMuaW8vc2VydmljZWFjY291bnQvc2VjcmV0Lm5hbWUiOiJlcGhlbWVyYWwtdm9sdW1lLWNvbnRyb2xsZXItdG9rZW4tamt3ZHciLCJrdWJlcm5ldGVzLmlvL3NlcnZpY2VhY2NvdW50L3NlcnZpY2UtYWNjb3VudC5uYW1lIjoiZXBoZW1lcmFsLXZvbHVtZS1jb250cm9sbGVyIiwia3ViZXJuZXRlcy5pby9zZXJ2aWNlYWNjb3VudC9zZXJ2aWNlLWFjY291bnQudWlkIjoiMzIwMGYzZmUtN2M1NC00ZTg5LTg1NzQtZjRjYjNkMTZjYjg4Iiwic3ViIjoic3lzdGVtOnNlcnZpY2VhY2NvdW50Omt1YmUtc3lzdGVtOmVwaGVtZXJhbC12b2x1bWUtY29udHJvbGxlciJ9.uiE5txj2SSHoHn6LALiKPbB7ZquvCTh-CxmDqvk7U-zxdPkMUTdmxsj3t1GO1ExBZ2eeRiMW9Xw6YHYVpxYNqfSIlTEmrJ8lJWb-PQBJEzJe4yoKOf8P57PxXE-XDXVUsaApmj_6Vg6gM_XGKHxVCP93uGMZ44y6MF7gGQOr3tcBpWgyPxtGobxFV3nwrePdZyuIpCxKwC7QyEeHnVwS9Rfh0rjaHd0Mf_OFoXMr-v-hwuf_vJhanXThmVf43oKmOcnJQ9yIZn2j8Kh7s1fOQoqeZV_B2VCUcxvQQE1WXQszl4Tmdb6n1q43I65tVPLDSFgr9eOTZdd18mPRq7muXQ#kubernetes.io/service-account-token " 
/registry/secrets/kube-system/expand-controller-token-pzlfj
k8s 

v1Secret”
ı
expand-controller-token-pzlfj kube-system" *$b7edfdd5-d7e8-46eb-9152-0b0a159553032 8 BÄø˜ç b7
"kubernetes.io/service-account.nameexpand-controllerbI
!kubernetes.io/service-account.uid$5a27a886-a973-41e1-aa25-5c0bd5217571z äá
kube-controller-managerUpdatev1"Äø˜ç 2FieldsV1:…
∆{"f:data":{".":{},"f:ca.crt":{},"f:namespace":{},"f:token":{}},"f:metadata":{"f:annotations":{".":{},"f:kubernetes.io/service-account.name":{},"f:kubernetes.io/service-account.uid":{}}},"f:type":{}}B ÷
ca.crtÀ-----BEGIN CERTIFICATE-----
MIIC/jCCAeagAwIBAgIBADANBgkqhkiG9w0BAQsFADAVMRMwEQYDVQQDEwprdWJl
cm5ldGVzMB4XDTIxMTIxODEzMTczOFoXDTMxMTIxNjEzMTczOFowFTETMBEGA1UE
AxMKa3ViZXJuZXRlczCCASIwDQYJKoZIhvcNAQEBBQADggEPADCCAQoCggEBAM9R
0owTD9X/+rGCsiDxBBlr1/sCiB54r16qrsbWC3iI0uyhHOnRcMu0Bb4dhoEgHpHr
z55dwifJIPKZhLNXBLGQMm9XXSHsDyrBT+IF3VOjWddcDTJe+mtaNGtbnrtGCrU0
630uEIgVyAKYNNvJ6kyzDFebYxXqQJncx12268USQ0pT0ndKbl5Yiv7T3P/iXMkg
NIlW1hRLsu5nBzwuDCe71gZIasmgdYmmLtx/jGPusnFTnLqBO8UFL5fmbGxJGiKs
C5t4TfSPHjHoZPLzTXcHSwboxQ6Dwn2v3ZgCr+OCVwVcwdqfIhVBHSNSJOG9g3sf
oil4LZY6Jc2ldow2ufECAwEAAaNZMFcwDgYDVR0PAQH/BAQDAgKkMA8GA1UdEwEB
/wQFMAMBAf8wHQYDVR0OBBYEFAnlC1O9RHp0hqvoZNikEbo1UGcQMBUGA1UdEQQO
MAyCCmt1YmVybmV0ZXMwDQYJKoZIhvcNAQELBQADggEBAE0gYbzoVHg6KoVMIzoX
kFVBeU1yTy1HEIx4ETdO5OgvD8VQ9kabrERrGSt3faeMz6Jvk95HaYeeLaOT4Byw
3/jtzvcbQQsc/ODb2vk9QzpHjTDJVpTLhJfyTSQekEVlwCE07tB+pb8eQYhopyTf
noh7WEvKpqIzCUfzC+ZsyiIwr5MkAK7kjjF3rq4F2dp1M+J1cMNHiw7Lvw5US2Su
ABR0SNxpdEkezUHPJfzSFXi1aSzxjtbge5W5NGCWRHEInzJvVDYjk5U/7NAOeArL
U7Qsj18WPM88UrDKCLPkDr6fGfqN+6qC06DtPClrQW7VKy3bsKgl+T8F7L3bT0Nf
eAY=
-----END CERTIFICATE-----

	namespacekube-system¿
token∂eyJhbGciOiJSUzI1NiIsImtpZCI6ImJkRG45SXJtVWdkc1BpLUF2NnpYODJFSVBKNzhFRE5TRDhmNVZ0bmtndTAifQ.eyJpc3MiOiJrdWJlcm5ldGVzL3NlcnZpY2VhY2NvdW50Iiwia3ViZXJuZXRlcy5pby9zZXJ2aWNlYWNjb3VudC9uYW1lc3BhY2UiOiJrdWJlLXN5c3RlbSIsImt1YmVybmV0ZXMuaW8vc2VydmljZWFjY291bnQvc2VjcmV0Lm5hbWUiOiJleHBhbmQtY29udHJvbGxlci10b2tlbi1wemxmaiIsImt1YmVybmV0ZXMuaW8vc2VydmljZWFjY291bnQvc2VydmljZS1hY2NvdW50Lm5hbWUiOiJleHBhbmQtY29udHJvbGxlciIsImt1YmVybmV0ZXMuaW8vc2VydmljZWFjY291bnQvc2VydmljZS1hY2NvdW50LnVpZCI6IjVhMjdhODg2LWE5NzMtNDFlMS1hYTI1LTVjMGJkNTIxNzU3MSIsInN1YiI6InN5c3RlbTpzZXJ2aWNlYWNjb3VudDprdWJlLXN5c3RlbTpleHBhbmQtY29udHJvbGxlciJ9.dEaFfSow_eLnn0vUyO9x7bke0JmaO_aQ5P8cATDeWtCAlqzkd_5cb6wpd4AJAG8Dd5-9E89ZuXbx0oX-WDS0fogW9YyHcpK9_8T5IQP6GkIatFn3YiQmpY-jiCzXDsvSe8mwkWHMrZHpEAFMtgwcXrIPhjDe2mVzRX41IYnkWmxhxhJZkbsf2r7OcG3uFWiibh15ZTEmGP3lUkKFaL8SWYq0H57GU56VncNYWdqJXpM_IRY0uGGaKDP6FHL6xMMQ-3tVZaZrHIc_xRH3uJHIBSOyeY05KaHIRGGYmkgZEv4Rs0SKAzr1Os-MNTOWzOzDDO_bB3F-PWMgx-fi3oT0OA#kubernetes.io/service-account-token " 
/registry/secrets/kube-system/generic-garbage-collector-token-gczzg
k8s 

v1SecretÉ
Ö
%generic-garbage-collector-token-gczzg kube-system" *$c4b645b1-964a-4dac-be05-97e2ab3d40042 8 Bãø˜ç b?
"kubernetes.io/service-account.namegeneric-garbage-collectorbI
!kubernetes.io/service-account.uid$ec84d2f6-a24c-48ba-b547-5fafc632c996z äá
kube-controller-managerUpdatev1"ãø˜ç 2FieldsV1:…
∆{"f:data":{".":{},"f:ca.crt":{},"f:namespace":{},"f:token":{}},"f:metadata":{"f:annotations":{".":{},"f:kubernetes.io/service-account.name":{},"f:kubernetes.io/service-account.uid":{}}},"f:type":{}}B ÷
ca.crtÀ-----BEGIN CERTIFICATE-----
MIIC/jCCAeagAwIBAgIBADANBgkqhkiG9w0BAQsFADAVMRMwEQYDVQQDEwprdWJl
cm5ldGVzMB4XDTIxMTIxODEzMTczOFoXDTMxMTIxNjEzMTczOFowFTETMBEGA1UE
AxMKa3ViZXJuZXRlczCCASIwDQYJKoZIhvcNAQEBBQADggEPADCCAQoCggEBAM9R
0owTD9X/+rGCsiDxBBlr1/sCiB54r16qrsbWC3iI0uyhHOnRcMu0Bb4dhoEgHpHr
z55dwifJIPKZhLNXBLGQMm9XXSHsDyrBT+IF3VOjWddcDTJe+mtaNGtbnrtGCrU0
630uEIgVyAKYNNvJ6kyzDFebYxXqQJncx12268USQ0pT0ndKbl5Yiv7T3P/iXMkg
NIlW1hRLsu5nBzwuDCe71gZIasmgdYmmLtx/jGPusnFTnLqBO8UFL5fmbGxJGiKs
C5t4TfSPHjHoZPLzTXcHSwboxQ6Dwn2v3ZgCr+OCVwVcwdqfIhVBHSNSJOG9g3sf
oil4LZY6Jc2ldow2ufECAwEAAaNZMFcwDgYDVR0PAQH/BAQDAgKkMA8GA1UdEwEB
/wQFMAMBAf8wHQYDVR0OBBYEFAnlC1O9RHp0hqvoZNikEbo1UGcQMBUGA1UdEQQO
MAyCCmt1YmVybmV0ZXMwDQYJKoZIhvcNAQELBQADggEBAE0gYbzoVHg6KoVMIzoX
kFVBeU1yTy1HEIx4ETdO5OgvD8VQ9kabrERrGSt3faeMz6Jvk95HaYeeLaOT4Byw
3/jtzvcbQQsc/ODb2vk9QzpHjTDJVpTLhJfyTSQekEVlwCE07tB+pb8eQYhopyTf
noh7WEvKpqIzCUfzC+ZsyiIwr5MkAK7kjjF3rq4F2dp1M+J1cMNHiw7Lvw5US2Su
ABR0SNxpdEkezUHPJfzSFXi1aSzxjtbge5W5NGCWRHEInzJvVDYjk5U/7NAOeArL
U7Qsj18WPM88UrDKCLPkDr6fGfqN+6qC06DtPClrQW7VKy3bsKgl+T8F7L3bT0Nf
eAY=
-----END CERTIFICATE-----

	namespacekube-system‡
token÷eyJhbGciOiJSUzI1NiIsImtpZCI6ImJkRG45SXJtVWdkc1BpLUF2NnpYODJFSVBKNzhFRE5TRDhmNVZ0bmtndTAifQ.eyJpc3MiOiJrdWJlcm5ldGVzL3NlcnZpY2VhY2NvdW50Iiwia3ViZXJuZXRlcy5pby9zZXJ2aWNlYWNjb3VudC9uYW1lc3BhY2UiOiJrdWJlLXN5c3RlbSIsImt1YmVybmV0ZXMuaW8vc2VydmljZWFjY291bnQvc2VjcmV0Lm5hbWUiOiJnZW5lcmljLWdhcmJhZ2UtY29sbGVjdG9yLXRva2VuLWdjenpnIiwia3ViZXJuZXRlcy5pby9zZXJ2aWNlYWNjb3VudC9zZXJ2aWNlLWFjY291bnQubmFtZSI6ImdlbmVyaWMtZ2FyYmFnZS1jb2xsZWN0b3IiLCJrdWJlcm5ldGVzLmlvL3NlcnZpY2VhY2NvdW50L3NlcnZpY2UtYWNjb3VudC51aWQiOiJlYzg0ZDJmNi1hMjRjLTQ4YmEtYjU0Ny01ZmFmYzYzMmM5OTYiLCJzdWIiOiJzeXN0ZW06c2VydmljZWFjY291bnQ6a3ViZS1zeXN0ZW06Z2VuZXJpYy1nYXJiYWdlLWNvbGxlY3RvciJ9.XKkv1_oZEG_TzVeiLW7AYDaQD2db7yPG9bW1VgVegZgb7t8ASFJZa80mkrDZb2ld77xWCNo-pcE-EI3vOy1AJtEOzF9PfbCZKvlSluhKh4jycWIttAfTG1CA4rlNzCw0OtDinaJAMkYmQZcA0ABPBC7v-Gu2QYQ_x7ysD5e5msiTy15J7HYg2sXc6Pyu8DxiyCI42fvRR9_fh8NN3mGntG5hJUAlIQNbs-BXeEvYO7eBExr19c6oc3-KSqb4yS0sMSq-IrvfmOciQyhk_4y-I0Waia_u3AXaiGwfEL9WX2ojPC0Ces-MZ5sTSvCn0SiAHfXYibU-IWu3JXec-o9RLA#kubernetes.io/service-account-token " 
/registry/secrets/kube-system/horizontal-pod-autoscaler-token-9c9vq
k8s 

v1SecretÉ
Ö
%horizontal-pod-autoscaler-token-9c9vq kube-system" *$5e227cde-f28a-4861-9039-f307b35a05ca2 8 Bäø˜ç b?
"kubernetes.io/service-account.namehorizontal-pod-autoscalerbI
!kubernetes.io/service-account.uid$508e7c8c-3022-46ee-b2ea-00c55da80165z äá
kube-controller-managerUpdatev1"äø˜ç 2FieldsV1:…
∆{"f:data":{".":{},"f:ca.crt":{},"f:namespace":{},"f:token":{}},"f:metadata":{"f:annotations":{".":{},"f:kubernetes.io/service-account.name":{},"f:kubernetes.io/service-account.uid":{}}},"f:type":{}}B ÷
ca.crtÀ-----BEGIN CERTIFICATE-----
MIIC/jCCAeagAwIBAgIBADANBgkqhkiG9w0BAQsFADAVMRMwEQYDVQQDEwprdWJl
cm5ldGVzMB4XDTIxMTIxODEzMTczOFoXDTMxMTIxNjEzMTczOFowFTETMBEGA1UE
AxMKa3ViZXJuZXRlczCCASIwDQYJKoZIhvcNAQEBBQADggEPADCCAQoCggEBAM9R
0owTD9X/+rGCsiDxBBlr1/sCiB54r16qrsbWC3iI0uyhHOnRcMu0Bb4dhoEgHpHr
z55dwifJIPKZhLNXBLGQMm9XXSHsDyrBT+IF3VOjWddcDTJe+mtaNGtbnrtGCrU0
630uEIgVyAKYNNvJ6kyzDFebYxXqQJncx12268USQ0pT0ndKbl5Yiv7T3P/iXMkg
NIlW1hRLsu5nBzwuDCe71gZIasmgdYmmLtx/jGPusnFTnLqBO8UFL5fmbGxJGiKs
C5t4TfSPHjHoZPLzTXcHSwboxQ6Dwn2v3ZgCr+OCVwVcwdqfIhVBHSNSJOG9g3sf
oil4LZY6Jc2ldow2ufECAwEAAaNZMFcwDgYDVR0PAQH/BAQDAgKkMA8GA1UdEwEB
/wQFMAMBAf8wHQYDVR0OBBYEFAnlC1O9RHp0hqvoZNikEbo1UGcQMBUGA1UdEQQO
MAyCCmt1YmVybmV0ZXMwDQYJKoZIhvcNAQELBQADggEBAE0gYbzoVHg6KoVMIzoX
kFVBeU1yTy1HEIx4ETdO5OgvD8VQ9kabrERrGSt3faeMz6Jvk95HaYeeLaOT4Byw
3/jtzvcbQQsc/ODb2vk9QzpHjTDJVpTLhJfyTSQekEVlwCE07tB+pb8eQYhopyTf
noh7WEvKpqIzCUfzC+ZsyiIwr5MkAK7kjjF3rq4F2dp1M+J1cMNHiw7Lvw5US2Su
ABR0SNxpdEkezUHPJfzSFXi1aSzxjtbge5W5NGCWRHEInzJvVDYjk5U/7NAOeArL
U7Qsj18WPM88UrDKCLPkDr6fGfqN+6qC06DtPClrQW7VKy3bsKgl+T8F7L3bT0Nf
eAY=
-----END CERTIFICATE-----

	namespacekube-system‡
token÷eyJhbGciOiJSUzI1NiIsImtpZCI6ImJkRG45SXJtVWdkc1BpLUF2NnpYODJFSVBKNzhFRE5TRDhmNVZ0bmtndTAifQ.eyJpc3MiOiJrdWJlcm5ldGVzL3NlcnZpY2VhY2NvdW50Iiwia3ViZXJuZXRlcy5pby9zZXJ2aWNlYWNjb3VudC9uYW1lc3BhY2UiOiJrdWJlLXN5c3RlbSIsImt1YmVybmV0ZXMuaW8vc2VydmljZWFjY291bnQvc2VjcmV0Lm5hbWUiOiJob3Jpem9udGFsLXBvZC1hdXRvc2NhbGVyLXRva2VuLTljOXZxIiwia3ViZXJuZXRlcy5pby9zZXJ2aWNlYWNjb3VudC9zZXJ2aWNlLWFjY291bnQubmFtZSI6Imhvcml6b250YWwtcG9kLWF1dG9zY2FsZXIiLCJrdWJlcm5ldGVzLmlvL3NlcnZpY2VhY2NvdW50L3NlcnZpY2UtYWNjb3VudC51aWQiOiI1MDhlN2M4Yy0zMDIyLTQ2ZWUtYjJlYS0wMGM1NWRhODAxNjUiLCJzdWIiOiJzeXN0ZW06c2VydmljZWFjY291bnQ6a3ViZS1zeXN0ZW06aG9yaXpvbnRhbC1wb2QtYXV0b3NjYWxlciJ9.D1_oP_DCy9A61FcSeooJtdQISxRsRmCLgjOWOS9tEIQAaqhPZQP3_0sr3X6CrRlCNxc20sWKL34Hr3ob8v56_fCVZOZG7uhVkCxALUzN5ChBz_cwh80CRW8ED7kg6bbzprmyoCZJORuoIe1G4DgfO2dj__ITiFAwXe-wK1WvlppHqBOZVKetUwDzjZmoxTLkTNPBU1G4FySHC7KXYDHXZKI6NYoq-iHE4c0f7UsGMagCJq6CQenCfi-b0uy9mDgFCG2whYrG6yz0SfJNW8l7SMLQMzAgQ29wjrHcnsK93Fp9acFYIqFE8flwRhWtL-mwNZ9J4UZ2GrlhJ6hZwzizSA#kubernetes.io/service-account-token " 
/registry/secrets/kube-system/job-controller-token-98bpn
k8s 

v1Secret¡
Ô
job-controller-token-98bpn kube-system" *$4ddf5bda-d42b-41da-a12c-7c2dd3ae4c6c2 8 Bˇæ˜ç b4
"kubernetes.io/service-account.namejob-controllerbI
!kubernetes.io/service-account.uid$c6df6fdb-4c6d-4ed6-a5b4-09e0735d6ca5z äá
kube-controller-managerUpdatev1"ˇæ˜ç 2FieldsV1:…
∆{"f:data":{".":{},"f:ca.crt":{},"f:namespace":{},"f:token":{}},"f:metadata":{"f:annotations":{".":{},"f:kubernetes.io/service-account.name":{},"f:kubernetes.io/service-account.uid":{}}},"f:type":{}}B ÷
ca.crtÀ-----BEGIN CERTIFICATE-----
MIIC/jCCAeagAwIBAgIBADANBgkqhkiG9w0BAQsFADAVMRMwEQYDVQQDEwprdWJl
cm5ldGVzMB4XDTIxMTIxODEzMTczOFoXDTMxMTIxNjEzMTczOFowFTETMBEGA1UE
AxMKa3ViZXJuZXRlczCCASIwDQYJKoZIhvcNAQEBBQADggEPADCCAQoCggEBAM9R
0owTD9X/+rGCsiDxBBlr1/sCiB54r16qrsbWC3iI0uyhHOnRcMu0Bb4dhoEgHpHr
z55dwifJIPKZhLNXBLGQMm9XXSHsDyrBT+IF3VOjWddcDTJe+mtaNGtbnrtGCrU0
630uEIgVyAKYNNvJ6kyzDFebYxXqQJncx12268USQ0pT0ndKbl5Yiv7T3P/iXMkg
NIlW1hRLsu5nBzwuDCe71gZIasmgdYmmLtx/jGPusnFTnLqBO8UFL5fmbGxJGiKs
C5t4TfSPHjHoZPLzTXcHSwboxQ6Dwn2v3ZgCr+OCVwVcwdqfIhVBHSNSJOG9g3sf
oil4LZY6Jc2ldow2ufECAwEAAaNZMFcwDgYDVR0PAQH/BAQDAgKkMA8GA1UdEwEB
/wQFMAMBAf8wHQYDVR0OBBYEFAnlC1O9RHp0hqvoZNikEbo1UGcQMBUGA1UdEQQO
MAyCCmt1YmVybmV0ZXMwDQYJKoZIhvcNAQELBQADggEBAE0gYbzoVHg6KoVMIzoX
kFVBeU1yTy1HEIx4ETdO5OgvD8VQ9kabrERrGSt3faeMz6Jvk95HaYeeLaOT4Byw
3/jtzvcbQQsc/ODb2vk9QzpHjTDJVpTLhJfyTSQekEVlwCE07tB+pb8eQYhopyTf
noh7WEvKpqIzCUfzC+ZsyiIwr5MkAK7kjjF3rq4F2dp1M+J1cMNHiw7Lvw5US2Su
ABR0SNxpdEkezUHPJfzSFXi1aSzxjtbge5W5NGCWRHEInzJvVDYjk5U/7NAOeArL
U7Qsj18WPM88UrDKCLPkDr6fGfqN+6qC06DtPClrQW7VKy3bsKgl+T8F7L3bT0Nf
eAY=
-----END CERTIFICATE-----

	namespacekube-system¥
token™eyJhbGciOiJSUzI1NiIsImtpZCI6ImJkRG45SXJtVWdkc1BpLUF2NnpYODJFSVBKNzhFRE5TRDhmNVZ0bmtndTAifQ.eyJpc3MiOiJrdWJlcm5ldGVzL3NlcnZpY2VhY2NvdW50Iiwia3ViZXJuZXRlcy5pby9zZXJ2aWNlYWNjb3VudC9uYW1lc3BhY2UiOiJrdWJlLXN5c3RlbSIsImt1YmVybmV0ZXMuaW8vc2VydmljZWFjY291bnQvc2VjcmV0Lm5hbWUiOiJqb2ItY29udHJvbGxlci10b2tlbi05OGJwbiIsImt1YmVybmV0ZXMuaW8vc2VydmljZWFjY291bnQvc2VydmljZS1hY2NvdW50Lm5hbWUiOiJqb2ItY29udHJvbGxlciIsImt1YmVybmV0ZXMuaW8vc2VydmljZWFjY291bnQvc2VydmljZS1hY2NvdW50LnVpZCI6ImM2ZGY2ZmRiLTRjNmQtNGVkNi1hNWI0LTA5ZTA3MzVkNmNhNSIsInN1YiI6InN5c3RlbTpzZXJ2aWNlYWNjb3VudDprdWJlLXN5c3RlbTpqb2ItY29udHJvbGxlciJ9.fIP6BIS7qKFcZRWONDN0oDdd5K6Y5s8gfv-XtOnV2s6aH8WzDqzXVNMo8oIPROssGjO-92EwiZsZ4_PnuPpEWOqFtwtPkrbTenb0iHk2KAIbDW2-ypdjsUh6YeGDMduSn60SaUwcnHkF8OzMbxAgnFeNfGbPVKsikBdpOXfT3PB1HT0fz8YZ7CyYpGFJpN2nUdja8CWoS92wfQuTt0SpmrOJ_F_g3fR8gZPJyLpbsvfBUIhS0ijGu50y-AKi6tOdhh8uzut1M7awRaHZVEGeTC5pWdMmK8n6pxKu_59WWe9_TsYjXZ_TvNLlmcvJqJ6BRJlnYMOuYnOOM39cqor14A#kubernetes.io/service-account-token " 
/registry/secrets/kube-system/kube-proxy-token-wpjr8
k8s 

v1Secret©
Á
kube-proxy-token-wpjr8 kube-system" *$ad8a2d35-81f9-4f6b-9faf-2d3bac5861ff2 8 Bˇæ˜ç b0
"kubernetes.io/service-account.name
kube-proxybI
!kubernetes.io/service-account.uid$6aee0ed6-ec44-40d1-90b9-31f6b726d3aaz äá
kube-controller-managerUpdatev1"ˇæ˜ç 2FieldsV1:…
∆{"f:data":{".":{},"f:ca.crt":{},"f:namespace":{},"f:token":{}},"f:metadata":{"f:annotations":{".":{},"f:kubernetes.io/service-account.name":{},"f:kubernetes.io/service-account.uid":{}}},"f:type":{}}B ÷
ca.crtÀ-----BEGIN CERTIFICATE-----
MIIC/jCCAeagAwIBAgIBADANBgkqhkiG9w0BAQsFADAVMRMwEQYDVQQDEwprdWJl
cm5ldGVzMB4XDTIxMTIxODEzMTczOFoXDTMxMTIxNjEzMTczOFowFTETMBEGA1UE
AxMKa3ViZXJuZXRlczCCASIwDQYJKoZIhvcNAQEBBQADggEPADCCAQoCggEBAM9R
0owTD9X/+rGCsiDxBBlr1/sCiB54r16qrsbWC3iI0uyhHOnRcMu0Bb4dhoEgHpHr
z55dwifJIPKZhLNXBLGQMm9XXSHsDyrBT+IF3VOjWddcDTJe+mtaNGtbnrtGCrU0
630uEIgVyAKYNNvJ6kyzDFebYxXqQJncx12268USQ0pT0ndKbl5Yiv7T3P/iXMkg
NIlW1hRLsu5nBzwuDCe71gZIasmgdYmmLtx/jGPusnFTnLqBO8UFL5fmbGxJGiKs
C5t4TfSPHjHoZPLzTXcHSwboxQ6Dwn2v3ZgCr+OCVwVcwdqfIhVBHSNSJOG9g3sf
oil4LZY6Jc2ldow2ufECAwEAAaNZMFcwDgYDVR0PAQH/BAQDAgKkMA8GA1UdEwEB
/wQFMAMBAf8wHQYDVR0OBBYEFAnlC1O9RHp0hqvoZNikEbo1UGcQMBUGA1UdEQQO
MAyCCmt1YmVybmV0ZXMwDQYJKoZIhvcNAQELBQADggEBAE0gYbzoVHg6KoVMIzoX
kFVBeU1yTy1HEIx4ETdO5OgvD8VQ9kabrERrGSt3faeMz6Jvk95HaYeeLaOT4Byw
3/jtzvcbQQsc/ODb2vk9QzpHjTDJVpTLhJfyTSQekEVlwCE07tB+pb8eQYhopyTf
noh7WEvKpqIzCUfzC+ZsyiIwr5MkAK7kjjF3rq4F2dp1M+J1cMNHiw7Lvw5US2Su
ABR0SNxpdEkezUHPJfzSFXi1aSzxjtbge5W5NGCWRHEInzJvVDYjk5U/7NAOeArL
U7Qsj18WPM88UrDKCLPkDr6fGfqN+6qC06DtPClrQW7VKy3bsKgl+T8F7L3bT0Nf
eAY=
-----END CERTIFICATE-----

	namespacekube-system§
tokenöeyJhbGciOiJSUzI1NiIsImtpZCI6ImJkRG45SXJtVWdkc1BpLUF2NnpYODJFSVBKNzhFRE5TRDhmNVZ0bmtndTAifQ.eyJpc3MiOiJrdWJlcm5ldGVzL3NlcnZpY2VhY2NvdW50Iiwia3ViZXJuZXRlcy5pby9zZXJ2aWNlYWNjb3VudC9uYW1lc3BhY2UiOiJrdWJlLXN5c3RlbSIsImt1YmVybmV0ZXMuaW8vc2VydmljZWFjY291bnQvc2VjcmV0Lm5hbWUiOiJrdWJlLXByb3h5LXRva2VuLXdwanI4Iiwia3ViZXJuZXRlcy5pby9zZXJ2aWNlYWNjb3VudC9zZXJ2aWNlLWFjY291bnQubmFtZSI6Imt1YmUtcHJveHkiLCJrdWJlcm5ldGVzLmlvL3NlcnZpY2VhY2NvdW50L3NlcnZpY2UtYWNjb3VudC51aWQiOiI2YWVlMGVkNi1lYzQ0LTQwZDEtOTBiOS0zMWY2YjcyNmQzYWEiLCJzdWIiOiJzeXN0ZW06c2VydmljZWFjY291bnQ6a3ViZS1zeXN0ZW06a3ViZS1wcm94eSJ9.IPKfi54rD-JdnpSyGS8qY2UPW2Pl5qk7B3YVWpF-abWcHYQlLAq-Ad8ocRxaqVVrNTKedw00T4BLoxUJtBJ12LRvy-Pl37KtOf_55FU6Pq-RAF0Gnw8O1pAOMSJYdM5KkdOX33CJ0lalUdW105bpXfLerDMZCakTYh3sNKMhyWHhVPgxhhlevbVMD_fe3sJVpqrAonVU046Abml0jUeCXeI6gt1OKx47LjCxD8wQami_-JSEK0LAzjrFDFUe-aWkssaa1IPt8xajmdFoOg0LuHi1SPqJYJ1lb_lg4wmjjGWfM8Sg2q6pfFdhE0Ayb1NLlBzHkNzJi4F7Ydc4HH597A#kubernetes.io/service-account-token " 
/registry/secrets/kube-system/namespace-controller-token-z97zn
k8s 

v1SecretÂ
˚
 namespace-controller-token-z97zn kube-system" *$32a4706d-b9e9-4e50-95b0-d7e2d29bebf22 8 Bäø˜ç b:
"kubernetes.io/service-account.namenamespace-controllerbI
!kubernetes.io/service-account.uid$b679fac0-a650-4a8f-9528-f5c04c4f8409z äá
kube-controller-managerUpdatev1"äø˜ç 2FieldsV1:…
∆{"f:data":{".":{},"f:ca.crt":{},"f:namespace":{},"f:token":{}},"f:metadata":{"f:annotations":{".":{},"f:kubernetes.io/service-account.name":{},"f:kubernetes.io/service-account.uid":{}}},"f:type":{}}B ÷
ca.crtÀ-----BEGIN CERTIFICATE-----
MIIC/jCCAeagAwIBAgIBADANBgkqhkiG9w0BAQsFADAVMRMwEQYDVQQDEwprdWJl
cm5ldGVzMB4XDTIxMTIxODEzMTczOFoXDTMxMTIxNjEzMTczOFowFTETMBEGA1UE
AxMKa3ViZXJuZXRlczCCASIwDQYJKoZIhvcNAQEBBQADggEPADCCAQoCggEBAM9R
0owTD9X/+rGCsiDxBBlr1/sCiB54r16qrsbWC3iI0uyhHOnRcMu0Bb4dhoEgHpHr
z55dwifJIPKZhLNXBLGQMm9XXSHsDyrBT+IF3VOjWddcDTJe+mtaNGtbnrtGCrU0
630uEIgVyAKYNNvJ6kyzDFebYxXqQJncx12268USQ0pT0ndKbl5Yiv7T3P/iXMkg
NIlW1hRLsu5nBzwuDCe71gZIasmgdYmmLtx/jGPusnFTnLqBO8UFL5fmbGxJGiKs
C5t4TfSPHjHoZPLzTXcHSwboxQ6Dwn2v3ZgCr+OCVwVcwdqfIhVBHSNSJOG9g3sf
oil4LZY6Jc2ldow2ufECAwEAAaNZMFcwDgYDVR0PAQH/BAQDAgKkMA8GA1UdEwEB
/wQFMAMBAf8wHQYDVR0OBBYEFAnlC1O9RHp0hqvoZNikEbo1UGcQMBUGA1UdEQQO
MAyCCmt1YmVybmV0ZXMwDQYJKoZIhvcNAQELBQADggEBAE0gYbzoVHg6KoVMIzoX
kFVBeU1yTy1HEIx4ETdO5OgvD8VQ9kabrERrGSt3faeMz6Jvk95HaYeeLaOT4Byw
3/jtzvcbQQsc/ODb2vk9QzpHjTDJVpTLhJfyTSQekEVlwCE07tB+pb8eQYhopyTf
noh7WEvKpqIzCUfzC+ZsyiIwr5MkAK7kjjF3rq4F2dp1M+J1cMNHiw7Lvw5US2Su
ABR0SNxpdEkezUHPJfzSFXi1aSzxjtbge5W5NGCWRHEInzJvVDYjk5U/7NAOeArL
U7Qsj18WPM88UrDKCLPkDr6fGfqN+6qC06DtPClrQW7VKy3bsKgl+T8F7L3bT0Nf
eAY=
-----END CERTIFICATE-----

	namespacekube-systemÃ
token¬eyJhbGciOiJSUzI1NiIsImtpZCI6ImJkRG45SXJtVWdkc1BpLUF2NnpYODJFSVBKNzhFRE5TRDhmNVZ0bmtndTAifQ.eyJpc3MiOiJrdWJlcm5ldGVzL3NlcnZpY2VhY2NvdW50Iiwia3ViZXJuZXRlcy5pby9zZXJ2aWNlYWNjb3VudC9uYW1lc3BhY2UiOiJrdWJlLXN5c3RlbSIsImt1YmVybmV0ZXMuaW8vc2VydmljZWFjY291bnQvc2VjcmV0Lm5hbWUiOiJuYW1lc3BhY2UtY29udHJvbGxlci10b2tlbi16OTd6biIsImt1YmVybmV0ZXMuaW8vc2VydmljZWFjY291bnQvc2VydmljZS1hY2NvdW50Lm5hbWUiOiJuYW1lc3BhY2UtY29udHJvbGxlciIsImt1YmVybmV0ZXMuaW8vc2VydmljZWFjY291bnQvc2VydmljZS1hY2NvdW50LnVpZCI6ImI2NzlmYWMwLWE2NTAtNGE4Zi05NTI4LWY1YzA0YzRmODQwOSIsInN1YiI6InN5c3RlbTpzZXJ2aWNlYWNjb3VudDprdWJlLXN5c3RlbTpuYW1lc3BhY2UtY29udHJvbGxlciJ9.STarcRSbqE6FujpkzpcbTN3AZTABdluOPBZimB4ZfOD76h3xVbVNGMkAXPHsgw9Q_folmOeDJUvRGG4gw3YiIsB5IT4rWmghG-zJKmjLmJHQ0ICVr1gDMyE7GWyYzVspYHmgSQNdHgdko58tQExdiqG8h4KhF3RodHtQ3CzFhJNUO1zWuSJWdY6femagQaj0H3tb7AiklHWeKNb8xKo4eMDcmCbUK4ve7PVX7tSyhVk00ALxTRTAGH2ZkQ8rSPuReZlH_R2wBwSeSuTiU5W_GumDPYiqBpK-ok0iswixNGQQi6G3gCT3RTwaLXi-gRW50w0QDO8FeHtOWC0PpU9efA#kubernetes.io/service-account-token " 
/registry/secrets/kube-system/node-controller-token-fnk6z
k8s 

v1Secret«
Ò
node-controller-token-fnk6z kube-system" *$c0ef6d86-4f53-40e1-8178-e1f1f43bf6512 8 Bˇæ˜ç b5
"kubernetes.io/service-account.namenode-controllerbI
!kubernetes.io/service-account.uid$8a7cacb8-1eba-482c-a817-93ac1f0872dfz äá
kube-controller-managerUpdatev1"ˇæ˜ç 2FieldsV1:…
∆{"f:data":{".":{},"f:ca.crt":{},"f:namespace":{},"f:token":{}},"f:metadata":{"f:annotations":{".":{},"f:kubernetes.io/service-account.name":{},"f:kubernetes.io/service-account.uid":{}}},"f:type":{}}B ÷
ca.crtÀ-----BEGIN CERTIFICATE-----
MIIC/jCCAeagAwIBAgIBADANBgkqhkiG9w0BAQsFADAVMRMwEQYDVQQDEwprdWJl
cm5ldGVzMB4XDTIxMTIxODEzMTczOFoXDTMxMTIxNjEzMTczOFowFTETMBEGA1UE
AxMKa3ViZXJuZXRlczCCASIwDQYJKoZIhvcNAQEBBQADggEPADCCAQoCggEBAM9R
0owTD9X/+rGCsiDxBBlr1/sCiB54r16qrsbWC3iI0uyhHOnRcMu0Bb4dhoEgHpHr
z55dwifJIPKZhLNXBLGQMm9XXSHsDyrBT+IF3VOjWddcDTJe+mtaNGtbnrtGCrU0
630uEIgVyAKYNNvJ6kyzDFebYxXqQJncx12268USQ0pT0ndKbl5Yiv7T3P/iXMkg
NIlW1hRLsu5nBzwuDCe71gZIasmgdYmmLtx/jGPusnFTnLqBO8UFL5fmbGxJGiKs
C5t4TfSPHjHoZPLzTXcHSwboxQ6Dwn2v3ZgCr+OCVwVcwdqfIhVBHSNSJOG9g3sf
oil4LZY6Jc2ldow2ufECAwEAAaNZMFcwDgYDVR0PAQH/BAQDAgKkMA8GA1UdEwEB
/wQFMAMBAf8wHQYDVR0OBBYEFAnlC1O9RHp0hqvoZNikEbo1UGcQMBUGA1UdEQQO
MAyCCmt1YmVybmV0ZXMwDQYJKoZIhvcNAQELBQADggEBAE0gYbzoVHg6KoVMIzoX
kFVBeU1yTy1HEIx4ETdO5OgvD8VQ9kabrERrGSt3faeMz6Jvk95HaYeeLaOT4Byw
3/jtzvcbQQsc/ODb2vk9QzpHjTDJVpTLhJfyTSQekEVlwCE07tB+pb8eQYhopyTf
noh7WEvKpqIzCUfzC+ZsyiIwr5MkAK7kjjF3rq4F2dp1M+J1cMNHiw7Lvw5US2Su
ABR0SNxpdEkezUHPJfzSFXi1aSzxjtbge5W5NGCWRHEInzJvVDYjk5U/7NAOeArL
U7Qsj18WPM88UrDKCLPkDr6fGfqN+6qC06DtPClrQW7VKy3bsKgl+T8F7L3bT0Nf
eAY=
-----END CERTIFICATE-----

	namespacekube-system∏
tokenÆeyJhbGciOiJSUzI1NiIsImtpZCI6ImJkRG45SXJtVWdkc1BpLUF2NnpYODJFSVBKNzhFRE5TRDhmNVZ0bmtndTAifQ.eyJpc3MiOiJrdWJlcm5ldGVzL3NlcnZpY2VhY2NvdW50Iiwia3ViZXJuZXRlcy5pby9zZXJ2aWNlYWNjb3VudC9uYW1lc3BhY2UiOiJrdWJlLXN5c3RlbSIsImt1YmVybmV0ZXMuaW8vc2VydmljZWFjY291bnQvc2VjcmV0Lm5hbWUiOiJub2RlLWNvbnRyb2xsZXItdG9rZW4tZm5rNnoiLCJrdWJlcm5ldGVzLmlvL3NlcnZpY2VhY2NvdW50L3NlcnZpY2UtYWNjb3VudC5uYW1lIjoibm9kZS1jb250cm9sbGVyIiwia3ViZXJuZXRlcy5pby9zZXJ2aWNlYWNjb3VudC9zZXJ2aWNlLWFjY291bnQudWlkIjoiOGE3Y2FjYjgtMWViYS00ODJjLWE4MTctOTNhYzFmMDg3MmRmIiwic3ViIjoic3lzdGVtOnNlcnZpY2VhY2NvdW50Omt1YmUtc3lzdGVtOm5vZGUtY29udHJvbGxlciJ9.SpN-7260yahFTZG92oa1KhKE1fsz0ONCtF_xXtFENZ0tG3bzftHKheCfi_2KXaMeHLDShpEsPRkSSfJXlylKdb9OeU9HQNJGrWYgFNd3_ahYIoq8RLOKcTCGhr8Wa8EHlr9EpSKu_Z-3o_F3QvcqnUIQCvjymP_yLJ66wm0HWPxuQcourJL9bNwIWT0rkJyjhmjF6A23gHeSNt-B3sauDUtVlOrUN2mUZ2JjMWUNEo4BcNGyowTHIaEzVksZVvLvoQF_SJJnAz3HpgItlPwLVN-OvnQSlD35qrYdlxBu0KtsK8XvZjq8ptqLhLN-WJLe45lzs-8ULbANk3aGpIMrZw#kubernetes.io/service-account-token " 
/registry/secrets/kube-system/persistent-volume-binder-token-5lj2v
k8s 

v1Secret˝
É
$persistent-volume-binder-token-5lj2v kube-system" *$ebb31d47-c435-4e7a-83f8-5c55ec35b0fa2 8 Bäø˜ç b>
"kubernetes.io/service-account.namepersistent-volume-binderbI
!kubernetes.io/service-account.uid$e9087414-383c-448e-b4ee-428d869d426ez äá
kube-controller-managerUpdatev1"äø˜ç 2FieldsV1:…
∆{"f:data":{".":{},"f:ca.crt":{},"f:namespace":{},"f:token":{}},"f:metadata":{"f:annotations":{".":{},"f:kubernetes.io/service-account.name":{},"f:kubernetes.io/service-account.uid":{}}},"f:type":{}}B ÷
ca.crtÀ-----BEGIN CERTIFICATE-----
MIIC/jCCAeagAwIBAgIBADANBgkqhkiG9w0BAQsFADAVMRMwEQYDVQQDEwprdWJl
cm5ldGVzMB4XDTIxMTIxODEzMTczOFoXDTMxMTIxNjEzMTczOFowFTETMBEGA1UE
AxMKa3ViZXJuZXRlczCCASIwDQYJKoZIhvcNAQEBBQADggEPADCCAQoCggEBAM9R
0owTD9X/+rGCsiDxBBlr1/sCiB54r16qrsbWC3iI0uyhHOnRcMu0Bb4dhoEgHpHr
z55dwifJIPKZhLNXBLGQMm9XXSHsDyrBT+IF3VOjWddcDTJe+mtaNGtbnrtGCrU0
630uEIgVyAKYNNvJ6kyzDFebYxXqQJncx12268USQ0pT0ndKbl5Yiv7T3P/iXMkg
NIlW1hRLsu5nBzwuDCe71gZIasmgdYmmLtx/jGPusnFTnLqBO8UFL5fmbGxJGiKs
C5t4TfSPHjHoZPLzTXcHSwboxQ6Dwn2v3ZgCr+OCVwVcwdqfIhVBHSNSJOG9g3sf
oil4LZY6Jc2ldow2ufECAwEAAaNZMFcwDgYDVR0PAQH/BAQDAgKkMA8GA1UdEwEB
/wQFMAMBAf8wHQYDVR0OBBYEFAnlC1O9RHp0hqvoZNikEbo1UGcQMBUGA1UdEQQO
MAyCCmt1YmVybmV0ZXMwDQYJKoZIhvcNAQELBQADggEBAE0gYbzoVHg6KoVMIzoX
kFVBeU1yTy1HEIx4ETdO5OgvD8VQ9kabrERrGSt3faeMz6Jvk95HaYeeLaOT4Byw
3/jtzvcbQQsc/ODb2vk9QzpHjTDJVpTLhJfyTSQekEVlwCE07tB+pb8eQYhopyTf
noh7WEvKpqIzCUfzC+ZsyiIwr5MkAK7kjjF3rq4F2dp1M+J1cMNHiw7Lvw5US2Su
ABR0SNxpdEkezUHPJfzSFXi1aSzxjtbge5W5NGCWRHEInzJvVDYjk5U/7NAOeArL
U7Qsj18WPM88UrDKCLPkDr6fGfqN+6qC06DtPClrQW7VKy3bsKgl+T8F7L3bT0Nf
eAY=
-----END CERTIFICATE-----

	namespacekube-system‹
token“eyJhbGciOiJSUzI1NiIsImtpZCI6ImJkRG45SXJtVWdkc1BpLUF2NnpYODJFSVBKNzhFRE5TRDhmNVZ0bmtndTAifQ.eyJpc3MiOiJrdWJlcm5ldGVzL3NlcnZpY2VhY2NvdW50Iiwia3ViZXJuZXRlcy5pby9zZXJ2aWNlYWNjb3VudC9uYW1lc3BhY2UiOiJrdWJlLXN5c3RlbSIsImt1YmVybmV0ZXMuaW8vc2VydmljZWFjY291bnQvc2VjcmV0Lm5hbWUiOiJwZXJzaXN0ZW50LXZvbHVtZS1iaW5kZXItdG9rZW4tNWxqMnYiLCJrdWJlcm5ldGVzLmlvL3NlcnZpY2VhY2NvdW50L3NlcnZpY2UtYWNjb3VudC5uYW1lIjoicGVyc2lzdGVudC12b2x1bWUtYmluZGVyIiwia3ViZXJuZXRlcy5pby9zZXJ2aWNlYWNjb3VudC9zZXJ2aWNlLWFjY291bnQudWlkIjoiZTkwODc0MTQtMzgzYy00NDhlLWI0ZWUtNDI4ZDg2OWQ0MjZlIiwic3ViIjoic3lzdGVtOnNlcnZpY2VhY2NvdW50Omt1YmUtc3lzdGVtOnBlcnNpc3RlbnQtdm9sdW1lLWJpbmRlciJ9.n5S11ASyVdTu9ao-zn_p9H6IhkHdbQ2nEIWJlnUUPO-VXwQILj8i7SjF7gQ-UPGBTe6gQx8Z0GxvqUd_SjRbMartFg6srLNlAXXv5pMorQHNzbHTH5dW-DCN31j_wSZdcM2dcMbHwjfbUxXalyKA5vx4cIFf6o-7wHq_s0P9S-p1quEjKYeEYCmZL7cr5mkTl-UkmlyKVREV_n_vOXOdtp3iloUjDKcqEosvbFe3WqexAxktYzcchmT2NXkJpnSY54f4utGoTSNPOhLwaRYn9HVzcGD7iVYA4WNFxDtyvoqiak6m4EdslXuIMsIRdMgFDF4rqXYuduvSnsHkzXHOBw#kubernetes.io/service-account-token " 
/registry/secrets/kube-system/pod-garbage-collector-token-27n72
k8s 

v1SecretÎ
˝
!pod-garbage-collector-token-27n72 kube-system" *$de74f382-60e2-4802-bc54-2d43eae5b03c2 8 Bˇæ˜ç b;
"kubernetes.io/service-account.namepod-garbage-collectorbI
!kubernetes.io/service-account.uid$0fbd8ca8-0f5e-4e1f-a7c5-af21131c29b8z äá
kube-controller-managerUpdatev1"ˇæ˜ç 2FieldsV1:…
∆{"f:data":{".":{},"f:ca.crt":{},"f:namespace":{},"f:token":{}},"f:metadata":{"f:annotations":{".":{},"f:kubernetes.io/service-account.name":{},"f:kubernetes.io/service-account.uid":{}}},"f:type":{}}B ÷
ca.crtÀ-----BEGIN CERTIFICATE-----
MIIC/jCCAeagAwIBAgIBADANBgkqhkiG9w0BAQsFADAVMRMwEQYDVQQDEwprdWJl
cm5ldGVzMB4XDTIxMTIxODEzMTczOFoXDTMxMTIxNjEzMTczOFowFTETMBEGA1UE
AxMKa3ViZXJuZXRlczCCASIwDQYJKoZIhvcNAQEBBQADggEPADCCAQoCggEBAM9R
0owTD9X/+rGCsiDxBBlr1/sCiB54r16qrsbWC3iI0uyhHOnRcMu0Bb4dhoEgHpHr
z55dwifJIPKZhLNXBLGQMm9XXSHsDyrBT+IF3VOjWddcDTJe+mtaNGtbnrtGCrU0
630uEIgVyAKYNNvJ6kyzDFebYxXqQJncx12268USQ0pT0ndKbl5Yiv7T3P/iXMkg
NIlW1hRLsu5nBzwuDCe71gZIasmgdYmmLtx/jGPusnFTnLqBO8UFL5fmbGxJGiKs
C5t4TfSPHjHoZPLzTXcHSwboxQ6Dwn2v3ZgCr+OCVwVcwdqfIhVBHSNSJOG9g3sf
oil4LZY6Jc2ldow2ufECAwEAAaNZMFcwDgYDVR0PAQH/BAQDAgKkMA8GA1UdEwEB
/wQFMAMBAf8wHQYDVR0OBBYEFAnlC1O9RHp0hqvoZNikEbo1UGcQMBUGA1UdEQQO
MAyCCmt1YmVybmV0ZXMwDQYJKoZIhvcNAQELBQADggEBAE0gYbzoVHg6KoVMIzoX
kFVBeU1yTy1HEIx4ETdO5OgvD8VQ9kabrERrGSt3faeMz6Jvk95HaYeeLaOT4Byw
3/jtzvcbQQsc/ODb2vk9QzpHjTDJVpTLhJfyTSQekEVlwCE07tB+pb8eQYhopyTf
noh7WEvKpqIzCUfzC+ZsyiIwr5MkAK7kjjF3rq4F2dp1M+J1cMNHiw7Lvw5US2Su
ABR0SNxpdEkezUHPJfzSFXi1aSzxjtbge5W5NGCWRHEInzJvVDYjk5U/7NAOeArL
U7Qsj18WPM88UrDKCLPkDr6fGfqN+6qC06DtPClrQW7VKy3bsKgl+T8F7L3bT0Nf
eAY=
-----END CERTIFICATE-----

	namespacekube-system–
token∆eyJhbGciOiJSUzI1NiIsImtpZCI6ImJkRG45SXJtVWdkc1BpLUF2NnpYODJFSVBKNzhFRE5TRDhmNVZ0bmtndTAifQ.eyJpc3MiOiJrdWJlcm5ldGVzL3NlcnZpY2VhY2NvdW50Iiwia3ViZXJuZXRlcy5pby9zZXJ2aWNlYWNjb3VudC9uYW1lc3BhY2UiOiJrdWJlLXN5c3RlbSIsImt1YmVybmV0ZXMuaW8vc2VydmljZWFjY291bnQvc2VjcmV0Lm5hbWUiOiJwb2QtZ2FyYmFnZS1jb2xsZWN0b3ItdG9rZW4tMjduNzIiLCJrdWJlcm5ldGVzLmlvL3NlcnZpY2VhY2NvdW50L3NlcnZpY2UtYWNjb3VudC5uYW1lIjoicG9kLWdhcmJhZ2UtY29sbGVjdG9yIiwia3ViZXJuZXRlcy5pby9zZXJ2aWNlYWNjb3VudC9zZXJ2aWNlLWFjY291bnQudWlkIjoiMGZiZDhjYTgtMGY1ZS00ZTFmLWE3YzUtYWYyMTEzMWMyOWI4Iiwic3ViIjoic3lzdGVtOnNlcnZpY2VhY2NvdW50Omt1YmUtc3lzdGVtOnBvZC1nYXJiYWdlLWNvbGxlY3RvciJ9.IVLO0-ylKyJFWCdn7KWlQb11-eplbQ8rziyqhBoH4co1E2oWXzcAQqONDX5mZle7vpEZx7l6iwMXPG9fccvPEY1Z3PhbNSuIK8GRYcXf19qdunM0W0C4MGJ_NU-sVjuDOg2q4AVOmbm104TNgXi08o4MAe6qQ-WGLa9nUa4ogInsYuqiQSMIKc4H2gvxzNAAn8HYIVtAGRuhpksOfqf_KI1k1kCnNIvsO1cJOIbc5OeqFzw4maygoq6E11xpu1qBmsMOOvWdngI-A_0lwWtsTkWNKAnhtSNAORPdwxqaIrPka_iX_ByWLzpk27FCd27A5VIOza3Zg2I5qQMhNDG4iQ#kubernetes.io/service-account-token " 
/registry/secrets/kube-system/pv-protection-controller-token-pqd6c
k8s 

v1Secret˝
É
$pv-protection-controller-token-pqd6c kube-system" *$b226da45-ba44-4810-b65f-df75b22d50822 8 Bäø˜ç b>
"kubernetes.io/service-account.namepv-protection-controllerbI
!kubernetes.io/service-account.uid$9e815c5e-8593-4c49-bd8a-417c70ab98e4z äá
kube-controller-managerUpdatev1"äø˜ç 2FieldsV1:…
∆{"f:data":{".":{},"f:ca.crt":{},"f:namespace":{},"f:token":{}},"f:metadata":{"f:annotations":{".":{},"f:kubernetes.io/service-account.name":{},"f:kubernetes.io/service-account.uid":{}}},"f:type":{}}B ÷
ca.crtÀ-----BEGIN CERTIFICATE-----
MIIC/jCCAeagAwIBAgIBADANBgkqhkiG9w0BAQsFADAVMRMwEQYDVQQDEwprdWJl
cm5ldGVzMB4XDTIxMTIxODEzMTczOFoXDTMxMTIxNjEzMTczOFowFTETMBEGA1UE
AxMKa3ViZXJuZXRlczCCASIwDQYJKoZIhvcNAQEBBQADggEPADCCAQoCggEBAM9R
0owTD9X/+rGCsiDxBBlr1/sCiB54r16qrsbWC3iI0uyhHOnRcMu0Bb4dhoEgHpHr
z55dwifJIPKZhLNXBLGQMm9XXSHsDyrBT+IF3VOjWddcDTJe+mtaNGtbnrtGCrU0
630uEIgVyAKYNNvJ6kyzDFebYxXqQJncx12268USQ0pT0ndKbl5Yiv7T3P/iXMkg
NIlW1hRLsu5nBzwuDCe71gZIasmgdYmmLtx/jGPusnFTnLqBO8UFL5fmbGxJGiKs
C5t4TfSPHjHoZPLzTXcHSwboxQ6Dwn2v3ZgCr+OCVwVcwdqfIhVBHSNSJOG9g3sf
oil4LZY6Jc2ldow2ufECAwEAAaNZMFcwDgYDVR0PAQH/BAQDAgKkMA8GA1UdEwEB
/wQFMAMBAf8wHQYDVR0OBBYEFAnlC1O9RHp0hqvoZNikEbo1UGcQMBUGA1UdEQQO
MAyCCmt1YmVybmV0ZXMwDQYJKoZIhvcNAQELBQADggEBAE0gYbzoVHg6KoVMIzoX
kFVBeU1yTy1HEIx4ETdO5OgvD8VQ9kabrERrGSt3faeMz6Jvk95HaYeeLaOT4Byw
3/jtzvcbQQsc/ODb2vk9QzpHjTDJVpTLhJfyTSQekEVlwCE07tB+pb8eQYhopyTf
noh7WEvKpqIzCUfzC+ZsyiIwr5MkAK7kjjF3rq4F2dp1M+J1cMNHiw7Lvw5US2Su
ABR0SNxpdEkezUHPJfzSFXi1aSzxjtbge5W5NGCWRHEInzJvVDYjk5U/7NAOeArL
U7Qsj18WPM88UrDKCLPkDr6fGfqN+6qC06DtPClrQW7VKy3bsKgl+T8F7L3bT0Nf
eAY=
-----END CERTIFICATE-----

	namespacekube-system‹
token“eyJhbGciOiJSUzI1NiIsImtpZCI6ImJkRG45SXJtVWdkc1BpLUF2NnpYODJFSVBKNzhFRE5TRDhmNVZ0bmtndTAifQ.eyJpc3MiOiJrdWJlcm5ldGVzL3NlcnZpY2VhY2NvdW50Iiwia3ViZXJuZXRlcy5pby9zZXJ2aWNlYWNjb3VudC9uYW1lc3BhY2UiOiJrdWJlLXN5c3RlbSIsImt1YmVybmV0ZXMuaW8vc2VydmljZWFjY291bnQvc2VjcmV0Lm5hbWUiOiJwdi1wcm90ZWN0aW9uLWNvbnRyb2xsZXItdG9rZW4tcHFkNmMiLCJrdWJlcm5ldGVzLmlvL3NlcnZpY2VhY2NvdW50L3NlcnZpY2UtYWNjb3VudC5uYW1lIjoicHYtcHJvdGVjdGlvbi1jb250cm9sbGVyIiwia3ViZXJuZXRlcy5pby9zZXJ2aWNlYWNjb3VudC9zZXJ2aWNlLWFjY291bnQudWlkIjoiOWU4MTVjNWUtODU5My00YzQ5LWJkOGEtNDE3YzcwYWI5OGU0Iiwic3ViIjoic3lzdGVtOnNlcnZpY2VhY2NvdW50Omt1YmUtc3lzdGVtOnB2LXByb3RlY3Rpb24tY29udHJvbGxlciJ9.YRM6X0GmNpJQ4aedShvpzMOcw2yhVNRc0OvVAgup5oppSouePSJpzF982snvn-P0bacH7AemRe9cbjL1C6oHhw-UlP6dtQ-cdLf3BzD3WCqSh1exu8Dl348srQgEd6hhZCb9xQX-OQfYNWUxVxQa4Bwf7uETEA8IUMX1358wBoqxWh4jKIsZY0AH4d3k2nPtGe6nRyDxr9rpc1mzjK7pMpC-eg7W_WrcV-nlYPd-zlU_QNHJ70tqbafEQ8zftuYoogpi13AzhzGTt61TCWPOgzZEeRHcUQUb3Rvwe6IQgqChgPyrtfS6Ed6E-pmhkn_tHIzTUqszkfwKU8czwLXYAA#kubernetes.io/service-account-token " 
/registry/secrets/kube-system/pvc-protection-controller-token-vqwpb
k8s 

v1SecretÉ
Ö
%pvc-protection-controller-token-vqwpb kube-system" *$bfda8273-0c14-427a-a898-0cea9d39ba782 8 Bãø˜ç b?
"kubernetes.io/service-account.namepvc-protection-controllerbI
!kubernetes.io/service-account.uid$a3f6f5bf-8e6c-475d-8c2b-9278f59ee3d4z äá
kube-controller-managerUpdatev1"ãø˜ç 2FieldsV1:…
∆{"f:data":{".":{},"f:ca.crt":{},"f:namespace":{},"f:token":{}},"f:metadata":{"f:annotations":{".":{},"f:kubernetes.io/service-account.name":{},"f:kubernetes.io/service-account.uid":{}}},"f:type":{}}B ÷
ca.crtÀ-----BEGIN CERTIFICATE-----
MIIC/jCCAeagAwIBAgIBADANBgkqhkiG9w0BAQsFADAVMRMwEQYDVQQDEwprdWJl
cm5ldGVzMB4XDTIxMTIxODEzMTczOFoXDTMxMTIxNjEzMTczOFowFTETMBEGA1UE
AxMKa3ViZXJuZXRlczCCASIwDQYJKoZIhvcNAQEBBQADggEPADCCAQoCggEBAM9R
0owTD9X/+rGCsiDxBBlr1/sCiB54r16qrsbWC3iI0uyhHOnRcMu0Bb4dhoEgHpHr
z55dwifJIPKZhLNXBLGQMm9XXSHsDyrBT+IF3VOjWddcDTJe+mtaNGtbnrtGCrU0
630uEIgVyAKYNNvJ6kyzDFebYxXqQJncx12268USQ0pT0ndKbl5Yiv7T3P/iXMkg
NIlW1hRLsu5nBzwuDCe71gZIasmgdYmmLtx/jGPusnFTnLqBO8UFL5fmbGxJGiKs
C5t4TfSPHjHoZPLzTXcHSwboxQ6Dwn2v3ZgCr+OCVwVcwdqfIhVBHSNSJOG9g3sf
oil4LZY6Jc2ldow2ufECAwEAAaNZMFcwDgYDVR0PAQH/BAQDAgKkMA8GA1UdEwEB
/wQFMAMBAf8wHQYDVR0OBBYEFAnlC1O9RHp0hqvoZNikEbo1UGcQMBUGA1UdEQQO
MAyCCmt1YmVybmV0ZXMwDQYJKoZIhvcNAQELBQADggEBAE0gYbzoVHg6KoVMIzoX
kFVBeU1yTy1HEIx4ETdO5OgvD8VQ9kabrERrGSt3faeMz6Jvk95HaYeeLaOT4Byw
3/jtzvcbQQsc/ODb2vk9QzpHjTDJVpTLhJfyTSQekEVlwCE07tB+pb8eQYhopyTf
noh7WEvKpqIzCUfzC+ZsyiIwr5MkAK7kjjF3rq4F2dp1M+J1cMNHiw7Lvw5US2Su
ABR0SNxpdEkezUHPJfzSFXi1aSzxjtbge5W5NGCWRHEInzJvVDYjk5U/7NAOeArL
U7Qsj18WPM88UrDKCLPkDr6fGfqN+6qC06DtPClrQW7VKy3bsKgl+T8F7L3bT0Nf
eAY=
-----END CERTIFICATE-----

	namespacekube-system‡
token÷eyJhbGciOiJSUzI1NiIsImtpZCI6ImJkRG45SXJtVWdkc1BpLUF2NnpYODJFSVBKNzhFRE5TRDhmNVZ0bmtndTAifQ.eyJpc3MiOiJrdWJlcm5ldGVzL3NlcnZpY2VhY2NvdW50Iiwia3ViZXJuZXRlcy5pby9zZXJ2aWNlYWNjb3VudC9uYW1lc3BhY2UiOiJrdWJlLXN5c3RlbSIsImt1YmVybmV0ZXMuaW8vc2VydmljZWFjY291bnQvc2VjcmV0Lm5hbWUiOiJwdmMtcHJvdGVjdGlvbi1jb250cm9sbGVyLXRva2VuLXZxd3BiIiwia3ViZXJuZXRlcy5pby9zZXJ2aWNlYWNjb3VudC9zZXJ2aWNlLWFjY291bnQubmFtZSI6InB2Yy1wcm90ZWN0aW9uLWNvbnRyb2xsZXIiLCJrdWJlcm5ldGVzLmlvL3NlcnZpY2VhY2NvdW50L3NlcnZpY2UtYWNjb3VudC51aWQiOiJhM2Y2ZjViZi04ZTZjLTQ3NWQtOGMyYi05Mjc4ZjU5ZWUzZDQiLCJzdWIiOiJzeXN0ZW06c2VydmljZWFjY291bnQ6a3ViZS1zeXN0ZW06cHZjLXByb3RlY3Rpb24tY29udHJvbGxlciJ9.HLWsOtz35_KSJkTHntEjwLLEYm8cAjPz8PbX7R6hTSd9lnLzxTQFnA08IKwzIv13C6F1RcPg5K4Ir4QACVQliS1JnYWS-fqy-M1AI48F4SJMIC0SvzaNYOD6sY1xuaV7yIt5TXI04eUkwfGzrsLCGPISjg5HhJPYdQX54MCd9z-YFjAOkhkH1Pnp_b2BCb4tCGMJ5PHvQGDpE1Q9aZA6W3q83VIQsy7LzpMYdQzJdjKjRhIgHwksVA-xJnvfnCNPS80L7uPQbgEUQ2Z12taepUQsBnnpKRz45p7ugAeC5jqQCRPKx9mW9fK2WkOtI3T1bFqNJ_1EwhKNpbs-QABeHQ#kubernetes.io/service-account-token " 
/registry/secrets/kube-system/replicaset-controller-token-zbt78
k8s 

v1SecretÎ
˝
!replicaset-controller-token-zbt78 kube-system" *$8e099742-9ada-4cd1-a899-72ea84e8c1392 8 Bäø˜ç b;
"kubernetes.io/service-account.namereplicaset-controllerbI
!kubernetes.io/service-account.uid$7e721079-0ded-4929-8253-257cb294aaf8z äá
kube-controller-managerUpdatev1"äø˜ç 2FieldsV1:…
∆{"f:data":{".":{},"f:ca.crt":{},"f:namespace":{},"f:token":{}},"f:metadata":{"f:annotations":{".":{},"f:kubernetes.io/service-account.name":{},"f:kubernetes.io/service-account.uid":{}}},"f:type":{}}B ÷
ca.crtÀ-----BEGIN CERTIFICATE-----
MIIC/jCCAeagAwIBAgIBADANBgkqhkiG9w0BAQsFADAVMRMwEQYDVQQDEwprdWJl
cm5ldGVzMB4XDTIxMTIxODEzMTczOFoXDTMxMTIxNjEzMTczOFowFTETMBEGA1UE
AxMKa3ViZXJuZXRlczCCASIwDQYJKoZIhvcNAQEBBQADggEPADCCAQoCggEBAM9R
0owTD9X/+rGCsiDxBBlr1/sCiB54r16qrsbWC3iI0uyhHOnRcMu0Bb4dhoEgHpHr
z55dwifJIPKZhLNXBLGQMm9XXSHsDyrBT+IF3VOjWddcDTJe+mtaNGtbnrtGCrU0
630uEIgVyAKYNNvJ6kyzDFebYxXqQJncx12268USQ0pT0ndKbl5Yiv7T3P/iXMkg
NIlW1hRLsu5nBzwuDCe71gZIasmgdYmmLtx/jGPusnFTnLqBO8UFL5fmbGxJGiKs
C5t4TfSPHjHoZPLzTXcHSwboxQ6Dwn2v3ZgCr+OCVwVcwdqfIhVBHSNSJOG9g3sf
oil4LZY6Jc2ldow2ufECAwEAAaNZMFcwDgYDVR0PAQH/BAQDAgKkMA8GA1UdEwEB
/wQFMAMBAf8wHQYDVR0OBBYEFAnlC1O9RHp0hqvoZNikEbo1UGcQMBUGA1UdEQQO
MAyCCmt1YmVybmV0ZXMwDQYJKoZIhvcNAQELBQADggEBAE0gYbzoVHg6KoVMIzoX
kFVBeU1yTy1HEIx4ETdO5OgvD8VQ9kabrERrGSt3faeMz6Jvk95HaYeeLaOT4Byw
3/jtzvcbQQsc/ODb2vk9QzpHjTDJVpTLhJfyTSQekEVlwCE07tB+pb8eQYhopyTf
noh7WEvKpqIzCUfzC+ZsyiIwr5MkAK7kjjF3rq4F2dp1M+J1cMNHiw7Lvw5US2Su
ABR0SNxpdEkezUHPJfzSFXi1aSzxjtbge5W5NGCWRHEInzJvVDYjk5U/7NAOeArL
U7Qsj18WPM88UrDKCLPkDr6fGfqN+6qC06DtPClrQW7VKy3bsKgl+T8F7L3bT0Nf
eAY=
-----END CERTIFICATE-----

	namespacekube-system–
token∆eyJhbGciOiJSUzI1NiIsImtpZCI6ImJkRG45SXJtVWdkc1BpLUF2NnpYODJFSVBKNzhFRE5TRDhmNVZ0bmtndTAifQ.eyJpc3MiOiJrdWJlcm5ldGVzL3NlcnZpY2VhY2NvdW50Iiwia3ViZXJuZXRlcy5pby9zZXJ2aWNlYWNjb3VudC9uYW1lc3BhY2UiOiJrdWJlLXN5c3RlbSIsImt1YmVybmV0ZXMuaW8vc2VydmljZWFjY291bnQvc2VjcmV0Lm5hbWUiOiJyZXBsaWNhc2V0LWNvbnRyb2xsZXItdG9rZW4temJ0NzgiLCJrdWJlcm5ldGVzLmlvL3NlcnZpY2VhY2NvdW50L3NlcnZpY2UtYWNjb3VudC5uYW1lIjoicmVwbGljYXNldC1jb250cm9sbGVyIiwia3ViZXJuZXRlcy5pby9zZXJ2aWNlYWNjb3VudC9zZXJ2aWNlLWFjY291bnQudWlkIjoiN2U3MjEwNzktMGRlZC00OTI5LTgyNTMtMjU3Y2IyOTRhYWY4Iiwic3ViIjoic3lzdGVtOnNlcnZpY2VhY2NvdW50Omt1YmUtc3lzdGVtOnJlcGxpY2FzZXQtY29udHJvbGxlciJ9.IezqXfv0Oq4NbI2NUbPqoXPDgBcM3-9CmGY4Nh1LCdsXflYe_xv7MfbaObDKW2rKlHVHWC5Ac4L5y2CKaT692qzg79jn20YR0Te43irpMSoXOheleUuX9qAoO6pJX2EhXSokI74Yclt8jY1cQKOYl1pp_skkb_Z5hZS4pRrcrXid_zkCq8x_H_Sc5s2CrmRLQv3GkNqK3hlxrLDljJqQeEIx49eN5SXapkeLAJHNtjsicsv_WQvC4neR2tH-1unMlQnNenUV9zkYLgFCibrugD_DAGRO_Y_cxheTWLpb1MltRj3ruJrVxHCY8CxaYfvONyA0LITXuojzf40QsFG3Nw#kubernetes.io/service-account-token " 
/registry/secrets/kube-system/replication-controller-token-drpxz
k8s 

v1SecretÒ
ˇ
"replication-controller-token-drpxz kube-system" *$2db0f409-2567-4f2d-bf09-08fa72f124e22 8 Bäø˜ç b<
"kubernetes.io/service-account.namereplication-controllerbI
!kubernetes.io/service-account.uid$443a6967-103c-42ab-883f-5de42a2c166az äá
kube-controller-managerUpdatev1"äø˜ç 2FieldsV1:…
∆{"f:data":{".":{},"f:ca.crt":{},"f:namespace":{},"f:token":{}},"f:metadata":{"f:annotations":{".":{},"f:kubernetes.io/service-account.name":{},"f:kubernetes.io/service-account.uid":{}}},"f:type":{}}B ÷
ca.crtÀ-----BEGIN CERTIFICATE-----
MIIC/jCCAeagAwIBAgIBADANBgkqhkiG9w0BAQsFADAVMRMwEQYDVQQDEwprdWJl
cm5ldGVzMB4XDTIxMTIxODEzMTczOFoXDTMxMTIxNjEzMTczOFowFTETMBEGA1UE
AxMKa3ViZXJuZXRlczCCASIwDQYJKoZIhvcNAQEBBQADggEPADCCAQoCggEBAM9R
0owTD9X/+rGCsiDxBBlr1/sCiB54r16qrsbWC3iI0uyhHOnRcMu0Bb4dhoEgHpHr
z55dwifJIPKZhLNXBLGQMm9XXSHsDyrBT+IF3VOjWddcDTJe+mtaNGtbnrtGCrU0
630uEIgVyAKYNNvJ6kyzDFebYxXqQJncx12268USQ0pT0ndKbl5Yiv7T3P/iXMkg
NIlW1hRLsu5nBzwuDCe71gZIasmgdYmmLtx/jGPusnFTnLqBO8UFL5fmbGxJGiKs
C5t4TfSPHjHoZPLzTXcHSwboxQ6Dwn2v3ZgCr+OCVwVcwdqfIhVBHSNSJOG9g3sf
oil4LZY6Jc2ldow2ufECAwEAAaNZMFcwDgYDVR0PAQH/BAQDAgKkMA8GA1UdEwEB
/wQFMAMBAf8wHQYDVR0OBBYEFAnlC1O9RHp0hqvoZNikEbo1UGcQMBUGA1UdEQQO
MAyCCmt1YmVybmV0ZXMwDQYJKoZIhvcNAQELBQADggEBAE0gYbzoVHg6KoVMIzoX
kFVBeU1yTy1HEIx4ETdO5OgvD8VQ9kabrERrGSt3faeMz6Jvk95HaYeeLaOT4Byw
3/jtzvcbQQsc/ODb2vk9QzpHjTDJVpTLhJfyTSQekEVlwCE07tB+pb8eQYhopyTf
noh7WEvKpqIzCUfzC+ZsyiIwr5MkAK7kjjF3rq4F2dp1M+J1cMNHiw7Lvw5US2Su
ABR0SNxpdEkezUHPJfzSFXi1aSzxjtbge5W5NGCWRHEInzJvVDYjk5U/7NAOeArL
U7Qsj18WPM88UrDKCLPkDr6fGfqN+6qC06DtPClrQW7VKy3bsKgl+T8F7L3bT0Nf
eAY=
-----END CERTIFICATE-----

	namespacekube-system‘
token eyJhbGciOiJSUzI1NiIsImtpZCI6ImJkRG45SXJtVWdkc1BpLUF2NnpYODJFSVBKNzhFRE5TRDhmNVZ0bmtndTAifQ.eyJpc3MiOiJrdWJlcm5ldGVzL3NlcnZpY2VhY2NvdW50Iiwia3ViZXJuZXRlcy5pby9zZXJ2aWNlYWNjb3VudC9uYW1lc3BhY2UiOiJrdWJlLXN5c3RlbSIsImt1YmVybmV0ZXMuaW8vc2VydmljZWFjY291bnQvc2VjcmV0Lm5hbWUiOiJyZXBsaWNhdGlvbi1jb250cm9sbGVyLXRva2VuLWRycHh6Iiwia3ViZXJuZXRlcy5pby9zZXJ2aWNlYWNjb3VudC9zZXJ2aWNlLWFjY291bnQubmFtZSI6InJlcGxpY2F0aW9uLWNvbnRyb2xsZXIiLCJrdWJlcm5ldGVzLmlvL3NlcnZpY2VhY2NvdW50L3NlcnZpY2UtYWNjb3VudC51aWQiOiI0NDNhNjk2Ny0xMDNjLTQyYWItODgzZi01ZGU0MmEyYzE2NmEiLCJzdWIiOiJzeXN0ZW06c2VydmljZWFjY291bnQ6a3ViZS1zeXN0ZW06cmVwbGljYXRpb24tY29udHJvbGxlciJ9.X9zLcWYfBepP__SoIbAANdu_MUCy1O7CAXQviLcR0JNV21161p3XGJwtNEtsfdp_kIoPFxxe_aommG3D0WxLox7mEeRZjb_n05tLWprK5eU8Sy2JgbxK8Y9W_JS9Yk4hwUEw1fDumSbs4tXJwmALQ8yPEA6BVxIedkRNIJBYBs8F3MeHcOUX2pKJiM-HuuKSRBJqQVn6ms5bgz5YijvmuEKcWYd3TGaq6QG20Uw21BwKu9hgBxUQkxweSU62SNFYMGvfC-F3rBcJi_Xyx6QOrVsFSm6yb-fW09AsrEw_wLHEuZhFoc7L3XC4-aqaQ9mlqAin-02mHAiTXmL3Rz2krg#kubernetes.io/service-account-token " 
/registry/secrets/kube-system/resourcequota-controller-token-b4bcj
k8s 

v1Secret˝
É
$resourcequota-controller-token-b4bcj kube-system" *$89b2ede2-ddb7-4e74-a96a-8fd0ac388b5c2 8 Båø˜ç b>
"kubernetes.io/service-account.nameresourcequota-controllerbI
!kubernetes.io/service-account.uid$e73b24e7-5b81-4ad8-9ec3-8d5d7011735dz äá
kube-controller-managerUpdatev1"åø˜ç 2FieldsV1:…
∆{"f:data":{".":{},"f:ca.crt":{},"f:namespace":{},"f:token":{}},"f:metadata":{"f:annotations":{".":{},"f:kubernetes.io/service-account.name":{},"f:kubernetes.io/service-account.uid":{}}},"f:type":{}}B ÷
ca.crtÀ-----BEGIN CERTIFICATE-----
MIIC/jCCAeagAwIBAgIBADANBgkqhkiG9w0BAQsFADAVMRMwEQYDVQQDEwprdWJl
cm5ldGVzMB4XDTIxMTIxODEzMTczOFoXDTMxMTIxNjEzMTczOFowFTETMBEGA1UE
AxMKa3ViZXJuZXRlczCCASIwDQYJKoZIhvcNAQEBBQADggEPADCCAQoCggEBAM9R
0owTD9X/+rGCsiDxBBlr1/sCiB54r16qrsbWC3iI0uyhHOnRcMu0Bb4dhoEgHpHr
z55dwifJIPKZhLNXBLGQMm9XXSHsDyrBT+IF3VOjWddcDTJe+mtaNGtbnrtGCrU0
630uEIgVyAKYNNvJ6kyzDFebYxXqQJncx12268USQ0pT0ndKbl5Yiv7T3P/iXMkg
NIlW1hRLsu5nBzwuDCe71gZIasmgdYmmLtx/jGPusnFTnLqBO8UFL5fmbGxJGiKs
C5t4TfSPHjHoZPLzTXcHSwboxQ6Dwn2v3ZgCr+OCVwVcwdqfIhVBHSNSJOG9g3sf
oil4LZY6Jc2ldow2ufECAwEAAaNZMFcwDgYDVR0PAQH/BAQDAgKkMA8GA1UdEwEB
/wQFMAMBAf8wHQYDVR0OBBYEFAnlC1O9RHp0hqvoZNikEbo1UGcQMBUGA1UdEQQO
MAyCCmt1YmVybmV0ZXMwDQYJKoZIhvcNAQELBQADggEBAE0gYbzoVHg6KoVMIzoX
kFVBeU1yTy1HEIx4ETdO5OgvD8VQ9kabrERrGSt3faeMz6Jvk95HaYeeLaOT4Byw
3/jtzvcbQQsc/ODb2vk9QzpHjTDJVpTLhJfyTSQekEVlwCE07tB+pb8eQYhopyTf
noh7WEvKpqIzCUfzC+ZsyiIwr5MkAK7kjjF3rq4F2dp1M+J1cMNHiw7Lvw5US2Su
ABR0SNxpdEkezUHPJfzSFXi1aSzxjtbge5W5NGCWRHEInzJvVDYjk5U/7NAOeArL
U7Qsj18WPM88UrDKCLPkDr6fGfqN+6qC06DtPClrQW7VKy3bsKgl+T8F7L3bT0Nf
eAY=
-----END CERTIFICATE-----

	namespacekube-system‹
token“eyJhbGciOiJSUzI1NiIsImtpZCI6ImJkRG45SXJtVWdkc1BpLUF2NnpYODJFSVBKNzhFRE5TRDhmNVZ0bmtndTAifQ.eyJpc3MiOiJrdWJlcm5ldGVzL3NlcnZpY2VhY2NvdW50Iiwia3ViZXJuZXRlcy5pby9zZXJ2aWNlYWNjb3VudC9uYW1lc3BhY2UiOiJrdWJlLXN5c3RlbSIsImt1YmVybmV0ZXMuaW8vc2VydmljZWFjY291bnQvc2VjcmV0Lm5hbWUiOiJyZXNvdXJjZXF1b3RhLWNvbnRyb2xsZXItdG9rZW4tYjRiY2oiLCJrdWJlcm5ldGVzLmlvL3NlcnZpY2VhY2NvdW50L3NlcnZpY2UtYWNjb3VudC5uYW1lIjoicmVzb3VyY2VxdW90YS1jb250cm9sbGVyIiwia3ViZXJuZXRlcy5pby9zZXJ2aWNlYWNjb3VudC9zZXJ2aWNlLWFjY291bnQudWlkIjoiZTczYjI0ZTctNWI4MS00YWQ4LTllYzMtOGQ1ZDcwMTE3MzVkIiwic3ViIjoic3lzdGVtOnNlcnZpY2VhY2NvdW50Omt1YmUtc3lzdGVtOnJlc291cmNlcXVvdGEtY29udHJvbGxlciJ9.CEzzdQZBWhmrbzg7RhQPYaJOW_ffhtGEZ5Xe3GSaNQLz9Xow82KpN4CTqeu6uY66-XHeE7RRBP2BS-xQL5xlt4bZ0uIPpurDhzoQiK6EBaY_GU-oq0qfSePDFLsKSXnumNOytwToABceSQ-1ohRd7s6rT2J18V3sQUb2cwaVTUh4vN3RBHBXNSy9JQQuoEPos8Ju3WSVcPFgH-URITJP5JpFQl_l3Mc3_y-WIzngDvJX_wzhh4LMDm_YAewdgEjM7Y0WbT_Uf_57mCDPMz3FtYzEW8vpr1PaldFSqon-EvYLIIowNgHzD3n1LvvLcxNXkR6478Tiyo-UWV-9Tikyaw#kubernetes.io/service-account-token " 
/registry/secrets/kube-system/root-ca-cert-publisher-token-vw2qb
k8s 

v1SecretÒ
ˇ
"root-ca-cert-publisher-token-vw2qb kube-system" *$39f22c99-3a89-455a-b57d-945e5d557df62 8 Bãø˜ç b<
"kubernetes.io/service-account.nameroot-ca-cert-publisherbI
!kubernetes.io/service-account.uid$4117849b-3d7b-4a52-8d0c-db945dcf55ecz äá
kube-controller-managerUpdatev1"ãø˜ç 2FieldsV1:…
∆{"f:data":{".":{},"f:ca.crt":{},"f:namespace":{},"f:token":{}},"f:metadata":{"f:annotations":{".":{},"f:kubernetes.io/service-account.name":{},"f:kubernetes.io/service-account.uid":{}}},"f:type":{}}B ÷
ca.crtÀ-----BEGIN CERTIFICATE-----
MIIC/jCCAeagAwIBAgIBADANBgkqhkiG9w0BAQsFADAVMRMwEQYDVQQDEwprdWJl
cm5ldGVzMB4XDTIxMTIxODEzMTczOFoXDTMxMTIxNjEzMTczOFowFTETMBEGA1UE
AxMKa3ViZXJuZXRlczCCASIwDQYJKoZIhvcNAQEBBQADggEPADCCAQoCggEBAM9R
0owTD9X/+rGCsiDxBBlr1/sCiB54r16qrsbWC3iI0uyhHOnRcMu0Bb4dhoEgHpHr
z55dwifJIPKZhLNXBLGQMm9XXSHsDyrBT+IF3VOjWddcDTJe+mtaNGtbnrtGCrU0
630uEIgVyAKYNNvJ6kyzDFebYxXqQJncx12268USQ0pT0ndKbl5Yiv7T3P/iXMkg
NIlW1hRLsu5nBzwuDCe71gZIasmgdYmmLtx/jGPusnFTnLqBO8UFL5fmbGxJGiKs
C5t4TfSPHjHoZPLzTXcHSwboxQ6Dwn2v3ZgCr+OCVwVcwdqfIhVBHSNSJOG9g3sf
oil4LZY6Jc2ldow2ufECAwEAAaNZMFcwDgYDVR0PAQH/BAQDAgKkMA8GA1UdEwEB
/wQFMAMBAf8wHQYDVR0OBBYEFAnlC1O9RHp0hqvoZNikEbo1UGcQMBUGA1UdEQQO
MAyCCmt1YmVybmV0ZXMwDQYJKoZIhvcNAQELBQADggEBAE0gYbzoVHg6KoVMIzoX
kFVBeU1yTy1HEIx4ETdO5OgvD8VQ9kabrERrGSt3faeMz6Jvk95HaYeeLaOT4Byw
3/jtzvcbQQsc/ODb2vk9QzpHjTDJVpTLhJfyTSQekEVlwCE07tB+pb8eQYhopyTf
noh7WEvKpqIzCUfzC+ZsyiIwr5MkAK7kjjF3rq4F2dp1M+J1cMNHiw7Lvw5US2Su
ABR0SNxpdEkezUHPJfzSFXi1aSzxjtbge5W5NGCWRHEInzJvVDYjk5U/7NAOeArL
U7Qsj18WPM88UrDKCLPkDr6fGfqN+6qC06DtPClrQW7VKy3bsKgl+T8F7L3bT0Nf
eAY=
-----END CERTIFICATE-----

	namespacekube-system‘
token eyJhbGciOiJSUzI1NiIsImtpZCI6ImJkRG45SXJtVWdkc1BpLUF2NnpYODJFSVBKNzhFRE5TRDhmNVZ0bmtndTAifQ.eyJpc3MiOiJrdWJlcm5ldGVzL3NlcnZpY2VhY2NvdW50Iiwia3ViZXJuZXRlcy5pby9zZXJ2aWNlYWNjb3VudC9uYW1lc3BhY2UiOiJrdWJlLXN5c3RlbSIsImt1YmVybmV0ZXMuaW8vc2VydmljZWFjY291bnQvc2VjcmV0Lm5hbWUiOiJyb290LWNhLWNlcnQtcHVibGlzaGVyLXRva2VuLXZ3MnFiIiwia3ViZXJuZXRlcy5pby9zZXJ2aWNlYWNjb3VudC9zZXJ2aWNlLWFjY291bnQubmFtZSI6InJvb3QtY2EtY2VydC1wdWJsaXNoZXIiLCJrdWJlcm5ldGVzLmlvL3NlcnZpY2VhY2NvdW50L3NlcnZpY2UtYWNjb3VudC51aWQiOiI0MTE3ODQ5Yi0zZDdiLTRhNTItOGQwYy1kYjk0NWRjZjU1ZWMiLCJzdWIiOiJzeXN0ZW06c2VydmljZWFjY291bnQ6a3ViZS1zeXN0ZW06cm9vdC1jYS1jZXJ0LXB1Ymxpc2hlciJ9.MPOOWEVKf1uFRm29J7nipXQ6hRtnMlIAR8-t17G2XbshqR5c4YyVox7fNLuYNRfEFPa1eaUWnkJY1yeN2eCSmTber4s-rK_GEax_6kG62w6K-ooygmNsDdBCQAk57gXjEn9KudKflEvEFTMvgl2qhY9iVpEWXQdMueEm3TnE8el3YZFRQ0EX2BK7cH3hZpkiSU2pid1sSnLtbY4-1S9V0_xsOTw6W9amoM0shf1A-JW94VcHls8xO5AhnhJCTpKkk8ykZlJIRgYivwAP4cIgvBGILwkooabLe-ucTSaG1G04aLxP0UKTKFIVo0V0EtA3BbJ23GZ2j_Y-qqfpa9If3g#kubernetes.io/service-account-token " 
/registry/secrets/kube-system/service-account-controller-token-9wqqs
k8s 

v1Secretâ
á
&service-account-controller-token-9wqqs kube-system" *$048f34c2-2108-4547-91f7-cc980ce642242 8 Bäø˜ç b@
"kubernetes.io/service-account.nameservice-account-controllerbI
!kubernetes.io/service-account.uid$00a5652d-f8e1-4f95-a383-aa0d8e446c05z äá
kube-controller-managerUpdatev1"äø˜ç 2FieldsV1:…
∆{"f:data":{".":{},"f:ca.crt":{},"f:namespace":{},"f:token":{}},"f:metadata":{"f:annotations":{".":{},"f:kubernetes.io/service-account.name":{},"f:kubernetes.io/service-account.uid":{}}},"f:type":{}}B ÷
ca.crtÀ-----BEGIN CERTIFICATE-----
MIIC/jCCAeagAwIBAgIBADANBgkqhkiG9w0BAQsFADAVMRMwEQYDVQQDEwprdWJl
cm5ldGVzMB4XDTIxMTIxODEzMTczOFoXDTMxMTIxNjEzMTczOFowFTETMBEGA1UE
AxMKa3ViZXJuZXRlczCCASIwDQYJKoZIhvcNAQEBBQADggEPADCCAQoCggEBAM9R
0owTD9X/+rGCsiDxBBlr1/sCiB54r16qrsbWC3iI0uyhHOnRcMu0Bb4dhoEgHpHr
z55dwifJIPKZhLNXBLGQMm9XXSHsDyrBT+IF3VOjWddcDTJe+mtaNGtbnrtGCrU0
630uEIgVyAKYNNvJ6kyzDFebYxXqQJncx12268USQ0pT0ndKbl5Yiv7T3P/iXMkg
NIlW1hRLsu5nBzwuDCe71gZIasmgdYmmLtx/jGPusnFTnLqBO8UFL5fmbGxJGiKs
C5t4TfSPHjHoZPLzTXcHSwboxQ6Dwn2v3ZgCr+OCVwVcwdqfIhVBHSNSJOG9g3sf
oil4LZY6Jc2ldow2ufECAwEAAaNZMFcwDgYDVR0PAQH/BAQDAgKkMA8GA1UdEwEB
/wQFMAMBAf8wHQYDVR0OBBYEFAnlC1O9RHp0hqvoZNikEbo1UGcQMBUGA1UdEQQO
MAyCCmt1YmVybmV0ZXMwDQYJKoZIhvcNAQELBQADggEBAE0gYbzoVHg6KoVMIzoX
kFVBeU1yTy1HEIx4ETdO5OgvD8VQ9kabrERrGSt3faeMz6Jvk95HaYeeLaOT4Byw
3/jtzvcbQQsc/ODb2vk9QzpHjTDJVpTLhJfyTSQekEVlwCE07tB+pb8eQYhopyTf
noh7WEvKpqIzCUfzC+ZsyiIwr5MkAK7kjjF3rq4F2dp1M+J1cMNHiw7Lvw5US2Su
ABR0SNxpdEkezUHPJfzSFXi1aSzxjtbge5W5NGCWRHEInzJvVDYjk5U/7NAOeArL
U7Qsj18WPM88UrDKCLPkDr6fGfqN+6qC06DtPClrQW7VKy3bsKgl+T8F7L3bT0Nf
eAY=
-----END CERTIFICATE-----

	namespacekube-system‰
token⁄eyJhbGciOiJSUzI1NiIsImtpZCI6ImJkRG45SXJtVWdkc1BpLUF2NnpYODJFSVBKNzhFRE5TRDhmNVZ0bmtndTAifQ.eyJpc3MiOiJrdWJlcm5ldGVzL3NlcnZpY2VhY2NvdW50Iiwia3ViZXJuZXRlcy5pby9zZXJ2aWNlYWNjb3VudC9uYW1lc3BhY2UiOiJrdWJlLXN5c3RlbSIsImt1YmVybmV0ZXMuaW8vc2VydmljZWFjY291bnQvc2VjcmV0Lm5hbWUiOiJzZXJ2aWNlLWFjY291bnQtY29udHJvbGxlci10b2tlbi05d3FxcyIsImt1YmVybmV0ZXMuaW8vc2VydmljZWFjY291bnQvc2VydmljZS1hY2NvdW50Lm5hbWUiOiJzZXJ2aWNlLWFjY291bnQtY29udHJvbGxlciIsImt1YmVybmV0ZXMuaW8vc2VydmljZWFjY291bnQvc2VydmljZS1hY2NvdW50LnVpZCI6IjAwYTU2NTJkLWY4ZTEtNGY5NS1hMzgzLWFhMGQ4ZTQ0NmMwNSIsInN1YiI6InN5c3RlbTpzZXJ2aWNlYWNjb3VudDprdWJlLXN5c3RlbTpzZXJ2aWNlLWFjY291bnQtY29udHJvbGxlciJ9.HifFFuiOnDyjtBXvOmHDVfdpyxlDnvw_wDk-3DPk5gZGvb_Ub22LwVARw9oy9PgNsJtOYuIYTHcNSBcsBAqd9ZpsMaF2IdfUdawKa12jlyfA_UuCxIqsNUBt0qXJqV8gG3AJbRaHtZjuI4Wt3kRA2Wn3c02uHxxRgtc32Yf8h2RU9LKYe2asgeAaDYcIsxYKnXWX-S3RukEpB5bPY0MyeVSPRRmoyNSaRWope6wF_TKSeUACwjpX0w2UwPAyMBkbuVvY_yrISAsb5z010ENdVczigfokcZUHvRhSRkcOFGWDw44tn9Ml-LYfGUSKNRCNQfSB8mX3mRigi4MCKuEPwQ#kubernetes.io/service-account-token " 
/registry/secrets/kube-system/service-controller-token-87gt5
k8s 

v1SecretŸ
˜
service-controller-token-87gt5 kube-system" *$78da707f-046e-4cbf-bd1a-e47cb698b65b2 8 Båø˜ç b8
"kubernetes.io/service-account.nameservice-controllerbI
!kubernetes.io/service-account.uid$da9142f1-d791-4385-8d6d-8c3ff8701ac0z äá
kube-controller-managerUpdatev1"åø˜ç 2FieldsV1:…
∆{"f:data":{".":{},"f:ca.crt":{},"f:namespace":{},"f:token":{}},"f:metadata":{"f:annotations":{".":{},"f:kubernetes.io/service-account.name":{},"f:kubernetes.io/service-account.uid":{}}},"f:type":{}}B ÷
ca.crtÀ-----BEGIN CERTIFICATE-----
MIIC/jCCAeagAwIBAgIBADANBgkqhkiG9w0BAQsFADAVMRMwEQYDVQQDEwprdWJl
cm5ldGVzMB4XDTIxMTIxODEzMTczOFoXDTMxMTIxNjEzMTczOFowFTETMBEGA1UE
AxMKa3ViZXJuZXRlczCCASIwDQYJKoZIhvcNAQEBBQADggEPADCCAQoCggEBAM9R
0owTD9X/+rGCsiDxBBlr1/sCiB54r16qrsbWC3iI0uyhHOnRcMu0Bb4dhoEgHpHr
z55dwifJIPKZhLNXBLGQMm9XXSHsDyrBT+IF3VOjWddcDTJe+mtaNGtbnrtGCrU0
630uEIgVyAKYNNvJ6kyzDFebYxXqQJncx12268USQ0pT0ndKbl5Yiv7T3P/iXMkg
NIlW1hRLsu5nBzwuDCe71gZIasmgdYmmLtx/jGPusnFTnLqBO8UFL5fmbGxJGiKs
C5t4TfSPHjHoZPLzTXcHSwboxQ6Dwn2v3ZgCr+OCVwVcwdqfIhVBHSNSJOG9g3sf
oil4LZY6Jc2ldow2ufECAwEAAaNZMFcwDgYDVR0PAQH/BAQDAgKkMA8GA1UdEwEB
/wQFMAMBAf8wHQYDVR0OBBYEFAnlC1O9RHp0hqvoZNikEbo1UGcQMBUGA1UdEQQO
MAyCCmt1YmVybmV0ZXMwDQYJKoZIhvcNAQELBQADggEBAE0gYbzoVHg6KoVMIzoX
kFVBeU1yTy1HEIx4ETdO5OgvD8VQ9kabrERrGSt3faeMz6Jvk95HaYeeLaOT4Byw
3/jtzvcbQQsc/ODb2vk9QzpHjTDJVpTLhJfyTSQekEVlwCE07tB+pb8eQYhopyTf
noh7WEvKpqIzCUfzC+ZsyiIwr5MkAK7kjjF3rq4F2dp1M+J1cMNHiw7Lvw5US2Su
ABR0SNxpdEkezUHPJfzSFXi1aSzxjtbge5W5NGCWRHEInzJvVDYjk5U/7NAOeArL
U7Qsj18WPM88UrDKCLPkDr6fGfqN+6qC06DtPClrQW7VKy3bsKgl+T8F7L3bT0Nf
eAY=
-----END CERTIFICATE-----

	namespacekube-systemƒ
token∫eyJhbGciOiJSUzI1NiIsImtpZCI6ImJkRG45SXJtVWdkc1BpLUF2NnpYODJFSVBKNzhFRE5TRDhmNVZ0bmtndTAifQ.eyJpc3MiOiJrdWJlcm5ldGVzL3NlcnZpY2VhY2NvdW50Iiwia3ViZXJuZXRlcy5pby9zZXJ2aWNlYWNjb3VudC9uYW1lc3BhY2UiOiJrdWJlLXN5c3RlbSIsImt1YmVybmV0ZXMuaW8vc2VydmljZWFjY291bnQvc2VjcmV0Lm5hbWUiOiJzZXJ2aWNlLWNvbnRyb2xsZXItdG9rZW4tODdndDUiLCJrdWJlcm5ldGVzLmlvL3NlcnZpY2VhY2NvdW50L3NlcnZpY2UtYWNjb3VudC5uYW1lIjoic2VydmljZS1jb250cm9sbGVyIiwia3ViZXJuZXRlcy5pby9zZXJ2aWNlYWNjb3VudC9zZXJ2aWNlLWFjY291bnQudWlkIjoiZGE5MTQyZjEtZDc5MS00Mzg1LThkNmQtOGMzZmY4NzAxYWMwIiwic3ViIjoic3lzdGVtOnNlcnZpY2VhY2NvdW50Omt1YmUtc3lzdGVtOnNlcnZpY2UtY29udHJvbGxlciJ9.W1qL2IV2zftegNZI8FYYdwrHUk6k2G30gPJ_RyRdcKXGjoNXx1f3VgMWsvDZmCrHhw-EfL12pxoo2mXCTkTkFLQUDwkZEj_P5i7X4o2ReR54LxIZ4jTNxAwcSwLPt2MmW61yzYpf5GCQJMFWCDrI6pwQef2ASuX8KhENxNBSa3HQPCh2tFVkfWz0Hoz7U79z9eYa17O6WkAf247uVbbdVCHg-kslZTP8fo7hAUaLkvuTfi22fQg2rID88u8mQp9oA12aEA7w4FHWaL-9-8X32lw7GOCJQPvs_oz2Bj4jm8QMKPPrcVjyeEqaWdWCXbn5YKqLZzchQxv1Kr1BTfqEEg#kubernetes.io/service-account-token " 
/registry/secrets/kube-system/statefulset-controller-token-q5rbq
k8s 

v1SecretÒ
ˇ
"statefulset-controller-token-q5rbq kube-system" *$282a4ddb-feea-4b3d-9719-cadcd270df142 8 Bãø˜ç b<
"kubernetes.io/service-account.namestatefulset-controllerbI
!kubernetes.io/service-account.uid$12e3e0a1-2d0d-4725-b6a4-13b06ec8064bz äá
kube-controller-managerUpdatev1"ãø˜ç 2FieldsV1:…
∆{"f:data":{".":{},"f:ca.crt":{},"f:namespace":{},"f:token":{}},"f:metadata":{"f:annotations":{".":{},"f:kubernetes.io/service-account.name":{},"f:kubernetes.io/service-account.uid":{}}},"f:type":{}}B ÷
ca.crtÀ-----BEGIN CERTIFICATE-----
MIIC/jCCAeagAwIBAgIBADANBgkqhkiG9w0BAQsFADAVMRMwEQYDVQQDEwprdWJl
cm5ldGVzMB4XDTIxMTIxODEzMTczOFoXDTMxMTIxNjEzMTczOFowFTETMBEGA1UE
AxMKa3ViZXJuZXRlczCCASIwDQYJKoZIhvcNAQEBBQADggEPADCCAQoCggEBAM9R
0owTD9X/+rGCsiDxBBlr1/sCiB54r16qrsbWC3iI0uyhHOnRcMu0Bb4dhoEgHpHr
z55dwifJIPKZhLNXBLGQMm9XXSHsDyrBT+IF3VOjWddcDTJe+mtaNGtbnrtGCrU0
630uEIgVyAKYNNvJ6kyzDFebYxXqQJncx12268USQ0pT0ndKbl5Yiv7T3P/iXMkg
NIlW1hRLsu5nBzwuDCe71gZIasmgdYmmLtx/jGPusnFTnLqBO8UFL5fmbGxJGiKs
C5t4TfSPHjHoZPLzTXcHSwboxQ6Dwn2v3ZgCr+OCVwVcwdqfIhVBHSNSJOG9g3sf
oil4LZY6Jc2ldow2ufECAwEAAaNZMFcwDgYDVR0PAQH/BAQDAgKkMA8GA1UdEwEB
/wQFMAMBAf8wHQYDVR0OBBYEFAnlC1O9RHp0hqvoZNikEbo1UGcQMBUGA1UdEQQO
MAyCCmt1YmVybmV0ZXMwDQYJKoZIhvcNAQELBQADggEBAE0gYbzoVHg6KoVMIzoX
kFVBeU1yTy1HEIx4ETdO5OgvD8VQ9kabrERrGSt3faeMz6Jvk95HaYeeLaOT4Byw
3/jtzvcbQQsc/ODb2vk9QzpHjTDJVpTLhJfyTSQekEVlwCE07tB+pb8eQYhopyTf
noh7WEvKpqIzCUfzC+ZsyiIwr5MkAK7kjjF3rq4F2dp1M+J1cMNHiw7Lvw5US2Su
ABR0SNxpdEkezUHPJfzSFXi1aSzxjtbge5W5NGCWRHEInzJvVDYjk5U/7NAOeArL
U7Qsj18WPM88UrDKCLPkDr6fGfqN+6qC06DtPClrQW7VKy3bsKgl+T8F7L3bT0Nf
eAY=
-----END CERTIFICATE-----

	namespacekube-system‘
token eyJhbGciOiJSUzI1NiIsImtpZCI6ImJkRG45SXJtVWdkc1BpLUF2NnpYODJFSVBKNzhFRE5TRDhmNVZ0bmtndTAifQ.eyJpc3MiOiJrdWJlcm5ldGVzL3NlcnZpY2VhY2NvdW50Iiwia3ViZXJuZXRlcy5pby9zZXJ2aWNlYWNjb3VudC9uYW1lc3BhY2UiOiJrdWJlLXN5c3RlbSIsImt1YmVybmV0ZXMuaW8vc2VydmljZWFjY291bnQvc2VjcmV0Lm5hbWUiOiJzdGF0ZWZ1bHNldC1jb250cm9sbGVyLXRva2VuLXE1cmJxIiwia3ViZXJuZXRlcy5pby9zZXJ2aWNlYWNjb3VudC9zZXJ2aWNlLWFjY291bnQubmFtZSI6InN0YXRlZnVsc2V0LWNvbnRyb2xsZXIiLCJrdWJlcm5ldGVzLmlvL3NlcnZpY2VhY2NvdW50L3NlcnZpY2UtYWNjb3VudC51aWQiOiIxMmUzZTBhMS0yZDBkLTQ3MjUtYjZhNC0xM2IwNmVjODA2NGIiLCJzdWIiOiJzeXN0ZW06c2VydmljZWFjY291bnQ6a3ViZS1zeXN0ZW06c3RhdGVmdWxzZXQtY29udHJvbGxlciJ9.h8gur26SFXTf4I7mpk-5jEYVmtAdu984nkNb03e9kfslj0rkqlfs_d7LBrHOUQiVuX_KoIiExZ2dCHznECOK40X6l4d7GpdxmBpB0uxTQXT6umeXwhR6u6-MeziMB7_6fK1xZuu5F5bLC-X1fgB0YPyICLxctcPXkTL-wS1MwEm2-ZWB6fYnEmmqA9xz6FtNMKmGx4-RRWq05D_kE1l_66RTxie8fDd0SO2WjifYgHCFdQdSNAVWoLbgLwIGDLy0L0o7r1AL3Xd7pzHP6C9GJOBXFEVF544yKZb6RcH4YR-_nqs04g2Fn1bS9b0WFcSs-gjs_qVVotv9iiTIJbsQpQ#kubernetes.io/service-account-token " 
/registry/secrets/kube-system/token-cleaner-token-d95h6
k8s 

v1Secretª
Ì
token-cleaner-token-d95h6 kube-system" *$2f421063-5ad1-448f-9f60-3625886a892e2 8 Bˇæ˜ç b3
"kubernetes.io/service-account.nametoken-cleanerbI
!kubernetes.io/service-account.uid$3075f965-6929-4ba3-bc5b-69d393f89512z äá
kube-controller-managerUpdatev1"ˇæ˜ç 2FieldsV1:…
∆{"f:data":{".":{},"f:ca.crt":{},"f:namespace":{},"f:token":{}},"f:metadata":{"f:annotations":{".":{},"f:kubernetes.io/service-account.name":{},"f:kubernetes.io/service-account.uid":{}}},"f:type":{}}B ÷
ca.crtÀ-----BEGIN CERTIFICATE-----
MIIC/jCCAeagAwIBAgIBADANBgkqhkiG9w0BAQsFADAVMRMwEQYDVQQDEwprdWJl
cm5ldGVzMB4XDTIxMTIxODEzMTczOFoXDTMxMTIxNjEzMTczOFowFTETMBEGA1UE
AxMKa3ViZXJuZXRlczCCASIwDQYJKoZIhvcNAQEBBQADggEPADCCAQoCggEBAM9R
0owTD9X/+rGCsiDxBBlr1/sCiB54r16qrsbWC3iI0uyhHOnRcMu0Bb4dhoEgHpHr
z55dwifJIPKZhLNXBLGQMm9XXSHsDyrBT+IF3VOjWddcDTJe+mtaNGtbnrtGCrU0
630uEIgVyAKYNNvJ6kyzDFebYxXqQJncx12268USQ0pT0ndKbl5Yiv7T3P/iXMkg
NIlW1hRLsu5nBzwuDCe71gZIasmgdYmmLtx/jGPusnFTnLqBO8UFL5fmbGxJGiKs
C5t4TfSPHjHoZPLzTXcHSwboxQ6Dwn2v3ZgCr+OCVwVcwdqfIhVBHSNSJOG9g3sf
oil4LZY6Jc2ldow2ufECAwEAAaNZMFcwDgYDVR0PAQH/BAQDAgKkMA8GA1UdEwEB
/wQFMAMBAf8wHQYDVR0OBBYEFAnlC1O9RHp0hqvoZNikEbo1UGcQMBUGA1UdEQQO
MAyCCmt1YmVybmV0ZXMwDQYJKoZIhvcNAQELBQADggEBAE0gYbzoVHg6KoVMIzoX
kFVBeU1yTy1HEIx4ETdO5OgvD8VQ9kabrERrGSt3faeMz6Jvk95HaYeeLaOT4Byw
3/jtzvcbQQsc/ODb2vk9QzpHjTDJVpTLhJfyTSQekEVlwCE07tB+pb8eQYhopyTf
noh7WEvKpqIzCUfzC+ZsyiIwr5MkAK7kjjF3rq4F2dp1M+J1cMNHiw7Lvw5US2Su
ABR0SNxpdEkezUHPJfzSFXi1aSzxjtbge5W5NGCWRHEInzJvVDYjk5U/7NAOeArL
U7Qsj18WPM88UrDKCLPkDr6fGfqN+6qC06DtPClrQW7VKy3bsKgl+T8F7L3bT0Nf
eAY=
-----END CERTIFICATE-----

	namespacekube-system∞
token¶eyJhbGciOiJSUzI1NiIsImtpZCI6ImJkRG45SXJtVWdkc1BpLUF2NnpYODJFSVBKNzhFRE5TRDhmNVZ0bmtndTAifQ.eyJpc3MiOiJrdWJlcm5ldGVzL3NlcnZpY2VhY2NvdW50Iiwia3ViZXJuZXRlcy5pby9zZXJ2aWNlYWNjb3VudC9uYW1lc3BhY2UiOiJrdWJlLXN5c3RlbSIsImt1YmVybmV0ZXMuaW8vc2VydmljZWFjY291bnQvc2VjcmV0Lm5hbWUiOiJ0b2tlbi1jbGVhbmVyLXRva2VuLWQ5NWg2Iiwia3ViZXJuZXRlcy5pby9zZXJ2aWNlYWNjb3VudC9zZXJ2aWNlLWFjY291bnQubmFtZSI6InRva2VuLWNsZWFuZXIiLCJrdWJlcm5ldGVzLmlvL3NlcnZpY2VhY2NvdW50L3NlcnZpY2UtYWNjb3VudC51aWQiOiIzMDc1Zjk2NS02OTI5LTRiYTMtYmM1Yi02OWQzOTNmODk1MTIiLCJzdWIiOiJzeXN0ZW06c2VydmljZWFjY291bnQ6a3ViZS1zeXN0ZW06dG9rZW4tY2xlYW5lciJ9.hH4krJwCM-8N0vk0fcyxSg79gknxPsf9LbN_qI9oDMZ-G1brvqGJq5nDoJndUGu-gHRslB0xFOO8-AozBD6vVq5pZ93ChhqPh76pFxuAi2TonxeJlzQvE2lCXJa6cU3WQKPf72CARJrbYVuUwIsMTdMulL9YCcZy7WwFuj7YETHqZdcPFnwcBIR08EYYTiP8wnO1stAsWojqwYGgrzFXBH8mG7Os_jHEcgXB0VM6X6wFjIYpovvinMwTTDMr1IbG74Tbsl_zvl6tqBuF9QQvL9grV1LbTKZuy1d8q60jUgI59LnRnzmPL_KFdyyuLXMDhmgKCORT84ZiUi7llYaGOA#kubernetes.io/service-account-token " 
/registry/secrets/kube-system/ttl-after-finished-controller-token-gzksj
k8s 

v1Secretõ
ç
)ttl-after-finished-controller-token-gzksj kube-system" *$33651909-55aa-4b58-b211-02b2e10f229e2 8 Bãø˜ç bC
"kubernetes.io/service-account.namettl-after-finished-controllerbI
!kubernetes.io/service-account.uid$0b039cb5-b301-432f-a284-ad3120f7734cz äá
kube-controller-managerUpdatev1"ãø˜ç 2FieldsV1:…
∆{"f:data":{".":{},"f:ca.crt":{},"f:namespace":{},"f:token":{}},"f:metadata":{"f:annotations":{".":{},"f:kubernetes.io/service-account.name":{},"f:kubernetes.io/service-account.uid":{}}},"f:type":{}}B ÷
ca.crtÀ-----BEGIN CERTIFICATE-----
MIIC/jCCAeagAwIBAgIBADANBgkqhkiG9w0BAQsFADAVMRMwEQYDVQQDEwprdWJl
cm5ldGVzMB4XDTIxMTIxODEzMTczOFoXDTMxMTIxNjEzMTczOFowFTETMBEGA1UE
AxMKa3ViZXJuZXRlczCCASIwDQYJKoZIhvcNAQEBBQADggEPADCCAQoCggEBAM9R
0owTD9X/+rGCsiDxBBlr1/sCiB54r16qrsbWC3iI0uyhHOnRcMu0Bb4dhoEgHpHr
z55dwifJIPKZhLNXBLGQMm9XXSHsDyrBT+IF3VOjWddcDTJe+mtaNGtbnrtGCrU0
630uEIgVyAKYNNvJ6kyzDFebYxXqQJncx12268USQ0pT0ndKbl5Yiv7T3P/iXMkg
NIlW1hRLsu5nBzwuDCe71gZIasmgdYmmLtx/jGPusnFTnLqBO8UFL5fmbGxJGiKs
C5t4TfSPHjHoZPLzTXcHSwboxQ6Dwn2v3ZgCr+OCVwVcwdqfIhVBHSNSJOG9g3sf
oil4LZY6Jc2ldow2ufECAwEAAaNZMFcwDgYDVR0PAQH/BAQDAgKkMA8GA1UdEwEB
/wQFMAMBAf8wHQYDVR0OBBYEFAnlC1O9RHp0hqvoZNikEbo1UGcQMBUGA1UdEQQO
MAyCCmt1YmVybmV0ZXMwDQYJKoZIhvcNAQELBQADggEBAE0gYbzoVHg6KoVMIzoX
kFVBeU1yTy1HEIx4ETdO5OgvD8VQ9kabrERrGSt3faeMz6Jvk95HaYeeLaOT4Byw
3/jtzvcbQQsc/ODb2vk9QzpHjTDJVpTLhJfyTSQekEVlwCE07tB+pb8eQYhopyTf
noh7WEvKpqIzCUfzC+ZsyiIwr5MkAK7kjjF3rq4F2dp1M+J1cMNHiw7Lvw5US2Su
ABR0SNxpdEkezUHPJfzSFXi1aSzxjtbge5W5NGCWRHEInzJvVDYjk5U/7NAOeArL
U7Qsj18WPM88UrDKCLPkDr6fGfqN+6qC06DtPClrQW7VKy3bsKgl+T8F7L3bT0Nf
eAY=
-----END CERTIFICATE-----

	namespacekube-system
tokenÊeyJhbGciOiJSUzI1NiIsImtpZCI6ImJkRG45SXJtVWdkc1BpLUF2NnpYODJFSVBKNzhFRE5TRDhmNVZ0bmtndTAifQ.eyJpc3MiOiJrdWJlcm5ldGVzL3NlcnZpY2VhY2NvdW50Iiwia3ViZXJuZXRlcy5pby9zZXJ2aWNlYWNjb3VudC9uYW1lc3BhY2UiOiJrdWJlLXN5c3RlbSIsImt1YmVybmV0ZXMuaW8vc2VydmljZWFjY291bnQvc2VjcmV0Lm5hbWUiOiJ0dGwtYWZ0ZXItZmluaXNoZWQtY29udHJvbGxlci10b2tlbi1nemtzaiIsImt1YmVybmV0ZXMuaW8vc2VydmljZWFjY291bnQvc2VydmljZS1hY2NvdW50Lm5hbWUiOiJ0dGwtYWZ0ZXItZmluaXNoZWQtY29udHJvbGxlciIsImt1YmVybmV0ZXMuaW8vc2VydmljZWFjY291bnQvc2VydmljZS1hY2NvdW50LnVpZCI6IjBiMDM5Y2I1LWIzMDEtNDMyZi1hMjg0LWFkMzEyMGY3NzM0YyIsInN1YiI6InN5c3RlbTpzZXJ2aWNlYWNjb3VudDprdWJlLXN5c3RlbTp0dGwtYWZ0ZXItZmluaXNoZWQtY29udHJvbGxlciJ9.J1qdRaIOr_URPm1PoPwZkUgkvEY0gzmkyE7dDrELC-oAhlBQ0_N853W1vKfhXsZKfyHfElz6plOwRpq_DNHCMcKLV_9ZRlNE1PmT7pZMNWXlxZa1Ccg09i50uNA5XRurJ9NXwLV7JFE47FiMpYV5C8jCIG0aGtdWQPHvG3YYXH_SutvnWXz-xd30_u2Zyrm7dMOy0gqsewyvjqvCsp_4wN5LX5-jOMm2fL5eJsFvEzRJ3naWjrGaPk-ezVctTrX1CefrWgYQl5haVuaXPZeqQntJRTxBcy6gnYuqBSXPfW8MF8YxvK4FJHxIeWLvj2hoF3skwu16xbj8S6MWxvQitA#kubernetes.io/service-account-token " 
/registry/secrets/kube-system/ttl-controller-token-8xvvn
k8s 

v1Secret¡
Ô
ttl-controller-token-8xvvn kube-system" *$f7d20f9a-942b-4ac2-84c8-ed5807fc908c2 8 BÄø˜ç b4
"kubernetes.io/service-account.namettl-controllerbI
!kubernetes.io/service-account.uid$5615c929-9ea6-4ed8-ab09-7621706859e3z äá
kube-controller-managerUpdatev1"Äø˜ç 2FieldsV1:…
∆{"f:data":{".":{},"f:ca.crt":{},"f:namespace":{},"f:token":{}},"f:metadata":{"f:annotations":{".":{},"f:kubernetes.io/service-account.name":{},"f:kubernetes.io/service-account.uid":{}}},"f:type":{}}B ÷
ca.crtÀ-----BEGIN CERTIFICATE-----
MIIC/jCCAeagAwIBAgIBADANBgkqhkiG9w0BAQsFADAVMRMwEQYDVQQDEwprdWJl
cm5ldGVzMB4XDTIxMTIxODEzMTczOFoXDTMxMTIxNjEzMTczOFowFTETMBEGA1UE
AxMKa3ViZXJuZXRlczCCASIwDQYJKoZIhvcNAQEBBQADggEPADCCAQoCggEBAM9R
0owTD9X/+rGCsiDxBBlr1/sCiB54r16qrsbWC3iI0uyhHOnRcMu0Bb4dhoEgHpHr
z55dwifJIPKZhLNXBLGQMm9XXSHsDyrBT+IF3VOjWddcDTJe+mtaNGtbnrtGCrU0
630uEIgVyAKYNNvJ6kyzDFebYxXqQJncx12268USQ0pT0ndKbl5Yiv7T3P/iXMkg
NIlW1hRLsu5nBzwuDCe71gZIasmgdYmmLtx/jGPusnFTnLqBO8UFL5fmbGxJGiKs
C5t4TfSPHjHoZPLzTXcHSwboxQ6Dwn2v3ZgCr+OCVwVcwdqfIhVBHSNSJOG9g3sf
oil4LZY6Jc2ldow2ufECAwEAAaNZMFcwDgYDVR0PAQH/BAQDAgKkMA8GA1UdEwEB
/wQFMAMBAf8wHQYDVR0OBBYEFAnlC1O9RHp0hqvoZNikEbo1UGcQMBUGA1UdEQQO
MAyCCmt1YmVybmV0ZXMwDQYJKoZIhvcNAQELBQADggEBAE0gYbzoVHg6KoVMIzoX
kFVBeU1yTy1HEIx4ETdO5OgvD8VQ9kabrERrGSt3faeMz6Jvk95HaYeeLaOT4Byw
3/jtzvcbQQsc/ODb2vk9QzpHjTDJVpTLhJfyTSQekEVlwCE07tB+pb8eQYhopyTf
noh7WEvKpqIzCUfzC+ZsyiIwr5MkAK7kjjF3rq4F2dp1M+J1cMNHiw7Lvw5US2Su
ABR0SNxpdEkezUHPJfzSFXi1aSzxjtbge5W5NGCWRHEInzJvVDYjk5U/7NAOeArL
U7Qsj18WPM88UrDKCLPkDr6fGfqN+6qC06DtPClrQW7VKy3bsKgl+T8F7L3bT0Nf
eAY=
-----END CERTIFICATE-----

	namespacekube-system¥
token™eyJhbGciOiJSUzI1NiIsImtpZCI6ImJkRG45SXJtVWdkc1BpLUF2NnpYODJFSVBKNzhFRE5TRDhmNVZ0bmtndTAifQ.eyJpc3MiOiJrdWJlcm5ldGVzL3NlcnZpY2VhY2NvdW50Iiwia3ViZXJuZXRlcy5pby9zZXJ2aWNlYWNjb3VudC9uYW1lc3BhY2UiOiJrdWJlLXN5c3RlbSIsImt1YmVybmV0ZXMuaW8vc2VydmljZWFjY291bnQvc2VjcmV0Lm5hbWUiOiJ0dGwtY29udHJvbGxlci10b2tlbi04eHZ2biIsImt1YmVybmV0ZXMuaW8vc2VydmljZWFjY291bnQvc2VydmljZS1hY2NvdW50Lm5hbWUiOiJ0dGwtY29udHJvbGxlciIsImt1YmVybmV0ZXMuaW8vc2VydmljZWFjY291bnQvc2VydmljZS1hY2NvdW50LnVpZCI6IjU2MTVjOTI5LTllYTYtNGVkOC1hYjA5LTc2MjE3MDY4NTllMyIsInN1YiI6InN5c3RlbTpzZXJ2aWNlYWNjb3VudDprdWJlLXN5c3RlbTp0dGwtY29udHJvbGxlciJ9.APGfvKUe4ERhOFitmFf6cWkGH-vQWtHtIQQDkNKBb2A4DMgj4i_3suEL9X571_vURqhSmG4TmL7uZzSBVm_Jl-N9AUoYhAZEezgdPXVu4yhGch5goQoz-HoTHEiyt7sABGn-F2zqPKHb6XdlAMUp-k7dqsbeRU2uDNoTfku4jMO5vxb1-32Z-ul9vTCg3muwjlBQ9x5kmnQ6f0RGftNH2MzUUMOYPBiJkMbkrwX8AtB-3nyj-mlOu52vGv2lSZP2Ow-1lxOFPRz-fpNWZ9Mn-P4OmeOV14-gv7AwwRpzEEFu7RsTLKb-6E0j4GO6R-5zCZBrUs-m6IZR6z29YUVw_Q#kubernetes.io/service-account-token " 
/registry/serviceaccounts/default/default
k8s 

v1ServiceAccountq
L
default default" *$02c7b6c1-3287-48b0-8084-4093ce5d71f22 8 Bçø˜ç z !
  default-token-49vw8" * 2 :  " 
/registry/serviceaccounts/kube-node-lease/default
k8s 

v1ServiceAccounty
T
default kube-node-lease" *$c13ef9db-a31b-4825-bfa1-8b0c3a5471442 8 Bçø˜ç z !
  default-token-tzc4h" * 2 :  " 
/registry/serviceaccounts/kube-public/default
k8s 

v1ServiceAccountu
P
default kube-public" *$29b8da11-5577-4518-a037-d37e0a934e172 8 Bçø˜ç z !
  default-token-wxfrv" * 2 :  " 
/registry/serviceaccounts/kube-system/attachdetach-controller
k8s 

v1ServiceAccountï
`
attachdetach-controller kube-system" *$cf05ded2-9345-4e00-aacb-32d04f4227202 8 Bˇæ˜ç z 1
  #attachdetach-controller-token-gb4xs" * 2 :  " 
/registry/serviceaccounts/kube-system/bootstrap-signer
k8s 

v1ServiceAccountá
Y
bootstrap-signer kube-system" *$737f15c8-bd65-4800-909b-51dc4f07169b2 8 BÄø˜ç z *
  bootstrap-signer-token-sntmk" * 2 :  " 
/registry/serviceaccounts/kube-system/certificate-controller
k8s 

v1ServiceAccountì
_
certificate-controller kube-system" *$01a9de4a-df57-4478-895d-85eb457c16812 8 Bˇæ˜ç z 0
  "certificate-controller-token-r9m9k" * 2 :  " 
/registry/serviceaccounts/kube-system/clusterrole-aggregation-controller
k8s 

v1ServiceAccount´
k
"clusterrole-aggregation-controller kube-system" *$883c0517-6282-473c-814c-57560227304b2 8 BÄø˜ç z <
  .clusterrole-aggregation-controller-token-z59fv" * 2 :  " 
/registry/serviceaccounts/kube-system/coredns
k8s 

v1ServiceAccountu
P
coredns kube-system" *$19f21856-4406-48b6-91db-4019dd45f9cf2 8 Bˇæ˜ç z !
  coredns-token-t6mv2" * 2 :  " 
/registry/serviceaccounts/kube-system/cronjob-controller
k8s 

v1ServiceAccountã
[
cronjob-controller kube-system" *$81e01334-79be-495a-9789-8f90fedd3a3b2 8 Bˇæ˜ç z ,
  cronjob-controller-token-kzd7k" * 2 :  " 
/registry/serviceaccounts/kube-system/daemon-set-controller
k8s 

v1ServiceAccountë
^
daemon-set-controller kube-system" *$2c77e7b3-0cbd-4aa4-9131-1550358740922 8 Bäø˜ç z /
  !daemon-set-controller-token-4ccjp" * 2 :  " 
/registry/serviceaccounts/kube-system/default
k8s 

v1ServiceAccountu
P
default kube-system" *$2ca81cc2-7ad4-4599-9033-1b04351061b92 8 Bçø˜ç z !
  default-token-phqr9" * 2 :  " 
/registry/serviceaccounts/kube-system/deployment-controller
k8s 

v1ServiceAccountë
^
deployment-controller kube-system" *$fe8df2f9-6216-456d-803c-b39bd1cc27802 8 Bˇæ˜ç z /
  !deployment-controller-token-7zhxm" * 2 :  " 
/registry/serviceaccounts/kube-system/disruption-controller
k8s 

v1ServiceAccountë
^
disruption-controller kube-system" *$0fa03d13-a173-4e08-a869-5107b8cbe0ef2 8 Bäø˜ç z /
  !disruption-controller-token-xrvbg" * 2 :  " 
/registry/serviceaccounts/kube-system/endpoint-controller
k8s 

v1ServiceAccountç
\
endpoint-controller kube-system" *$55613e6b-50fc-4c2f-b94a-c3cfca4be00a2 8 Bˇæ˜ç z -
  endpoint-controller-token-dmq2z" * 2 :  " 
/registry/serviceaccounts/kube-system/endpointslice-controller
k8s 

v1ServiceAccountó
a
endpointslice-controller kube-system" *$cdfeda96-50b2-44b9-8a8d-db4674db33762 8 Bäø˜ç z 2
  $endpointslice-controller-token-5lnbt" * 2 :  " 
/registry/serviceaccounts/kube-system/endpointslicemirroring-controller
k8s 

v1ServiceAccount©
j
!endpointslicemirroring-controller kube-system" *$55d9843a-f328-49b4-ab49-3058cd66fb2a2 8 Bäø˜ç z ;
  -endpointslicemirroring-controller-token-zllww" * 2 :  " 
/registry/serviceaccounts/kube-system/ephemeral-volume-controller
k8s 

v1ServiceAccountù
d
ephemeral-volume-controller kube-system" *$3200f3fe-7c54-4e89-8574-f4cb3d16cb882 8 Bˇæ˜ç z 5
  'ephemeral-volume-controller-token-jkwdw" * 2 :  " 
/registry/serviceaccounts/kube-system/expand-controller
k8s 

v1ServiceAccountâ
Z
expand-controller kube-system" *$5a27a886-a973-41e1-aa25-5c0bd52175712 8 Bˇæ˜ç z +
  expand-controller-token-pzlfj" * 2 :  " 
/registry/serviceaccounts/kube-system/generic-garbage-collector
k8s 

v1ServiceAccountô
b
generic-garbage-collector kube-system" *$ec84d2f6-a24c-48ba-b547-5fafc632c9962 8 Bãø˜ç z 3
  %generic-garbage-collector-token-gczzg" * 2 :  " 
/registry/serviceaccounts/kube-system/horizontal-pod-autoscaler
k8s 

v1ServiceAccountô
b
horizontal-pod-autoscaler kube-system" *$508e7c8c-3022-46ee-b2ea-00c55da801652 8 Bäø˜ç z 3
  %horizontal-pod-autoscaler-token-9c9vq" * 2 :  " 
/registry/serviceaccounts/kube-system/job-controller
k8s 

v1ServiceAccountÉ
W
job-controller kube-system" *$c6df6fdb-4c6d-4ed6-a5b4-09e0735d6ca52 8 Bˇæ˜ç z (
  job-controller-token-98bpn" * 2 :  " 
/registry/serviceaccounts/kube-system/kube-proxy
k8s 

v1ServiceAccount{
S

kube-proxy kube-system" *$6aee0ed6-ec44-40d1-90b9-31f6b726d3aa2 8 Bˇæ˜ç z $
  kube-proxy-token-wpjr8" * 2 :  " 
/registry/serviceaccounts/kube-system/namespace-controller
k8s 

v1ServiceAccountè
]
namespace-controller kube-system" *$b679fac0-a650-4a8f-9528-f5c04c4f84092 8 Bäø˜ç z .
   namespace-controller-token-z97zn" * 2 :  " 
/registry/serviceaccounts/kube-system/node-controller
k8s 

v1ServiceAccountÖ
X
node-controller kube-system" *$8a7cacb8-1eba-482c-a817-93ac1f0872df2 8 Bˇæ˜ç z )
  node-controller-token-fnk6z" * 2 :  " 
/registry/serviceaccounts/kube-system/persistent-volume-binder
k8s 

v1ServiceAccountó
a
persistent-volume-binder kube-system" *$e9087414-383c-448e-b4ee-428d869d426e2 8 Bäø˜ç z 2
  $persistent-volume-binder-token-5lj2v" * 2 :  " 
/registry/serviceaccounts/kube-system/pod-garbage-collector
k8s 

v1ServiceAccountë
^
pod-garbage-collector kube-system" *$0fbd8ca8-0f5e-4e1f-a7c5-af21131c29b82 8 Bˇæ˜ç z /
  !pod-garbage-collector-token-27n72" * 2 :  " 
/registry/serviceaccounts/kube-system/pv-protection-controller
k8s 

v1ServiceAccountó
a
pv-protection-controller kube-system" *$9e815c5e-8593-4c49-bd8a-417c70ab98e42 8 Bäø˜ç z 2
  $pv-protection-controller-token-pqd6c" * 2 :  " 
/registry/serviceaccounts/kube-system/pvc-protection-controller
k8s 

v1ServiceAccountô
b
pvc-protection-controller kube-system" *$a3f6f5bf-8e6c-475d-8c2b-9278f59ee3d42 8 Bãø˜ç z 3
  %pvc-protection-controller-token-vqwpb" * 2 :  " 
/registry/serviceaccounts/kube-system/replicaset-controller
k8s 

v1ServiceAccountë
^
replicaset-controller kube-system" *$7e721079-0ded-4929-8253-257cb294aaf82 8 Bäø˜ç z /
  !replicaset-controller-token-zbt78" * 2 :  " 
/registry/serviceaccounts/kube-system/replication-controller
k8s 

v1ServiceAccountì
_
replication-controller kube-system" *$443a6967-103c-42ab-883f-5de42a2c166a2 8 Bäø˜ç z 0
  "replication-controller-token-drpxz" * 2 :  " 
/registry/serviceaccounts/kube-system/resourcequota-controller
k8s 

v1ServiceAccountó
a
resourcequota-controller kube-system" *$e73b24e7-5b81-4ad8-9ec3-8d5d7011735d2 8 Båø˜ç z 2
  $resourcequota-controller-token-b4bcj" * 2 :  " 
/registry/serviceaccounts/kube-system/root-ca-cert-publisher
k8s 

v1ServiceAccountì
_
root-ca-cert-publisher kube-system" *$4117849b-3d7b-4a52-8d0c-db945dcf55ec2 8 Bãø˜ç z 0
  "root-ca-cert-publisher-token-vw2qb" * 2 :  " 
/registry/serviceaccounts/kube-system/service-account-controller
k8s 

v1ServiceAccountõ
c
service-account-controller kube-system" *$00a5652d-f8e1-4f95-a383-aa0d8e446c052 8 Bäø˜ç z 4
  &service-account-controller-token-9wqqs" * 2 :  " 
/registry/serviceaccounts/kube-system/service-controller
k8s 

v1ServiceAccountã
[
service-controller kube-system" *$da9142f1-d791-4385-8d6d-8c3ff8701ac02 8 Båø˜ç z ,
  service-controller-token-87gt5" * 2 :  " 
/registry/serviceaccounts/kube-system/statefulset-controller
k8s 

v1ServiceAccountì
_
statefulset-controller kube-system" *$12e3e0a1-2d0d-4725-b6a4-13b06ec8064b2 8 Bãø˜ç z 0
  "statefulset-controller-token-q5rbq" * 2 :  " 
/registry/serviceaccounts/kube-system/token-cleaner
k8s 

v1ServiceAccountÅ
V
token-cleaner kube-system" *$3075f965-6929-4ba3-bc5b-69d393f895122 8 Bˇæ˜ç z '
  token-cleaner-token-d95h6" * 2 :  " 
/registry/serviceaccounts/kube-system/ttl-after-finished-controller
k8s 

v1ServiceAccount°
f
ttl-after-finished-controller kube-system" *$0b039cb5-b301-432f-a284-ad3120f7734c2 8 Bãø˜ç z 7
  )ttl-after-finished-controller-token-gzksj" * 2 :  " 
/registry/serviceaccounts/kube-system/ttl-controller
k8s 

v1ServiceAccountÉ
W
ttl-controller kube-system" *$5615c929-9ea6-4ed8-ab09-7621706859e32 8 BÄø˜ç z (
  ttl-controller-token-8xvvn" * 2 :  " 
/registry/services/endpoints/default/kubernetes
k8s 

v1	Endpoints∆
ú

kubernetes default" *$7ec3b50f-2108-4fee-895b-8cc3f91becf82 8 B˝æ˜ç Z/
'endpointslice.kubernetes.io/skip-mirrortruez äò
kube-apiserverUpdatev1"˝æ˜ç 2FieldsV1:d
b{"f:metadata":{"f:labels":{".":{},"f:endpointslice.kubernetes.io/skip-mirror":{}}},"f:subsets":{}}B %

192.168.98.143 
https´2TCP " 
/registry/services/endpoints/kube-system/kube-dns
k8s 

v1	EndpointsÅ
˛
kube-dns kube-system" *$9f462ac3-58fb-4fbb-86c7-73578d66f2c32 8 Bçø˜ç Z
k8s-appkube-dnsZ%
kubernetes.io/cluster-servicetrueZ
kubernetes.io/nameCoreDNSbH
0endpoints.kubernetes.io/last-change-trigger-time2021-12-18T13:17:51Zz äÑ
kube-controller-managerUpdatev1"çø˜ç 2FieldsV1:∆
√{"f:metadata":{"f:annotations":{".":{},"f:endpoints.kubernetes.io/last-change-trigger-time":{}},"f:labels":{".":{},"f:k8s-app":{},"f:kubernetes.io/cluster-service":{},"f:kubernetes.io/name":{}}}}B  " 
/registry/services/specs/default/kubernetes
k8s 

v1ServiceÊ


kubernetes default" *$12b2c6c7-3623-434c-b7a5-890e21f9ff802 8 B˝æ˜ç Z
	component	apiserverZ
provider
kubernetesz äÌ
kube-apiserverUpdatev1"˝æ˜ç 2FieldsV1:∏
µ{"f:metadata":{"f:labels":{".":{},"f:component":{},"f:provider":{}}},"f:spec":{"f:clusterIP":{},"f:internalTrafficPolicy":{},"f:ipFamilyPolicy":{},"f:ports":{".":{},"k:{\"port\":443,\"protocol\":\"TCP\"}":{".":{},"f:name":{},"f:port":{},"f:protocol":{},"f:targetPort":{}}},"f:sessionAffinity":{},"f:type":{}}}B m

httpsTCPª" ´2 ( 	10.96.0.1"	ClusterIP:NoneB R Z ` h äSingleStackí	10.96.0.1öIPv4≤Cluster
  " 
/registry/services/specs/kube-system/kube-dns
k8s 

v1ServiceÊ
¢
kube-dns kube-system" *$9dfb5b96-ba09-4360-89a2-0b86d6df4a9f2 8 Bˇæ˜ç Z
k8s-appkube-dnsZ%
kubernetes.io/cluster-servicetrueZ
kubernetes.io/nameCoreDNSb
prometheus.io/port9153b
prometheus.io/scrapetruez ä∏
Go-http-clientUpdatev1"ˇæ˜ç 2FieldsV1:É
Ä{"f:metadata":{"f:annotations":{".":{},"f:prometheus.io/port":{},"f:prometheus.io/scrape":{}},"f:labels":{".":{},"f:k8s-app":{},"f:kubernetes.io/cluster-service":{},"f:kubernetes.io/name":{}}},"f:spec":{"f:clusterIP":{},"f:internalTrafficPolicy":{},"f:ports":{".":{},"k:{\"port\":53,\"protocol\":\"TCP\"}":{".":{},"f:name":{},"f:port":{},"f:protocol":{},"f:targetPort":{}},"k:{\"port\":53,\"protocol\":\"UDP\"}":{".":{},"f:name":{},"f:port":{},"f:protocol":{},"f:targetPort":{}},"k:{\"port\":9153,\"protocol\":\"TCP\"}":{".":{},"f:name":{},"f:port":{},"f:protocol":{},"f:targetPort":{}}},"f:selector":{},"f:sessionAffinity":{},"f:type":{}}}B ∫

dnsUDP5" 5 ( 

dns-tcpTCP5" 5 ( 

metricsTCP¡G" ¡G ( 
k8s-appkube-dns
10.96.0.10"	ClusterIP:NoneB R Z ` h äSingleStackí
10.96.0.10öIPv4≤Cluster
  " 
